Archive member included to satisfy reference by file (symbol)

/usr/share/MRS2/MRS-linux-x64/resources/app/resources/linux/components/WCH/Toolchain/RISC-V Embedded GCC15/bin/../lib/gcc/riscv32-wch-elf/15.2.0/rv32imac_zaamo_zalrsc_zba_zbb_zbc_zbs_zvbb_zve32x_zve64x_zvkb_zvl32b_zvl64b_xw/ilp32/libgcc.a(_udivdi3.o)
                              ./Peripheral/src/ch32v4x7_usart.o (__udivdi3)
/usr/share/MRS2/MRS-linux-x64/resources/app/resources/linux/components/WCH/Toolchain/RISC-V Embedded GCC15/bin/../lib/gcc/riscv32-wch-elf/15.2.0/rv32imac_zaamo_zalrsc_zba_zbb_zbc_zbs_zvbb_zve32x_zve64x_zvkb_zvl32b_zvl64b_xw/ilp32/libgcc.a(save-restore.o)
                              ./Peripheral/src/ch32v4x7_flash.o (__riscv_save_6)
/usr/share/MRS2/MRS-linux-x64/resources/app/resources/linux/components/WCH/Toolchain/RISC-V Embedded GCC15/bin/../lib/gcc/riscv32-wch-elf/15.2.0/rv32imac_zaamo_zalrsc_zba_zbb_zbc_zbs_zvbb_zve32x_zve64x_zvkb_zvl32b_zvl64b_xw/ilp32/libgcc.a(_clz.o)
                              /usr/share/MRS2/MRS-linux-x64/resources/app/resources/linux/components/WCH/Toolchain/RISC-V Embedded GCC15/bin/../lib/gcc/riscv32-wch-elf/15.2.0/rv32imac_zaamo_zalrsc_zba_zbb_zbc_zbs_zvbb_zve32x_zve64x_zvkb_zvl32b_zvl64b_xw/ilp32/libgcc.a(_udivdi3.o) (__clz_tab)
/usr/share/MRS2/MRS-linux-x64/resources/app/resources/linux/components/WCH/Toolchain/RISC-V Embedded GCC15/bin/../lib/gcc/riscv32-wch-elf/15.2.0/../../../../riscv32-wch-elf/lib/rv32imac_zaamo_zalrsc_zba_zbb_zbc_zbs_zvbb_zve32x_zve64x_zvkb_zvl32b_zvl64b_xw/ilp32/libg_nano.a(libc_a-printf.o)
                              ./User/main.o (printf)
/usr/share/MRS2/MRS-linux-x64/resources/app/resources/linux/components/WCH/Toolchain/RISC-V Embedded GCC15/bin/../lib/gcc/riscv32-wch-elf/15.2.0/../../../../riscv32-wch-elf/lib/rv32imac_zaamo_zalrsc_zba_zbb_zbc_zbs_zvbb_zve32x_zve64x_zvkb_zvl32b_zvl64b_xw/ilp32/libg_nano.a(libc_a-puts.o)
                              ./User/main.o (puts)
/usr/share/MRS2/MRS-linux-x64/resources/app/resources/linux/components/WCH/Toolchain/RISC-V Embedded GCC15/bin/../lib/gcc/riscv32-wch-elf/15.2.0/../../../../riscv32-wch-elf/lib/rv32imac_zaamo_zalrsc_zba_zbb_zbc_zbs_zvbb_zve32x_zve64x_zvkb_zvl32b_zvl64b_xw/ilp32/libg_nano.a(libc_a-wbuf.o)
                              /usr/share/MRS2/MRS-linux-x64/resources/app/resources/linux/components/WCH/Toolchain/RISC-V Embedded GCC15/bin/../lib/gcc/riscv32-wch-elf/15.2.0/../../../../riscv32-wch-elf/lib/rv32imac_zaamo_zalrsc_zba_zbb_zbc_zbs_zvbb_zve32x_zve64x_zvkb_zvl32b_zvl64b_xw/ilp32/libg_nano.a(libc_a-puts.o) (__swbuf_r)
/usr/share/MRS2/MRS-linux-x64/resources/app/resources/linux/components/WCH/Toolchain/RISC-V Embedded GCC15/bin/../lib/gcc/riscv32-wch-elf/15.2.0/../../../../riscv32-wch-elf/lib/rv32imac_zaamo_zalrsc_zba_zbb_zbc_zbs_zvbb_zve32x_zve64x_zvkb_zvl32b_zvl64b_xw/ilp32/libg_nano.a(libc_a-wsetup.o)
                              /usr/share/MRS2/MRS-linux-x64/resources/app/resources/linux/components/WCH/Toolchain/RISC-V Embedded GCC15/bin/../lib/gcc/riscv32-wch-elf/15.2.0/../../../../riscv32-wch-elf/lib/rv32imac_zaamo_zalrsc_zba_zbb_zbc_zbs_zvbb_zve32x_zve64x_zvkb_zvl32b_zvl64b_xw/ilp32/libg_nano.a(libc_a-puts.o) (__swsetup_r)
/usr/share/MRS2/MRS-linux-x64/resources/app/resources/linux/components/WCH/Toolchain/RISC-V Embedded GCC15/bin/../lib/gcc/riscv32-wch-elf/15.2.0/../../../../riscv32-wch-elf/lib/rv32imac_zaamo_zalrsc_zba_zbb_zbc_zbs_zvbb_zve32x_zve64x_zvkb_zvl32b_zvl64b_xw/ilp32/libg_nano.a(libc_a-impure.o)
                              /usr/share/MRS2/MRS-linux-x64/resources/app/resources/linux/components/WCH/Toolchain/RISC-V Embedded GCC15/bin/../lib/gcc/riscv32-wch-elf/15.2.0/../../../../riscv32-wch-elf/lib/rv32imac_zaamo_zalrsc_zba_zbb_zbc_zbs_zvbb_zve32x_zve64x_zvkb_zvl32b_zvl64b_xw/ilp32/libg_nano.a(libc_a-printf.o) (_impure_ptr)
/usr/share/MRS2/MRS-linux-x64/resources/app/resources/linux/components/WCH/Toolchain/RISC-V Embedded GCC15/bin/../lib/gcc/riscv32-wch-elf/15.2.0/../../../../riscv32-wch-elf/lib/rv32imac_zaamo_zalrsc_zba_zbb_zbc_zbs_zvbb_zve32x_zve64x_zvkb_zvl32b_zvl64b_xw/ilp32/libg_nano.a(libc_a-freer.o)
                              /usr/share/MRS2/MRS-linux-x64/resources/app/resources/linux/components/WCH/Toolchain/RISC-V Embedded GCC15/bin/../lib/gcc/riscv32-wch-elf/15.2.0/../../../../riscv32-wch-elf/lib/rv32imac_zaamo_zalrsc_zba_zbb_zbc_zbs_zvbb_zve32x_zve64x_zvkb_zvl32b_zvl64b_xw/ilp32/libg_nano.a(libc_a-wsetup.o) (_free_r)
/usr/share/MRS2/MRS-linux-x64/resources/app/resources/linux/components/WCH/Toolchain/RISC-V Embedded GCC15/bin/../lib/gcc/riscv32-wch-elf/15.2.0/../../../../riscv32-wch-elf/lib/rv32imac_zaamo_zalrsc_zba_zbb_zbc_zbs_zvbb_zve32x_zve64x_zvkb_zvl32b_zvl64b_xw/ilp32/libg_nano.a(libc_a-mallocr.o)
[...]
Memory Configuration

Name             Origin             Length             Attributes
FLASH            0x00000000         0x00090000         xr
RAM              0x20000400         0x00021c00         xrw
*default*        0x00000000         0xffffffff

Linker script and memory map

LOAD ./User/cart.o
LOAD ./User/ch32v4x7_it.o
LOAD ./User/hello_rom.o
LOAD ./User/main.o
LOAD ./User/system_ch32v4x7.o
LOAD ./Startup/startup_ch32v4x7.o
LOAD ./Peripheral/src/ch32v4x7_adc.o
LOAD ./Peripheral/src/ch32v4x7_argb.o
LOAD ./Peripheral/src/ch32v4x7_bkp.o
LOAD ./Peripheral/src/ch32v4x7_can.o
LOAD ./Peripheral/src/ch32v4x7_crc.o
LOAD ./Peripheral/src/ch32v4x7_dac.o
LOAD ./Peripheral/src/ch32v4x7_dbgmcu.o
LOAD ./Peripheral/src/ch32v4x7_dma.o
LOAD ./Peripheral/src/ch32v4x7_dvp.o
LOAD ./Peripheral/src/ch32v4x7_eth.o
LOAD ./Peripheral/src/ch32v4x7_exti.o
LOAD ./Peripheral/src/ch32v4x7_flash.o
LOAD ./Peripheral/src/ch32v4x7_fsmc.o
LOAD ./Peripheral/src/ch32v4x7_gpio.o
LOAD ./Peripheral/src/ch32v4x7_i2c.o
LOAD ./Peripheral/src/ch32v4x7_i3c.o
LOAD ./Peripheral/src/ch32v4x7_iwdg.o
LOAD ./Peripheral/src/ch32v4x7_ltdc.o
LOAD ./Peripheral/src/ch32v4x7_opa.o
LOAD ./Peripheral/src/ch32v4x7_psram.o
LOAD ./Peripheral/src/ch32v4x7_pwr.o
LOAD ./Peripheral/src/ch32v4x7_rcc.o
LOAD ./Peripheral/src/ch32v4x7_rng.o
LOAD ./Peripheral/src/ch32v4x7_rtc.o
LOAD ./Peripheral/src/ch32v4x7_sdio.o
LOAD ./Peripheral/src/ch32v4x7_spi.o
LOAD ./Peripheral/src/ch32v4x7_tim.o
LOAD ./Peripheral/src/ch32v4x7_usart.o
LOAD ./Peripheral/src/ch32v4x7_wwdg.o
LOAD ./Debug/debug.o
LOAD ./Core/core_riscv.o
LOAD /usr/share/MRS2/MRS-linux-x64/resources/app/resources/linux/components/WCH/Toolchain/RISC-V Embedded GCC15/bin/../lib/gcc/riscv32-wch-elf/15.2.0/../../../../riscv32-wch-elf/lib/rv32imac_zaamo_zalrsc_zba_zbb_zbc_zbs_zvbb_zve32x_zve64x_zvkb_zvl32b_zvl64b_xw/ilp32/libm_nano.a
LOAD /usr/share/MRS2/MRS-linux-x64/resources/app/resources/linux/components/WCH/Toolchain/RISC-V Embedded GCC15/bin/../lib/gcc/riscv32-wch-elf/15.2.0/rv32imac_zaamo_zalrsc_zba_zbb_zbc_zbs_zvbb_zve32x_zve64x_zvkb_zvl32b_zvl64b_xw/ilp32/libgcc.a
LOAD /usr/share/MRS2/MRS-linux-x64/resources/app/resources/linux/components/WCH/Toolchain/RISC-V Embedded GCC15/bin/../lib/gcc/riscv32-wch-elf/15.2.0/../../../../riscv32-wch-elf/lib/rv32imac_zaamo_zalrsc_zba_zbb_zbc_zbs_zvbb_zve32x_zve64x_zvkb_zvl32b_zvl64b_xw/ilp32/libg_nano.a
LOAD /usr/share/MRS2/MRS-linux-x64/resources/app/resources/linux/components/WCH/Toolchain/RISC-V Embedded GCC15/bin/../lib/gcc/riscv32-wch-elf/15.2.0/../../../../riscv32-wch-elf/lib/rv32imac_zaamo_zalrsc_zba_zbb_zbc_zbs_zvbb_zve32x_zve64x_zvkb_zvl32b_zvl64b_xw/ilp32/libc_nano.a
LOAD /usr/share/MRS2/MRS-linux-x64/resources/app/resources/linux/components/WCH/Toolchain/RISC-V Embedded GCC15/bin/../lib/gcc/riscv32-wch-elf/15.2.0/rv32imac_zaamo_zalrsc_zba_zbb_zbc_zbs_zvbb_zve32x_zve64x_zvkb_zvl32b_zvl64b_xw/ilp32/libgcc.a
START GROUP
LOAD /usr/share/MRS2/MRS-linux-x64/resources/app/resources/linux/components/WCH/Toolchain/RISC-V Embedded GCC15/bin/../lib/gcc/riscv32-wch-elf/15.2.0/rv32imac_zaamo_zalrsc_zba_zbb_zbc_zbs_zvbb_zve32x_zve64x_zvkb_zvl32b_zvl64b_xw/ilp32/libgcc.a
LOAD /usr/share/MRS2/MRS-linux-x64/resources/app/resources/linux/components/WCH/Toolchain/RISC-V Embedded GCC15/bin/../lib/gcc/riscv32-wch-elf/15.2.0/../../../../riscv32-wch-elf/lib/rv32imac_zaamo_zalrsc_zba_zbb_zbc_zbs_zvbb_zve32x_zve64x_zvkb_zvl32b_zvl64b_xw/ilp32/libc_nano.a
LOAD /usr/share/MRS2/MRS-linux-x64/resources/app/resources/linux/components/WCH/Toolchain/RISC-V Embedded GCC15/bin/../lib/gcc/riscv32-wch-elf/15.2.0/../../../../riscv32-wch-elf/lib/rv32imac_zaamo_zalrsc_zba_zbb_zbc_zbs_zvbb_zve32x_zve64x_zvkb_zvl32b_zvl64b_xw/ilp32/libnosys.a
END GROUP
START GROUP
LOAD /usr/share/MRS2/MRS-linux-x64/resources/app/resources/linux/components/WCH/Toolchain/RISC-V Embedded GCC15/bin/../lib/gcc/riscv32-wch-elf/15.2.0/rv32imac_zaamo_zalrsc_zba_zbb_zbc_zbs_zvbb_zve32x_zve64x_zvkb_zvl32b_zvl64b_xw/ilp32/libgcc.a
LOAD /usr/share/MRS2/MRS-linux-x64/resources/app/resources/linux/components/WCH/Toolchain/RISC-V Embedded GCC15/bin/../lib/gcc/riscv32-wch-elf/15.2.0/../../../../riscv32-wch-elf/lib/rv32imac_zaamo_zalrsc_zba_zbb_zbc_zbs_zvbb_zve32x_zve64x_zvkb_zvl32b_zvl64b_xw/ilp32/libc_nano.a
LOAD /usr/share/MRS2/MRS-linux-x64/resources/app/resources/linux/components/WCH/Toolchain/RISC-V Embedded GCC15/bin/../lib/gcc/riscv32-wch-elf/15.2.0/../../../../riscv32-wch-elf/lib/rv32imac_zaamo_zalrsc_zba_zbb_zbc_zbs_zvbb_zve32x_zve64x_zvkb_zvl32b_zvl64b_xw/ilp32/libnosys.a
END GROUP
                0x00000800                        __stack_size = 0x800
                [!provide]                        PROVIDE (_stack_size = __stack_size)

.init           0x00000000      0x1a0
                0x00000000                        _sinit = .
                0x00000000                        . = ALIGN (0x4)
 *(SORT_NONE(.init))
 .init          0x00000000      0x1a0 ./Startup/startup_ch32v4x7.o
                0x00000000                _start
                0x000001a0                        . = ALIGN (0x4)
                0x000001a0                        _einit = .

.text           0x000001a0     0x1ec8
                0x000001a0                        . = ALIGN (0x4)
 *(.text)
 .text          0x000001a0       0x68 /usr/share/MRS2/MRS-linux-x64/resources/app/resources/linux/components/WCH/Toolchain/RISC-V Embedded GCC15/bin/../lib/gcc/riscv32-wch-elf/15.2.0/rv32imac_zaamo_zalrsc_zba_zbb_zbc_zbs_zvbb_zve32x_zve64x_zvkb_zvl32b_zvl64b_xw/ilp32/libgcc.a(save-restore.o)
                0x000001a0                __riscv_save_12
                0x000001a8                __riscv_save_8
                0x000001a8                __riscv_save_11
                0x000001a8                __riscv_save_9
                0x000001a8                __riscv_save_10
                0x000001b8                __riscv_save_7
                0x000001b8                __riscv_save_4
                0x000001b8                __riscv_save_6
                0x000001b8                __riscv_save_5
                0x000001d4                __riscv_save_1
                0x000001d4                __riscv_save_3
                0x000001d4                __riscv_save_2
                0x000001d4                __riscv_save_0
                0x000001e0                __riscv_restore_12
                0x000001e4                __riscv_restore_10
                0x000001e4                __riscv_restore_11
                0x000001e4                __riscv_restore_8
                0x000001e4                __riscv_restore_9
                0x000001f0                __riscv_restore_5
                0x000001f0                __riscv_restore_6
                0x000001f0                __riscv_restore_4
                0x000001f0                __riscv_restore_7
                0x000001fc                __riscv_restore_3
                0x000001fc                __riscv_restore_2
                0x000001fc                __riscv_restore_0
                0x000001fc                __riscv_restore_1
 .text          0x00000208       0x10 /usr/share/MRS2/MRS-linux-x64/resources/app/resources/linux/components/WCH/Toolchain/RISC-V Embedded GCC15/bin/../lib/gcc/riscv32-wch-elf/15.2.0/../../../../riscv32-wch-elf/lib/rv32imac_zaamo_zalrsc_zba_zbb_zbc_zbs_zvbb_zve32x_zve64x_zvkb_zvl32b_zvl64b_xw/ilp32/libg_nano.a(libc_a-memset.o)
                0x00000208                memset
 *(.text.*)
 .text.Init_Cart
                0x00000218       0xa2 ./User/cart.o
                0x00000218                Init_Cart
 .text.NMI_Handler
                0x000002ba        0x2 ./User/ch32v4x7_it.o
                0x000002ba                NMI_Handler
 .text.HardFault_Handler
                0x000002bc       0x10 ./User/ch32v4x7_it.o
                0x000002bc                HardFault_Handler
 .text.startup.main
                0x000002cc       0x42 ./User/main.o
                0x000002cc                main
 .text.SystemInit
                0x0000030e      0x150 ./User/system_ch32v4x7.o
                0x0000030e                SystemInit
 .text.SystemCoreClockUpdate
                0x0000045e       0xf8 ./User/system_ch32v4x7.o
                0x0000045e                SystemCoreClockUpdate
 .text.vector_handler
                0x00000556        0x2 ./Startup/startup_ch32v4x7.o
                0x00000556                EXTI2_IRQHandler
                0x00000556                TIM8_TRG_COM_IRQHandler
                0x00000556                TIM8_CC_IRQHandler
                0x00000556                DMA1_Channel12_IRQHandler
                0x00000556                USART9_IRQHandler
                0x00000556                TIM1_CC_IRQHandler
                0x00000556                TIM6_IRQHandler
                0x00000556                SysTick_Handler
                0x00000556                I3C_ER_IRQHandler
                0x00000556                PVD_IRQHandler
                0x00000556                SDIO_IRQHandler
                0x00000556                DMA2_Channel8_IRQHandler
                0x00000556                EXTI3_IRQHandler
                0x00000556                DMA2_Channel9_IRQHandler
                0x00000556                USART10_IRQHandler
                0x00000556                USART8_IRQHandler
                0x00000556                EXTI0_IRQHandler
                0x00000556                CAN1_RX0_IRQHandler
                0x00000556                ADC1_2_IRQHandler
                0x00000556                Break_Point_Handler
                0x00000556                SPI1_IRQHandler
                0x00000556                USART5_IRQHandler
                0x00000556                TAMPER_IRQHandler
                0x00000556                TIM8_UP_IRQHandler
                0x00000556                Ecall_M_Mode_Handler
                0x00000556                USART7_IRQHandler
                0x00000556                DMA2_Channel2_IRQHandler
                0x00000556                DMA1_Channel4_IRQHandler
                0x00000556                USART6_IRQHandler
                0x00000556                USART3_IRQHandler
                0x00000556                RTC_IRQHandler
                0x00000556                DMA1_Channel7_IRQHandler
                0x00000556                CAN1_RX1_IRQHandler
                0x00000556                USBHS2WakeUp_IRQHandler
                0x00000556                DVP_IRQHandler
                0x00000556                TIM4_IRQHandler
                0x00000556                DMA2_Channel1_IRQHandler
                0x00000556                USBHS1_IRQHandler
                0x00000556                I2C1_EV_IRQHandler
                0x00000556                USART4_IRQHandler
                0x00000556                DMA1_Channel6_IRQHandler
                0x00000556                DMA2_Channel4_IRQHandler
                0x00000556                TIM3_IRQHandler
                0x00000556                RCC_IRQHandler
                0x00000556                TIM1_TRG_COM_IRQHandler
                0x00000556                DMA1_Channel1_IRQHandler
                0x00000556                DMA2_Channel7_IRQHandler
                0x00000556                EXTI15_10_IRQHandler
                0x00000556                DMA1_Channel8_IRQHandler
                0x00000556                I3C_EV_IRQHandler
                0x00000556                TIM7_IRQHandler
                0x00000556                TIM5_IRQHandler
                0x00000556                EXTI9_5_IRQHandler
                0x00000556                LTDC_IRQHandler
                0x00000556                ETH_WKUP_IRQHandler
                0x00000556                SPI2_IRQHandler
                0x00000556                I3CWakeup_IRQHandler
                0x00000556                CAN1_TX_IRQHandler
                0x00000556                DMA2_Channel5_IRQHandler
                0x00000556                USBHS2_IRQHandler
                0x00000556                DMA1_Channel5_IRQHandler
                0x00000556                EXTI4_IRQHandler
                0x00000556                RNG_IRQHandler
                0x00000556                DMA1_Channel9_IRQHandler
                0x00000556                DMA1_Channel3_IRQHandler
                0x00000556                ETH_IRQHandler
                0x00000556                TIM1_UP_IRQHandler
                0x00000556                WWDG_IRQHandler
                0x00000556                DMA2_Channel11_IRQHandler
                0x00000556                Ecall_U_Mode_Handler
                0x00000556                DMA2_Channel6_IRQHandler
                0x00000556                TIM2_IRQHandler
                0x00000556                SW_Handler
                0x00000556                ARGB_IRQHandler
                0x00000556                TIM1_BRK_IRQHandler
                0x00000556                DMA2_Channel10_IRQHandler
                0x00000556                PSRAM_IRQHandler
                0x00000556                EXTI1_IRQHandler
                0x00000556                RTCAlarm_IRQHandler
                0x00000556                DMA1_Channel13_IRQHandler
                0x00000556                USBHS1Wakeup_IRQHandler
                0x00000556                USART2_IRQHandler
                0x00000556                DMA1_Channel2_IRQHandler
                0x00000556                TIM8_BRK_IRQHandler
                0x00000556                DMA1_Channel10_IRQHandler
                0x00000556                CAN1_SCE_IRQHandler
                0x00000556                FLASH_IRQHandler
                0x00000556                USART1_IRQHandler
                0x00000556                SPI3_IRQHandler
                0x00000556                I2C1_ER_IRQHandler
                0x00000556                DMA1_Channel11_IRQHandler
                0x00000556                DMA2_Channel3_IRQHandler
 .text.handle_reset
                0x00000558       0x9e ./Startup/startup_ch32v4x7.o
                0x00000558                handle_reset
 .text.DBGMCU_GetCHIPID
                0x000005f6        0xa ./Peripheral/src/ch32v4x7_dbgmcu.o
                0x000005f6                DBGMCU_GetCHIPID
 .text.EXTI_Init
                0x00000600       0x64 ./Peripheral/src/ch32v4x7_exti.o
                0x00000600                EXTI_Init
 .text.GPIO_Init
                0x00000664       0xb6 ./Peripheral/src/ch32v4x7_gpio.o
                0x00000664                GPIO_Init
 .text.GPIO_EXTILineConfig
                0x0000071a       0x2a ./Peripheral/src/ch32v4x7_gpio.o
                0x0000071a                GPIO_EXTILineConfig
 .text.GPIO_IPD_Unused
                0x00000744      0x120 ./Peripheral/src/ch32v4x7_gpio.o
                0x00000744                GPIO_IPD_Unused
 .text.RCC_GetClocksFreq
                0x00000864      0x14a ./Peripheral/src/ch32v4x7_rcc.o
                0x00000864                RCC_GetClocksFreq
 .text.RCC_PB2PeriphClockCmd
                0x000009ae       0x16 ./Peripheral/src/ch32v4x7_rcc.o
                0x000009ae                RCC_PB2PeriphClockCmd
 .text.USART_Init
                0x000009c4       0xb2 ./Peripheral/src/ch32v4x7_usart.o
                0x000009c4                USART_Init
 .text.USART_Cmd
                0x00000a76       0x14 ./Peripheral/src/ch32v4x7_usart.o
                0x00000a76                USART_Cmd
 .text.USART_SendData
                0x00000a8a        0x8 ./Peripheral/src/ch32v4x7_usart.o
                0x00000a8a                USART_SendData
 .text.USART_GetFlagStatus
                0x00000a92        0xa ./Peripheral/src/ch32v4x7_usart.o
                0x00000a92                USART_GetFlagStatus
 .text.Delay_Init
                0x00000a9c       0x2a ./Debug/debug.o
                0x00000a9c                Delay_Init
 .text.USART_Printf_Init
                0x00000ac6       0x64 ./Debug/debug.o
                0x00000ac6                USART_Printf_Init
 .text._write   0x00000b2a       0x3e ./Debug/debug.o
                0x00000b2a                _write
 .text._sbrk    0x00000b68       0x2a ./Debug/debug.o
                0x00000b68                _sbrk
 .text.__udivdi3
                0x00000b92      0x2ee /usr/share/MRS2/MRS-linux-x64/resources/app/resources/linux/components/WCH/Toolchain/RISC-V Embedded GCC15/bin/../lib/gcc/riscv32-wch-elf/15.2.0/rv32imac_zaamo_zalrsc_zba_zbb_zbc_zbs_zvbb_zve32x_zve64x_zvkb_zvl32b_zvl64b_xw/ilp32/libgcc.a(_udivdi3.o)
                0x00000b92                __udivdi3
 .text.printf   0x00000e80       0x28 /usr/share/MRS2/MRS-linux-x64/resources/app/resources/linux/components/WCH/Toolchain/RISC-V Embedded GCC15/bin/../lib/gcc/riscv32-wch-elf/15.2.0/../../../../riscv32-wch-elf/lib/rv32imac_zaamo_zalrsc_zba_zbb_zbc_zbs_zvbb_zve32x_zve64x_zvkb_zvl32b_zvl64b_xw/ilp32/libg_nano.a(libc_a-printf.o)
                0x00000e80                printf
                0x00000e80                iprintf
 .text._puts_r  0x00000ea8       0x98 /usr/share/MRS2/MRS-linux-x64/resources/app/resources/linux/components/WCH/Toolchain/RISC-V Embedded GCC15/bin/../lib/gcc/riscv32-wch-elf/15.2.0/../../../../riscv32-wch-elf/lib/rv32imac_zaamo_zalrsc_zba_zbb_zbc_zbs_zvbb_zve32x_zve64x_zvkb_zvl32b_zvl64b_xw/ilp32/libg_nano.a(libc_a-puts.o)
                0x00000ea8                _puts_r
 .text.puts     0x00000f40        0x8 /usr/share/MRS2/MRS-linux-x64/resources/app/resources/linux/components/WCH/Toolchain/RISC-V Embedded GCC15/bin/../lib/gcc/riscv32-wch-elf/15.2.0/../../../../riscv32-wch-elf/lib/rv32imac_zaamo_zalrsc_zba_zbb_zbc_zbs_zvbb_zve32x_zve64x_zvkb_zvl32b_zvl64b_xw/ilp32/libg_nano.a(libc_a-puts.o)
                0x00000f40                puts
 .text.__swbuf_r
                0x00000f48       0x90 /usr/share/MRS2/MRS-linux-x64/resources/app/resources/linux/components/WCH/Toolchain/RISC-V Embedded GCC15/bin/../lib/gcc/riscv32-wch-elf/15.2.0/../../../../riscv32-wch-elf/lib/rv32imac_zaamo_zalrsc_zba_zbb_zbc_zbs_zvbb_zve32x_zve64x_zvkb_zvl32b_zvl64b_xw/ilp32/libg_nano.a(libc_a-wbuf.o)
                0x00000f48                __swbuf_r
 .text.__swsetup_r
                0x00000fd8       0xba /usr/share/MRS2/MRS-linux-x64/resources/app/resources/linux/components/WCH/Toolchain/RISC-V Embedded GCC15/bin/../lib/gcc/riscv32-wch-elf/15.2.0/../../../../riscv32-wch-elf/lib/rv32imac_zaamo_zalrsc_zba_zbb_zbc_zbs_zvbb_zve32x_zve64x_zvkb_zvl32b_zvl64b_xw/ilp32/libg_nano.a(libc_a-wsetup.o)
                0x00000fd8                __swsetup_r
 .text._free_r  0x00001092       0x9e /usr/share/MRS2/MRS-linux-x64/resources/app/resources/linux/components/WCH/Toolchain/RISC-V Embedded GCC15/bin/../lib/gcc/riscv32-wch-elf/15.2.0/../../../../riscv32-wch-elf/lib/rv32imac_zaamo_zalrsc_zba_zbb_zbc_zbs_zvbb_zve32x_zve64x_zvkb_zvl32b_zvl64b_xw/ilp32/libg_nano.a(libc_a-freer.o)
                0x00001092                _free_r
 .text.sbrk_aligned
                0x00001130       0x56 /usr/share/MRS2/MRS-linux-x64/resources/app/resources/linux/components/WCH/Toolchain/RISC-V Embedded GCC15/bin/../lib/gcc/riscv32-wch-elf/15.2.0/../../../../riscv32-wch-elf/lib/rv32imac_zaamo_zalrsc_zba_zbb_zbc_zbs_zvbb_zve32x_zve64x_zvkb_zvl32b_zvl64b_xw/ilp32/libg_nano.a(libc_a-mallocr.o)
 .text._malloc_r
                0x00001186      0x112 /usr/share/MRS2/MRS-linux-x64/resources/app/resources/linux/components/WCH/Toolchain/RISC-V Embedded GCC15/bin/../lib/gcc/riscv32-wch-elf/15.2.0/../../../../riscv32-wch-elf/lib/rv32imac_zaamo_zalrsc_zba_zbb_zbc_zbs_zvbb_zve32x_zve64x_zvkb_zvl32b_zvl64b_xw/ilp32/libg_nano.a(libc_a-mallocr.o)
                0x00001186                _malloc_r
 .text.__malloc_lock
                0x00001298        0x2 /usr/share/MRS2/MRS-linux-x64/resources/app/resources/linux/components/WCH/Toolchain/RISC-V Embedded GCC15/bin/../lib/gcc/riscv32-wch-elf/15.2.0/../../../../riscv32-wch-elf/lib/rv32imac_zaamo_zalrsc_zba_zbb_zbc_zbs_zvbb_zve32x_zve64x_zvkb_zvl32b_zvl64b_xw/ilp32/libg_nano.a(libc_a-mlock.o)
                0x00001298                __malloc_lock
 .text.__malloc_unlock
                0x0000129a        0x2 /usr/share/MRS2/MRS-linux-x64/resources/app/resources/linux/components/WCH/Toolchain/RISC-V Embedded GCC15/bin/../lib/gcc/riscv32-wch-elf/15.2.0/../../../../riscv32-wch-elf/lib/rv32imac_zaamo_zalrsc_zba_zbb_zbc_zbs_zvbb_zve32x_zve64x_zvkb_zvl32b_zvl64b_xw/ilp32/libg_nano.a(libc_a-mlock.o)
                0x0000129a                __malloc_unlock
 .text.__sfputc_r
                0x0000129c       0x26 /usr/share/MRS2/MRS-linux-x64/resources/app/resources/linux/components/WCH/Toolchain/RISC-V Embedded GCC15/bin/../lib/gcc/riscv32-wch-elf/15.2.0/../../../../riscv32-wch-elf/lib/rv32imac_zaamo_zalrsc_zba_zbb_zbc_zbs_zvbb_zve32x_zve64x_zvkb_zvl32b_zvl64b_xw/ilp32/libg_nano.a(libc_a-nano-vfprintf.o)
 .text.__sfputs_r
                0x000012c2       0x40 /usr/share/MRS2/MRS-linux-x64/resources/app/resources/linux/components/WCH/Toolchain/RISC-V Embedded GCC15/bin/../lib/gcc/riscv32-wch-elf/15.2.0/../../../../riscv32-wch-elf/lib/rv32imac_zaamo_zalrsc_zba_zbb_zbc_zbs_zvbb_zve32x_zve64x_zvkb_zvl32b_zvl64b_xw/ilp32/libg_nano.a(libc_a-nano-vfprintf.o)
                0x000012c2                __sfputs_r
 .text._vfprintf_r
                0x00001302      0x238 /usr/share/MRS2/MRS-linux-x64/resources/app/resources/linux/components/WCH/Toolchain/RISC-V Embedded GCC15/bin/../lib/gcc/riscv32-wch-elf/15.2.0/../../../../riscv32-wch-elf/lib/rv32imac_zaamo_zalrsc_zba_zbb_zbc_zbs_zvbb_zve32x_zve64x_zvkb_zvl32b_zvl64b_xw/ilp32/libg_nano.a(libc_a-nano-vfprintf.o)
                0x00001302                _vfiprintf_r
                0x00001302                _vfprintf_r
 .text._printf_common
                0x0000153a      0x108 /usr/share/MRS2/MRS-linux-x64/resources/app/resources/linux/components/WCH/Toolchain/RISC-V Embedded GCC15/bin/../lib/gcc/riscv32-wch-elf/15.2.0/../../../../riscv32-wch-elf/lib/rv32imac_zaamo_zalrsc_zba_zbb_zbc_zbs_zvbb_zve32x_zve64x_zvkb_zvl32b_zvl64b_xw/ilp32/libg_nano.a(libc_a-nano-vfprintf_i.o)
                0x0000153a                _printf_common
 .text._printf_i
                0x00001642      0x24a /usr/share/MRS2/MRS-linux-x64/resources/app/resources/linux/components/WCH/Toolchain/RISC-V Embedded GCC15/bin/../lib/gcc/riscv32-wch-elf/15.2.0/../../../../riscv32-wch-elf/lib/rv32imac_zaamo_zalrsc_zba_zbb_zbc_zbs_zvbb_zve32x_zve64x_zvkb_zvl32b_zvl64b_xw/ilp32/libg_nano.a(libc_a-nano-vfprintf_i.o)
                0x00001642                _printf_i
 .text.__sflush_r
                0x0000188c      0x11e /usr/share/MRS2/MRS-linux-x64/resources/app/resources/linux/components/WCH/Toolchain/RISC-V Embedded GCC15/bin/../lib/gcc/riscv32-wch-elf/15.2.0/../../../../riscv32-wch-elf/lib/rv32imac_zaamo_zalrsc_zba_zbb_zbc_zbs_zvbb_zve32x_zve64x_zvkb_zvl32b_zvl64b_xw/ilp32/libg_nano.a(libc_a-fflush.o)
                0x0000188c                __sflush_r
 .text._fflush_r
                0x000019aa       0x36 /usr/share/MRS2/MRS-linux-x64/resources/app/resources/linux/components/WCH/Toolchain/RISC-V Embedded GCC15/bin/../lib/gcc/riscv32-wch-elf/15.2.0/../../../../riscv32-wch-elf/lib/rv32imac_zaamo_zalrsc_zba_zbb_zbc_zbs_zvbb_zve32x_zve64x_zvkb_zvl32b_zvl64b_xw/ilp32/libg_nano.a(libc_a-fflush.o)
                0x000019aa                _fflush_r
 .text.std      0x000019e0       0x5e /usr/share/MRS2/MRS-linux-x64/resources/app/resources/linux/components/WCH/Toolchain/RISC-V Embedded GCC15/bin/../lib/gcc/riscv32-wch-elf/15.2.0/../../../../riscv32-wch-elf/lib/rv32imac_zaamo_zalrsc_zba_zbb_zbc_zbs_zvbb_zve32x_zve64x_zvkb_zvl32b_zvl64b_xw/ilp32/libg_nano.a(libc_a-findfp.o)
 .text.stdio_exit_handler
                0x00001a3e       0x18 /usr/share/MRS2/MRS-linux-x64/resources/app/resources/linux/components/WCH/Toolchain/RISC-V Embedded GCC15/bin/../lib/gcc/riscv32-wch-elf/15.2.0/../../../../riscv32-wch-elf/lib/rv32imac_zaamo_zalrsc_zba_zbb_zbc_zbs_zvbb_zve32x_zve64x_zvkb_zvl32b_zvl64b_xw/ilp32/libg_nano.a(libc_a-findfp.o)
 .text.cleanup_stdio
                0x00001a56       0x46 /usr/share/MRS2/MRS-linux-x64/resources/app/resources/linux/components/WCH/Toolchain/RISC-V Embedded GCC15/bin/../lib/gcc/riscv32-wch-elf/15.2.0/../../../../riscv32-wch-elf/lib/rv32imac_zaamo_zalrsc_zba_zbb_zbc_zbs_zvbb_zve32x_zve64x_zvkb_zvl32b_zvl64b_xw/ilp32/libg_nano.a(libc_a-findfp.o)
 .text.global_stdio_init.part.0
                0x00001a9c       0x38 /usr/share/MRS2/MRS-linux-x64/resources/app/resources/linux/components/WCH/Toolchain/RISC-V Embedded GCC15/bin/../lib/gcc/riscv32-wch-elf/15.2.0/../../../../riscv32-wch-elf/lib/rv32imac_zaamo_zalrsc_zba_zbb_zbc_zbs_zvbb_zve32x_zve64x_zvkb_zvl32b_zvl64b_xw/ilp32/libg_nano.a(libc_a-findfp.o)
 .text.__sinit  0x00001ad4       0x16 /usr/share/MRS2/MRS-linux-x64/resources/app/resources/linux/components/WCH/Toolchain/RISC-V Embedded GCC15/bin/../lib/gcc/riscv32-wch-elf/15.2.0/../../../../riscv32-wch-elf/lib/rv32imac_zaamo_zalrsc_zba_zbb_zbc_zbs_zvbb_zve32x_zve64x_zvkb_zvl32b_zvl64b_xw/ilp32/libg_nano.a(libc_a-findfp.o)
                0x00001ad4                __sinit
 .text._fwalk_sglue
                0x00001aea       0x5e /usr/share/MRS2/MRS-linux-x64/resources/app/resources/linux/components/WCH/Toolchain/RISC-V Embedded GCC15/bin/../lib/gcc/riscv32-wch-elf/15.2.0/../../../../riscv32-wch-elf/lib/rv32imac_zaamo_zalrsc_zba_zbb_zbc_zbs_zvbb_zve32x_zve64x_zvkb_zvl32b_zvl64b_xw/ilp32/libg_nano.a(libc_a-fwalk.o)
                0x00001aea                _fwalk_sglue
 .text.__swhatbuf_r
                0x00001b48       0x54 /usr/share/MRS2/MRS-linux-x64/resources/app/resources/linux/components/WCH/Toolchain/RISC-V Embedded GCC15/bin/../lib/gcc/riscv32-wch-elf/15.2.0/../../../../riscv32-wch-elf/lib/rv32imac_zaamo_zalrsc_zba_zbb_zbc_zbs_zvbb_zve32x_zve64x_zvkb_zvl32b_zvl64b_xw/ilp32/libg_nano.a(libc_a-makebuf.o)
                0x00001b48                __swhatbuf_r
 .text.__smakebuf_r
                0x00001b9c       0x76 /usr/share/MRS2/MRS-linux-x64/resources/app/resources/linux/components/WCH/Toolchain/RISC-V Embedded GCC15/bin/../lib/gcc/riscv32-wch-elf/15.2.0/../../../../riscv32-wch-elf/lib/rv32imac_zaamo_zalrsc_zba_zbb_zbc_zbs_zvbb_zve32x_zve64x_zvkb_zvl32b_zvl64b_xw/ilp32/libg_nano.a(libc_a-makebuf.o)
                0x00001b9c                __smakebuf_r
 .text.__sread  0x00001c12       0x2a /usr/share/MRS2/MRS-linux-x64/resources/app/resources/linux/components/WCH/Toolchain/RISC-V Embedded GCC15/bin/../lib/gcc/riscv32-wch-elf/15.2.0/../../../../riscv32-wch-elf/lib/rv32imac_zaamo_zalrsc_zba_zbb_zbc_zbs_zvbb_zve32x_zve64x_zvkb_zvl32b_zvl64b_xw/ilp32/libg_nano.a(libc_a-stdio.o)
                0x00001c12                __sread
 .text.__swrite
                0x00001c3c       0x46 /usr/share/MRS2/MRS-linux-x64/resources/app/resources/linux/components/WCH/Toolchain/RISC-V Embedded GCC15/bin/../lib/gcc/riscv32-wch-elf/15.2.0/../../../../riscv32-wch-elf/lib/rv32imac_zaamo_zalrsc_zba_zbb_zbc_zbs_zvbb_zve32x_zve64x_zvkb_zvl32b_zvl64b_xw/ilp32/libg_nano.a(libc_a-stdio.o)
                0x00001c3c                __swrite
 .text.__sseek  0x00001c82       0x30 /usr/share/MRS2/MRS-linux-x64/resources/app/resources/linux/components/WCH/Toolchain/RISC-V Embedded GCC15/bin/../lib/gcc/riscv32-wch-elf/15.2.0/../../../../riscv32-wch-elf/lib/rv32imac_zaamo_zalrsc_zba_zbb_zbc_zbs_zvbb_zve32x_zve64x_zvkb_zvl32b_zvl64b_xw/ilp32/libg_nano.a(libc_a-stdio.o)
                0x00001c82                __sseek
 .text.__sclose
                0x00001cb2        0x6 /usr/share/MRS2/MRS-linux-x64/resources/app/resources/linux/components/WCH/Toolchain/RISC-V Embedded GCC15/bin/../lib/gcc/riscv32-wch-elf/15.2.0/../../../../riscv32-wch-elf/lib/rv32imac_zaamo_zalrsc_zba_zbb_zbc_zbs_zvbb_zve32x_zve64x_zvkb_zvl32b_zvl64b_xw/ilp32/libg_nano.a(libc_a-stdio.o)
                0x00001cb2                __sclose
 .text.memchr   0x00001cb8       0x18 /usr/share/MRS2/MRS-linux-x64/resources/app/resources/linux/components/WCH/Toolchain/RISC-V Embedded GCC15/bin/../lib/gcc/riscv32-wch-elf/15.2.0/../../../../riscv32-wch-elf/lib/rv32imac_zaamo_zalrsc_zba_zbb_zbc_zbs_zvbb_zve32x_zve64x_zvkb_zvl32b_zvl64b_xw/ilp32/libg_nano.a(libc_a-memchr.o)
                0x00001cb8                memchr
 .text._close_r
                0x00001cd0       0x2a /usr/share/MRS2/MRS-linux-x64/resources/app/resources/linux/components/WCH/Toolchain/RISC-V Embedded GCC15/bin/../lib/gcc/riscv32-wch-elf/15.2.0/../../../../riscv32-wch-elf/lib/rv32imac_zaamo_zalrsc_zba_zbb_zbc_zbs_zvbb_zve32x_zve64x_zvkb_zvl32b_zvl64b_xw/ilp32/libg_nano.a(libc_a-closer.o)
                0x00001cd0                _close_r
 .text._fstat_r
                0x00001cfa       0x2c /usr/share/MRS2/MRS-linux-x64/resources/app/resources/linux/components/WCH/Toolchain/RISC-V Embedded GCC15/bin/../lib/gcc/riscv32-wch-elf/15.2.0/../../../../riscv32-wch-elf/lib/rv32imac_zaamo_zalrsc_zba_zbb_zbc_zbs_zvbb_zve32x_zve64x_zvkb_zvl32b_zvl64b_xw/ilp32/libg_nano.a(libc_a-fstatr.o)
                0x00001cfa                _fstat_r
 .text._isatty_r
                0x00001d26       0x2a /usr/share/MRS2/MRS-linux-x64/resources/app/resources/linux/components/WCH/Toolchain/RISC-V Embedded GCC15/bin/../lib/gcc/riscv32-wch-elf/15.2.0/../../../../riscv32-wch-elf/lib/rv32imac_zaamo_zalrsc_zba_zbb_zbc_zbs_zvbb_zve32x_zve64x_zvkb_zvl32b_zvl64b_xw/ilp32/libg_nano.a(libc_a-isattyr.o)
                0x00001d26                _isatty_r
 .text._lseek_r
                0x00001d50       0x2e /usr/share/MRS2/MRS-linux-x64/resources/app/resources/linux/components/WCH/Toolchain/RISC-V Embedded GCC15/bin/../lib/gcc/riscv32-wch-elf/15.2.0/../../../../riscv32-wch-elf/lib/rv32imac_zaamo_zalrsc_zba_zbb_zbc_zbs_zvbb_zve32x_zve64x_zvkb_zvl32b_zvl64b_xw/ilp32/libg_nano.a(libc_a-lseekr.o)
                0x00001d50                _lseek_r
 .text._read_r  0x00001d7e       0x2e /usr/share/MRS2/MRS-linux-x64/resources/app/resources/linux/components/WCH/Toolchain/RISC-V Embedded GCC15/bin/../lib/gcc/riscv32-wch-elf/15.2.0/../../../../riscv32-wch-elf/lib/rv32imac_zaamo_zalrsc_zba_zbb_zbc_zbs_zvbb_zve32x_zve64x_zvkb_zvl32b_zvl64b_xw/ilp32/libg_nano.a(libc_a-readr.o)
                0x00001d7e                _read_r
 .text._sbrk_r  0x00001dac       0x2c /usr/share/MRS2/MRS-linux-x64/resources/app/resources/linux/components/WCH/Toolchain/RISC-V Embedded GCC15/bin/../lib/gcc/riscv32-wch-elf/15.2.0/../../../../riscv32-wch-elf/lib/rv32imac_zaamo_zalrsc_zba_zbb_zbc_zbs_zvbb_zve32x_zve64x_zvkb_zvl32b_zvl64b_xw/ilp32/libg_nano.a(libc_a-sbrkr.o)
                0x00001dac                _sbrk_r
 .text._write_r
                0x00001dd8       0x30 /usr/share/MRS2/MRS-linux-x64/resources/app/resources/linux/components/WCH/Toolchain/RISC-V Embedded GCC15/bin/../lib/gcc/riscv32-wch-elf/15.2.0/../../../../riscv32-wch-elf/lib/rv32imac_zaamo_zalrsc_zba_zbb_zbc_zbs_zvbb_zve32x_zve64x_zvkb_zvl32b_zvl64b_xw/ilp32/libg_nano.a(libc_a-writer.o)
                0x00001dd8                _write_r
 .text._close   0x00001e08        0xc /usr/share/MRS2/MRS-linux-x64/resources/app/resources/linux/components/WCH/Toolchain/RISC-V Embedded GCC15/bin/../lib/gcc/riscv32-wch-elf/15.2.0/../../../../riscv32-wch-elf/lib/rv32imac_zaamo_zalrsc_zba_zbb_zbc_zbs_zvbb_zve32x_zve64x_zvkb_zvl32b_zvl64b_xw/ilp32/libnosys.a(close.o)
                0x00001e08                _close
 .text._fstat   0x00001e14        0xc /usr/share/MRS2/MRS-linux-x64/resources/app/resources/linux/components/WCH/Toolchain/RISC-V Embedded GCC15/bin/../lib/gcc/riscv32-wch-elf/15.2.0/../../../../riscv32-wch-elf/lib/rv32imac_zaamo_zalrsc_zba_zbb_zbc_zbs_zvbb_zve32x_zve64x_zvkb_zvl32b_zvl64b_xw/ilp32/libnosys.a(fstat.o)
                0x00001e14                _fstat
 .text._isatty  0x00001e20        0xc /usr/share/MRS2/MRS-linux-x64/resources/app/resources/linux/components/WCH/Toolchain/RISC-V Embedded GCC15/bin/../lib/gcc/riscv32-wch-elf/15.2.0/../../../../riscv32-wch-elf/lib/rv32imac_zaamo_zalrsc_zba_zbb_zbc_zbs_zvbb_zve32x_zve64x_zvkb_zvl32b_zvl64b_xw/ilp32/libnosys.a(isatty.o)
                0x00001e20                _isatty
 .text._lseek   0x00001e2c        0xc /usr/share/MRS2/MRS-linux-x64/resources/app/resources/linux/components/WCH/Toolchain/RISC-V Embedded GCC15/bin/../lib/gcc/riscv32-wch-elf/15.2.0/../../../../riscv32-wch-elf/lib/rv32imac_zaamo_zalrsc_zba_zbb_zbc_zbs_zvbb_zve32x_zve64x_zvkb_zvl32b_zvl64b_xw/ilp32/libnosys.a(lseek.o)
                0x00001e2c                _lseek
 .text._read    0x00001e38        0xc /usr/share/MRS2/MRS-linux-x64/resources/app/resources/linux/components/WCH/Toolchain/RISC-V Embedded GCC15/bin/../lib/gcc/riscv32-wch-elf/15.2.0/../../../../riscv32-wch-elf/lib/rv32imac_zaamo_zalrsc_zba_zbb_zbc_zbs_zvbb_zve32x_zve64x_zvkb_zvl32b_zvl64b_xw/ilp32/libnosys.a(read.o)
                0x00001e38                _read
 *(.rodata)
 *(.rodata*)
 *fill*         0x00001e44        0x0 
 .rodata.main.str1.4
                0x00001e44       0x69 ./User/main.o
                                 0x30 (size before relaxing)
 *fill*         0x00001ead        0x3 
 .rodata.PLLMULTB
                0x00001eb0       0x20 ./User/system_ch32v4x7.o
 .rodata.HBPrescTable
                0x00001ed0       0x10 ./User/system_ch32v4x7.o
 .rodata.PLLMULTB
                0x00001ee0       0x20 ./Peripheral/src/ch32v4x7_rcc.o
 .rodata.HBPrescTable
                0x00001f00       0x10 ./Peripheral/src/ch32v4x7_rcc.o
 .rodata.__clz_tab
                0x00001f10      0x100 /usr/share/MRS2/MRS-linux-x64/resources/app/resources/linux/components/WCH/Toolchain/RISC-V Embedded GCC15/bin/../lib/gcc/riscv32-wch-elf/15.2.0/rv32imac_zaamo_zalrsc_zba_zbb_zbc_zbs_zvbb_zve32x_zve64x_zvkb_zvl32b_zvl64b_xw/ilp32/libgcc.a(_clz.o)
                0x00001f10                __clz_tab
 .rodata._vfprintf_r.str1.4
                0x00002010        0x0 /usr/share/MRS2/MRS-linux-x64/resources/app/resources/linux/components/WCH/Toolchain/RISC-V Embedded GCC15/bin/../lib/gcc/riscv32-wch-elf/15.2.0/../../../../riscv32-wch-elf/lib/rv32imac_zaamo_zalrsc_zba_zbb_zbc_zbs_zvbb_zve32x_zve64x_zvkb_zvl32b_zvl64b_xw/ilp32/libg_nano.a(libc_a-nano-vfprintf.o)
                                 0x13 (size before relaxing)
 .rodata._printf_i.str1.4
                0x00002010        0x0 /usr/share/MRS2/MRS-linux-x64/resources/app/resources/linux/components/WCH/Toolchain/RISC-V Embedded GCC15/bin/../lib/gcc/riscv32-wch-elf/15.2.0/../../../../riscv32-wch-elf/lib/rv32imac_zaamo_zalrsc_zba_zbb_zbc_zbs_zvbb_zve32x_zve64x_zvkb_zvl32b_zvl64b_xw/ilp32/libg_nano.a(libc_a-nano-vfprintf_i.o)
                                 0x25 (size before relaxing)
 .rodata._printf_i
                0x00002010       0x58 /usr/share/MRS2/MRS-linux-x64/resources/app/resources/linux/components/WCH/Toolchain/RISC-V Embedded GCC15/bin/../lib/gcc/riscv32-wch-elf/15.2.0/../../../../riscv32-wch-elf/lib/rv32imac_zaamo_zalrsc_zba_zbb_zbc_zbs_zvbb_zve32x_zve64x_zvkb_zvl32b_zvl64b_xw/ilp32/libg_nano.a(libc_a-nano-vfprintf_i.o)
 *(.gnu.linkonce.t.*)
                0x00002068                        . = ALIGN (0x4)

.cartrom        0x00002068     0x8000
 .cartrom       0x00002068     0x8000 ./User/hello_rom.o
                0x00002068                hello_rom

.rela.dyn       0x0000a068        0x0
 .rela.init     0x0000a068        0x0 ./User/cart.o
 .rela.text.handle_reset
                0x0000a068        0x0 ./User/cart.o
 .rela.text._sbrk
                0x0000a068        0x0 ./User/cart.o
 .rela.sdata.curbrk.0
                0x0000a068        0x0 ./User/cart.o
 .rela.text._vfprintf_r
                0x0000a068        0x0 ./User/cart.o

.fini           0x0000a068        0x0
 *(SORT_NONE(.fini))
                0x0000a068                        . = ALIGN (0x4)
                [!provide]                        PROVIDE (_etext = .)
                [!provide]                        PROVIDE (_eitcm = .)

.preinit_array  0x0000a068        0x0
                [!provide]                        PROVIDE (__preinit_array_start = .)
 *(.preinit_array)
                [!provide]                        PROVIDE (__preinit_array_end = .)

.init_array     0x0000a068        0x0
                [!provide]                        PROVIDE (__init_array_start = .)
 *(SORT_BY_INIT_PRIORITY(.init_array.*) SORT_BY_INIT_PRIORITY(.ctors.*))
 *(.init_array EXCLUDE_FILE(*crtend?.o *crtend.o *crtbegin?.o *crtbegin.o) .ctors)
                [!provide]                        PROVIDE (__init_array_end = .)

.fini_array     0x0000a068        0x0
                [!provide]                        PROVIDE (__fini_array_start = .)
 *(SORT_BY_INIT_PRIORITY(.fini_array.*) SORT_BY_INIT_PRIORITY(.dtors.*))
 *(.fini_array EXCLUDE_FILE(*crtend?.o *crtend.o *crtbegin?.o *crtbegin.o) .dtors)
                [!provide]                        PROVIDE (__fini_array_end = .)

.ctors
 *crtbegin.o(.ctors)
 *crtbegin?.o(.ctors)
 *(EXCLUDE_FILE(*crtend?.o *crtend.o) .ctors)
 *(SORT_BY_NAME(.ctors.*))
 *(.ctors)

.dtors
 *crtbegin.o(.dtors)
 *crtbegin?.o(.dtors)
 *(EXCLUDE_FILE(*crtend?.o *crtend.o) .dtors)
 *(SORT_BY_NAME(.dtors.*))
 *(.dtors)

.dalign         0x20000400        0x0 load address 0x0000a068
                0x20000400                        . = ALIGN (0x4)
                0x20000400                        PROVIDE (_data_vma = .)

.dlalign        0x0000a068        0x0
                0x0000a068                        . = ALIGN (0x4)
                0x0000a068                        PROVIDE (_data_lma = .)

.data           0x20000400       0xec load address 0x0000a068
 *(.gnu.linkonce.r.*)
 *(.data .data.*)
 .data._impure_data
                0x20000400       0x4c /usr/share/MRS2/MRS-linux-x64/resources/app/resources/linux/components/WCH/Toolchain/RISC-V Embedded GCC15/bin/../lib/gcc/riscv32-wch-elf/15.2.0/../../../../riscv32-wch-elf/lib/rv32imac_zaamo_zalrsc_zba_zbb_zbc_zbs_zvbb_zve32x_zve64x_zvkb_zvl32b_zvl64b_xw/ilp32/libg_nano.a(libc_a-impure.o)
                0x20000400                _impure_data
 .data.__sglue  0x2000044c        0xc /usr/share/MRS2/MRS-linux-x64/resources/app/resources/linux/components/WCH/Toolchain/RISC-V Embedded GCC15/bin/../lib/gcc/riscv32-wch-elf/15.2.0/../../../../riscv32-wch-elf/lib/rv32imac_zaamo_zalrsc_zba_zbb_zbc_zbs_zvbb_zve32x_zve64x_zvkb_zvl32b_zvl64b_xw/ilp32/libg_nano.a(libc_a-findfp.o)
                0x2000044c                __sglue
 *(.gnu.linkonce.d.*)
                0x20000458                        . = ALIGN (0x4)
 *(.ramfunc)
 .ramfunc       0x20000458       0x72 ./User/cart.o
                0x20000458                RunCart32k
 *(.ramfunc.*)
                0x200004d0                        . = ALIGN (0x8)
 *fill*         0x200004ca        0x6 
                0x20000cd0                        PROVIDE (__global_pointer$ = (. + 0x800))
 *(.sdata .sdata.*)
 .sdata.SystemCoreClock
                0x200004d0        0x4 ./User/system_ch32v4x7.o
                0x200004d0                SystemCoreClock
 .sdata.SystemClock
                0x200004d4        0x4 ./User/system_ch32v4x7.o
                0x200004d4                SystemClock
 .sdata.curbrk.0
                0x200004d8        0x4 ./Debug/debug.o
 .sdata._impure_ptr
                0x200004dc        0x4 /usr/share/MRS2/MRS-linux-x64/resources/app/resources/linux/components/WCH/Toolchain/RISC-V Embedded GCC15/bin/../lib/gcc/riscv32-wch-elf/15.2.0/../../../../riscv32-wch-elf/lib/rv32imac_zaamo_zalrsc_zba_zbb_zbc_zbs_zvbb_zve32x_zve64x_zvkb_zvl32b_zvl64b_xw/ilp32/libg_nano.a(libc_a-impure.o)
                0x200004dc                _impure_ptr
 *(.sdata2.*)
 *(.gnu.linkonce.s.*)
                0x200004e0                        . = ALIGN (0x8)
 *(.srodata.cst16)
 *(.srodata.cst8)
 *(.srodata.cst4)
 *(.srodata.cst2)
 *(.srodata .srodata.*)
 .srodata.ADCPrescTable
                0x200004e0        0x4 ./Peripheral/src/ch32v4x7_rcc.o
 .srodata.PBPrescTable
                0x200004e4        0x8 ./Peripheral/src/ch32v4x7_rcc.o
                0x200004ec                        . = ALIGN (0x4)
                0x200004ec                        PROVIDE (_edata = .)

.bss            0x200004ec      0x154 load address 0x0000a154
                0x200004ec                        . = ALIGN (0x4)
                0x200004ec                        PROVIDE (_sbss = .)
 *(.sbss*)
 .sbss.bankOffsets0
                0x200004ec        0x4 ./User/cart.o
 .sbss.HCLKClock
                0x200004f0        0x4 ./User/system_ch32v4x7.o
                0x200004f0                HCLKClock
 .sbss.p_ms     0x200004f4        0x2 ./Debug/debug.o
 .sbss.p_us     0x200004f6        0x1 ./Debug/debug.o
 *fill*         0x200004f7        0x1 
 .sbss.__malloc_sbrk_start
                0x200004f8        0x4 /usr/share/MRS2/MRS-linux-x64/resources/app/resources/linux/components/WCH/Toolchain/RISC-V Embedded GCC15/bin/../lib/gcc/riscv32-wch-elf/15.2.0/../../../../riscv32-wch-elf/lib/rv32imac_zaamo_zalrsc_zba_zbb_zbc_zbs_zvbb_zve32x_zve64x_zvkb_zvl32b_zvl64b_xw/ilp32/libg_nano.a(libc_a-mallocr.o)
                0x200004f8                __malloc_sbrk_start
 .sbss.__malloc_free_list
                0x200004fc        0x4 /usr/share/MRS2/MRS-linux-x64/resources/app/resources/linux/components/WCH/Toolchain/RISC-V Embedded GCC15/bin/../lib/gcc/riscv32-wch-elf/15.2.0/../../../../riscv32-wch-elf/lib/rv32imac_zaamo_zalrsc_zba_zbb_zbc_zbs_zvbb_zve32x_zve64x_zvkb_zvl32b_zvl64b_xw/ilp32/libg_nano.a(libc_a-mallocr.o)
                0x200004fc                __malloc_free_list
 .sbss.__stdio_exit_handler
                0x20000500        0x4 /usr/share/MRS2/MRS-linux-x64/resources/app/resources/linux/components/WCH/Toolchain/RISC-V Embedded GCC15/bin/../lib/gcc/riscv32-wch-elf/15.2.0/../../../../riscv32-wch-elf/lib/rv32imac_zaamo_zalrsc_zba_zbb_zbc_zbs_zvbb_zve32x_zve64x_zvkb_zvl32b_zvl64b_xw/ilp32/libg_nano.a(libc_a-findfp.o)
                0x20000500                __stdio_exit_handler
 .sbss.errno    0x20000504        0x4 /usr/share/MRS2/MRS-linux-x64/resources/app/resources/linux/components/WCH/Toolchain/RISC-V Embedded GCC15/bin/../lib/gcc/riscv32-wch-elf/15.2.0/../../../../riscv32-wch-elf/lib/rv32imac_zaamo_zalrsc_zba_zbb_zbc_zbs_zvbb_zve32x_zve64x_zvkb_zvl32b_zvl64b_xw/ilp32/libg_nano.a(libc_a-reent.o)
                0x20000504                errno
 *(.gnu.linkonce.sb.*)
 *(.bss*)
 .bss.__sf      0x20000508      0x138 /usr/share/MRS2/MRS-linux-x64/resources/app/resources/linux/components/WCH/Toolchain/RISC-V Embedded GCC15/bin/../lib/gcc/riscv32-wch-elf/15.2.0/../../../../riscv32-wch-elf/lib/rv32imac_zaamo_zalrsc_zba_zbb_zbc_zbs_zvbb_zve32x_zve64x_zvkb_zvl32b_zvl64b_xw/ilp32/libg_nano.a(libc_a-findfp.o)
                0x20000508                __sf
 *(.gnu.linkonce.b.*)
 *(COMMON*)
                0x20000640                        . = ALIGN (0x4)
                0x20000640                        PROVIDE (_ebss = .)
                0x20000640                        PROVIDE (_end = _ebss)
                [!provide]                        PROVIDE (end = .)

.stack          0x20021800      0x800
                0x20021800                        PROVIDE (_heap_end = .)
                0x20021800                        . = ALIGN (0x4)
                [!provide]                        PROVIDE (_susrstack = .)
                0x20022000                        . = (. + __stack_size)
 *fill*         0x20021800      0x800 
                0x20022000                        PROVIDE (_eusrstack = .)
OUTPUT(RISKYMSX2.elf elf32-littleriscv)

.debug_info     0x00000000     0x4d6e
 .debug_info    0x00000000      0x949 ./User/cart.o
 .debug_info    0x00000949      0x3b3 ./User/ch32v4x7_it.o
 .debug_info    0x00000cfc       0xa9 ./User/hello_rom.o
 .debug_info    0x00000da5      0x190 ./User/main.o
 .debug_info    0x00000f35      0x437 ./User/system_ch32v4x7.o
 .debug_info    0x0000136c       0x22 ./Startup/startup_ch32v4x7.o
 .debug_info    0x0000138e      0x1ef ./Peripheral/src/ch32v4x7_dbgmcu.o
 .debug_info    0x0000157d      0x373 ./Peripheral/src/ch32v4x7_exti.o
 .debug_info    0x000018f0      0x993 ./Peripheral/src/ch32v4x7_gpio.o
 .debug_info    0x00002283      0xca8 ./Peripheral/src/ch32v4x7_rcc.o
 .debug_info    0x00002f2b      0xc5a ./Peripheral/src/ch32v4x7_usart.o
 .debug_info    0x00003b85      0x748 ./Debug/debug.o
 .debug_info    0x000042cd      0x850 /usr/share/MRS2/MRS-linux-x64/resources/app/resources/linux/components/WCH/Toolchain/RISC-V Embedded GCC15/bin/../lib/gcc/riscv32-wch-elf/15.2.0/rv32imac_zaamo_zalrsc_zba_zbb_zbc_zbs_zvbb_zve32x_zve64x_zvkb_zvl32b_zvl64b_xw/ilp32/libgcc.a(_udivdi3.o)
 .debug_info    0x00004b1d      0x15f /usr/share/MRS2/MRS-linux-x64/resources/app/resources/linux/components/WCH/Toolchain/RISC-V Embedded GCC15/bin/../lib/gcc/riscv32-wch-elf/15.2.0/rv32imac_zaamo_zalrsc_zba_zbb_zbc_zbs_zvbb_zve32x_zve64x_zvkb_zvl32b_zvl64b_xw/ilp32/libgcc.a(save-restore.o)
 .debug_info    0x00004c7c       0xf2 /usr/share/MRS2/MRS-linux-x64/resources/app/resources/linux/components/WCH/Toolchain/RISC-V Embedded GCC15/bin/../lib/gcc/riscv32-wch-elf/15.2.0/rv32imac_zaamo_zalrsc_zba_zbb_zbc_zbs_zvbb_zve32x_zve64x_zvkb_zvl32b_zvl64b_xw/ilp32/libgcc.a(_clz.o)

.debug_abbrev   0x00000000     0x1513
 .debug_abbrev  0x00000000      0x282 ./User/cart.o
 .debug_abbrev  0x00000282      0x112 ./User/ch32v4x7_it.o
 .debug_abbrev  0x00000394       0x61 ./User/hello_rom.o
 .debug_abbrev  0x000003f5      0x11a ./User/main.o
 .debug_abbrev  0x0000050f      0x1b2 ./User/system_ch32v4x7.o
 .debug_abbrev  0x000006c1       0x12 ./Startup/startup_ch32v4x7.o
 .debug_abbrev  0x000006d3      0x186 ./Peripheral/src/ch32v4x7_dbgmcu.o
 .debug_abbrev  0x00000859      0x1ae ./Peripheral/src/ch32v4x7_exti.o
 .debug_abbrev  0x00000a07      0x23d ./Peripheral/src/ch32v4x7_gpio.o
 .debug_abbrev  0x00000c44      0x255 ./Peripheral/src/ch32v4x7_rcc.o
 .debug_abbrev  0x00000e99      0x1ff ./Peripheral/src/ch32v4x7_usart.o
 .debug_abbrev  0x00001098      0x230 ./Debug/debug.o
 .debug_abbrev  0x000012c8      0x1ad /usr/share/MRS2/MRS-linux-x64/resources/app/resources/linux/components/WCH/Toolchain/RISC-V Embedded GCC15/bin/../lib/gcc/riscv32-wch-elf/15.2.0/rv32imac_zaamo_zalrsc_zba_zbb_zbc_zbs_zvbb_zve32x_zve64x_zvkb_zvl32b_zvl64b_xw/ilp32/libgcc.a(_udivdi3.o)
 .debug_abbrev  0x00001475       0x28 /usr/share/MRS2/MRS-linux-x64/resources/app/resources/linux/components/WCH/Toolchain/RISC-V Embedded GCC15/bin/../lib/gcc/riscv32-wch-elf/15.2.0/rv32imac_zaamo_zalrsc_zba_zbb_zbc_zbs_zvbb_zve32x_zve64x_zvkb_zvl32b_zvl64b_xw/ilp32/libgcc.a(save-restore.o)
 .debug_abbrev  0x0000149d       0x76 /usr/share/MRS2/MRS-linux-x64/resources/app/resources/linux/components/WCH/Toolchain/RISC-V Embedded GCC15/bin/../lib/gcc/riscv32-wch-elf/15.2.0/rv32imac_zaamo_zalrsc_zba_zbb_zbc_zbs_zvbb_zve32x_zve64x_zvkb_zvl32b_zvl64b_xw/ilp32/libgcc.a(_clz.o)

.debug_loc      0x00000000     0x2224
 .debug_loc     0x00000000       0x58 ./User/cart.o
 .debug_loc     0x00000058      0x20b ./User/system_ch32v4x7.o
 .debug_loc     0x00000263       0xc0 ./Peripheral/src/ch32v4x7_dbgmcu.o
 .debug_loc     0x00000323      0x19e ./Peripheral/src/ch32v4x7_exti.o
 .debug_loc     0x000004c1      0x97e ./Peripheral/src/ch32v4x7_gpio.o
 .debug_loc     0x00000e3f      0x878 ./Peripheral/src/ch32v4x7_rcc.o
 .debug_loc     0x000016b7      0xa27 ./Peripheral/src/ch32v4x7_usart.o
 .debug_loc     0x000020de      0x146 ./Debug/debug.o

.debug_aranges  0x00000000      0x550
 .debug_aranges
                0x00000000       0x28 ./User/cart.o
 .debug_aranges
                0x00000028       0x28 ./User/ch32v4x7_it.o
 .debug_aranges
                0x00000050       0x18 ./User/hello_rom.o
 .debug_aranges
                0x00000068       0x20 ./User/main.o
 .debug_aranges
                0x00000088       0x28 ./User/system_ch32v4x7.o
 .debug_aranges
                0x000000b0       0x30 ./Startup/startup_ch32v4x7.o
 .debug_aranges
                0x000000e0       0x48 ./Peripheral/src/ch32v4x7_dbgmcu.o
 .debug_aranges
                0x00000128       0x58 ./Peripheral/src/ch32v4x7_exti.o
 .debug_aranges
                0x00000180       0xa8 ./Peripheral/src/ch32v4x7_gpio.o
 .debug_aranges
                0x00000228      0x188 ./Peripheral/src/ch32v4x7_rcc.o
 .debug_aranges
                0x000003b0       0xf8 ./Peripheral/src/ch32v4x7_usart.o
 .debug_aranges
                0x000004a8       0x50 ./Debug/debug.o
 .debug_aranges
                0x000004f8       0x20 /usr/share/MRS2/MRS-linux-x64/resources/app/resources/linux/components/WCH/Toolchain/RISC-V Embedded GCC15/bin/../lib/gcc/riscv32-wch-elf/15.2.0/rv32imac_zaamo_zalrsc_zba_zbb_zbc_zbs_zvbb_zve32x_zve64x_zvkb_zvl32b_zvl64b_xw/ilp32/libgcc.a(_udivdi3.o)
 .debug_aranges
                0x00000518       0x20 /usr/share/MRS2/MRS-linux-x64/resources/app/resources/linux/components/WCH/Toolchain/RISC-V Embedded GCC15/bin/../lib/gcc/riscv32-wch-elf/15.2.0/rv32imac_zaamo_zalrsc_zba_zbb_zbc_zbs_zvbb_zve32x_zve64x_zvkb_zvl32b_zvl64b_xw/ilp32/libgcc.a(save-restore.o)
 .debug_aranges
                0x00000538       0x18 /usr/share/MRS2/MRS-linux-x64/resources/app/resources/linux/components/WCH/Toolchain/RISC-V Embedded GCC15/bin/../lib/gcc/riscv32-wch-elf/15.2.0/rv32imac_zaamo_zalrsc_zba_zbb_zbc_zbs_zvbb_zve32x_zve64x_zvkb_zvl32b_zvl64b_xw/ilp32/libgcc.a(_clz.o)

.debug_ranges   0x00000000      0x480
 .debug_ranges  0x00000000       0x48 ./User/cart.o
 .debug_ranges  0x00000048       0x18 ./User/ch32v4x7_it.o
 .debug_ranges  0x00000060       0x10 ./User/main.o
 .debug_ranges  0x00000070       0x18 ./User/system_ch32v4x7.o
 .debug_ranges  0x00000088       0x28 ./Startup/startup_ch32v4x7.o
 .debug_ranges  0x000000b0       0x50 ./Peripheral/src/ch32v4x7_dbgmcu.o
 .debug_ranges  0x00000100       0x48 ./Peripheral/src/ch32v4x7_exti.o
 .debug_ranges  0x00000148       0x98 ./Peripheral/src/ch32v4x7_gpio.o
 .debug_ranges  0x000001e0      0x178 ./Peripheral/src/ch32v4x7_rcc.o
 .debug_ranges  0x00000358       0xe8 ./Peripheral/src/ch32v4x7_usart.o
 .debug_ranges  0x00000440       0x40 ./Debug/debug.o

.debug_line     0x00000000     0x6310
 .debug_line    0x00000000      0x48b ./User/cart.o
 .debug_line    0x0000048b      0x215 ./User/ch32v4x7_it.o
 .debug_line    0x000006a0      0x172 ./User/hello_rom.o
 .debug_line    0x00000812      0x32a ./User/main.o
 .debug_line    0x00000b3c      0x7ea ./User/system_ch32v4x7.o
 .debug_line    0x00001326      0x137 ./Startup/startup_ch32v4x7.o
 .debug_line    0x0000145d      0x2f5 ./Peripheral/src/ch32v4x7_dbgmcu.o
 .debug_line    0x00001752      0x50c ./Peripheral/src/ch32v4x7_exti.o
 .debug_line    0x00001c5e      0xe88 ./Peripheral/src/ch32v4x7_gpio.o
 .debug_line    0x00002ae6     0x1574 ./Peripheral/src/ch32v4x7_rcc.o
 .debug_line    0x0000405a      0xebe ./Peripheral/src/ch32v4x7_usart.o
 .debug_line    0x00004f18      0x716 ./Debug/debug.o
 .debug_line    0x0000562e      0xb3a /usr/share/MRS2/MRS-linux-x64/resources/app/resources/linux/components/WCH/Toolchain/RISC-V Embedded GCC15/bin/../lib/gcc/riscv32-wch-elf/15.2.0/rv32imac_zaamo_zalrsc_zba_zbb_zbc_zbs_zvbb_zve32x_zve64x_zvkb_zvl32b_zvl64b_xw/ilp32/libgcc.a(_udivdi3.o)
 .debug_line    0x00006168      0x15f /usr/share/MRS2/MRS-linux-x64/resources/app/resources/linux/components/WCH/Toolchain/RISC-V Embedded GCC15/bin/../lib/gcc/riscv32-wch-elf/15.2.0/rv32imac_zaamo_zalrsc_zba_zbb_zbc_zbs_zvbb_zve32x_zve64x_zvkb_zvl32b_zvl64b_xw/ilp32/libgcc.a(save-restore.o)
 .debug_line    0x000062c7       0x49 /usr/share/MRS2/MRS-linux-x64/resources/app/resources/linux/components/WCH/Toolchain/RISC-V Embedded GCC15/bin/../lib/gcc/riscv32-wch-elf/15.2.0/rv32imac_zaamo_zalrsc_zba_zbb_zbc_zbs_zvbb_zve32x_zve64x_zvkb_zvl32b_zvl64b_xw/ilp32/libgcc.a(_clz.o)

.debug_str      0x00000000     0x20ec
 .debug_str     0x00000000     0x20ec ./User/cart.o
                                0xa43 (size before relaxing)
 .debug_str     0x000020ec        0x0 ./User/ch32v4x7_it.o
                                0x32f (size before relaxing)
 .debug_str     0x000020ec        0x0 ./User/hello_rom.o
                                0x20a (size before relaxing)
 .debug_str     0x000020ec        0x0 ./User/main.o
                                0x280 (size before relaxing)
 .debug_str     0x000020ec        0x0 ./User/system_ch32v4x7.o
                                0x3a8 (size before relaxing)
 .debug_str     0x000020ec        0x0 ./Startup/startup_ch32v4x7.o
                                 0x54 (size before relaxing)
 .debug_str     0x000020ec        0x0 ./Peripheral/src/ch32v4x7_dbgmcu.o
                                0x2b7 (size before relaxing)
 .debug_str     0x000020ec        0x0 ./Peripheral/src/ch32v4x7_exti.o
                                0x3fe (size before relaxing)
 .debug_str     0x000020ec        0x0 ./Peripheral/src/ch32v4x7_gpio.o
                                0x5e8 (size before relaxing)
 .debug_str     0x000020ec        0x0 ./Peripheral/src/ch32v4x7_rcc.o
                                0x8e3 (size before relaxing)
 .debug_str     0x000020ec        0x0 ./Peripheral/src/ch32v4x7_usart.o
                                0x7b1 (size before relaxing)
 .debug_str     0x000020ec        0x0 ./Debug/debug.o
                                0x5ae (size before relaxing)
 .debug_str     0x000020ec        0x0 /usr/share/MRS2/MRS-linux-x64/resources/app/resources/linux/components/WCH/Toolchain/RISC-V Embedded GCC15/bin/../lib/gcc/riscv32-wch-elf/15.2.0/rv32imac_zaamo_zalrsc_zba_zbb_zbc_zbs_zvbb_zve32x_zve64x_zvkb_zvl32b_zvl64b_xw/ilp32/libgcc.a(_udivdi3.o)
                                0x2e1 (size before relaxing)
 .debug_str     0x000020ec        0x0 /usr/share/MRS2/MRS-linux-x64/resources/app/resources/linux/components/WCH/Toolchain/RISC-V Embedded GCC15/bin/../lib/gcc/riscv32-wch-elf/15.2.0/rv32imac_zaamo_zalrsc_zba_zbb_zbc_zbs_zvbb_zve32x_zve64x_zvkb_zvl32b_zvl64b_xw/ilp32/libgcc.a(save-restore.o)
                                0x299 (size before relaxing)
 .debug_str     0x000020ec        0x0 /usr/share/MRS2/MRS-linux-x64/resources/app/resources/linux/components/WCH/Toolchain/RISC-V Embedded GCC15/bin/../lib/gcc/riscv32-wch-elf/15.2.0/rv32imac_zaamo_zalrsc_zba_zbb_zbc_zbs_zvbb_zve32x_zve64x_zvkb_zvl32b_zvl64b_xw/ilp32/libgcc.a(_clz.o)
                                0x22e (size before relaxing)

.comment        0x00000000       0x57
 .comment       0x00000000       0x57 ./User/cart.o
                                 0x20 (size before relaxing)
 .comment       0x00000057        0x0 ./User/ch32v4x7_it.o
                                 0x20 (size before relaxing)
 .comment       0x00000057        0x0 ./User/hello_rom.o
                                 0x20 (size before relaxing)
 .comment       0x00000057        0x0 ./User/main.o
                                 0x20 (size before relaxing)
 .comment       0x00000057        0x0 ./User/system_ch32v4x7.o
                                 0x20 (size before relaxing)
 .comment       0x00000057        0x0 ./Peripheral/src/ch32v4x7_dbgmcu.o
                                 0x20 (size before relaxing)
 .comment       0x00000057        0x0 ./Peripheral/src/ch32v4x7_exti.o
                                 0x20 (size before relaxing)
 .comment       0x00000057        0x0 ./Peripheral/src/ch32v4x7_gpio.o
                                 0x20 (size before relaxing)
 .comment       0x00000057        0x0 ./Peripheral/src/ch32v4x7_rcc.o
                                 0x20 (size before relaxing)
 .comment       0x00000057        0x0 ./Peripheral/src/ch32v4x7_usart.o
                                 0x20 (size before relaxing)
 .comment       0x00000057        0x0 ./Debug/debug.o
                                 0x20 (size before relaxing)
 .comment       0x00000057        0x0 /usr/share/MRS2/MRS-linux-x64/resources/app/resources/linux/components/WCH/Toolchain/RISC-V Embedded GCC15/bin/../lib/gcc/riscv32-wch-elf/15.2.0/rv32imac_zaamo_zalrsc_zba_zbb_zbc_zbs_zvbb_zve32x_zve64x_zvkb_zvl32b_zvl64b_xw/ilp32/libgcc.a(_udivdi3.o)
                                 0x27 (size before relaxing)
 .comment       0x00000057        0x0 /usr/share/MRS2/MRS-linux-x64/resources/app/resources/linux/components/WCH/Toolchain/RISC-V Embedded GCC15/bin/../lib/gcc/riscv32-wch-elf/15.2.0/rv32imac_zaamo_zalrsc_zba_zbb_zbc_zbs_zvbb_zve32x_zve64x_zvkb_zvl32b_zvl64b_xw/ilp32/libgcc.a(_clz.o)
                                 0x27 (size before relaxing)
 .comment       0x00000057        0x0 /usr/share/MRS2/MRS-linux-x64/resources/app/resources/linux/components/WCH/Toolchain/RISC-V Embedded GCC15/bin/../lib/gcc/riscv32-wch-elf/15.2.0/../../../../riscv32-wch-elf/lib/rv32imac_zaamo_zalrsc_zba_zbb_zbc_zbs_zvbb_zve32x_zve64x_zvkb_zvl32b_zvl64b_xw/ilp32/libg_nano.a(libc_a-printf.o)
                                 0x13 (size before relaxing)
 .comment       0x00000057        0x0 /usr/share/MRS2/MRS-linux-x64/resources/app/resources/linux/components/WCH/Toolchain/RISC-V Embedded GCC15/bin/../lib/gcc/riscv32-wch-elf/15.2.0/../../../../riscv32-wch-elf/lib/rv32imac_zaamo_zalrsc_zba_zbb_zbc_zbs_zvbb_zve32x_zve64x_zvkb_zvl32b_zvl64b_xw/ilp32/libg_nano.a(libc_a-puts.o)
                                 0x13 (size before relaxing)
 .comment       0x00000057        0x0 /usr/share/MRS2/MRS-linux-x64/resources/app/resources/linux/components/WCH/Toolchain/RISC-V Embedded GCC15/bin/../lib/gcc/riscv32-wch-elf/15.2.0/../../../../riscv32-wch-elf/lib/rv32imac_zaamo_zalrsc_zba_zbb_zbc_zbs_zvbb_zve32x_zve64x_zvkb_zvl32b_zvl64b_xw/ilp32/libg_nano.a(libc_a-wbuf.o)
                                 0x13 (size before relaxing)
 .comment       0x00000057        0x0 /usr/share/MRS2/MRS-linux-x64/resources/app/resources/linux/components/WCH/Toolchain/RISC-V Embedded GCC15/bin/../lib/gcc/riscv32-wch-elf/15.2.0/../../../../riscv32-wch-elf/lib/rv32imac_zaamo_zalrsc_zba_zbb_zbc_zbs_zvbb_zve32x_zve64x_zvkb_zvl32b_zvl64b_xw/ilp32/libg_nano.a(libc_a-wsetup.o)
                                 0x13 (size before relaxing)
 .comment       0x00000057        0x0 /usr/share/MRS2/MRS-linux-x64/resources/app/resources/linux/components/WCH/Toolchain/RISC-V Embedded GCC15/bin/../lib/gcc/riscv32-wch-elf/15.2.0/../../../../riscv32-wch-elf/lib/rv32imac_zaamo_zalrsc_zba_zbb_zbc_zbs_zvbb_zve32x_zve64x_zvkb_zvl32b_zvl64b_xw/ilp32/libg_nano.a(libc_a-impure.o)
                                 0x13 (size before relaxing)
 .comment       0x00000057        0x0 /usr/share/MRS2/MRS-linux-x64/resources/app/resources/linux/components/WCH/Toolchain/RISC-V Embedded GCC15/bin/../lib/gcc/riscv32-wch-elf/15.2.0/../../../../riscv32-wch-elf/lib/rv32imac_zaamo_zalrsc_zba_zbb_zbc_zbs_zvbb_zve32x_zve64x_zvkb_zvl32b_zvl64b_xw/ilp32/libg_nano.a(libc_a-freer.o)
                                 0x13 (size before relaxing)
 .comment       0x00000057        0x0 /usr/share/MRS2/MRS-linux-x64/resources/app/resources/linux/components/WCH/Toolchain/RISC-V Embedded GCC15/bin/../lib/gcc/riscv32-wch-elf/15.2.0/../../../../riscv32-wch-elf/lib/rv32imac_zaamo_zalrsc_zba_zbb_zbc_zbs_zvbb_zve32x_zve64x_zvkb_zvl32b_zvl64b_xw/ilp32/libg_nano.a(libc_a-mallocr.o)
                                 0x13 (size before relaxing)
 .comment       0x00000057        0x0 /usr/share/MRS2/MRS-linux-x64/resources/app/resources/linux/components/WCH/Toolchain/RISC-V Embedded GCC15/bin/../lib/gcc/riscv32-wch-elf/15.2.0/../../../../riscv32-wch-elf/lib/rv32imac_zaamo_zalrsc_zba_zbb_zbc_zbs_zvbb_zve32x_zve64x_zvkb_zvl32b_zvl64b_xw/ilp32/libg_nano.a(libc_a-mlock.o)
                                 0x13 (size before relaxing)
 .comment       0x00000057        0x0 /usr/share/MRS2/MRS-linux-x64/resources/app/resources/linux/components/WCH/Toolchain/RISC-V Embedded GCC15/bin/../lib/gcc/riscv32-wch-elf/15.2.0/../../../../riscv32-wch-elf/lib/rv32imac_zaamo_zalrsc_zba_zbb_zbc_zbs_zvbb_zve32x_zve64x_zvkb_zvl32b_zvl64b_xw/ilp32/libg_nano.a(libc_a-nano-vfprintf.o)
                                 0x13 (size before relaxing)
 .comment       0x00000057        0x0 /usr/share/MRS2/MRS-linux-x64/resources/app/resources/linux/components/WCH/Toolchain/RISC-V Embedded GCC15/bin/../lib/gcc/riscv32-wch-elf/15.2.0/../../../../riscv32-wch-elf/lib/rv32imac_zaamo_zalrsc_zba_zbb_zbc_zbs_zvbb_zve32x_zve64x_zvkb_zvl32b_zvl64b_xw/ilp32/libg_nano.a(libc_a-nano-vfprintf_i.o)
                                 0x13 (size before relaxing)
 .comment       0x00000057        0x0 /usr/share/MRS2/MRS-linux-x64/resources/app/resources/linux/components/WCH/Toolchain/RISC-V Embedded GCC15/bin/../lib/gcc/riscv32-wch-elf/15.2.0/../../../../riscv32-wch-elf/lib/rv32imac_zaamo_zalrsc_zba_zbb_zbc_zbs_zvbb_zve32x_zve64x_zvkb_zvl32b_zvl64b_xw/ilp32/libg_nano.a(libc_a-fflush.o)
                                 0x13 (size before relaxing)
 .comment       0x00000057        0x0 /usr/share/MRS2/MRS-linux-x64/resources/app/resources/linux/components/WCH/Toolchain/RISC-V Embedded GCC15/bin/../lib/gcc/riscv32-wch-elf/15.2.0/../../../../riscv32-wch-elf/lib/rv32imac_zaamo_zalrsc_zba_zbb_zbc_zbs_zvbb_zve32x_zve64x_zvkb_zvl32b_zvl64b_xw/ilp32/libg_nano.a(libc_a-findfp.o)
                                 0x13 (size before relaxing)
 .comment       0x00000057        0x0 /usr/share/MRS2/MRS-linux-x64/resources/app/resources/linux/components/WCH/Toolchain/RISC-V Embedded GCC15/bin/../lib/gcc/riscv32-wch-elf/15.2.0/../../../../riscv32-wch-elf/lib/rv32imac_zaamo_zalrsc_zba_zbb_zbc_zbs_zvbb_zve32x_zve64x_zvkb_zvl32b_zvl64b_xw/ilp32/libg_nano.a(libc_a-fwalk.o)
                                 0x13 (size before relaxing)
 .comment       0x00000057        0x0 /usr/share/MRS2/MRS-linux-x64/resources/app/resources/linux/components/WCH/Toolchain/RISC-V Embedded GCC15/bin/../lib/gcc/riscv32-wch-elf/15.2.0/../../../../riscv32-wch-elf/lib/rv32imac_zaamo_zalrsc_zba_zbb_zbc_zbs_zvbb_zve32x_zve64x_zvkb_zvl32b_zvl64b_xw/ilp32/libg_nano.a(libc_a-makebuf.o)
                                 0x13 (size before relaxing)
 .comment       0x00000057        0x0 /usr/share/MRS2/MRS-linux-x64/resources/app/resources/linux/components/WCH/Toolchain/RISC-V Embedded GCC15/bin/../lib/gcc/riscv32-wch-elf/15.2.0/../../../../riscv32-wch-elf/lib/rv32imac_zaamo_zalrsc_zba_zbb_zbc_zbs_zvbb_zve32x_zve64x_zvkb_zvl32b_zvl64b_xw/ilp32/libg_nano.a(libc_a-stdio.o)
                                 0x13 (size before relaxing)
 .comment       0x00000057        0x0 /usr/share/MRS2/MRS-linux-x64/resources/app/resources/linux/components/WCH/Toolchain/RISC-V Embedded GCC15/bin/../lib/gcc/riscv32-wch-elf/15.2.0/../../../../riscv32-wch-elf/lib/rv32imac_zaamo_zalrsc_zba_zbb_zbc_zbs_zvbb_zve32x_zve64x_zvkb_zvl32b_zvl64b_xw/ilp32/libg_nano.a(libc_a-memchr.o)
                                 0x13 (size before relaxing)
 .comment       0x00000057        0x0 /usr/share/MRS2/MRS-linux-x64/resources/app/resources/linux/components/WCH/Toolchain/RISC-V Embedded GCC15/bin/../lib/gcc/riscv32-wch-elf/15.2.0/../../../../riscv32-wch-elf/lib/rv32imac_zaamo_zalrsc_zba_zbb_zbc_zbs_zvbb_zve32x_zve64x_zvkb_zvl32b_zvl64b_xw/ilp32/libg_nano.a(libc_a-closer.o)
                                 0x13 (size before relaxing)
 .comment       0x00000057        0x0 /usr/share/MRS2/MRS-linux-x64/resources/app/resources/linux/components/WCH/Toolchain/RISC-V Embedded GCC15/bin/../lib/gcc/riscv32-wch-elf/15.2.0/../../../../riscv32-wch-elf/lib/rv32imac_zaamo_zalrsc_zba_zbb_zbc_zbs_zvbb_zve32x_zve64x_zvkb_zvl32b_zvl64b_xw/ilp32/libg_nano.a(libc_a-reent.o)
                                 0x13 (size before relaxing)
 .comment       0x00000057        0x0 /usr/share/MRS2/MRS-linux-x64/resources/app/resources/linux/components/WCH/Toolchain/RISC-V Embedded GCC15/bin/../lib/gcc/riscv32-wch-elf/15.2.0/../../../../riscv32-wch-elf/lib/rv32imac_zaamo_zalrsc_zba_zbb_zbc_zbs_zvbb_zve32x_zve64x_zvkb_zvl32b_zvl64b_xw/ilp32/libg_nano.a(libc_a-fstatr.o)
                                 0x13 (size before relaxing)
 .comment       0x00000057        0x0 /usr/share/MRS2/MRS-linux-x64/resources/app/resources/linux/components/WCH/Toolchain/RISC-V Embedded GCC15/bin/../lib/gcc/riscv32-wch-elf/15.2.0/../../../../riscv32-wch-elf/lib/rv32imac_zaamo_zalrsc_zba_zbb_zbc_zbs_zvbb_zve32x_zve64x_zvkb_zvl32b_zvl64b_xw/ilp32/libg_nano.a(libc_a-isattyr.o)
                                 0x13 (size before relaxing)
 .comment       0x00000057        0x0 /usr/share/MRS2/MRS-linux-x64/resources/app/resources/linux/components/WCH/Toolchain/RISC-V Embedded GCC15/bin/../lib/gcc/riscv32-wch-elf/15.2.0/../../../../riscv32-wch-elf/lib/rv32imac_zaamo_zalrsc_zba_zbb_zbc_zbs_zvbb_zve32x_zve64x_zvkb_zvl32b_zvl64b_xw/ilp32/libg_nano.a(libc_a-lseekr.o)
                                 0x13 (size before relaxing)
 .comment       0x00000057        0x0 /usr/share/MRS2/MRS-linux-x64/resources/app/resources/linux/components/WCH/Toolchain/RISC-V Embedded GCC15/bin/../lib/gcc/riscv32-wch-elf/15.2.0/../../../../riscv32-wch-elf/lib/rv32imac_zaamo_zalrsc_zba_zbb_zbc_zbs_zvbb_zve32x_zve64x_zvkb_zvl32b_zvl64b_xw/ilp32/libg_nano.a(libc_a-readr.o)
                                 0x13 (size before relaxing)
 .comment       0x00000057        0x0 /usr/share/MRS2/MRS-linux-x64/resources/app/resources/linux/components/WCH/Toolchain/RISC-V Embedded GCC15/bin/../lib/gcc/riscv32-wch-elf/15.2.0/../../../../riscv32-wch-elf/lib/rv32imac_zaamo_zalrsc_zba_zbb_zbc_zbs_zvbb_zve32x_zve64x_zvkb_zvl32b_zvl64b_xw/ilp32/libg_nano.a(libc_a-sbrkr.o)
                                 0x13 (size before relaxing)
 .comment       0x00000057        0x0 /usr/share/MRS2/MRS-linux-x64/resources/app/resources/linux/components/WCH/Toolchain/RISC-V Embedded GCC15/bin/../lib/gcc/riscv32-wch-elf/15.2.0/../../../../riscv32-wch-elf/lib/rv32imac_zaamo_zalrsc_zba_zbb_zbc_zbs_zvbb_zve32x_zve64x_zvkb_zvl32b_zvl64b_xw/ilp32/libg_nano.a(libc_a-writer.o)
                                 0x13 (size before relaxing)
 .comment       0x00000057        0x0 /usr/share/MRS2/MRS-linux-x64/resources/app/resources/linux/components/WCH/Toolchain/RISC-V Embedded GCC15/bin/../lib/gcc/riscv32-wch-elf/15.2.0/../../../../riscv32-wch-elf/lib/rv32imac_zaamo_zalrsc_zba_zbb_zbc_zbs_zvbb_zve32x_zve64x_zvkb_zvl32b_zvl64b_xw/ilp32/libnosys.a(close.o)
                                 0x13 (size before relaxing)
 .comment       0x00000057        0x0 /usr/share/MRS2/MRS-linux-x64/resources/app/resources/linux/components/WCH/Toolchain/RISC-V Embedded GCC15/bin/../lib/gcc/riscv32-wch-elf/15.2.0/../../../../riscv32-wch-elf/lib/rv32imac_zaamo_zalrsc_zba_zbb_zbc_zbs_zvbb_zve32x_zve64x_zvkb_zvl32b_zvl64b_xw/ilp32/libnosys.a(fstat.o)
                                 0x13 (size before relaxing)
 .comment       0x00000057        0x0 /usr/share/MRS2/MRS-linux-x64/resources/app/resources/linux/components/WCH/Toolchain/RISC-V Embedded GCC15/bin/../lib/gcc/riscv32-wch-elf/15.2.0/../../../../riscv32-wch-elf/lib/rv32imac_zaamo_zalrsc_zba_zbb_zbc_zbs_zvbb_zve32x_zve64x_zvkb_zvl32b_zvl64b_xw/ilp32/libnosys.a(isatty.o)
                                 0x13 (size before relaxing)
 .comment       0x00000057        0x0 /usr/share/MRS2/MRS-linux-x64/resources/app/resources/linux/components/WCH/Toolchain/RISC-V Embedded GCC15/bin/../lib/gcc/riscv32-wch-elf/15.2.0/../../../../riscv32-wch-elf/lib/rv32imac_zaamo_zalrsc_zba_zbb_zbc_zbs_zvbb_zve32x_zve64x_zvkb_zvl32b_zvl64b_xw/ilp32/libnosys.a(lseek.o)
                                 0x13 (size before relaxing)
 .comment       0x00000057        0x0 /usr/share/MRS2/MRS-linux-x64/resources/app/resources/linux/components/WCH/Toolchain/RISC-V Embedded GCC15/bin/../lib/gcc/riscv32-wch-elf/15.2.0/../../../../riscv32-wch-elf/lib/rv32imac_zaamo_zalrsc_zba_zbb_zbc_zbs_zvbb_zve32x_zve64x_zvkb_zvl32b_zvl64b_xw/ilp32/libnosys.a(read.o)
                                 0x13 (size before relaxing)

.note.GNU-stack
                0x00000000        0x0
 .note.GNU-stack
                0x00000000        0x0 ./User/cart.o
 .note.GNU-stack
                0x00000000        0x0 ./User/ch32v4x7_it.o
 .note.GNU-stack
                0x00000000        0x0 ./User/hello_rom.o
 .note.GNU-stack
                0x00000000        0x0 ./User/main.o
 .note.GNU-stack
                0x00000000        0x0 ./User/system_ch32v4x7.o
 .note.GNU-stack
                0x00000000        0x0 ./Peripheral/src/ch32v4x7_dbgmcu.o
 .note.GNU-stack
                0x00000000        0x0 ./Peripheral/src/ch32v4x7_exti.o
 .note.GNU-stack
                0x00000000        0x0 ./Peripheral/src/ch32v4x7_gpio.o
 .note.GNU-stack
                0x00000000        0x0 ./Peripheral/src/ch32v4x7_rcc.o
 .note.GNU-stack
                0x00000000        0x0 ./Peripheral/src/ch32v4x7_usart.o
 .note.GNU-stack
                0x00000000        0x0 ./Debug/debug.o
 .note.GNU-stack
                0x00000000        0x0 /usr/share/MRS2/MRS-linux-x64/resources/app/resources/linux/components/WCH/Toolchain/RISC-V Embedded GCC15/bin/../lib/gcc/riscv32-wch-elf/15.2.0/rv32imac_zaamo_zalrsc_zba_zbb_zbc_zbs_zvbb_zve32x_zve64x_zvkb_zvl32b_zvl64b_xw/ilp32/libgcc.a(_udivdi3.o)
 .note.GNU-stack
                0x00000000        0x0 /usr/share/MRS2/MRS-linux-x64/resources/app/resources/linux/components/WCH/Toolchain/RISC-V Embedded GCC15/bin/../lib/gcc/riscv32-wch-elf/15.2.0/rv32imac_zaamo_zalrsc_zba_zbb_zbc_zbs_zvbb_zve32x_zve64x_zvkb_zvl32b_zvl64b_xw/ilp32/libgcc.a(_clz.o)
 .note.GNU-stack
                0x00000000        0x0 /usr/share/MRS2/MRS-linux-x64/resources/app/resources/linux/components/WCH/Toolchain/RISC-V Embedded GCC15/bin/../lib/gcc/riscv32-wch-elf/15.2.0/../../../../riscv32-wch-elf/lib/rv32imac_zaamo_zalrsc_zba_zbb_zbc_zbs_zvbb_zve32x_zve64x_zvkb_zvl32b_zvl64b_xw/ilp32/libg_nano.a(libc_a-printf.o)
 .note.GNU-stack
                0x00000000        0x0 /usr/share/MRS2/MRS-linux-x64/resources/app/resources/linux/components/WCH/Toolchain/RISC-V Embedded GCC15/bin/../lib/gcc/riscv32-wch-elf/15.2.0/../../../../riscv32-wch-elf/lib/rv32imac_zaamo_zalrsc_zba_zbb_zbc_zbs_zvbb_zve32x_zve64x_zvkb_zvl32b_zvl64b_xw/ilp32/libg_nano.a(libc_a-puts.o)
 .note.GNU-stack
                0x00000000        0x0 /usr/share/MRS2/MRS-linux-x64/resources/app/resources/linux/components/WCH/Toolchain/RISC-V Embedded GCC15/bin/../lib/gcc/riscv32-wch-elf/15.2.0/../../../../riscv32-wch-elf/lib/rv32imac_zaamo_zalrsc_zba_zbb_zbc_zbs_zvbb_zve32x_zve64x_zvkb_zvl32b_zvl64b_xw/ilp32/libg_nano.a(libc_a-wbuf.o)
 .note.GNU-stack
                0x00000000        0x0 /usr/share/MRS2/MRS-linux-x64/resources/app/resources/linux/components/WCH/Toolchain/RISC-V Embedded GCC15/bin/../lib/gcc/riscv32-wch-elf/15.2.0/../../../../riscv32-wch-elf/lib/rv32imac_zaamo_zalrsc_zba_zbb_zbc_zbs_zvbb_zve32x_zve64x_zvkb_zvl32b_zvl64b_xw/ilp32/libg_nano.a(libc_a-wsetup.o)
 .note.GNU-stack
                0x00000000        0x0 /usr/share/MRS2/MRS-linux-x64/resources/app/resources/linux/components/WCH/Toolchain/RISC-V Embedded GCC15/bin/../lib/gcc/riscv32-wch-elf/15.2.0/../../../../riscv32-wch-elf/lib/rv32imac_zaamo_zalrsc_zba_zbb_zbc_zbs_zvbb_zve32x_zve64x_zvkb_zvl32b_zvl64b_xw/ilp32/libg_nano.a(libc_a-impure.o)
 .note.GNU-stack
                0x00000000        0x0 /usr/share/MRS2/MRS-linux-x64/resources/app/resources/linux/components/WCH/Toolchain/RISC-V Embedded GCC15/bin/../lib/gcc/riscv32-wch-elf/15.2.0/../../../../riscv32-wch-elf/lib/rv32imac_zaamo_zalrsc_zba_zbb_zbc_zbs_zvbb_zve32x_zve64x_zvkb_zvl32b_zvl64b_xw/ilp32/libg_nano.a(libc_a-freer.o)
 .note.GNU-stack
                0x00000000        0x0 /usr/share/MRS2/MRS-linux-x64/resources/app/resources/linux/components/WCH/Toolchain/RISC-V Embedded GCC15/bin/../lib/gcc/riscv32-wch-elf/15.2.0/../../../../riscv32-wch-elf/lib/rv32imac_zaamo_zalrsc_zba_zbb_zbc_zbs_zvbb_zve32x_zve64x_zvkb_zvl32b_zvl64b_xw/ilp32/libg_nano.a(libc_a-mallocr.o)
 .note.GNU-stack
                0x00000000        0x0 /usr/share/MRS2/MRS-linux-x64/resources/app/resources/linux/components/WCH/Toolchain/RISC-V Embedded GCC15/bin/../lib/gcc/riscv32-wch-elf/15.2.0/../../../../riscv32-wch-elf/lib/rv32imac_zaamo_zalrsc_zba_zbb_zbc_zbs_zvbb_zve32x_zve64x_zvkb_zvl32b_zvl64b_xw/ilp32/libg_nano.a(libc_a-mlock.o)
 .note.GNU-stack
                0x00000000        0x0 /usr/share/MRS2/MRS-linux-x64/resources/app/resources/linux/components/WCH/Toolchain/RISC-V Embedded GCC15/bin/../lib/gcc/riscv32-wch-elf/15.2.0/../../../../riscv32-wch-elf/lib/rv32imac_zaamo_zalrsc_zba_zbb_zbc_zbs_zvbb_zve32x_zve64x_zvkb_zvl32b_zvl64b_xw/ilp32/libg_nano.a(libc_a-nano-vfprintf.o)
 .note.GNU-stack
                0x00000000        0x0 /usr/share/MRS2/MRS-linux-x64/resources/app/resources/linux/components/WCH/Toolchain/RISC-V Embedded GCC15/bin/../lib/gcc/riscv32-wch-elf/15.2.0/../../../../riscv32-wch-elf/lib/rv32imac_zaamo_zalrsc_zba_zbb_zbc_zbs_zvbb_zve32x_zve64x_zvkb_zvl32b_zvl64b_xw/ilp32/libg_nano.a(libc_a-nano-vfprintf_i.o)
 .note.GNU-stack
                0x00000000        0x0 /usr/share/MRS2/MRS-linux-x64/resources/app/resources/linux/components/WCH/Toolchain/RISC-V Embedded GCC15/bin/../lib/gcc/riscv32-wch-elf/15.2.0/../../../../riscv32-wch-elf/lib/rv32imac_zaamo_zalrsc_zba_zbb_zbc_zbs_zvbb_zve32x_zve64x_zvkb_zvl32b_zvl64b_xw/ilp32/libg_nano.a(libc_a-fflush.o)
 .note.GNU-stack
                0x00000000        0x0 /usr/share/MRS2/MRS-linux-x64/resources/app/resources/linux/components/WCH/Toolchain/RISC-V Embedded GCC15/bin/../lib/gcc/riscv32-wch-elf/15.2.0/../../../../riscv32-wch-elf/lib/rv32imac_zaamo_zalrsc_zba_zbb_zbc_zbs_zvbb_zve32x_zve64x_zvkb_zvl32b_zvl64b_xw/ilp32/libg_nano.a(libc_a-findfp.o)
 .note.GNU-stack
                0x00000000        0x0 /usr/share/MRS2/MRS-linux-x64/resources/app/resources/linux/components/WCH/Toolchain/RISC-V Embedded GCC15/bin/../lib/gcc/riscv32-wch-elf/15.2.0/../../../../riscv32-wch-elf/lib/rv32imac_zaamo_zalrsc_zba_zbb_zbc_zbs_zvbb_zve32x_zve64x_zvkb_zvl32b_zvl64b_xw/ilp32/libg_nano.a(libc_a-fwalk.o)
 .note.GNU-stack
                0x00000000        0x0 /usr/share/MRS2/MRS-linux-x64/resources/app/resources/linux/components/WCH/Toolchain/RISC-V Embedded GCC15/bin/../lib/gcc/riscv32-wch-elf/15.2.0/../../../../riscv32-wch-elf/lib/rv32imac_zaamo_zalrsc_zba_zbb_zbc_zbs_zvbb_zve32x_zve64x_zvkb_zvl32b_zvl64b_xw/ilp32/libg_nano.a(libc_a-makebuf.o)
 .note.GNU-stack
                0x00000000        0x0 /usr/share/MRS2/MRS-linux-x64/resources/app/resources/linux/components/WCH/Toolchain/RISC-V Embedded GCC15/bin/../lib/gcc/riscv32-wch-elf/15.2.0/../../../../riscv32-wch-elf/lib/rv32imac_zaamo_zalrsc_zba_zbb_zbc_zbs_zvbb_zve32x_zve64x_zvkb_zvl32b_zvl64b_xw/ilp32/libg_nano.a(libc_a-stdio.o)
 .note.GNU-stack
                0x00000000        0x0 /usr/share/MRS2/MRS-linux-x64/resources/app/resources/linux/components/WCH/Toolchain/RISC-V Embedded GCC15/bin/../lib/gcc/riscv32-wch-elf/15.2.0/../../../../riscv32-wch-elf/lib/rv32imac_zaamo_zalrsc_zba_zbb_zbc_zbs_zvbb_zve32x_zve64x_zvkb_zvl32b_zvl64b_xw/ilp32/libg_nano.a(libc_a-memchr.o)
 .note.GNU-stack
                0x00000000        0x0 /usr/share/MRS2/MRS-linux-x64/resources/app/resources/linux/components/WCH/Toolchain/RISC-V Embedded GCC15/bin/../lib/gcc/riscv32-wch-elf/15.2.0/../../../../riscv32-wch-elf/lib/rv32imac_zaamo_zalrsc_zba_zbb_zbc_zbs_zvbb_zve32x_zve64x_zvkb_zvl32b_zvl64b_xw/ilp32/libg_nano.a(libc_a-closer.o)
 .note.GNU-stack
                0x00000000        0x0 /usr/share/MRS2/MRS-linux-x64/resources/app/resources/linux/components/WCH/Toolchain/RISC-V Embedded GCC15/bin/../lib/gcc/riscv32-wch-elf/15.2.0/../../../../riscv32-wch-elf/lib/rv32imac_zaamo_zalrsc_zba_zbb_zbc_zbs_zvbb_zve32x_zve64x_zvkb_zvl32b_zvl64b_xw/ilp32/libg_nano.a(libc_a-reent.o)
 .note.GNU-stack
                0x00000000        0x0 /usr/share/MRS2/MRS-linux-x64/resources/app/resources/linux/components/WCH/Toolchain/RISC-V Embedded GCC15/bin/../lib/gcc/riscv32-wch-elf/15.2.0/../../../../riscv32-wch-elf/lib/rv32imac_zaamo_zalrsc_zba_zbb_zbc_zbs_zvbb_zve32x_zve64x_zvkb_zvl32b_zvl64b_xw/ilp32/libg_nano.a(libc_a-fstatr.o)
 .note.GNU-stack
                0x00000000        0x0 /usr/share/MRS2/MRS-linux-x64/resources/app/resources/linux/components/WCH/Toolchain/RISC-V Embedded GCC15/bin/../lib/gcc/riscv32-wch-elf/15.2.0/../../../../riscv32-wch-elf/lib/rv32imac_zaamo_zalrsc_zba_zbb_zbc_zbs_zvbb_zve32x_zve64x_zvkb_zvl32b_zvl64b_xw/ilp32/libg_nano.a(libc_a-isattyr.o)
 .note.GNU-stack
                0x00000000        0x0 /usr/share/MRS2/MRS-linux-x64/resources/app/resources/linux/components/WCH/Toolchain/RISC-V Embedded GCC15/bin/../lib/gcc/riscv32-wch-elf/15.2.0/../../../../riscv32-wch-elf/lib/rv32imac_zaamo_zalrsc_zba_zbb_zbc_zbs_zvbb_zve32x_zve64x_zvkb_zvl32b_zvl64b_xw/ilp32/libg_nano.a(libc_a-lseekr.o)
 .note.GNU-stack
                0x00000000        0x0 /usr/share/MRS2/MRS-linux-x64/resources/app/resources/linux/components/WCH/Toolchain/RISC-V Embedded GCC15/bin/../lib/gcc/riscv32-wch-elf/15.2.0/../../../../riscv32-wch-elf/lib/rv32imac_zaamo_zalrsc_zba_zbb_zbc_zbs_zvbb_zve32x_zve64x_zvkb_zvl32b_zvl64b_xw/ilp32/libg_nano.a(libc_a-readr.o)
 .note.GNU-stack
                0x00000000        0x0 /usr/share/MRS2/MRS-linux-x64/resources/app/resources/linux/components/WCH/Toolchain/RISC-V Embedded GCC15/bin/../lib/gcc/riscv32-wch-elf/15.2.0/../../../../riscv32-wch-elf/lib/rv32imac_zaamo_zalrsc_zba_zbb_zbc_zbs_zvbb_zve32x_zve64x_zvkb_zvl32b_zvl64b_xw/ilp32/libg_nano.a(libc_a-sbrkr.o)
 .note.GNU-stack
                0x00000000        0x0 /usr/share/MRS2/MRS-linux-x64/resources/app/resources/linux/components/WCH/Toolchain/RISC-V Embedded GCC15/bin/../lib/gcc/riscv32-wch-elf/15.2.0/../../../../riscv32-wch-elf/lib/rv32imac_zaamo_zalrsc_zba_zbb_zbc_zbs_zvbb_zve32x_zve64x_zvkb_zvl32b_zvl64b_xw/ilp32/libg_nano.a(libc_a-writer.o)
 .note.GNU-stack
                0x00000000        0x0 /usr/share/MRS2/MRS-linux-x64/resources/app/resources/linux/components/WCH/Toolchain/RISC-V Embedded GCC15/bin/../lib/gcc/riscv32-wch-elf/15.2.0/../../../../riscv32-wch-elf/lib/rv32imac_zaamo_zalrsc_zba_zbb_zbc_zbs_zvbb_zve32x_zve64x_zvkb_zvl32b_zvl64b_xw/ilp32/libnosys.a(close.o)
 .note.GNU-stack
                0x00000000        0x0 /usr/share/MRS2/MRS-linux-x64/resources/app/resources/linux/components/WCH/Toolchain/RISC-V Embedded GCC15/bin/../lib/gcc/riscv32-wch-elf/15.2.0/../../../../riscv32-wch-elf/lib/rv32imac_zaamo_zalrsc_zba_zbb_zbc_zbs_zvbb_zve32x_zve64x_zvkb_zvl32b_zvl64b_xw/ilp32/libnosys.a(fstat.o)
 .note.GNU-stack
                0x00000000        0x0 /usr/share/MRS2/MRS-linux-x64/resources/app/resources/linux/components/WCH/Toolchain/RISC-V Embedded GCC15/bin/../lib/gcc/riscv32-wch-elf/15.2.0/../../../../riscv32-wch-elf/lib/rv32imac_zaamo_zalrsc_zba_zbb_zbc_zbs_zvbb_zve32x_zve64x_zvkb_zvl32b_zvl64b_xw/ilp32/libnosys.a(isatty.o)
 .note.GNU-stack
                0x00000000        0x0 /usr/share/MRS2/MRS-linux-x64/resources/app/resources/linux/components/WCH/Toolchain/RISC-V Embedded GCC15/bin/../lib/gcc/riscv32-wch-elf/15.2.0/../../../../riscv32-wch-elf/lib/rv32imac_zaamo_zalrsc_zba_zbb_zbc_zbs_zvbb_zve32x_zve64x_zvkb_zvl32b_zvl64b_xw/ilp32/libnosys.a(lseek.o)
 .note.GNU-stack
                0x00000000        0x0 /usr/share/MRS2/MRS-linux-x64/resources/app/resources/linux/components/WCH/Toolchain/RISC-V Embedded GCC15/bin/../lib/gcc/riscv32-wch-elf/15.2.0/../../../../riscv32-wch-elf/lib/rv32imac_zaamo_zalrsc_zba_zbb_zbc_zbs_zvbb_zve32x_zve64x_zvkb_zvl32b_zvl64b_xw/ilp32/libnosys.a(read.o)

.riscv.attributes
                0x00000000       0xad
 .riscv.attributes
                0x00000000       0xad ./User/cart.o
 .riscv.attributes
                0x000000ad       0xad ./User/ch32v4x7_it.o
 .riscv.attributes
                0x0000015a       0xad ./User/hello_rom.o
 .riscv.attributes
                0x00000207       0xad ./User/main.o
 .riscv.attributes
                0x000002b4       0xad ./User/system_ch32v4x7.o
 .riscv.attributes
                0x00000361       0xad ./Peripheral/src/ch32v4x7_dbgmcu.o
 .riscv.attributes
                0x0000040e       0xad ./Peripheral/src/ch32v4x7_exti.o
 .riscv.attributes
                0x000004bb       0xad ./Peripheral/src/ch32v4x7_gpio.o
 .riscv.attributes
                0x00000568       0xad ./Peripheral/src/ch32v4x7_rcc.o
 .riscv.attributes
                0x00000615       0xad ./Peripheral/src/ch32v4x7_usart.o
 .riscv.attributes
                0x000006c2       0xad ./Debug/debug.o
 .riscv.attributes
                0x0000076f       0xad /usr/share/MRS2/MRS-linux-x64/resources/app/resources/linux/components/WCH/Toolchain/RISC-V Embedded GCC15/bin/../lib/gcc/riscv32-wch-elf/15.2.0/rv32imac_zaamo_zalrsc_zba_zbb_zbc_zbs_zvbb_zve32x_zve64x_zvkb_zvl32b_zvl64b_xw/ilp32/libgcc.a(_udivdi3.o)
 .riscv.attributes
                0x0000081c       0xad /usr/share/MRS2/MRS-linux-x64/resources/app/resources/linux/components/WCH/Toolchain/RISC-V Embedded GCC15/bin/../lib/gcc/riscv32-wch-elf/15.2.0/rv32imac_zaamo_zalrsc_zba_zbb_zbc_zbs_zvbb_zve32x_zve64x_zvkb_zvl32b_zvl64b_xw/ilp32/libgcc.a(_clz.o)
 .riscv.attributes
                0x000008c9       0xad /usr/share/MRS2/MRS-linux-x64/resources/app/resources/linux/components/WCH/Toolchain/RISC-V Embedded GCC15/bin/../lib/gcc/riscv32-wch-elf/15.2.0/../../../../riscv32-wch-elf/lib/rv32imac_zaamo_zalrsc_zba_zbb_zbc_zbs_zvbb_zve32x_zve64x_zvkb_zvl32b_zvl64b_xw/ilp32/libg_nano.a(libc_a-printf.o)
 .riscv.attributes
                0x00000976       0xad /usr/share/MRS2/MRS-linux-x64/resources/app/resources/linux/components/WCH/Toolchain/RISC-V Embedded GCC15/bin/../lib/gcc/riscv32-wch-elf/15.2.0/../../../../riscv32-wch-elf/lib/rv32imac_zaamo_zalrsc_zba_zbb_zbc_zbs_zvbb_zve32x_zve64x_zvkb_zvl32b_zvl64b_xw/ilp32/libg_nano.a(libc_a-puts.o)
 .riscv.attributes
                0x00000a23       0xad /usr/share/MRS2/MRS-linux-x64/resources/app/resources/linux/components/WCH/Toolchain/RISC-V Embedded GCC15/bin/../lib/gcc/riscv32-wch-elf/15.2.0/../../../../riscv32-wch-elf/lib/rv32imac_zaamo_zalrsc_zba_zbb_zbc_zbs_zvbb_zve32x_zve64x_zvkb_zvl32b_zvl64b_xw/ilp32/libg_nano.a(libc_a-wbuf.o)
 .riscv.attributes
                0x00000ad0       0xad /usr/share/MRS2/MRS-linux-x64/resources/app/resources/linux/components/WCH/Toolchain/RISC-V Embedded GCC15/bin/../lib/gcc/riscv32-wch-elf/15.2.0/../../../../riscv32-wch-elf/lib/rv32imac_zaamo_zalrsc_zba_zbb_zbc_zbs_zvbb_zve32x_zve64x_zvkb_zvl32b_zvl64b_xw/ilp32/libg_nano.a(libc_a-wsetup.o)
 .riscv.attributes
                0x00000b7d       0xad /usr/share/MRS2/MRS-linux-x64/resources/app/resources/linux/components/WCH/Toolchain/RISC-V Embedded GCC15/bin/../lib/gcc/riscv32-wch-elf/15.2.0/../../../../riscv32-wch-elf/lib/rv32imac_zaamo_zalrsc_zba_zbb_zbc_zbs_zvbb_zve32x_zve64x_zvkb_zvl32b_zvl64b_xw/ilp32/libg_nano.a(libc_a-impure.o)
 .riscv.attributes
                0x00000c2a       0xad /usr/share/MRS2/MRS-linux-x64/resources/app/resources/linux/components/WCH/Toolchain/RISC-V Embedded GCC15/bin/../lib/gcc/riscv32-wch-elf/15.2.0/../../../../riscv32-wch-elf/lib/rv32imac_zaamo_zalrsc_zba_zbb_zbc_zbs_zvbb_zve32x_zve64x_zvkb_zvl32b_zvl64b_xw/ilp32/libg_nano.a(libc_a-freer.o)
 .riscv.attributes
                0x00000cd7       0xad /usr/share/MRS2/MRS-linux-x64/resources/app/resources/linux/components/WCH/Toolchain/RISC-V Embedded GCC15/bin/../lib/gcc/riscv32-wch-elf/15.2.0/../../../../riscv32-wch-elf/lib/rv32imac_zaamo_zalrsc_zba_zbb_zbc_zbs_zvbb_zve32x_zve64x_zvkb_zvl32b_zvl64b_xw/ilp32/libg_nano.a(libc_a-mallocr.o)
 .riscv.attributes
                0x00000d84       0xad /usr/share/MRS2/MRS-linux-x64/resources/app/resources/linux/components/WCH/Toolchain/RISC-V Embedded GCC15/bin/../lib/gcc/riscv32-wch-elf/15.2.0/../../../../riscv32-wch-elf/lib/rv32imac_zaamo_zalrsc_zba_zbb_zbc_zbs_zvbb_zve32x_zve64x_zvkb_zvl32b_zvl64b_xw/ilp32/libg_nano.a(libc_a-mlock.o)
 .riscv.attributes
                0x00000e31       0xad /usr/share/MRS2/MRS-linux-x64/resources/app/resources/linux/components/WCH/Toolchain/RISC-V Embedded GCC15/bin/../lib/gcc/riscv32-wch-elf/15.2.0/../../../../riscv32-wch-elf/lib/rv32imac_zaamo_zalrsc_zba_zbb_zbc_zbs_zvbb_zve32x_zve64x_zvkb_zvl32b_zvl64b_xw/ilp32/libg_nano.a(libc_a-nano-vfprintf.o)
 .riscv.attributes
                0x00000ede       0xad /usr/share/MRS2/MRS-linux-x64/resources/app/resources/linux/components/WCH/Toolchain/RISC-V Embedded GCC15/bin/../lib/gcc/riscv32-wch-elf/15.2.0/../../../../riscv32-wch-elf/lib/rv32imac_zaamo_zalrsc_zba_zbb_zbc_zbs_zvbb_zve32x_zve64x_zvkb_zvl32b_zvl64b_xw/ilp32/libg_nano.a(libc_a-nano-vfprintf_i.o)
 .riscv.attributes
                0x00000f8b       0xad /usr/share/MRS2/MRS-linux-x64/resources/app/resources/linux/components/WCH/Toolchain/RISC-V Embedded GCC15/bin/../lib/gcc/riscv32-wch-elf/15.2.0/../../../../riscv32-wch-elf/lib/rv32imac_zaamo_zalrsc_zba_zbb_zbc_zbs_zvbb_zve32x_zve64x_zvkb_zvl32b_zvl64b_xw/ilp32/libg_nano.a(libc_a-fflush.o)
 .riscv.attributes
                0x00001038       0xad /usr/share/MRS2/MRS-linux-x64/resources/app/resources/linux/components/WCH/Toolchain/RISC-V Embedded GCC15/bin/../lib/gcc/riscv32-wch-elf/15.2.0/../../../../riscv32-wch-elf/lib/rv32imac_zaamo_zalrsc_zba_zbb_zbc_zbs_zvbb_zve32x_zve64x_zvkb_zvl32b_zvl64b_xw/ilp32/libg_nano.a(libc_a-findfp.o)
 .riscv.attributes
                0x000010e5       0xad /usr/share/MRS2/MRS-linux-x64/resources/app/resources/linux/components/WCH/Toolchain/RISC-V Embedded GCC15/bin/../lib/gcc/riscv32-wch-elf/15.2.0/../../../../riscv32-wch-elf/lib/rv32imac_zaamo_zalrsc_zba_zbb_zbc_zbs_zvbb_zve32x_zve64x_zvkb_zvl32b_zvl64b_xw/ilp32/libg_nano.a(libc_a-fwalk.o)
 .riscv.attributes
                0x00001192       0xad /usr/share/MRS2/MRS-linux-x64/resources/app/resources/linux/components/WCH/Toolchain/RISC-V Embedded GCC15/bin/../lib/gcc/riscv32-wch-elf/15.2.0/../../../../riscv32-wch-elf/lib/rv32imac_zaamo_zalrsc_zba_zbb_zbc_zbs_zvbb_zve32x_zve64x_zvkb_zvl32b_zvl64b_xw/ilp32/libg_nano.a(libc_a-makebuf.o)
 .riscv.attributes
                0x0000123f       0xad /usr/share/MRS2/MRS-linux-x64/resources/app/resources/linux/components/WCH/Toolchain/RISC-V Embedded GCC15/bin/../lib/gcc/riscv32-wch-elf/15.2.0/../../../../riscv32-wch-elf/lib/rv32imac_zaamo_zalrsc_zba_zbb_zbc_zbs_zvbb_zve32x_zve64x_zvkb_zvl32b_zvl64b_xw/ilp32/libg_nano.a(libc_a-stdio.o)
 .riscv.attributes
                0x000012ec       0xad /usr/share/MRS2/MRS-linux-x64/resources/app/resources/linux/components/WCH/Toolchain/RISC-V Embedded GCC15/bin/../lib/gcc/riscv32-wch-elf/15.2.0/../../../../riscv32-wch-elf/lib/rv32imac_zaamo_zalrsc_zba_zbb_zbc_zbs_zvbb_zve32x_zve64x_zvkb_zvl32b_zvl64b_xw/ilp32/libg_nano.a(libc_a-memchr.o)
 .riscv.attributes
                0x00001399       0xad /usr/share/MRS2/MRS-linux-x64/resources/app/resources/linux/components/WCH/Toolchain/RISC-V Embedded GCC15/bin/../lib/gcc/riscv32-wch-elf/15.2.0/../../../../riscv32-wch-elf/lib/rv32imac_zaamo_zalrsc_zba_zbb_zbc_zbs_zvbb_zve32x_zve64x_zvkb_zvl32b_zvl64b_xw/ilp32/libg_nano.a(libc_a-closer.o)
 .riscv.attributes
                0x00001446       0xad /usr/share/MRS2/MRS-linux-x64/resources/app/resources/linux/components/WCH/Toolchain/RISC-V Embedded GCC15/bin/../lib/gcc/riscv32-wch-elf/15.2.0/../../../../riscv32-wch-elf/lib/rv32imac_zaamo_zalrsc_zba_zbb_zbc_zbs_zvbb_zve32x_zve64x_zvkb_zvl32b_zvl64b_xw/ilp32/libg_nano.a(libc_a-reent.o)
 .riscv.attributes
                0x000014f3       0xad /usr/share/MRS2/MRS-linux-x64/resources/app/resources/linux/components/WCH/Toolchain/RISC-V Embedded GCC15/bin/../lib/gcc/riscv32-wch-elf/15.2.0/../../../../riscv32-wch-elf/lib/rv32imac_zaamo_zalrsc_zba_zbb_zbc_zbs_zvbb_zve32x_zve64x_zvkb_zvl32b_zvl64b_xw/ilp32/libg_nano.a(libc_a-fstatr.o)
 .riscv.attributes
                0x000015a0       0xad /usr/share/MRS2/MRS-linux-x64/resources/app/resources/linux/components/WCH/Toolchain/RISC-V Embedded GCC15/bin/../lib/gcc/riscv32-wch-elf/15.2.0/../../../../riscv32-wch-elf/lib/rv32imac_zaamo_zalrsc_zba_zbb_zbc_zbs_zvbb_zve32x_zve64x_zvkb_zvl32b_zvl64b_xw/ilp32/libg_nano.a(libc_a-isattyr.o)
 .riscv.attributes
                0x0000164d       0xad /usr/share/MRS2/MRS-linux-x64/resources/app/resources/linux/components/WCH/Toolchain/RISC-V Embedded GCC15/bin/../lib/gcc/riscv32-wch-elf/15.2.0/../../../../riscv32-wch-elf/lib/rv32imac_zaamo_zalrsc_zba_zbb_zbc_zbs_zvbb_zve32x_zve64x_zvkb_zvl32b_zvl64b_xw/ilp32/libg_nano.a(libc_a-lseekr.o)
 .riscv.attributes
                0x000016fa       0xad /usr/share/MRS2/MRS-linux-x64/resources/app/resources/linux/components/WCH/Toolchain/RISC-V Embedded GCC15/bin/../lib/gcc/riscv32-wch-elf/15.2.0/../../../../riscv32-wch-elf/lib/rv32imac_zaamo_zalrsc_zba_zbb_zbc_zbs_zvbb_zve32x_zve64x_zvkb_zvl32b_zvl64b_xw/ilp32/libg_nano.a(libc_a-readr.o)
 .riscv.attributes
                0x000017a7       0xad /usr/share/MRS2/MRS-linux-x64/resources/app/resources/linux/components/WCH/Toolchain/RISC-V Embedded GCC15/bin/../lib/gcc/riscv32-wch-elf/15.2.0/../../../../riscv32-wch-elf/lib/rv32imac_zaamo_zalrsc_zba_zbb_zbc_zbs_zvbb_zve32x_zve64x_zvkb_zvl32b_zvl64b_xw/ilp32/libg_nano.a(libc_a-sbrkr.o)
 .riscv.attributes
                0x00001854       0xad /usr/share/MRS2/MRS-linux-x64/resources/app/resources/linux/components/WCH/Toolchain/RISC-V Embedded GCC15/bin/../lib/gcc/riscv32-wch-elf/15.2.0/../../../../riscv32-wch-elf/lib/rv32imac_zaamo_zalrsc_zba_zbb_zbc_zbs_zvbb_zve32x_zve64x_zvkb_zvl32b_zvl64b_xw/ilp32/libg_nano.a(libc_a-writer.o)
 .riscv.attributes
                0x00001901       0xad /usr/share/MRS2/MRS-linux-x64/resources/app/resources/linux/components/WCH/Toolchain/RISC-V Embedded GCC15/bin/../lib/gcc/riscv32-wch-elf/15.2.0/../../../../riscv32-wch-elf/lib/rv32imac_zaamo_zalrsc_zba_zbb_zbc_zbs_zvbb_zve32x_zve64x_zvkb_zvl32b_zvl64b_xw/ilp32/libnosys.a(close.o)
 .riscv.attributes
                0x000019ae       0xad /usr/share/MRS2/MRS-linux-x64/resources/app/resources/linux/components/WCH/Toolchain/RISC-V Embedded GCC15/bin/../lib/gcc/riscv32-wch-elf/15.2.0/../../../../riscv32-wch-elf/lib/rv32imac_zaamo_zalrsc_zba_zbb_zbc_zbs_zvbb_zve32x_zve64x_zvkb_zvl32b_zvl64b_xw/ilp32/libnosys.a(fstat.o)
 .riscv.attributes
                0x00001a5b       0xad /usr/share/MRS2/MRS-linux-x64/resources/app/resources/linux/components/WCH/Toolchain/RISC-V Embedded GCC15/bin/../lib/gcc/riscv32-wch-elf/15.2.0/../../../../riscv32-wch-elf/lib/rv32imac_zaamo_zalrsc_zba_zbb_zbc_zbs_zvbb_zve32x_zve64x_zvkb_zvl32b_zvl64b_xw/ilp32/libnosys.a(isatty.o)
 .riscv.attributes
                0x00001b08       0xad /usr/share/MRS2/MRS-linux-x64/resources/app/resources/linux/components/WCH/Toolchain/RISC-V Embedded GCC15/bin/../lib/gcc/riscv32-wch-elf/15.2.0/../../../../riscv32-wch-elf/lib/rv32imac_zaamo_zalrsc_zba_zbb_zbc_zbs_zvbb_zve32x_zve64x_zvkb_zvl32b_zvl64b_xw/ilp32/libnosys.a(lseek.o)
 .riscv.attributes
                0x00001bb5       0xad /usr/share/MRS2/MRS-linux-x64/resources/app/resources/linux/components/WCH/Toolchain/RISC-V Embedded GCC15/bin/../lib/gcc/riscv32-wch-elf/15.2.0/../../../../riscv32-wch-elf/lib/rv32imac_zaamo_zalrsc_zba_zbb_zbc_zbs_zvbb_zve32x_zve64x_zvkb_zvl32b_zvl64b_xw/ilp32/libnosys.a(read.o)

.debug_frame    0x00000000      0x8e4
 .debug_frame   0x00000000       0x40 ./User/cart.o
 .debug_frame   0x00000040       0x30 ./User/ch32v4x7_it.o
 .debug_frame   0x00000070       0x28 ./User/main.o
 .debug_frame   0x00000098       0x44 ./User/system_ch32v4x7.o
 .debug_frame   0x000000dc       0x70 ./Peripheral/src/ch32v4x7_dbgmcu.o
 .debug_frame   0x0000014c       0x90 ./Peripheral/src/ch32v4x7_exti.o
 .debug_frame   0x000001dc      0x15c ./Peripheral/src/ch32v4x7_gpio.o
 .debug_frame   0x00000338      0x304 ./Peripheral/src/ch32v4x7_rcc.o
 .debug_frame   0x0000063c      0x1f4 ./Peripheral/src/ch32v4x7_usart.o
 .debug_frame   0x00000830       0xb4 ./Debug/debug.o

.debug_loclists
                0x00000000      0xc10
 .debug_loclists
                0x00000000      0xc10 /usr/share/MRS2/MRS-linux-x64/resources/app/resources/linux/components/WCH/Toolchain/RISC-V Embedded GCC15/bin/../lib/gcc/riscv32-wch-elf/15.2.0/rv32imac_zaamo_zalrsc_zba_zbb_zbc_zbs_zvbb_zve32x_zve64x_zvkb_zvl32b_zvl64b_xw/ilp32/libgcc.a(_udivdi3.o)

.debug_rnglists
                0x00000000       0xb7
 .debug_rnglists
                0x00000000       0xb7 /usr/share/MRS2/MRS-linux-x64/resources/app/resources/linux/components/WCH/Toolchain/RISC-V Embedded GCC15/bin/../lib/gcc/riscv32-wch-elf/15.2.0/rv32imac_zaamo_zalrsc_zba_zbb_zbc_zbs_zvbb_zve32x_zve64x_zvkb_zvl32b_zvl64b_xw/ilp32/libgcc.a(_udivdi3.o)

.debug_line_str
                0x00000000      0x126
 .debug_line_str
                0x00000000      0x126 /usr/share/MRS2/MRS-linux-x64/resources/app/resources/linux/components/WCH/Toolchain/RISC-V Embedded GCC15/bin/../lib/gcc/riscv32-wch-elf/15.2.0/rv32imac_zaamo_zalrsc_zba_zbb_zbc_zbs_zvbb_zve32x_zve64x_zvkb_zvl32b_zvl64b_xw/ilp32/libgcc.a(_udivdi3.o)
                                 0xf8 (size before relaxing)
 .debug_line_str
                0x00000126        0x0 /usr/share/MRS2/MRS-linux-x64/resources/app/resources/linux/components/WCH/Toolchain/RISC-V Embedded GCC15/bin/../lib/gcc/riscv32-wch-elf/15.2.0/rv32imac_zaamo_zalrsc_zba_zbb_zbc_zbs_zvbb_zve32x_zve64x_zvkb_zvl32b_zvl64b_xw/ilp32/libgcc.a(save-restore.o)
                                 0xda (size before relaxing)
 .debug_line_str
                0x00000126        0x0 /usr/share/MRS2/MRS-linux-x64/resources/app/resources/linux/components/WCH/Toolchain/RISC-V Embedded GCC15/bin/../lib/gcc/riscv32-wch-elf/15.2.0/rv32imac_zaamo_zalrsc_zba_zbb_zbc_zbs_zvbb_zve32x_zve64x_zvkb_zvl32b_zvl64b_xw/ilp32/libgcc.a(_clz.o)
                                 0xf8 (size before relaxing)