Archive member included to satisfy reference by file (symbol)

/usr/share/MRS2/MRS-linux-x64/resources/app/resources/linux/components/WCH/Toolchain/RISC-V Embedded GCC15/bin/../lib/gcc/riscv32-wch-elf/15.2.0/rv32imac_zaamo_zalrsc_zba_zbb_zbc_zbs_zvbb_zve32x_zve64x_zvkb_zvl32b_zvl64b_xw/ilp32/libgcc.a(_udivdi3.o)
                              ./User/psram.o (__udivdi3)
/usr/share/MRS2/MRS-linux-x64/resources/app/resources/linux/components/WCH/Toolchain/RISC-V Embedded GCC15/bin/../lib/gcc/riscv32-wch-elf/15.2.0/rv32imac_zaamo_zalrsc_zba_zbb_zbc_zbs_zvbb_zve32x_zve64x_zvkb_zvl32b_zvl64b_xw/ilp32/libgcc.a(save-restore.o)
                              ./Peripheral/src/ch32v4x7_flash.o (__riscv_save_6)
/usr/share/MRS2/MRS-linux-x64/resources/app/resources/linux/components/WCH/Toolchain/RISC-V Embedded GCC15/bin/../lib/gcc/riscv32-wch-elf/15.2.0/rv32imac_zaamo_zalrsc_zba_zbb_zbc_zbs_zvbb_zve32x_zve64x_zvkb_zvl32b_zvl64b_xw/ilp32/libgcc.a(_clz.o)
                              /usr/share/MRS2/MRS-linux-x64/resources/app/resources/linux/components/WCH/Toolchain/RISC-V Embedded GCC15/bin/../lib/gcc/riscv32-wch-elf/15.2.0/rv32imac_zaamo_zalrsc_zba_zbb_zbc_zbs_zvbb_zve32x_zve64x_zvkb_zvl32b_zvl64b_xw/ilp32/libgcc.a(_udivdi3.o) (__clz_tab)
/usr/share/MRS2/MRS-linux-x64/resources/app/resources/linux/components/WCH/Toolchain/RISC-V Embedded GCC15/bin/../lib/gcc/riscv32-wch-elf/15.2.0/../../../../riscv32-wch-elf/lib/rv32imac_zaamo_zalrsc_zba_zbb_zbc_zbs_zvbb_zve32x_zve64x_zvkb_zvl32b_zvl64b_xw/ilp32/libg_nano.a(libc_a-printf.o)
                              ./User/main.o (printf)
/usr/share/MRS2/MRS-linux-x64/resources/app/resources/linux/components/WCH/Toolchain/RISC-V Embedded GCC15/bin/../lib/gcc/riscv32-wch-elf/15.2.0/../../../../riscv32-wch-elf/lib/rv32imac_zaamo_zalrsc_zba_zbb_zbc_zbs_zvbb_zve32x_zve64x_zvkb_zvl32b_zvl64b_xw/ilp32/libg_nano.a(libc_a-memcmp.o)
                              ./User/psram.o (memcmp)
/usr/share/MRS2/MRS-linux-x64/resources/app/resources/linux/components/WCH/Toolchain/RISC-V Embedded GCC15/bin/../lib/gcc/riscv32-wch-elf/15.2.0/../../../../riscv32-wch-elf/lib/rv32imac_zaamo_zalrsc_zba_zbb_zbc_zbs_zvbb_zve32x_zve64x_zvkb_zvl32b_zvl64b_xw/ilp32/libg_nano.a(libc_a-impure.o)
                              /usr/share/MRS2/MRS-linux-x64/resources/app/resources/linux/components/WCH/Toolchain/RISC-V Embedded GCC15/bin/../lib/gcc/riscv32-wch-elf/15.2.0/../../../../riscv32-wch-elf/lib/rv32imac_zaamo_zalrsc_zba_zbb_zbc_zbs_zvbb_zve32x_zve64x_zvkb_zvl32b_zvl64b_xw/ilp32/libg_nano.a(libc_a-printf.o) (_impure_ptr)
/usr/share/MRS2/MRS-linux-x64/resources/app/resources/linux/components/WCH/Toolchain/RISC-V Embedded GCC15/bin/../lib/gcc/riscv32-wch-elf/15.2.0/../../../../riscv32-wch-elf/lib/rv32imac_zaamo_zalrsc_zba_zbb_zbc_zbs_zvbb_zve32x_zve64x_zvkb_zvl32b_zvl64b_xw/ilp32/libg_nano.a(libc_a-nano-vfprintf.o)
                              /usr/share/MRS2/MRS-linux-x64/resources/app/resources/linux/components/WCH/Toolchain/RISC-V Embedded GCC15/bin/../lib/gcc/riscv32-wch-elf/15.2.0/../../../../riscv32-wch-elf/lib/rv32imac_zaamo_zalrsc_zba_zbb_zbc_zbs_zvbb_zve32x_zve64x_zvkb_zvl32b_zvl64b_xw/ilp32/libg_nano.a(libc_a-printf.o) (_vfprintf_r)
/usr/share/MRS2/MRS-linux-x64/resources/app/resources/linux/components/WCH/Toolchain/RISC-V Embedded GCC15/bin/../lib/gcc/riscv32-wch-elf/15.2.0/../../../../riscv32-wch-elf/lib/rv32imac_zaamo_zalrsc_zba_zbb_zbc_zbs_zvbb_zve32x_zve64x_zvkb_zvl32b_zvl64b_xw/ilp32/libg_nano.a(libc_a-nano-vfprintf_i.o)
                              /usr/share/MRS2/MRS-linux-x64/resources/app/resources/linux/components/WCH/Toolchain/RISC-V Embedded GCC15/bin/../lib/gcc/riscv32-wch-elf/15.2.0/../../../../riscv32-wch-elf/lib/rv32imac_zaamo_zalrsc_zba_zbb_zbc_zbs_zvbb_zve32x_zve64x_zvkb_zvl32b_zvl64b_xw/ilp32/libg_nano.a(libc_a-nano-vfprintf.o) (_printf_i)
/usr/share/MRS2/MRS-linux-x64/resources/app/resources/linux/components/WCH/Toolchain/RISC-V Embedded GCC15/bin/../lib/gcc/riscv32-wch-elf/15.2.0/../../../../riscv32-wch-elf/lib/rv32imac_zaamo_zalrsc_zba_zbb_zbc_zbs_zvbb_zve32x_zve64x_zvkb_zvl32b_zvl64b_xw/ilp32/libg_nano.a(libc_a-findfp.o)
                              /usr/share/MRS2/MRS-linux-x64/resources/app/resources/linux/components/WCH/Toolchain/RISC-V Embedded GCC15/bin/../lib/gcc/riscv32-wch-elf/15.2.0/../../../../riscv32-wch-elf/lib/rv32imac_zaamo_zalrsc_zba_zbb_zbc_zbs_zvbb_zve32x_zve64x_zvkb_zvl32b_zvl64b_xw/ilp32/libg_nano.a(libc_a-nano-vfprintf.o) (__sinit)
/usr/share/MRS2/MRS-linux-x64/resources/app/resources/linux/components/WCH/Toolchain/RISC-V Embedded GCC15/bin/../lib/gcc/riscv32-wch-elf/15.2.0/../../../../riscv32-wch-elf/lib/rv32imac_zaamo_zalrsc_zba_zbb_zbc_zbs_zvbb_zve32x_zve64x_zvkb_zvl32b_zvl64b_xw/ilp32/libg_nano.a(libc_a-fvwrite.o)
[...]
Memory Configuration

Name             Origin             Length             Attributes
FLASH            0x00000000         0x00090000         xr
RAM              0x20000400         0x00021c00         xrw
*default*        0x00000000         0xffffffff

Linker script and memory map

LOAD ./User/cart.o
LOAD ./User/ch32v4x7_it.o
LOAD ./User/hello_rom.o
LOAD ./User/main.o
LOAD ./User/psram.o
LOAD ./User/system_ch32v4x7.o
LOAD ./Startup/startup_ch32v4x7.o
LOAD ./Peripheral/src/ch32v4x7_adc.o
LOAD ./Peripheral/src/ch32v4x7_argb.o
LOAD ./Peripheral/src/ch32v4x7_bkp.o
LOAD ./Peripheral/src/ch32v4x7_can.o
LOAD ./Peripheral/src/ch32v4x7_crc.o
LOAD ./Peripheral/src/ch32v4x7_dac.o
LOAD ./Peripheral/src/ch32v4x7_dbgmcu.o
LOAD ./Peripheral/src/ch32v4x7_dma.o
LOAD ./Peripheral/src/ch32v4x7_dvp.o
LOAD ./Peripheral/src/ch32v4x7_eth.o
LOAD ./Peripheral/src/ch32v4x7_exti.o
LOAD ./Peripheral/src/ch32v4x7_flash.o
LOAD ./Peripheral/src/ch32v4x7_fsmc.o
LOAD ./Peripheral/src/ch32v4x7_gpio.o
LOAD ./Peripheral/src/ch32v4x7_i2c.o
LOAD ./Peripheral/src/ch32v4x7_i3c.o
LOAD ./Peripheral/src/ch32v4x7_iwdg.o
LOAD ./Peripheral/src/ch32v4x7_ltdc.o
LOAD ./Peripheral/src/ch32v4x7_opa.o
LOAD ./Peripheral/src/ch32v4x7_psram.o
LOAD ./Peripheral/src/ch32v4x7_pwr.o
LOAD ./Peripheral/src/ch32v4x7_rcc.o
LOAD ./Peripheral/src/ch32v4x7_rng.o
LOAD ./Peripheral/src/ch32v4x7_rtc.o
LOAD ./Peripheral/src/ch32v4x7_sdio.o
LOAD ./Peripheral/src/ch32v4x7_spi.o
LOAD ./Peripheral/src/ch32v4x7_tim.o
LOAD ./Peripheral/src/ch32v4x7_usart.o
LOAD ./Peripheral/src/ch32v4x7_wwdg.o
LOAD ./Debug/debug.o
LOAD ./Core/core_riscv.o
LOAD /usr/share/MRS2/MRS-linux-x64/resources/app/resources/linux/components/WCH/Toolchain/RISC-V Embedded GCC15/bin/../lib/gcc/riscv32-wch-elf/15.2.0/../../../../riscv32-wch-elf/lib/rv32imac_zaamo_zalrsc_zba_zbb_zbc_zbs_zvbb_zve32x_zve64x_zvkb_zvl32b_zvl64b_xw/ilp32/libm_nano.a
LOAD /usr/share/MRS2/MRS-linux-x64/resources/app/resources/linux/components/WCH/Toolchain/RISC-V Embedded GCC15/bin/../lib/gcc/riscv32-wch-elf/15.2.0/rv32imac_zaamo_zalrsc_zba_zbb_zbc_zbs_zvbb_zve32x_zve64x_zvkb_zvl32b_zvl64b_xw/ilp32/libgcc.a
LOAD /usr/share/MRS2/MRS-linux-x64/resources/app/resources/linux/components/WCH/Toolchain/RISC-V Embedded GCC15/bin/../lib/gcc/riscv32-wch-elf/15.2.0/../../../../riscv32-wch-elf/lib/rv32imac_zaamo_zalrsc_zba_zbb_zbc_zbs_zvbb_zve32x_zve64x_zvkb_zvl32b_zvl64b_xw/ilp32/libg_nano.a
LOAD /usr/share/MRS2/MRS-linux-x64/resources/app/resources/linux/components/WCH/Toolchain/RISC-V Embedded GCC15/bin/../lib/gcc/riscv32-wch-elf/15.2.0/../../../../riscv32-wch-elf/lib/rv32imac_zaamo_zalrsc_zba_zbb_zbc_zbs_zvbb_zve32x_zve64x_zvkb_zvl32b_zvl64b_xw/ilp32/libc_nano.a
LOAD /usr/share/MRS2/MRS-linux-x64/resources/app/resources/linux/components/WCH/Toolchain/RISC-V Embedded GCC15/bin/../lib/gcc/riscv32-wch-elf/15.2.0/rv32imac_zaamo_zalrsc_zba_zbb_zbc_zbs_zvbb_zve32x_zve64x_zvkb_zvl32b_zvl64b_xw/ilp32/libgcc.a
START GROUP
LOAD /usr/share/MRS2/MRS-linux-x64/resources/app/resources/linux/components/WCH/Toolchain/RISC-V Embedded GCC15/bin/../lib/gcc/riscv32-wch-elf/15.2.0/rv32imac_zaamo_zalrsc_zba_zbb_zbc_zbs_zvbb_zve32x_zve64x_zvkb_zvl32b_zvl64b_xw/ilp32/libgcc.a
LOAD /usr/share/MRS2/MRS-linux-x64/resources/app/resources/linux/components/WCH/Toolchain/RISC-V Embedded GCC15/bin/../lib/gcc/riscv32-wch-elf/15.2.0/../../../../riscv32-wch-elf/lib/rv32imac_zaamo_zalrsc_zba_zbb_zbc_zbs_zvbb_zve32x_zve64x_zvkb_zvl32b_zvl64b_xw/ilp32/libc_nano.a
LOAD /usr/share/MRS2/MRS-linux-x64/resources/app/resources/linux/components/WCH/Toolchain/RISC-V Embedded GCC15/bin/../lib/gcc/riscv32-wch-elf/15.2.0/../../../../riscv32-wch-elf/lib/rv32imac_zaamo_zalrsc_zba_zbb_zbc_zbs_zvbb_zve32x_zve64x_zvkb_zvl32b_zvl64b_xw/ilp32/libnosys.a
END GROUP
START GROUP
LOAD /usr/share/MRS2/MRS-linux-x64/resources/app/resources/linux/components/WCH/Toolchain/RISC-V Embedded GCC15/bin/../lib/gcc/riscv32-wch-elf/15.2.0/rv32imac_zaamo_zalrsc_zba_zbb_zbc_zbs_zvbb_zve32x_zve64x_zvkb_zvl32b_zvl64b_xw/ilp32/libgcc.a
LOAD /usr/share/MRS2/MRS-linux-x64/resources/app/resources/linux/components/WCH/Toolchain/RISC-V Embedded GCC15/bin/../lib/gcc/riscv32-wch-elf/15.2.0/../../../../riscv32-wch-elf/lib/rv32imac_zaamo_zalrsc_zba_zbb_zbc_zbs_zvbb_zve32x_zve64x_zvkb_zvl32b_zvl64b_xw/ilp32/libc_nano.a
LOAD /usr/share/MRS2/MRS-linux-x64/resources/app/resources/linux/components/WCH/Toolchain/RISC-V Embedded GCC15/bin/../lib/gcc/riscv32-wch-elf/15.2.0/../../../../riscv32-wch-elf/lib/rv32imac_zaamo_zalrsc_zba_zbb_zbc_zbs_zvbb_zve32x_zve64x_zvkb_zvl32b_zvl64b_xw/ilp32/libnosys.a
END GROUP
                0x00000800                        __stack_size = 0x800
                [!provide]                        PROVIDE (_stack_size = __stack_size)

.init           0x00000000      0x1a0
                0x00000000                        _sinit = .
                0x00000000                        . = ALIGN (0x4)
 *(SORT_NONE(.init))
 .init          0x00000000      0x1a0 ./Startup/startup_ch32v4x7.o
                0x00000000                _start
                0x000001a0                        . = ALIGN (0x4)
                0x000001a0                        _einit = .

.text           0x000001a0     0x21d4
                0x000001a0                        . = ALIGN (0x4)
 *(.text)
 .text          0x000001a0       0x68 /usr/share/MRS2/MRS-linux-x64/resources/app/resources/linux/components/WCH/Toolchain/RISC-V Embedded GCC15/bin/../lib/gcc/riscv32-wch-elf/15.2.0/rv32imac_zaamo_zalrsc_zba_zbb_zbc_zbs_zvbb_zve32x_zve64x_zvkb_zvl32b_zvl64b_xw/ilp32/libgcc.a(save-restore.o)
                0x000001a0                __riscv_save_12
                0x000001a8                __riscv_save_8
                0x000001a8                __riscv_save_11
                0x000001a8                __riscv_save_9
                0x000001a8                __riscv_save_10
                0x000001b8                __riscv_save_7
                0x000001b8                __riscv_save_4
                0x000001b8                __riscv_save_6
                0x000001b8                __riscv_save_5
                0x000001d4                __riscv_save_1
                0x000001d4                __riscv_save_3
                0x000001d4                __riscv_save_2
                0x000001d4                __riscv_save_0
                0x000001e0                __riscv_restore_12
                0x000001e4                __riscv_restore_10
                0x000001e4                __riscv_restore_11
                0x000001e4                __riscv_restore_8
                0x000001e4                __riscv_restore_9
                0x000001f0                __riscv_restore_5
                0x000001f0                __riscv_restore_6
                0x000001f0                __riscv_restore_4
                0x000001f0                __riscv_restore_7
                0x000001fc                __riscv_restore_3
                0x000001fc                __riscv_restore_2
                0x000001fc                __riscv_restore_0
                0x000001fc                __riscv_restore_1
 .text          0x00000208       0x10 /usr/share/MRS2/MRS-linux-x64/resources/app/resources/linux/components/WCH/Toolchain/RISC-V Embedded GCC15/bin/../lib/gcc/riscv32-wch-elf/15.2.0/../../../../riscv32-wch-elf/lib/rv32imac_zaamo_zalrsc_zba_zbb_zbc_zbs_zvbb_zve32x_zve64x_zvkb_zvl32b_zvl64b_xw/ilp32/libg_nano.a(libc_a-memset.o)
                0x00000208                memset
 *(.text.*)
 .text.Init_Cart
                0x00000218       0x56 ./User/cart.o
                0x00000218                Init_Cart
 .text.Cart_SetImageSource
                0x0000026e       0x34 ./User/cart.o
                0x0000026e                Cart_SetImageSource
 .text.NMI_Handler
                0x000002a2        0x2 ./User/ch32v4x7_it.o
                0x000002a2                NMI_Handler
 .text.HardFault_Handler
                0x000002a4       0x10 ./User/ch32v4x7_it.o
                0x000002a4                HardFault_Handler
 .text.startup.main
                0x000002b4       0x56 ./User/main.o
                0x000002b4                main
 .text.psram_wait_busy
                0x0000030a       0x10 ./User/psram.o
 .text.psram_test_at
                0x0000031a       0x7a ./User/psram.o
 .text.psram_write_reg
                0x00000394       0x38 ./User/psram.o
 .text.PSRAM_GetRomMirrorBase
                0x000003cc        0x6 ./User/psram.o
                0x000003cc                PSRAM_GetRomMirrorBase
 .text.PSRAM_Init
                0x000003d2      0x16e ./User/psram.o
                0x000003d2                PSRAM_Init
 .text.SystemInit
                0x00000540      0x128 ./User/system_ch32v4x7.o
                0x00000540                SystemInit
 .text.SystemCoreClockUpdate
                0x00000668       0xf4 ./User/system_ch32v4x7.o
                0x00000668                SystemCoreClockUpdate
 .text.vector_handler
                0x0000075c        0x2 ./Startup/startup_ch32v4x7.o
                0x0000075c                EXTI2_IRQHandler
                0x0000075c                TIM8_TRG_COM_IRQHandler
                0x0000075c                TIM8_CC_IRQHandler
                0x0000075c                DMA1_Channel12_IRQHandler
                0x0000075c                USART9_IRQHandler
                0x0000075c                TIM1_CC_IRQHandler
                0x0000075c                TIM6_IRQHandler
                0x0000075c                SysTick_Handler
                0x0000075c                I3C_ER_IRQHandler
                0x0000075c                PVD_IRQHandler
                0x0000075c                SDIO_IRQHandler
                0x0000075c                DMA2_Channel8_IRQHandler
                0x0000075c                EXTI3_IRQHandler
                0x0000075c                DMA2_Channel9_IRQHandler
                0x0000075c                USART10_IRQHandler
                0x0000075c                USART8_IRQHandler
                0x0000075c                EXTI0_IRQHandler
                0x0000075c                CAN1_RX0_IRQHandler
                0x0000075c                ADC1_2_IRQHandler
                0x0000075c                Break_Point_Handler
                0x0000075c                SPI1_IRQHandler
                0x0000075c                USART5_IRQHandler
                0x0000075c                TAMPER_IRQHandler
                0x0000075c                TIM8_UP_IRQHandler
                0x0000075c                Ecall_M_Mode_Handler
                0x0000075c                USART7_IRQHandler
                0x0000075c                DMA2_Channel2_IRQHandler
                0x0000075c                DMA1_Channel4_IRQHandler
                0x0000075c                USART6_IRQHandler
                0x0000075c                USART3_IRQHandler
                0x0000075c                RTC_IRQHandler
                0x0000075c                DMA1_Channel7_IRQHandler
                0x0000075c                CAN1_RX1_IRQHandler
                0x0000075c                USBHS2WakeUp_IRQHandler
                0x0000075c                DVP_IRQHandler
                0x0000075c                TIM4_IRQHandler
                0x0000075c                DMA2_Channel1_IRQHandler
                0x0000075c                USBHS1_IRQHandler
                0x0000075c                I2C1_EV_IRQHandler
                0x0000075c                USART4_IRQHandler
                0x0000075c                DMA1_Channel6_IRQHandler
                0x0000075c                DMA2_Channel4_IRQHandler
                0x0000075c                TIM3_IRQHandler
                0x0000075c                RCC_IRQHandler
                0x0000075c                TIM1_TRG_COM_IRQHandler
                0x0000075c                DMA1_Channel1_IRQHandler
                0x0000075c                DMA2_Channel7_IRQHandler
                0x0000075c                EXTI15_10_IRQHandler
                0x0000075c                DMA1_Channel8_IRQHandler
                0x0000075c                I3C_EV_IRQHandler
                0x0000075c                TIM7_IRQHandler
                0x0000075c                TIM5_IRQHandler
                0x0000075c                EXTI9_5_IRQHandler
                0x0000075c                LTDC_IRQHandler
                0x0000075c                ETH_WKUP_IRQHandler
                0x0000075c                SPI2_IRQHandler
                0x0000075c                I3CWakeup_IRQHandler
                0x0000075c                CAN1_TX_IRQHandler
                0x0000075c                DMA2_Channel5_IRQHandler
                0x0000075c                USBHS2_IRQHandler
                0x0000075c                DMA1_Channel5_IRQHandler
                0x0000075c                EXTI4_IRQHandler
                0x0000075c                RNG_IRQHandler
                0x0000075c                DMA1_Channel9_IRQHandler
                0x0000075c                DMA1_Channel3_IRQHandler
                0x0000075c                ETH_IRQHandler
                0x0000075c                TIM1_UP_IRQHandler
                0x0000075c                WWDG_IRQHandler
                0x0000075c                DMA2_Channel11_IRQHandler
                0x0000075c                Ecall_U_Mode_Handler
                0x0000075c                DMA2_Channel6_IRQHandler
                0x0000075c                TIM2_IRQHandler
                0x0000075c                SW_Handler
                0x0000075c                ARGB_IRQHandler
                0x0000075c                TIM1_BRK_IRQHandler
                0x0000075c                DMA2_Channel10_IRQHandler
                0x0000075c                PSRAM_IRQHandler
                0x0000075c                EXTI1_IRQHandler
                0x0000075c                RTCAlarm_IRQHandler
                0x0000075c                DMA1_Channel13_IRQHandler
                0x0000075c                USBHS1Wakeup_IRQHandler
                0x0000075c                USART2_IRQHandler
                0x0000075c                DMA1_Channel2_IRQHandler
                0x0000075c                TIM8_BRK_IRQHandler
                0x0000075c                DMA1_Channel10_IRQHandler
                0x0000075c                CAN1_SCE_IRQHandler
                0x0000075c                FLASH_IRQHandler
                0x0000075c                USART1_IRQHandler
                0x0000075c                SPI3_IRQHandler
                0x0000075c                I2C1_ER_IRQHandler
                0x0000075c                DMA1_Channel11_IRQHandler
                0x0000075c                DMA2_Channel3_IRQHandler
 .text.handle_reset
                0x0000075e       0x9e ./Startup/startup_ch32v4x7.o
                0x0000075e                handle_reset
 .text.DBGMCU_GetCHIPID
                0x000007fc        0xa ./Peripheral/src/ch32v4x7_dbgmcu.o
                0x000007fc                DBGMCU_GetCHIPID
 .text.GPIO_Init
                0x00000806       0xb6 ./Peripheral/src/ch32v4x7_gpio.o
                0x00000806                GPIO_Init
 .text.GPIO_IPD_Unused
                0x000008bc      0x122 ./Peripheral/src/ch32v4x7_gpio.o
                0x000008bc                GPIO_IPD_Unused
 .text.PSRAMDeInit
                0x000009de       0x14 ./Peripheral/src/ch32v4x7_psram.o
                0x000009de                PSRAMDeInit
 .text.PSRAMInit
                0x000009f2       0x28 ./Peripheral/src/ch32v4x7_psram.o
                0x000009f2                PSRAMInit
 .text.PSRAMSetWrLatency
                0x00000a1a       0x1a ./Peripheral/src/ch32v4x7_psram.o
                0x00000a1a                PSRAMSetWrLatency
 .text.PSRAMSetRdLatency
                0x00000a34       0x14 ./Peripheral/src/ch32v4x7_psram.o
                0x00000a34                PSRAMSetRdLatency
 .text.PSRAMSetData
                0x00000a48        0xc ./Peripheral/src/ch32v4x7_psram.o
                0x00000a48                PSRAMSetData
 .text.PSRAM_Set_Busy
                0x00000a54       0x18 ./Peripheral/src/ch32v4x7_psram.o
                0x00000a54                PSRAM_Set_Busy
 .text.PSRAM_Set_MW
                0x00000a6c       0x18 ./Peripheral/src/ch32v4x7_psram.o
                0x00000a6c                PSRAM_Set_MW
 .text.PSRAM_Set_CMD
                0x00000a84       0x1e ./Peripheral/src/ch32v4x7_psram.o
                0x00000a84                PSRAM_Set_CMD
 .text.PSRAM_Set_MR_ADDR
                0x00000aa2       0x1e ./Peripheral/src/ch32v4x7_psram.o
                0x00000aa2                PSRAM_Set_MR_ADDR
 .text.RCC_GetClocksFreq
                0x00000ac0      0x14a ./Peripheral/src/ch32v4x7_rcc.o
                0x00000ac0                RCC_GetClocksFreq
 .text.RCC_HBPeriphClockCmd
                0x00000c0a       0x16 ./Peripheral/src/ch32v4x7_rcc.o
                0x00000c0a                RCC_HBPeriphClockCmd
 .text.RCC_PB2PeriphClockCmd
                0x00000c20       0x16 ./Peripheral/src/ch32v4x7_rcc.o
                0x00000c20                RCC_PB2PeriphClockCmd
 .text.RCC_HBPeriphResetCmd
                0x00000c36       0x16 ./Peripheral/src/ch32v4x7_rcc.o
                0x00000c36                RCC_HBPeriphResetCmd
 .text.USART_Init
                0x00000c4c       0xb2 ./Peripheral/src/ch32v4x7_usart.o
                0x00000c4c                USART_Init
 .text.USART_Cmd
                0x00000cfe       0x14 ./Peripheral/src/ch32v4x7_usart.o
                0x00000cfe                USART_Cmd
 .text.USART_SendData
                0x00000d12        0x8 ./Peripheral/src/ch32v4x7_usart.o
                0x00000d12                USART_SendData
 .text.USART_GetFlagStatus
                0x00000d1a        0xa ./Peripheral/src/ch32v4x7_usart.o
                0x00000d1a                USART_GetFlagStatus
 .text.Delay_Init
                0x00000d24       0x2a ./Debug/debug.o
                0x00000d24                Delay_Init
 .text.Delay_Us
                0x00000d4e       0x32 ./Debug/debug.o
                0x00000d4e                Delay_Us
 .text.Delay_Ms
                0x00000d80       0x32 ./Debug/debug.o
                0x00000d80                Delay_Ms
 .text.USART_Printf_Init
                0x00000db2       0x64 ./Debug/debug.o
                0x00000db2                USART_Printf_Init
 .text._write   0x00000e16       0x3e ./Debug/debug.o
                0x00000e16                _write
 .text._sbrk    0x00000e54       0x2a ./Debug/debug.o
                0x00000e54                _sbrk
 .text.__udivdi3
                0x00000e7e      0x2ee /usr/share/MRS2/MRS-linux-x64/resources/app/resources/linux/components/WCH/Toolchain/RISC-V Embedded GCC15/bin/../lib/gcc/riscv32-wch-elf/15.2.0/rv32imac_zaamo_zalrsc_zba_zbb_zbc_zbs_zvbb_zve32x_zve64x_zvkb_zvl32b_zvl64b_xw/ilp32/libgcc.a(_udivdi3.o)
                0x00000e7e                __udivdi3
 .text.printf   0x0000116c       0x28 /usr/share/MRS2/MRS-linux-x64/resources/app/resources/linux/components/WCH/Toolchain/RISC-V Embedded GCC15/bin/../lib/gcc/riscv32-wch-elf/15.2.0/../../../../riscv32-wch-elf/lib/rv32imac_zaamo_zalrsc_zba_zbb_zbc_zbs_zvbb_zve32x_zve64x_zvkb_zvl32b_zvl64b_xw/ilp32/libg_nano.a(libc_a-printf.o)
                0x0000116c                printf
                0x0000116c                iprintf
 .text.memcmp   0x00001194       0x24 /usr/share/MRS2/MRS-linux-x64/resources/app/resources/linux/components/WCH/Toolchain/RISC-V Embedded GCC15/bin/../lib/gcc/riscv32-wch-elf/15.2.0/../../../../riscv32-wch-elf/lib/rv32imac_zaamo_zalrsc_zba_zbb_zbc_zbs_zvbb_zve32x_zve64x_zvkb_zvl32b_zvl64b_xw/ilp32/libg_nano.a(libc_a-memcmp.o)
                0x00001194                memcmp
 .text.__sfputc_r
                0x000011b8       0x28 /usr/share/MRS2/MRS-linux-x64/resources/app/resources/linux/components/WCH/Toolchain/RISC-V Embedded GCC15/bin/../lib/gcc/riscv32-wch-elf/15.2.0/../../../../riscv32-wch-elf/lib/rv32imac_zaamo_zalrsc_zba_zbb_zbc_zbs_zvbb_zve32x_zve64x_zvkb_zvl32b_zvl64b_xw/ilp32/libg_nano.a(libc_a-nano-vfprintf.o)
 .text.__sfputs_r
                0x000011e0       0x40 /usr/share/MRS2/MRS-linux-x64/resources/app/resources/linux/components/WCH/Toolchain/RISC-V Embedded GCC15/bin/../lib/gcc/riscv32-wch-elf/15.2.0/../../../../riscv32-wch-elf/lib/rv32imac_zaamo_zalrsc_zba_zbb_zbc_zbs_zvbb_zve32x_zve64x_zvkb_zvl32b_zvl64b_xw/ilp32/libg_nano.a(libc_a-nano-vfprintf.o)
                0x000011e0                __sfputs_r
 .text._vfprintf_r
                0x00001220      0x234 /usr/share/MRS2/MRS-linux-x64/resources/app/resources/linux/components/WCH/Toolchain/RISC-V Embedded GCC15/bin/../lib/gcc/riscv32-wch-elf/15.2.0/../../../../riscv32-wch-elf/lib/rv32imac_zaamo_zalrsc_zba_zbb_zbc_zbs_zvbb_zve32x_zve64x_zvkb_zvl32b_zvl64b_xw/ilp32/libg_nano.a(libc_a-nano-vfprintf.o)
                0x00001220                _vfiprintf_r
                0x00001220                _vfprintf_r
 .text._printf_common
                0x00001454      0x108 /usr/share/MRS2/MRS-linux-x64/resources/app/resources/linux/components/WCH/Toolchain/RISC-V Embedded GCC15/bin/../lib/gcc/riscv32-wch-elf/15.2.0/../../../../riscv32-wch-elf/lib/rv32imac_zaamo_zalrsc_zba_zbb_zbc_zbs_zvbb_zve32x_zve64x_zvkb_zvl32b_zvl64b_xw/ilp32/libg_nano.a(libc_a-nano-vfprintf_i.o)
                0x00001454                _printf_common
 .text._printf_i
                0x0000155c      0x24a /usr/share/MRS2/MRS-linux-x64/resources/app/resources/linux/components/WCH/Toolchain/RISC-V Embedded GCC15/bin/../lib/gcc/riscv32-wch-elf/15.2.0/../../../../riscv32-wch-elf/lib/rv32imac_zaamo_zalrsc_zba_zbb_zbc_zbs_zvbb_zve32x_zve64x_zvkb_zvl32b_zvl64b_xw/ilp32/libg_nano.a(libc_a-nano-vfprintf_i.o)
                0x0000155c                _printf_i
 .text.std      0x000017a6       0x5e /usr/share/MRS2/MRS-linux-x64/resources/app/resources/linux/components/WCH/Toolchain/RISC-V Embedded GCC15/bin/../lib/gcc/riscv32-wch-elf/15.2.0/../../../../riscv32-wch-elf/lib/rv32imac_zaamo_zalrsc_zba_zbb_zbc_zbs_zvbb_zve32x_zve64x_zvkb_zvl32b_zvl64b_xw/ilp32/libg_nano.a(libc_a-findfp.o)
 .text.stdio_exit_handler
                0x00001804       0x18 /usr/share/MRS2/MRS-linux-x64/resources/app/resources/linux/components/WCH/Toolchain/RISC-V Embedded GCC15/bin/../lib/gcc/riscv32-wch-elf/15.2.0/../../../../riscv32-wch-elf/lib/rv32imac_zaamo_zalrsc_zba_zbb_zbc_zbs_zvbb_zve32x_zve64x_zvkb_zvl32b_zvl64b_xw/ilp32/libg_nano.a(libc_a-findfp.o)
 .text.cleanup_stdio
                0x0000181c       0x3e /usr/share/MRS2/MRS-linux-x64/resources/app/resources/linux/components/WCH/Toolchain/RISC-V Embedded GCC15/bin/../lib/gcc/riscv32-wch-elf/15.2.0/../../../../riscv32-wch-elf/lib/rv32imac_zaamo_zalrsc_zba_zbb_zbc_zbs_zvbb_zve32x_zve64x_zvkb_zvl32b_zvl64b_xw/ilp32/libg_nano.a(libc_a-findfp.o)
 .text.global_stdio_init.part.0
                0x0000185a       0x30 /usr/share/MRS2/MRS-linux-x64/resources/app/resources/linux/components/WCH/Toolchain/RISC-V Embedded GCC15/bin/../lib/gcc/riscv32-wch-elf/15.2.0/../../../../riscv32-wch-elf/lib/rv32imac_zaamo_zalrsc_zba_zbb_zbc_zbs_zvbb_zve32x_zve64x_zvkb_zvl32b_zvl64b_xw/ilp32/libg_nano.a(libc_a-findfp.o)
 .text.__sinit  0x0000188a       0x16 /usr/share/MRS2/MRS-linux-x64/resources/app/resources/linux/components/WCH/Toolchain/RISC-V Embedded GCC15/bin/../lib/gcc/riscv32-wch-elf/15.2.0/../../../../riscv32-wch-elf/lib/rv32imac_zaamo_zalrsc_zba_zbb_zbc_zbs_zvbb_zve32x_zve64x_zvkb_zvl32b_zvl64b_xw/ilp32/libg_nano.a(libc_a-findfp.o)
                0x0000188a                __sinit
 .text._fwalk_sglue
                0x000018a0       0x5e /usr/share/MRS2/MRS-linux-x64/resources/app/resources/linux/components/WCH/Toolchain/RISC-V Embedded GCC15/bin/../lib/gcc/riscv32-wch-elf/15.2.0/../../../../riscv32-wch-elf/lib/rv32imac_zaamo_zalrsc_zba_zbb_zbc_zbs_zvbb_zve32x_zve64x_zvkb_zvl32b_zvl64b_xw/ilp32/libg_nano.a(libc_a-fwalk.o)
                0x000018a0                _fwalk_sglue
 .text.__sread  0x000018fe       0x2a /usr/share/MRS2/MRS-linux-x64/resources/app/resources/linux/components/WCH/Toolchain/RISC-V Embedded GCC15/bin/../lib/gcc/riscv32-wch-elf/15.2.0/../../../../riscv32-wch-elf/lib/rv32imac_zaamo_zalrsc_zba_zbb_zbc_zbs_zvbb_zve32x_zve64x_zvkb_zvl32b_zvl64b_xw/ilp32/libg_nano.a(libc_a-stdio.o)
                0x000018fe                __sread
 .text.__swrite
                0x00001928       0x46 /usr/share/MRS2/MRS-linux-x64/resources/app/resources/linux/components/WCH/Toolchain/RISC-V Embedded GCC15/bin/../lib/gcc/riscv32-wch-elf/15.2.0/../../../../riscv32-wch-elf/lib/rv32imac_zaamo_zalrsc_zba_zbb_zbc_zbs_zvbb_zve32x_zve64x_zvkb_zvl32b_zvl64b_xw/ilp32/libg_nano.a(libc_a-stdio.o)
                0x00001928                __swrite
 .text.__sseek  0x0000196e       0x30 /usr/share/MRS2/MRS-linux-x64/resources/app/resources/linux/components/WCH/Toolchain/RISC-V Embedded GCC15/bin/../lib/gcc/riscv32-wch-elf/15.2.0/../../../../riscv32-wch-elf/lib/rv32imac_zaamo_zalrsc_zba_zbb_zbc_zbs_zvbb_zve32x_zve64x_zvkb_zvl32b_zvl64b_xw/ilp32/libg_nano.a(libc_a-stdio.o)
                0x0000196e                __sseek
 .text.__sclose
                0x0000199e        0x6 /usr/share/MRS2/MRS-linux-x64/resources/app/resources/linux/components/WCH/Toolchain/RISC-V Embedded GCC15/bin/../lib/gcc/riscv32-wch-elf/15.2.0/../../../../riscv32-wch-elf/lib/rv32imac_zaamo_zalrsc_zba_zbb_zbc_zbs_zvbb_zve32x_zve64x_zvkb_zvl32b_zvl64b_xw/ilp32/libg_nano.a(libc_a-stdio.o)
                0x0000199e                __sclose
 .text.__swbuf_r
                0x000019a4       0x8a /usr/share/MRS2/MRS-linux-x64/resources/app/resources/linux/components/WCH/Toolchain/RISC-V Embedded GCC15/bin/../lib/gcc/riscv32-wch-elf/15.2.0/../../../../riscv32-wch-elf/lib/rv32imac_zaamo_zalrsc_zba_zbb_zbc_zbs_zvbb_zve32x_zve64x_zvkb_zvl32b_zvl64b_xw/ilp32/libg_nano.a(libc_a-wbuf.o)
                0x000019a4                __swbuf_r
 .text.__swsetup_r
                0x00001a2e       0xb6 /usr/share/MRS2/MRS-linux-x64/resources/app/resources/linux/components/WCH/Toolchain/RISC-V Embedded GCC15/bin/../lib/gcc/riscv32-wch-elf/15.2.0/../../../../riscv32-wch-elf/lib/rv32imac_zaamo_zalrsc_zba_zbb_zbc_zbs_zvbb_zve32x_zve64x_zvkb_zvl32b_zvl64b_xw/ilp32/libg_nano.a(libc_a-wsetup.o)
                0x00001a2e                __swsetup_r
 .text.memchr   0x00001ae4       0x18 /usr/share/MRS2/MRS-linux-x64/resources/app/resources/linux/components/WCH/Toolchain/RISC-V Embedded GCC15/bin/../lib/gcc/riscv32-wch-elf/15.2.0/../../../../riscv32-wch-elf/lib/rv32imac_zaamo_zalrsc_zba_zbb_zbc_zbs_zvbb_zve32x_zve64x_zvkb_zvl32b_zvl64b_xw/ilp32/libg_nano.a(libc_a-memchr.o)
                0x00001ae4                memchr
 .text._close_r
                0x00001afc       0x2a /usr/share/MRS2/MRS-linux-x64/resources/app/resources/linux/components/WCH/Toolchain/RISC-V Embedded GCC15/bin/../lib/gcc/riscv32-wch-elf/15.2.0/../../../../riscv32-wch-elf/lib/rv32imac_zaamo_zalrsc_zba_zbb_zbc_zbs_zvbb_zve32x_zve64x_zvkb_zvl32b_zvl64b_xw/ilp32/libg_nano.a(libc_a-closer.o)
                0x00001afc                _close_r
 .text._lseek_r
                0x00001b26       0x2e /usr/share/MRS2/MRS-linux-x64/resources/app/resources/linux/components/WCH/Toolchain/RISC-V Embedded GCC15/bin/../lib/gcc/riscv32-wch-elf/15.2.0/../../../../riscv32-wch-elf/lib/rv32imac_zaamo_zalrsc_zba_zbb_zbc_zbs_zvbb_zve32x_zve64x_zvkb_zvl32b_zvl64b_xw/ilp32/libg_nano.a(libc_a-lseekr.o)
                0x00001b26                _lseek_r
 .text._read_r  0x00001b54       0x2e /usr/share/MRS2/MRS-linux-x64/resources/app/resources/linux/components/WCH/Toolchain/RISC-V Embedded GCC15/bin/../lib/gcc/riscv32-wch-elf/15.2.0/../../../../riscv32-wch-elf/lib/rv32imac_zaamo_zalrsc_zba_zbb_zbc_zbs_zvbb_zve32x_zve64x_zvkb_zvl32b_zvl64b_xw/ilp32/libg_nano.a(libc_a-readr.o)
                0x00001b54                _read_r
 .text._write_r
                0x00001b82       0x30 /usr/share/MRS2/MRS-linux-x64/resources/app/resources/linux/components/WCH/Toolchain/RISC-V Embedded GCC15/bin/../lib/gcc/riscv32-wch-elf/15.2.0/../../../../riscv32-wch-elf/lib/rv32imac_zaamo_zalrsc_zba_zbb_zbc_zbs_zvbb_zve32x_zve64x_zvkb_zvl32b_zvl64b_xw/ilp32/libg_nano.a(libc_a-writer.o)
                0x00001b82                _write_r
 .text._free_r  0x00001bb2       0x9e /usr/share/MRS2/MRS-linux-x64/resources/app/resources/linux/components/WCH/Toolchain/RISC-V Embedded GCC15/bin/../lib/gcc/riscv32-wch-elf/15.2.0/../../../../riscv32-wch-elf/lib/rv32imac_zaamo_zalrsc_zba_zbb_zbc_zbs_zvbb_zve32x_zve64x_zvkb_zvl32b_zvl64b_xw/ilp32/libg_nano.a(libc_a-freer.o)
                0x00001bb2                _free_r
 .text.sbrk_aligned
                0x00001c50       0x50 /usr/share/MRS2/MRS-linux-x64/resources/app/resources/linux/components/WCH/Toolchain/RISC-V Embedded GCC15/bin/../lib/gcc/riscv32-wch-elf/15.2.0/../../../../riscv32-wch-elf/lib/rv32imac_zaamo_zalrsc_zba_zbb_zbc_zbs_zvbb_zve32x_zve64x_zvkb_zvl32b_zvl64b_xw/ilp32/libg_nano.a(libc_a-mallocr.o)
 .text._malloc_r
                0x00001ca0      0x110 /usr/share/MRS2/MRS-linux-x64/resources/app/resources/linux/components/WCH/Toolchain/RISC-V Embedded GCC15/bin/../lib/gcc/riscv32-wch-elf/15.2.0/../../../../riscv32-wch-elf/lib/rv32imac_zaamo_zalrsc_zba_zbb_zbc_zbs_zvbb_zve32x_zve64x_zvkb_zvl32b_zvl64b_xw/ilp32/libg_nano.a(libc_a-mallocr.o)
                0x00001ca0                _malloc_r
 .text.__malloc_lock
                0x00001db0        0x2 /usr/share/MRS2/MRS-linux-x64/resources/app/resources/linux/components/WCH/Toolchain/RISC-V Embedded GCC15/bin/../lib/gcc/riscv32-wch-elf/15.2.0/../../../../riscv32-wch-elf/lib/rv32imac_zaamo_zalrsc_zba_zbb_zbc_zbs_zvbb_zve32x_zve64x_zvkb_zvl32b_zvl64b_xw/ilp32/libg_nano.a(libc_a-mlock.o)
                0x00001db0                __malloc_lock
 .text.__malloc_unlock
                0x00001db2        0x2 /usr/share/MRS2/MRS-linux-x64/resources/app/resources/linux/components/WCH/Toolchain/RISC-V Embedded GCC15/bin/../lib/gcc/riscv32-wch-elf/15.2.0/../../../../riscv32-wch-elf/lib/rv32imac_zaamo_zalrsc_zba_zbb_zbc_zbs_zvbb_zve32x_zve64x_zvkb_zvl32b_zvl64b_xw/ilp32/libg_nano.a(libc_a-mlock.o)
                0x00001db2                __malloc_unlock
 .text.__sflush_r
                0x00001db4      0x11c /usr/share/MRS2/MRS-linux-x64/resources/app/resources/linux/components/WCH/Toolchain/RISC-V Embedded GCC15/bin/../lib/gcc/riscv32-wch-elf/15.2.0/../../../../riscv32-wch-elf/lib/rv32imac_zaamo_zalrsc_zba_zbb_zbc_zbs_zvbb_zve32x_zve64x_zvkb_zvl32b_zvl64b_xw/ilp32/libg_nano.a(libc_a-fflush.o)
                0x00001db4                __sflush_r
 .text._fflush_r
                0x00001ed0       0x38 /usr/share/MRS2/MRS-linux-x64/resources/app/resources/linux/components/WCH/Toolchain/RISC-V Embedded GCC15/bin/../lib/gcc/riscv32-wch-elf/15.2.0/../../../../riscv32-wch-elf/lib/rv32imac_zaamo_zalrsc_zba_zbb_zbc_zbs_zvbb_zve32x_zve64x_zvkb_zvl32b_zvl64b_xw/ilp32/libg_nano.a(libc_a-fflush.o)
                0x00001ed0                _fflush_r
 .text.__swhatbuf_r
                0x00001f08       0x54 /usr/share/MRS2/MRS-linux-x64/resources/app/resources/linux/components/WCH/Toolchain/RISC-V Embedded GCC15/bin/../lib/gcc/riscv32-wch-elf/15.2.0/../../../../riscv32-wch-elf/lib/rv32imac_zaamo_zalrsc_zba_zbb_zbc_zbs_zvbb_zve32x_zve64x_zvkb_zvl32b_zvl64b_xw/ilp32/libg_nano.a(libc_a-makebuf.o)
                0x00001f08                __swhatbuf_r
 .text.__smakebuf_r
                0x00001f5c       0x74 /usr/share/MRS2/MRS-linux-x64/resources/app/resources/linux/components/WCH/Toolchain/RISC-V Embedded GCC15/bin/../lib/gcc/riscv32-wch-elf/15.2.0/../../../../riscv32-wch-elf/lib/rv32imac_zaamo_zalrsc_zba_zbb_zbc_zbs_zvbb_zve32x_zve64x_zvkb_zvl32b_zvl64b_xw/ilp32/libg_nano.a(libc_a-makebuf.o)
                0x00001f5c                __smakebuf_r
 .text._fstat_r
                0x00001fd0       0x2c /usr/share/MRS2/MRS-linux-x64/resources/app/resources/linux/components/WCH/Toolchain/RISC-V Embedded GCC15/bin/../lib/gcc/riscv32-wch-elf/15.2.0/../../../../riscv32-wch-elf/lib/rv32imac_zaamo_zalrsc_zba_zbb_zbc_zbs_zvbb_zve32x_zve64x_zvkb_zvl32b_zvl64b_xw/ilp32/libg_nano.a(libc_a-fstatr.o)
                0x00001fd0                _fstat_r
 .text._isatty_r
                0x00001ffc       0x2a /usr/share/MRS2/MRS-linux-x64/resources/app/resources/linux/components/WCH/Toolchain/RISC-V Embedded GCC15/bin/../lib/gcc/riscv32-wch-elf/15.2.0/../../../../riscv32-wch-elf/lib/rv32imac_zaamo_zalrsc_zba_zbb_zbc_zbs_zvbb_zve32x_zve64x_zvkb_zvl32b_zvl64b_xw/ilp32/libg_nano.a(libc_a-isattyr.o)
                0x00001ffc                _isatty_r
 .text._sbrk_r  0x00002026       0x2c /usr/share/MRS2/MRS-linux-x64/resources/app/resources/linux/components/WCH/Toolchain/RISC-V Embedded GCC15/bin/../lib/gcc/riscv32-wch-elf/15.2.0/../../../../riscv32-wch-elf/lib/rv32imac_zaamo_zalrsc_zba_zbb_zbc_zbs_zvbb_zve32x_zve64x_zvkb_zvl32b_zvl64b_xw/ilp32/libg_nano.a(libc_a-sbrkr.o)
                0x00002026                _sbrk_r
 .text._close   0x00002052        0xc /usr/share/MRS2/MRS-linux-x64/resources/app/resources/linux/components/WCH/Toolchain/RISC-V Embedded GCC15/bin/../lib/gcc/riscv32-wch-elf/15.2.0/../../../../riscv32-wch-elf/lib/rv32imac_zaamo_zalrsc_zba_zbb_zbc_zbs_zvbb_zve32x_zve64x_zvkb_zvl32b_zvl64b_xw/ilp32/libnosys.a(close.o)
                0x00002052                _close
 .text._fstat   0x0000205e        0xc /usr/share/MRS2/MRS-linux-x64/resources/app/resources/linux/components/WCH/Toolchain/RISC-V Embedded GCC15/bin/../lib/gcc/riscv32-wch-elf/15.2.0/../../../../riscv32-wch-elf/lib/rv32imac_zaamo_zalrsc_zba_zbb_zbc_zbs_zvbb_zve32x_zve64x_zvkb_zvl32b_zvl64b_xw/ilp32/libnosys.a(fstat.o)
                0x0000205e                _fstat
 .text._isatty  0x0000206a        0xc /usr/share/MRS2/MRS-linux-x64/resources/app/resources/linux/components/WCH/Toolchain/RISC-V Embedded GCC15/bin/../lib/gcc/riscv32-wch-elf/15.2.0/../../../../riscv32-wch-elf/lib/rv32imac_zaamo_zalrsc_zba_zbb_zbc_zbs_zvbb_zve32x_zve64x_zvkb_zvl32b_zvl64b_xw/ilp32/libnosys.a(isatty.o)
                0x0000206a                _isatty
 .text._lseek   0x00002076        0xc /usr/share/MRS2/MRS-linux-x64/resources/app/resources/linux/components/WCH/Toolchain/RISC-V Embedded GCC15/bin/../lib/gcc/riscv32-wch-elf/15.2.0/../../../../riscv32-wch-elf/lib/rv32imac_zaamo_zalrsc_zba_zbb_zbc_zbs_zvbb_zve32x_zve64x_zvkb_zvl32b_zvl64b_xw/ilp32/libnosys.a(lseek.o)
                0x00002076                _lseek
 .text._read    0x00002082        0xc /usr/share/MRS2/MRS-linux-x64/resources/app/resources/linux/components/WCH/Toolchain/RISC-V Embedded GCC15/bin/../lib/gcc/riscv32-wch-elf/15.2.0/../../../../riscv32-wch-elf/lib/rv32imac_zaamo_zalrsc_zba_zbb_zbc_zbs_zvbb_zve32x_zve64x_zvkb_zvl32b_zvl64b_xw/ilp32/libnosys.a(read.o)
                0x00002082                _read
 *(.rodata)
 *(.rodata*)
 *fill*         0x0000208e        0x2 
 .rodata.main.str1.4
                0x00002090      0x129 ./User/main.o
                                 0x4e (size before relaxing)
 .rodata.psram_test_at.str1.4
                0x000021b9        0x0 ./User/psram.o
                                 0x37 (size before relaxing)
 .rodata.PSRAM_Init.str1.4
                0x000021b9        0x0 ./User/psram.o
                                 0x64 (size before relaxing)
 *fill*         0x000021b9        0x3 
 .rodata.PLLMULTB
                0x000021bc       0x20 ./User/system_ch32v4x7.o
 .rodata.HBPrescTable
                0x000021dc       0x10 ./User/system_ch32v4x7.o
 .rodata.PLLMULTB
                0x000021ec       0x20 ./Peripheral/src/ch32v4x7_rcc.o
 .rodata.HBPrescTable
                0x0000220c       0x10 ./Peripheral/src/ch32v4x7_rcc.o
 .rodata.__clz_tab
                0x0000221c      0x100 /usr/share/MRS2/MRS-linux-x64/resources/app/resources/linux/components/WCH/Toolchain/RISC-V Embedded GCC15/bin/../lib/gcc/riscv32-wch-elf/15.2.0/rv32imac_zaamo_zalrsc_zba_zbb_zbc_zbs_zvbb_zve32x_zve64x_zvkb_zvl32b_zvl64b_xw/ilp32/libgcc.a(_clz.o)
                0x0000221c                __clz_tab
 .rodata._vfprintf_r.str1.4
                0x0000231c        0x0 /usr/share/MRS2/MRS-linux-x64/resources/app/resources/linux/components/WCH/Toolchain/RISC-V Embedded GCC15/bin/../lib/gcc/riscv32-wch-elf/15.2.0/../../../../riscv32-wch-elf/lib/rv32imac_zaamo_zalrsc_zba_zbb_zbc_zbs_zvbb_zve32x_zve64x_zvkb_zvl32b_zvl64b_xw/ilp32/libg_nano.a(libc_a-nano-vfprintf.o)
                                 0x13 (size before relaxing)
 .rodata._printf_i.str1.4
                0x0000231c        0x0 /usr/share/MRS2/MRS-linux-x64/resources/app/resources/linux/components/WCH/Toolchain/RISC-V Embedded GCC15/bin/../lib/gcc/riscv32-wch-elf/15.2.0/../../../../riscv32-wch-elf/lib/rv32imac_zaamo_zalrsc_zba_zbb_zbc_zbs_zvbb_zve32x_zve64x_zvkb_zvl32b_zvl64b_xw/ilp32/libg_nano.a(libc_a-nano-vfprintf_i.o)
                                 0x25 (size before relaxing)
 .rodata._printf_i
                0x0000231c       0x58 /usr/share/MRS2/MRS-linux-x64/resources/app/resources/linux/components/WCH/Toolchain/RISC-V Embedded GCC15/bin/../lib/gcc/riscv32-wch-elf/15.2.0/../../../../riscv32-wch-elf/lib/rv32imac_zaamo_zalrsc_zba_zbb_zbc_zbs_zvbb_zve32x_zve64x_zvkb_zvl32b_zvl64b_xw/ilp32/libg_nano.a(libc_a-nano-vfprintf_i.o)
 *(.gnu.linkonce.t.*)
                0x00002374                        . = ALIGN (0x4)

.cartrom        0x00002374     0x8000
 .cartrom       0x00002374     0x8000 ./User/hello_rom.o
                0x00002374                hello_rom

.rela.dyn       0x0000a374        0x0
 .rela.init     0x0000a374        0x0 ./User/cart.o
 .rela.text.handle_reset
                0x0000a374        0x0 ./User/cart.o
 .rela.text._sbrk
                0x0000a374        0x0 ./User/cart.o
 .rela.sdata.curbrk.0
                0x0000a374        0x0 ./User/cart.o
 .rela.text._vfprintf_r
                0x0000a374        0x0 ./User/cart.o

.fini           0x0000a374        0x0
 *(SORT_NONE(.fini))
                0x0000a374                        . = ALIGN (0x4)
                [!provide]                        PROVIDE (_etext = .)
                [!provide]                        PROVIDE (_eitcm = .)

.preinit_array  0x0000a374        0x0
                [!provide]                        PROVIDE (__preinit_array_start = .)
 *(.preinit_array)
                [!provide]                        PROVIDE (__preinit_array_end = .)

.init_array     0x0000a374        0x0
                [!provide]                        PROVIDE (__init_array_start = .)
 *(SORT_BY_INIT_PRIORITY(.init_array.*) SORT_BY_INIT_PRIORITY(.ctors.*))
 *(.init_array EXCLUDE_FILE(*crtend?.o *crtend.o *crtbegin?.o *crtbegin.o) .ctors)
                [!provide]                        PROVIDE (__init_array_end = .)

.fini_array     0x0000a374        0x0
                [!provide]                        PROVIDE (__fini_array_start = .)
 *(SORT_BY_INIT_PRIORITY(.fini_array.*) SORT_BY_INIT_PRIORITY(.dtors.*))
 *(.fini_array EXCLUDE_FILE(*crtend?.o *crtend.o *crtbegin?.o *crtbegin.o) .dtors)
                [!provide]                        PROVIDE (__fini_array_end = .)

.ctors
 *crtbegin.o(.ctors)
 *crtbegin?.o(.ctors)
 *(EXCLUDE_FILE(*crtend?.o *crtend.o) .ctors)
 *(SORT_BY_NAME(.ctors.*))
 *(.ctors)

.dtors
 *crtbegin.o(.dtors)
 *crtbegin?.o(.dtors)
 *(EXCLUDE_FILE(*crtend?.o *crtend.o) .dtors)
 *(SORT_BY_NAME(.dtors.*))
 *(.dtors)

.dalign         0x20000400        0x0 load address 0x0000a374
                0x20000400                        . = ALIGN (0x4)
                0x20000400                        PROVIDE (_data_vma = .)

.dlalign        0x0000a374        0x0
                0x0000a374                        . = ALIGN (0x4)
                0x0000a374                        PROVIDE (_data_lma = .)

.data           0x20000400       0xd4 load address 0x0000a374
 *(.gnu.linkonce.r.*)
 *(.data .data.*)
 .data._impure_data
                0x20000400       0x4c /usr/share/MRS2/MRS-linux-x64/resources/app/resources/linux/components/WCH/Toolchain/RISC-V Embedded GCC15/bin/../lib/gcc/riscv32-wch-elf/15.2.0/../../../../riscv32-wch-elf/lib/rv32imac_zaamo_zalrsc_zba_zbb_zbc_zbs_zvbb_zve32x_zve64x_zvkb_zvl32b_zvl64b_xw/ilp32/libg_nano.a(libc_a-impure.o)
                0x20000400                _impure_data
 .data.__sglue  0x2000044c        0xc /usr/share/MRS2/MRS-linux-x64/resources/app/resources/linux/components/WCH/Toolchain/RISC-V Embedded GCC15/bin/../lib/gcc/riscv32-wch-elf/15.2.0/../../../../riscv32-wch-elf/lib/rv32imac_zaamo_zalrsc_zba_zbb_zbc_zbs_zvbb_zve32x_zve64x_zvkb_zvl32b_zvl64b_xw/ilp32/libg_nano.a(libc_a-findfp.o)
                0x2000044c                __sglue
 *(.gnu.linkonce.d.*)
                0x20000458                        . = ALIGN (0x4)
 *(.ramfunc)
 .ramfunc       0x20000458       0x56 ./User/cart.o
                0x20000458                CartServiceLoop
 *(.ramfunc.*)
                0x200004b0                        . = ALIGN (0x8)
 *fill*         0x200004ae        0x2 
                0x20000cb0                        PROVIDE (__global_pointer$ = (. + 0x800))
 *(.sdata .sdata.*)
 .sdata.cartpnt
                0x200004b0        0x4 ./User/cart.o
                0x200004b0                cartpnt
 .sdata.SystemCoreClock
                0x200004b4        0x4 ./User/system_ch32v4x7.o
                0x200004b4                SystemCoreClock
 .sdata.SystemClock
                0x200004b8        0x4 ./User/system_ch32v4x7.o
                0x200004b8                SystemClock
 .sdata.curbrk.0
                0x200004bc        0x4 ./Debug/debug.o
 .sdata._impure_ptr
                0x200004c0        0x4 /usr/share/MRS2/MRS-linux-x64/resources/app/resources/linux/components/WCH/Toolchain/RISC-V Embedded GCC15/bin/../lib/gcc/riscv32-wch-elf/15.2.0/../../../../riscv32-wch-elf/lib/rv32imac_zaamo_zalrsc_zba_zbb_zbc_zbs_zvbb_zve32x_zve64x_zvkb_zvl32b_zvl64b_xw/ilp32/libg_nano.a(libc_a-impure.o)
                0x200004c0                _impure_ptr
 *(.sdata2.*)
 *(.gnu.linkonce.s.*)
                0x200004c8                        . = ALIGN (0x8)
 *fill*         0x200004c4        0x4 
 *(.srodata.cst16)
 *(.srodata.cst8)
 *(.srodata.cst4)
 *(.srodata.cst2)
 *(.srodata .srodata.*)
 .srodata.ADCPrescTable
                0x200004c8        0x4 ./Peripheral/src/ch32v4x7_rcc.o
 .srodata.PBPrescTable
                0x200004cc        0x8 ./Peripheral/src/ch32v4x7_rcc.o
                0x200004d4                        . = ALIGN (0x4)
                0x200004d4                        PROVIDE (_edata = .)

.bss            0x200004d4      0x560 load address 0x0000a448
                0x200004d4                        . = ALIGN (0x4)
                0x200004d4                        PROVIDE (_sbss = .)
 *(.sbss*)
 .sbss.bankOffsets0
                0x200004d4        0x4 ./User/cart.o
 .sbss.g_cart_wait_active
                0x200004d8        0x4 ./User/cart.o
 .sbss.g_cart_image_src
                0x200004dc        0x4 ./User/cart.o
 .sbss.g_psram_mirror_base
                0x200004e0        0x4 ./User/psram.o
 .sbss.HCLKClock
                0x200004e4        0x4 ./User/system_ch32v4x7.o
                0x200004e4                HCLKClock
 .sbss.p_ms     0x200004e8        0x2 ./Debug/debug.o
 .sbss.p_us     0x200004ea        0x1 ./Debug/debug.o
 *fill*         0x200004eb        0x1 
 .sbss.__stdio_exit_handler
                0x200004ec        0x4 /usr/share/MRS2/MRS-linux-x64/resources/app/resources/linux/components/WCH/Toolchain/RISC-V Embedded GCC15/bin/../lib/gcc/riscv32-wch-elf/15.2.0/../../../../riscv32-wch-elf/lib/rv32imac_zaamo_zalrsc_zba_zbb_zbc_zbs_zvbb_zve32x_zve64x_zvkb_zvl32b_zvl64b_xw/ilp32/libg_nano.a(libc_a-findfp.o)
                0x200004ec                __stdio_exit_handler
 .sbss.errno    0x200004f0        0x4 /usr/share/MRS2/MRS-linux-x64/resources/app/resources/linux/components/WCH/Toolchain/RISC-V Embedded GCC15/bin/../lib/gcc/riscv32-wch-elf/15.2.0/../../../../riscv32-wch-elf/lib/rv32imac_zaamo_zalrsc_zba_zbb_zbc_zbs_zvbb_zve32x_zve64x_zvkb_zvl32b_zvl64b_xw/ilp32/libg_nano.a(libc_a-reent.o)
                0x200004f0                errno
 .sbss.__malloc_sbrk_start
                0x200004f4        0x4 /usr/share/MRS2/MRS-linux-x64/resources/app/resources/linux/components/WCH/Toolchain/RISC-V Embedded GCC15/bin/../lib/gcc/riscv32-wch-elf/15.2.0/../../../../riscv32-wch-elf/lib/rv32imac_zaamo_zalrsc_zba_zbb_zbc_zbs_zvbb_zve32x_zve64x_zvkb_zvl32b_zvl64b_xw/ilp32/libg_nano.a(libc_a-mallocr.o)
                0x200004f4                __malloc_sbrk_start
 .sbss.__malloc_free_list
                0x200004f8        0x4 /usr/share/MRS2/MRS-linux-x64/resources/app/resources/linux/components/WCH/Toolchain/RISC-V Embedded GCC15/bin/../lib/gcc/riscv32-wch-elf/15.2.0/../../../../riscv32-wch-elf/lib/rv32imac_zaamo_zalrsc_zba_zbb_zbc_zbs_zvbb_zve32x_zve64x_zvkb_zvl32b_zvl64b_xw/ilp32/libg_nano.a(libc_a-mallocr.o)
                0x200004f8                __malloc_free_list
 *(.gnu.linkonce.sb.*)
 *(.bss*)
 .bss.pattern.0
                0x200004fc      0x400 ./User/psram.o
 .bss.__sf      0x200008fc      0x138 /usr/share/MRS2/MRS-linux-x64/resources/app/resources/linux/components/WCH/Toolchain/RISC-V Embedded GCC15/bin/../lib/gcc/riscv32-wch-elf/15.2.0/../../../../riscv32-wch-elf/lib/rv32imac_zaamo_zalrsc_zba_zbb_zbc_zbs_zvbb_zve32x_zve64x_zvkb_zvl32b_zvl64b_xw/ilp32/libg_nano.a(libc_a-findfp.o)
                0x200008fc                __sf
 *(.gnu.linkonce.b.*)
 *(COMMON*)
                0x20000a34                        . = ALIGN (0x4)
                0x20000a34                        PROVIDE (_ebss = .)
                0x20000a34                        PROVIDE (_end = _ebss)
                [!provide]                        PROVIDE (end = .)

.stack          0x20021800      0x800
                0x20021800                        PROVIDE (_heap_end = .)
                0x20021800                        . = ALIGN (0x4)
                [!provide]                        PROVIDE (_susrstack = .)
                0x20022000                        . = (. + __stack_size)
 *fill*         0x20021800      0x800 
                0x20022000                        PROVIDE (_eusrstack = .)
OUTPUT(RISKYMSX2.elf elf32-littleriscv)

.debug_info     0x00000000     0x563d
 .debug_info    0x00000000      0x36f ./User/cart.o
 .debug_info    0x0000036f      0x3b3 ./User/ch32v4x7_it.o
 .debug_info    0x00000722       0xa9 ./User/hello_rom.o
 .debug_info    0x000007cb      0x22e ./User/main.o
 .debug_info    0x000009f9      0x931 ./User/psram.o
 .debug_info    0x0000132a      0x3ee ./User/system_ch32v4x7.o
 .debug_info    0x00001718       0x22 ./Startup/startup_ch32v4x7.o
 .debug_info    0x0000173a      0x1ef ./Peripheral/src/ch32v4x7_dbgmcu.o
 .debug_info    0x00001929      0x993 ./Peripheral/src/ch32v4x7_gpio.o
 .debug_info    0x000022bc      0x896 ./Peripheral/src/ch32v4x7_psram.o
 .debug_info    0x00002b52      0xca8 ./Peripheral/src/ch32v4x7_rcc.o
 .debug_info    0x000037fa      0xc5a ./Peripheral/src/ch32v4x7_usart.o
 .debug_info    0x00004454      0x748 ./Debug/debug.o
 .debug_info    0x00004b9c      0x850 /usr/share/MRS2/MRS-linux-x64/resources/app/resources/linux/components/WCH/Toolchain/RISC-V Embedded GCC15/bin/../lib/gcc/riscv32-wch-elf/15.2.0/rv32imac_zaamo_zalrsc_zba_zbb_zbc_zbs_zvbb_zve32x_zve64x_zvkb_zvl32b_zvl64b_xw/ilp32/libgcc.a(_udivdi3.o)
 .debug_info    0x000053ec      0x15f /usr/share/MRS2/MRS-linux-x64/resources/app/resources/linux/components/WCH/Toolchain/RISC-V Embedded GCC15/bin/../lib/gcc/riscv32-wch-elf/15.2.0/rv32imac_zaamo_zalrsc_zba_zbb_zbc_zbs_zvbb_zve32x_zve64x_zvkb_zvl32b_zvl64b_xw/ilp32/libgcc.a(save-restore.o)
 .debug_info    0x0000554b       0xf2 /usr/share/MRS2/MRS-linux-x64/resources/app/resources/linux/components/WCH/Toolchain/RISC-V Embedded GCC15/bin/../lib/gcc/riscv32-wch-elf/15.2.0/rv32imac_zaamo_zalrsc_zba_zbb_zbc_zbs_zvbb_zve32x_zve64x_zvkb_zvl32b_zvl64b_xw/ilp32/libgcc.a(_clz.o)

.debug_abbrev   0x00000000     0x18a5
 .debug_abbrev  0x00000000      0x205 ./User/cart.o
 .debug_abbrev  0x00000205      0x112 ./User/ch32v4x7_it.o
 .debug_abbrev  0x00000317       0x61 ./User/hello_rom.o
 .debug_abbrev  0x00000378      0x11a ./User/main.o
 .debug_abbrev  0x00000492      0x36b ./User/psram.o
 .debug_abbrev  0x000007fd      0x1b2 ./User/system_ch32v4x7.o
 .debug_abbrev  0x000009af       0x12 ./Startup/startup_ch32v4x7.o
 .debug_abbrev  0x000009c1      0x186 ./Peripheral/src/ch32v4x7_dbgmcu.o
 .debug_abbrev  0x00000b47      0x23d ./Peripheral/src/ch32v4x7_gpio.o
 .debug_abbrev  0x00000d84      0x252 ./Peripheral/src/ch32v4x7_psram.o
 .debug_abbrev  0x00000fd6      0x255 ./Peripheral/src/ch32v4x7_rcc.o
 .debug_abbrev  0x0000122b      0x1ff ./Peripheral/src/ch32v4x7_usart.o
 .debug_abbrev  0x0000142a      0x230 ./Debug/debug.o
 .debug_abbrev  0x0000165a      0x1ad /usr/share/MRS2/MRS-linux-x64/resources/app/resources/linux/components/WCH/Toolchain/RISC-V Embedded GCC15/bin/../lib/gcc/riscv32-wch-elf/15.2.0/rv32imac_zaamo_zalrsc_zba_zbb_zbc_zbs_zvbb_zve32x_zve64x_zvkb_zvl32b_zvl64b_xw/ilp32/libgcc.a(_udivdi3.o)
 .debug_abbrev  0x00001807       0x28 /usr/share/MRS2/MRS-linux-x64/resources/app/resources/linux/components/WCH/Toolchain/RISC-V Embedded GCC15/bin/../lib/gcc/riscv32-wch-elf/15.2.0/rv32imac_zaamo_zalrsc_zba_zbb_zbc_zbs_zvbb_zve32x_zve64x_zvkb_zvl32b_zvl64b_xw/ilp32/libgcc.a(save-restore.o)
 .debug_abbrev  0x0000182f       0x76 /usr/share/MRS2/MRS-linux-x64/resources/app/resources/linux/components/WCH/Toolchain/RISC-V Embedded GCC15/bin/../lib/gcc/riscv32-wch-elf/15.2.0/rv32imac_zaamo_zalrsc_zba_zbb_zbc_zbs_zvbb_zve32x_zve64x_zvkb_zvl32b_zvl64b_xw/ilp32/libgcc.a(_clz.o)

.debug_loc      0x00000000     0x27b8
 .debug_loc     0x00000000       0x57 ./User/cart.o
 .debug_loc     0x00000057      0x3cb ./User/psram.o
 .debug_loc     0x00000422      0x20b ./User/system_ch32v4x7.o
 .debug_loc     0x0000062d       0xc0 ./Peripheral/src/ch32v4x7_dbgmcu.o
 .debug_loc     0x000006ed      0x97e ./Peripheral/src/ch32v4x7_gpio.o
 .debug_loc     0x0000106b      0x368 ./Peripheral/src/ch32v4x7_psram.o
 .debug_loc     0x000013d3      0x878 ./Peripheral/src/ch32v4x7_rcc.o
 .debug_loc     0x00001c4b      0xa27 ./Peripheral/src/ch32v4x7_usart.o
 .debug_loc     0x00002672      0x146 ./Debug/debug.o

.debug_aranges  0x00000000      0x660
 .debug_aranges
                0x00000000       0x48 ./User/cart.o
 .debug_aranges
                0x00000048       0x28 ./User/ch32v4x7_it.o
 .debug_aranges
                0x00000070       0x18 ./User/hello_rom.o
 .debug_aranges
                0x00000088       0x20 ./User/main.o
 .debug_aranges
                0x000000a8       0x40 ./User/psram.o
 .debug_aranges
                0x000000e8       0x28 ./User/system_ch32v4x7.o
 .debug_aranges
                0x00000110       0x30 ./Startup/startup_ch32v4x7.o
 .debug_aranges
                0x00000140       0x48 ./Peripheral/src/ch32v4x7_dbgmcu.o
 .debug_aranges
                0x00000188       0xa8 ./Peripheral/src/ch32v4x7_gpio.o
 .debug_aranges
                0x00000230      0x108 ./Peripheral/src/ch32v4x7_psram.o
 .debug_aranges
                0x00000338      0x188 ./Peripheral/src/ch32v4x7_rcc.o
 .debug_aranges
                0x000004c0       0xf8 ./Peripheral/src/ch32v4x7_usart.o
 .debug_aranges
                0x000005b8       0x50 ./Debug/debug.o
 .debug_aranges
                0x00000608       0x20 /usr/share/MRS2/MRS-linux-x64/resources/app/resources/linux/components/WCH/Toolchain/RISC-V Embedded GCC15/bin/../lib/gcc/riscv32-wch-elf/15.2.0/rv32imac_zaamo_zalrsc_zba_zbb_zbc_zbs_zvbb_zve32x_zve64x_zvkb_zvl32b_zvl64b_xw/ilp32/libgcc.a(_udivdi3.o)
 .debug_aranges
                0x00000628       0x20 /usr/share/MRS2/MRS-linux-x64/resources/app/resources/linux/components/WCH/Toolchain/RISC-V Embedded GCC15/bin/../lib/gcc/riscv32-wch-elf/15.2.0/rv32imac_zaamo_zalrsc_zba_zbb_zbc_zbs_zvbb_zve32x_zve64x_zvkb_zvl32b_zvl64b_xw/ilp32/libgcc.a(save-restore.o)
 .debug_aranges
                0x00000648       0x18 /usr/share/MRS2/MRS-linux-x64/resources/app/resources/linux/components/WCH/Toolchain/RISC-V Embedded GCC15/bin/../lib/gcc/riscv32-wch-elf/15.2.0/rv32imac_zaamo_zalrsc_zba_zbb_zbc_zbs_zvbb_zve32x_zve64x_zvkb_zvl32b_zvl64b_xw/ilp32/libgcc.a(_clz.o)

.debug_ranges   0x00000000      0x5c0
 .debug_ranges  0x00000000       0x38 ./User/cart.o
 .debug_ranges  0x00000038       0x18 ./User/ch32v4x7_it.o
 .debug_ranges  0x00000050       0x10 ./User/main.o
 .debug_ranges  0x00000060       0xa0 ./User/psram.o
 .debug_ranges  0x00000100       0x18 ./User/system_ch32v4x7.o
 .debug_ranges  0x00000118       0x28 ./Startup/startup_ch32v4x7.o
 .debug_ranges  0x00000140       0x50 ./Peripheral/src/ch32v4x7_dbgmcu.o
 .debug_ranges  0x00000190       0x98 ./Peripheral/src/ch32v4x7_gpio.o
 .debug_ranges  0x00000228       0xf8 ./Peripheral/src/ch32v4x7_psram.o
 .debug_ranges  0x00000320      0x178 ./Peripheral/src/ch32v4x7_rcc.o
 .debug_ranges  0x00000498       0xe8 ./Peripheral/src/ch32v4x7_usart.o
 .debug_ranges  0x00000580       0x40 ./Debug/debug.o

.debug_line     0x00000000     0x72ff
 .debug_line    0x00000000      0x5a8 ./User/cart.o
 .debug_line    0x000005a8      0x215 ./User/ch32v4x7_it.o
 .debug_line    0x000007bd      0x172 ./User/hello_rom.o
 .debug_line    0x0000092f      0x33c ./User/main.o
 .debug_line    0x00000c6b      0x93f ./User/psram.o
 .debug_line    0x000015aa      0x772 ./User/system_ch32v4x7.o
 .debug_line    0x00001d1c      0x137 ./Startup/startup_ch32v4x7.o
 .debug_line    0x00001e53      0x2f5 ./Peripheral/src/ch32v4x7_dbgmcu.o
 .debug_line    0x00002148      0xe88 ./Peripheral/src/ch32v4x7_gpio.o
 .debug_line    0x00002fd0      0xb05 ./Peripheral/src/ch32v4x7_psram.o
 .debug_line    0x00003ad5     0x1574 ./Peripheral/src/ch32v4x7_rcc.o
 .debug_line    0x00005049      0xebe ./Peripheral/src/ch32v4x7_usart.o
 .debug_line    0x00005f07      0x716 ./Debug/debug.o
 .debug_line    0x0000661d      0xb3a /usr/share/MRS2/MRS-linux-x64/resources/app/resources/linux/components/WCH/Toolchain/RISC-V Embedded GCC15/bin/../lib/gcc/riscv32-wch-elf/15.2.0/rv32imac_zaamo_zalrsc_zba_zbb_zbc_zbs_zvbb_zve32x_zve64x_zvkb_zvl32b_zvl64b_xw/ilp32/libgcc.a(_udivdi3.o)
 .debug_line    0x00007157      0x15f /usr/share/MRS2/MRS-linux-x64/resources/app/resources/linux/components/WCH/Toolchain/RISC-V Embedded GCC15/bin/../lib/gcc/riscv32-wch-elf/15.2.0/rv32imac_zaamo_zalrsc_zba_zbb_zbc_zbs_zvbb_zve32x_zve64x_zvkb_zvl32b_zvl64b_xw/ilp32/libgcc.a(save-restore.o)
 .debug_line    0x000072b6       0x49 /usr/share/MRS2/MRS-linux-x64/resources/app/resources/linux/components/WCH/Toolchain/RISC-V Embedded GCC15/bin/../lib/gcc/riscv32-wch-elf/15.2.0/rv32imac_zaamo_zalrsc_zba_zbb_zbc_zbs_zvbb_zve32x_zve64x_zvkb_zvl32b_zvl64b_xw/ilp32/libgcc.a(_clz.o)

.debug_str      0x00000000     0x1fad
 .debug_str     0x00000000     0x1fad ./User/cart.o
                                0x373 (size before relaxing)
 .debug_str     0x00001fad        0x0 ./User/ch32v4x7_it.o
                                0x32f (size before relaxing)
 .debug_str     0x00001fad        0x0 ./User/hello_rom.o
                                0x20a (size before relaxing)
 .debug_str     0x00001fad        0x0 ./User/main.o
                                0x2fe (size before relaxing)
 .debug_str     0x00001fad        0x0 ./User/psram.o
                                0x584 (size before relaxing)
 .debug_str     0x00001fad        0x0 ./User/system_ch32v4x7.o
                                0x395 (size before relaxing)
 .debug_str     0x00001fad        0x0 ./Startup/startup_ch32v4x7.o
                                 0x54 (size before relaxing)
 .debug_str     0x00001fad        0x0 ./Peripheral/src/ch32v4x7_dbgmcu.o
                                0x2b7 (size before relaxing)
 .debug_str     0x00001fad        0x0 ./Peripheral/src/ch32v4x7_gpio.o
                                0x5e8 (size before relaxing)
 .debug_str     0x00001fad        0x0 ./Peripheral/src/ch32v4x7_psram.o
                                0x69e (size before relaxing)
 .debug_str     0x00001fad        0x0 ./Peripheral/src/ch32v4x7_rcc.o
                                0x8e3 (size before relaxing)
 .debug_str     0x00001fad        0x0 ./Peripheral/src/ch32v4x7_usart.o
                                0x7b1 (size before relaxing)
 .debug_str     0x00001fad        0x0 ./Debug/debug.o
                                0x5ae (size before relaxing)
 .debug_str     0x00001fad        0x0 /usr/share/MRS2/MRS-linux-x64/resources/app/resources/linux/components/WCH/Toolchain/RISC-V Embedded GCC15/bin/../lib/gcc/riscv32-wch-elf/15.2.0/rv32imac_zaamo_zalrsc_zba_zbb_zbc_zbs_zvbb_zve32x_zve64x_zvkb_zvl32b_zvl64b_xw/ilp32/libgcc.a(_udivdi3.o)
                                0x2e1 (size before relaxing)
 .debug_str     0x00001fad        0x0 /usr/share/MRS2/MRS-linux-x64/resources/app/resources/linux/components/WCH/Toolchain/RISC-V Embedded GCC15/bin/../lib/gcc/riscv32-wch-elf/15.2.0/rv32imac_zaamo_zalrsc_zba_zbb_zbc_zbs_zvbb_zve32x_zve64x_zvkb_zvl32b_zvl64b_xw/ilp32/libgcc.a(save-restore.o)
                                0x299 (size before relaxing)
 .debug_str     0x00001fad        0x0 /usr/share/MRS2/MRS-linux-x64/resources/app/resources/linux/components/WCH/Toolchain/RISC-V Embedded GCC15/bin/../lib/gcc/riscv32-wch-elf/15.2.0/rv32imac_zaamo_zalrsc_zba_zbb_zbc_zbs_zvbb_zve32x_zve64x_zvkb_zvl32b_zvl64b_xw/ilp32/libgcc.a(_clz.o)
                                0x22e (size before relaxing)

.comment        0x00000000       0x57
 .comment       0x00000000       0x57 ./User/cart.o
                                 0x20 (size before relaxing)
 .comment       0x00000057        0x0 ./User/ch32v4x7_it.o
                                 0x20 (size before relaxing)
 .comment       0x00000057        0x0 ./User/hello_rom.o
                                 0x20 (size before relaxing)
 .comment       0x00000057        0x0 ./User/main.o
                                 0x20 (size before relaxing)
 .comment       0x00000057        0x0 ./User/psram.o
                                 0x20 (size before relaxing)
 .comment       0x00000057        0x0 ./User/system_ch32v4x7.o
                                 0x20 (size before relaxing)
 .comment       0x00000057        0x0 ./Peripheral/src/ch32v4x7_dbgmcu.o
                                 0x20 (size before relaxing)
 .comment       0x00000057        0x0 ./Peripheral/src/ch32v4x7_gpio.o
                                 0x20 (size before relaxing)
 .comment       0x00000057        0x0 ./Peripheral/src/ch32v4x7_psram.o
                                 0x20 (size before relaxing)
 .comment       0x00000057        0x0 ./Peripheral/src/ch32v4x7_rcc.o
                                 0x20 (size before relaxing)
 .comment       0x00000057        0x0 ./Peripheral/src/ch32v4x7_usart.o
                                 0x20 (size before relaxing)
 .comment       0x00000057        0x0 ./Debug/debug.o
                                 0x20 (size before relaxing)
 .comment       0x00000057        0x0 /usr/share/MRS2/MRS-linux-x64/resources/app/resources/linux/components/WCH/Toolchain/RISC-V Embedded GCC15/bin/../lib/gcc/riscv32-wch-elf/15.2.0/rv32imac_zaamo_zalrsc_zba_zbb_zbc_zbs_zvbb_zve32x_zve64x_zvkb_zvl32b_zvl64b_xw/ilp32/libgcc.a(_udivdi3.o)
                                 0x27 (size before relaxing)
 .comment       0x00000057        0x0 /usr/share/MRS2/MRS-linux-x64/resources/app/resources/linux/components/WCH/Toolchain/RISC-V Embedded GCC15/bin/../lib/gcc/riscv32-wch-elf/15.2.0/rv32imac_zaamo_zalrsc_zba_zbb_zbc_zbs_zvbb_zve32x_zve64x_zvkb_zvl32b_zvl64b_xw/ilp32/libgcc.a(_clz.o)
                                 0x27 (size before relaxing)
 .comment       0x00000057        0x0 /usr/share/MRS2/MRS-linux-x64/resources/app/resources/linux/components/WCH/Toolchain/RISC-V Embedded GCC15/bin/../lib/gcc/riscv32-wch-elf/15.2.0/../../../../riscv32-wch-elf/lib/rv32imac_zaamo_zalrsc_zba_zbb_zbc_zbs_zvbb_zve32x_zve64x_zvkb_zvl32b_zvl64b_xw/ilp32/libg_nano.a(libc_a-printf.o)
                                 0x13 (size before relaxing)
 .comment       0x00000057        0x0 /usr/share/MRS2/MRS-linux-x64/resources/app/resources/linux/components/WCH/Toolchain/RISC-V Embedded GCC15/bin/../lib/gcc/riscv32-wch-elf/15.2.0/../../../../riscv32-wch-elf/lib/rv32imac_zaamo_zalrsc_zba_zbb_zbc_zbs_zvbb_zve32x_zve64x_zvkb_zvl32b_zvl64b_xw/ilp32/libg_nano.a(libc_a-memcmp.o)
                                 0x13 (size before relaxing)
 .comment       0x00000057        0x0 /usr/share/MRS2/MRS-linux-x64/resources/app/resources/linux/components/WCH/Toolchain/RISC-V Embedded GCC15/bin/../lib/gcc/riscv32-wch-elf/15.2.0/../../../../riscv32-wch-elf/lib/rv32imac_zaamo_zalrsc_zba_zbb_zbc_zbs_zvbb_zve32x_zve64x_zvkb_zvl32b_zvl64b_xw/ilp32/libg_nano.a(libc_a-impure.o)
                                 0x13 (size before relaxing)
 .comment       0x00000057        0x0 /usr/share/MRS2/MRS-linux-x64/resources/app/resources/linux/components/WCH/Toolchain/RISC-V Embedded GCC15/bin/../lib/gcc/riscv32-wch-elf/15.2.0/../../../../riscv32-wch-elf/lib/rv32imac_zaamo_zalrsc_zba_zbb_zbc_zbs_zvbb_zve32x_zve64x_zvkb_zvl32b_zvl64b_xw/ilp32/libg_nano.a(libc_a-nano-vfprintf.o)
                                 0x13 (size before relaxing)
 .comment       0x00000057        0x0 /usr/share/MRS2/MRS-linux-x64/resources/app/resources/linux/components/WCH/Toolchain/RISC-V Embedded GCC15/bin/../lib/gcc/riscv32-wch-elf/15.2.0/../../../../riscv32-wch-elf/lib/rv32imac_zaamo_zalrsc_zba_zbb_zbc_zbs_zvbb_zve32x_zve64x_zvkb_zvl32b_zvl64b_xw/ilp32/libg_nano.a(libc_a-nano-vfprintf_i.o)
                                 0x13 (size before relaxing)
 .comment       0x00000057        0x0 /usr/share/MRS2/MRS-linux-x64/resources/app/resources/linux/components/WCH/Toolchain/RISC-V Embedded GCC15/bin/../lib/gcc/riscv32-wch-elf/15.2.0/../../../../riscv32-wch-elf/lib/rv32imac_zaamo_zalrsc_zba_zbb_zbc_zbs_zvbb_zve32x_zve64x_zvkb_zvl32b_zvl64b_xw/ilp32/libg_nano.a(libc_a-findfp.o)
                                 0x13 (size before relaxing)
 .comment       0x00000057        0x0 /usr/share/MRS2/MRS-linux-x64/resources/app/resources/linux/components/WCH/Toolchain/RISC-V Embedded GCC15/bin/../lib/gcc/riscv32-wch-elf/15.2.0/../../../../riscv32-wch-elf/lib/rv32imac_zaamo_zalrsc_zba_zbb_zbc_zbs_zvbb_zve32x_zve64x_zvkb_zvl32b_zvl64b_xw/ilp32/libg_nano.a(libc_a-fwalk.o)
                                 0x13 (size before relaxing)
 .comment       0x00000057        0x0 /usr/share/MRS2/MRS-linux-x64/resources/app/resources/linux/components/WCH/Toolchain/RISC-V Embedded GCC15/bin/../lib/gcc/riscv32-wch-elf/15.2.0/../../../../riscv32-wch-elf/lib/rv32imac_zaamo_zalrsc_zba_zbb_zbc_zbs_zvbb_zve32x_zve64x_zvkb_zvl32b_zvl64b_xw/ilp32/libg_nano.a(libc_a-stdio.o)
                                 0x13 (size before relaxing)
 .comment       0x00000057        0x0 /usr/share/MRS2/MRS-linux-x64/resources/app/resources/linux/components/WCH/Toolchain/RISC-V Embedded GCC15/bin/../lib/gcc/riscv32-wch-elf/15.2.0/../../../../riscv32-wch-elf/lib/rv32imac_zaamo_zalrsc_zba_zbb_zbc_zbs_zvbb_zve32x_zve64x_zvkb_zvl32b_zvl64b_xw/ilp32/libg_nano.a(libc_a-wbuf.o)
                                 0x13 (size before relaxing)
 .comment       0x00000057        0x0 /usr/share/MRS2/MRS-linux-x64/resources/app/resources/linux/components/WCH/Toolchain/RISC-V Embedded GCC15/bin/../lib/gcc/riscv32-wch-elf/15.2.0/../../../../riscv32-wch-elf/lib/rv32imac_zaamo_zalrsc_zba_zbb_zbc_zbs_zvbb_zve32x_zve64x_zvkb_zvl32b_zvl64b_xw/ilp32/libg_nano.a(libc_a-wsetup.o)
                                 0x13 (size before relaxing)
 .comment       0x00000057        0x0 /usr/share/MRS2/MRS-linux-x64/resources/app/resources/linux/components/WCH/Toolchain/RISC-V Embedded GCC15/bin/../lib/gcc/riscv32-wch-elf/15.2.0/../../../../riscv32-wch-elf/lib/rv32imac_zaamo_zalrsc_zba_zbb_zbc_zbs_zvbb_zve32x_zve64x_zvkb_zvl32b_zvl64b_xw/ilp32/libg_nano.a(libc_a-memchr.o)
                                 0x13 (size before relaxing)
 .comment       0x00000057        0x0 /usr/share/MRS2/MRS-linux-x64/resources/app/resources/linux/components/WCH/Toolchain/RISC-V Embedded GCC15/bin/../lib/gcc/riscv32-wch-elf/15.2.0/../../../../riscv32-wch-elf/lib/rv32imac_zaamo_zalrsc_zba_zbb_zbc_zbs_zvbb_zve32x_zve64x_zvkb_zvl32b_zvl64b_xw/ilp32/libg_nano.a(libc_a-closer.o)
                                 0x13 (size before relaxing)
 .comment       0x00000057        0x0 /usr/share/MRS2/MRS-linux-x64/resources/app/resources/linux/components/WCH/Toolchain/RISC-V Embedded GCC15/bin/../lib/gcc/riscv32-wch-elf/15.2.0/../../../../riscv32-wch-elf/lib/rv32imac_zaamo_zalrsc_zba_zbb_zbc_zbs_zvbb_zve32x_zve64x_zvkb_zvl32b_zvl64b_xw/ilp32/libg_nano.a(libc_a-reent.o)
                                 0x13 (size before relaxing)
 .comment       0x00000057        0x0 /usr/share/MRS2/MRS-linux-x64/resources/app/resources/linux/components/WCH/Toolchain/RISC-V Embedded GCC15/bin/../lib/gcc/riscv32-wch-elf/15.2.0/../../../../riscv32-wch-elf/lib/rv32imac_zaamo_zalrsc_zba_zbb_zbc_zbs_zvbb_zve32x_zve64x_zvkb_zvl32b_zvl64b_xw/ilp32/libg_nano.a(libc_a-lseekr.o)
                                 0x13 (size before relaxing)
 .comment       0x00000057        0x0 /usr/share/MRS2/MRS-linux-x64/resources/app/resources/linux/components/WCH/Toolchain/RISC-V Embedded GCC15/bin/../lib/gcc/riscv32-wch-elf/15.2.0/../../../../riscv32-wch-elf/lib/rv32imac_zaamo_zalrsc_zba_zbb_zbc_zbs_zvbb_zve32x_zve64x_zvkb_zvl32b_zvl64b_xw/ilp32/libg_nano.a(libc_a-readr.o)
                                 0x13 (size before relaxing)
 .comment       0x00000057        0x0 /usr/share/MRS2/MRS-linux-x64/resources/app/resources/linux/components/WCH/Toolchain/RISC-V Embedded GCC15/bin/../lib/gcc/riscv32-wch-elf/15.2.0/../../../../riscv32-wch-elf/lib/rv32imac_zaamo_zalrsc_zba_zbb_zbc_zbs_zvbb_zve32x_zve64x_zvkb_zvl32b_zvl64b_xw/ilp32/libg_nano.a(libc_a-writer.o)
                                 0x13 (size before relaxing)
 .comment       0x00000057        0x0 /usr/share/MRS2/MRS-linux-x64/resources/app/resources/linux/components/WCH/Toolchain/RISC-V Embedded GCC15/bin/../lib/gcc/riscv32-wch-elf/15.2.0/../../../../riscv32-wch-elf/lib/rv32imac_zaamo_zalrsc_zba_zbb_zbc_zbs_zvbb_zve32x_zve64x_zvkb_zvl32b_zvl64b_xw/ilp32/libg_nano.a(libc_a-freer.o)
                                 0x13 (size before relaxing)
 .comment       0x00000057        0x0 /usr/share/MRS2/MRS-linux-x64/resources/app/resources/linux/components/WCH/Toolchain/RISC-V Embedded GCC15/bin/../lib/gcc/riscv32-wch-elf/15.2.0/../../../../riscv32-wch-elf/lib/rv32imac_zaamo_zalrsc_zba_zbb_zbc_zbs_zvbb_zve32x_zve64x_zvkb_zvl32b_zvl64b_xw/ilp32/libg_nano.a(libc_a-mallocr.o)
                                 0x13 (size before relaxing)
 .comment       0x00000057        0x0 /usr/share/MRS2/MRS-linux-x64/resources/app/resources/linux/components/WCH/Toolchain/RISC-V Embedded GCC15/bin/../lib/gcc/riscv32-wch-elf/15.2.0/../../../../riscv32-wch-elf/lib/rv32imac_zaamo_zalrsc_zba_zbb_zbc_zbs_zvbb_zve32x_zve64x_zvkb_zvl32b_zvl64b_xw/ilp32/libg_nano.a(libc_a-mlock.o)
                                 0x13 (size before relaxing)
 .comment       0x00000057        0x0 /usr/share/MRS2/MRS-linux-x64/resources/app/resources/linux/components/WCH/Toolchain/RISC-V Embedded GCC15/bin/../lib/gcc/riscv32-wch-elf/15.2.0/../../../../riscv32-wch-elf/lib/rv32imac_zaamo_zalrsc_zba_zbb_zbc_zbs_zvbb_zve32x_zve64x_zvkb_zvl32b_zvl64b_xw/ilp32/libg_nano.a(libc_a-fflush.o)
                                 0x13 (size before relaxing)
 .comment       0x00000057        0x0 /usr/share/MRS2/MRS-linux-x64/resources/app/resources/linux/components/WCH/Toolchain/RISC-V Embedded GCC15/bin/../lib/gcc/riscv32-wch-elf/15.2.0/../../../../riscv32-wch-elf/lib/rv32imac_zaamo_zalrsc_zba_zbb_zbc_zbs_zvbb_zve32x_zve64x_zvkb_zvl32b_zvl64b_xw/ilp32/libg_nano.a(libc_a-makebuf.o)
                                 0x13 (size before relaxing)
 .comment       0x00000057        0x0 /usr/share/MRS2/MRS-linux-x64/resources/app/resources/linux/components/WCH/Toolchain/RISC-V Embedded GCC15/bin/../lib/gcc/riscv32-wch-elf/15.2.0/../../../../riscv32-wch-elf/lib/rv32imac_zaamo_zalrsc_zba_zbb_zbc_zbs_zvbb_zve32x_zve64x_zvkb_zvl32b_zvl64b_xw/ilp32/libg_nano.a(libc_a-fstatr.o)
                                 0x13 (size before relaxing)
 .comment       0x00000057        0x0 /usr/share/MRS2/MRS-linux-x64/resources/app/resources/linux/components/WCH/Toolchain/RISC-V Embedded GCC15/bin/../lib/gcc/riscv32-wch-elf/15.2.0/../../../../riscv32-wch-elf/lib/rv32imac_zaamo_zalrsc_zba_zbb_zbc_zbs_zvbb_zve32x_zve64x_zvkb_zvl32b_zvl64b_xw/ilp32/libg_nano.a(libc_a-isattyr.o)
                                 0x13 (size before relaxing)
 .comment       0x00000057        0x0 /usr/share/MRS2/MRS-linux-x64/resources/app/resources/linux/components/WCH/Toolchain/RISC-V Embedded GCC15/bin/../lib/gcc/riscv32-wch-elf/15.2.0/../../../../riscv32-wch-elf/lib/rv32imac_zaamo_zalrsc_zba_zbb_zbc_zbs_zvbb_zve32x_zve64x_zvkb_zvl32b_zvl64b_xw/ilp32/libg_nano.a(libc_a-sbrkr.o)
                                 0x13 (size before relaxing)
 .comment       0x00000057        0x0 /usr/share/MRS2/MRS-linux-x64/resources/app/resources/linux/components/WCH/Toolchain/RISC-V Embedded GCC15/bin/../lib/gcc/riscv32-wch-elf/15.2.0/../../../../riscv32-wch-elf/lib/rv32imac_zaamo_zalrsc_zba_zbb_zbc_zbs_zvbb_zve32x_zve64x_zvkb_zvl32b_zvl64b_xw/ilp32/libnosys.a(close.o)
                                 0x13 (size before relaxing)
 .comment       0x00000057        0x0 /usr/share/MRS2/MRS-linux-x64/resources/app/resources/linux/components/WCH/Toolchain/RISC-V Embedded GCC15/bin/../lib/gcc/riscv32-wch-elf/15.2.0/../../../../riscv32-wch-elf/lib/rv32imac_zaamo_zalrsc_zba_zbb_zbc_zbs_zvbb_zve32x_zve64x_zvkb_zvl32b_zvl64b_xw/ilp32/libnosys.a(fstat.o)
                                 0x13 (size before relaxing)
 .comment       0x00000057        0x0 /usr/share/MRS2/MRS-linux-x64/resources/app/resources/linux/components/WCH/Toolchain/RISC-V Embedded GCC15/bin/../lib/gcc/riscv32-wch-elf/15.2.0/../../../../riscv32-wch-elf/lib/rv32imac_zaamo_zalrsc_zba_zbb_zbc_zbs_zvbb_zve32x_zve64x_zvkb_zvl32b_zvl64b_xw/ilp32/libnosys.a(isatty.o)
                                 0x13 (size before relaxing)
 .comment       0x00000057        0x0 /usr/share/MRS2/MRS-linux-x64/resources/app/resources/linux/components/WCH/Toolchain/RISC-V Embedded GCC15/bin/../lib/gcc/riscv32-wch-elf/15.2.0/../../../../riscv32-wch-elf/lib/rv32imac_zaamo_zalrsc_zba_zbb_zbc_zbs_zvbb_zve32x_zve64x_zvkb_zvl32b_zvl64b_xw/ilp32/libnosys.a(lseek.o)
                                 0x13 (size before relaxing)
 .comment       0x00000057        0x0 /usr/share/MRS2/MRS-linux-x64/resources/app/resources/linux/components/WCH/Toolchain/RISC-V Embedded GCC15/bin/../lib/gcc/riscv32-wch-elf/15.2.0/../../../../riscv32-wch-elf/lib/rv32imac_zaamo_zalrsc_zba_zbb_zbc_zbs_zvbb_zve32x_zve64x_zvkb_zvl32b_zvl64b_xw/ilp32/libnosys.a(read.o)
                                 0x13 (size before relaxing)

.note.GNU-stack
                0x00000000        0x0
 .note.GNU-stack
                0x00000000        0x0 ./User/cart.o
 .note.GNU-stack
                0x00000000        0x0 ./User/ch32v4x7_it.o
 .note.GNU-stack
                0x00000000        0x0 ./User/hello_rom.o
 .note.GNU-stack
                0x00000000        0x0 ./User/main.o
 .note.GNU-stack
                0x00000000        0x0 ./User/psram.o
 .note.GNU-stack
                0x00000000        0x0 ./User/system_ch32v4x7.o
 .note.GNU-stack
                0x00000000        0x0 ./Peripheral/src/ch32v4x7_dbgmcu.o
 .note.GNU-stack
                0x00000000        0x0 ./Peripheral/src/ch32v4x7_gpio.o
 .note.GNU-stack
                0x00000000        0x0 ./Peripheral/src/ch32v4x7_psram.o
 .note.GNU-stack
                0x00000000        0x0 ./Peripheral/src/ch32v4x7_rcc.o
 .note.GNU-stack
                0x00000000        0x0 ./Peripheral/src/ch32v4x7_usart.o
 .note.GNU-stack
                0x00000000        0x0 ./Debug/debug.o
 .note.GNU-stack
                0x00000000        0x0 /usr/share/MRS2/MRS-linux-x64/resources/app/resources/linux/components/WCH/Toolchain/RISC-V Embedded GCC15/bin/../lib/gcc/riscv32-wch-elf/15.2.0/rv32imac_zaamo_zalrsc_zba_zbb_zbc_zbs_zvbb_zve32x_zve64x_zvkb_zvl32b_zvl64b_xw/ilp32/libgcc.a(_udivdi3.o)
 .note.GNU-stack
                0x00000000        0x0 /usr/share/MRS2/MRS-linux-x64/resources/app/resources/linux/components/WCH/Toolchain/RISC-V Embedded GCC15/bin/../lib/gcc/riscv32-wch-elf/15.2.0/rv32imac_zaamo_zalrsc_zba_zbb_zbc_zbs_zvbb_zve32x_zve64x_zvkb_zvl32b_zvl64b_xw/ilp32/libgcc.a(_clz.o)
 .note.GNU-stack
                0x00000000        0x0 /usr/share/MRS2/MRS-linux-x64/resources/app/resources/linux/components/WCH/Toolchain/RISC-V Embedded GCC15/bin/../lib/gcc/riscv32-wch-elf/15.2.0/../../../../riscv32-wch-elf/lib/rv32imac_zaamo_zalrsc_zba_zbb_zbc_zbs_zvbb_zve32x_zve64x_zvkb_zvl32b_zvl64b_xw/ilp32/libg_nano.a(libc_a-printf.o)
 .note.GNU-stack
                0x00000000        0x0 /usr/share/MRS2/MRS-linux-x64/resources/app/resources/linux/components/WCH/Toolchain/RISC-V Embedded GCC15/bin/../lib/gcc/riscv32-wch-elf/15.2.0/../../../../riscv32-wch-elf/lib/rv32imac_zaamo_zalrsc_zba_zbb_zbc_zbs_zvbb_zve32x_zve64x_zvkb_zvl32b_zvl64b_xw/ilp32/libg_nano.a(libc_a-memcmp.o)
 .note.GNU-stack
                0x00000000        0x0 /usr/share/MRS2/MRS-linux-x64/resources/app/resources/linux/components/WCH/Toolchain/RISC-V Embedded GCC15/bin/../lib/gcc/riscv32-wch-elf/15.2.0/../../../../riscv32-wch-elf/lib/rv32imac_zaamo_zalrsc_zba_zbb_zbc_zbs_zvbb_zve32x_zve64x_zvkb_zvl32b_zvl64b_xw/ilp32/libg_nano.a(libc_a-impure.o)
 .note.GNU-stack
                0x00000000        0x0 /usr/share/MRS2/MRS-linux-x64/resources/app/resources/linux/components/WCH/Toolchain/RISC-V Embedded GCC15/bin/../lib/gcc/riscv32-wch-elf/15.2.0/../../../../riscv32-wch-elf/lib/rv32imac_zaamo_zalrsc_zba_zbb_zbc_zbs_zvbb_zve32x_zve64x_zvkb_zvl32b_zvl64b_xw/ilp32/libg_nano.a(libc_a-nano-vfprintf.o)
 .note.GNU-stack
                0x00000000        0x0 /usr/share/MRS2/MRS-linux-x64/resources/app/resources/linux/components/WCH/Toolchain/RISC-V Embedded GCC15/bin/../lib/gcc/riscv32-wch-elf/15.2.0/../../../../riscv32-wch-elf/lib/rv32imac_zaamo_zalrsc_zba_zbb_zbc_zbs_zvbb_zve32x_zve64x_zvkb_zvl32b_zvl64b_xw/ilp32/libg_nano.a(libc_a-nano-vfprintf_i.o)
 .note.GNU-stack
                0x00000000        0x0 /usr/share/MRS2/MRS-linux-x64/resources/app/resources/linux/components/WCH/Toolchain/RISC-V Embedded GCC15/bin/../lib/gcc/riscv32-wch-elf/15.2.0/../../../../riscv32-wch-elf/lib/rv32imac_zaamo_zalrsc_zba_zbb_zbc_zbs_zvbb_zve32x_zve64x_zvkb_zvl32b_zvl64b_xw/ilp32/libg_nano.a(libc_a-findfp.o)
 .note.GNU-stack
                0x00000000        0x0 /usr/share/MRS2/MRS-linux-x64/resources/app/resources/linux/components/WCH/Toolchain/RISC-V Embedded GCC15/bin/../lib/gcc/riscv32-wch-elf/15.2.0/../../../../riscv32-wch-elf/lib/rv32imac_zaamo_zalrsc_zba_zbb_zbc_zbs_zvbb_zve32x_zve64x_zvkb_zvl32b_zvl64b_xw/ilp32/libg_nano.a(libc_a-fwalk.o)
 .note.GNU-stack
                0x00000000        0x0 /usr/share/MRS2/MRS-linux-x64/resources/app/resources/linux/components/WCH/Toolchain/RISC-V Embedded GCC15/bin/../lib/gcc/riscv32-wch-elf/15.2.0/../../../../riscv32-wch-elf/lib/rv32imac_zaamo_zalrsc_zba_zbb_zbc_zbs_zvbb_zve32x_zve64x_zvkb_zvl32b_zvl64b_xw/ilp32/libg_nano.a(libc_a-stdio.o)
 .note.GNU-stack
                0x00000000        0x0 /usr/share/MRS2/MRS-linux-x64/resources/app/resources/linux/components/WCH/Toolchain/RISC-V Embedded GCC15/bin/../lib/gcc/riscv32-wch-elf/15.2.0/../../../../riscv32-wch-elf/lib/rv32imac_zaamo_zalrsc_zba_zbb_zbc_zbs_zvbb_zve32x_zve64x_zvkb_zvl32b_zvl64b_xw/ilp32/libg_nano.a(libc_a-wbuf.o)
 .note.GNU-stack
                0x00000000        0x0 /usr/share/MRS2/MRS-linux-x64/resources/app/resources/linux/components/WCH/Toolchain/RISC-V Embedded GCC15/bin/../lib/gcc/riscv32-wch-elf/15.2.0/../../../../riscv32-wch-elf/lib/rv32imac_zaamo_zalrsc_zba_zbb_zbc_zbs_zvbb_zve32x_zve64x_zvkb_zvl32b_zvl64b_xw/ilp32/libg_nano.a(libc_a-wsetup.o)
 .note.GNU-stack
                0x00000000        0x0 /usr/share/MRS2/MRS-linux-x64/resources/app/resources/linux/components/WCH/Toolchain/RISC-V Embedded GCC15/bin/../lib/gcc/riscv32-wch-elf/15.2.0/../../../../riscv32-wch-elf/lib/rv32imac_zaamo_zalrsc_zba_zbb_zbc_zbs_zvbb_zve32x_zve64x_zvkb_zvl32b_zvl64b_xw/ilp32/libg_nano.a(libc_a-memchr.o)
 .note.GNU-stack
                0x00000000        0x0 /usr/share/MRS2/MRS-linux-x64/resources/app/resources/linux/components/WCH/Toolchain/RISC-V Embedded GCC15/bin/../lib/gcc/riscv32-wch-elf/15.2.0/../../../../riscv32-wch-elf/lib/rv32imac_zaamo_zalrsc_zba_zbb_zbc_zbs_zvbb_zve32x_zve64x_zvkb_zvl32b_zvl64b_xw/ilp32/libg_nano.a(libc_a-closer.o)
 .note.GNU-stack
                0x00000000        0x0 /usr/share/MRS2/MRS-linux-x64/resources/app/resources/linux/components/WCH/Toolchain/RISC-V Embedded GCC15/bin/../lib/gcc/riscv32-wch-elf/15.2.0/../../../../riscv32-wch-elf/lib/rv32imac_zaamo_zalrsc_zba_zbb_zbc_zbs_zvbb_zve32x_zve64x_zvkb_zvl32b_zvl64b_xw/ilp32/libg_nano.a(libc_a-reent.o)
 .note.GNU-stack
                0x00000000        0x0 /usr/share/MRS2/MRS-linux-x64/resources/app/resources/linux/components/WCH/Toolchain/RISC-V Embedded GCC15/bin/../lib/gcc/riscv32-wch-elf/15.2.0/../../../../riscv32-wch-elf/lib/rv32imac_zaamo_zalrsc_zba_zbb_zbc_zbs_zvbb_zve32x_zve64x_zvkb_zvl32b_zvl64b_xw/ilp32/libg_nano.a(libc_a-lseekr.o)
 .note.GNU-stack
                0x00000000        0x0 /usr/share/MRS2/MRS-linux-x64/resources/app/resources/linux/components/WCH/Toolchain/RISC-V Embedded GCC15/bin/../lib/gcc/riscv32-wch-elf/15.2.0/../../../../riscv32-wch-elf/lib/rv32imac_zaamo_zalrsc_zba_zbb_zbc_zbs_zvbb_zve32x_zve64x_zvkb_zvl32b_zvl64b_xw/ilp32/libg_nano.a(libc_a-readr.o)
 .note.GNU-stack
                0x00000000        0x0 /usr/share/MRS2/MRS-linux-x64/resources/app/resources/linux/components/WCH/Toolchain/RISC-V Embedded GCC15/bin/../lib/gcc/riscv32-wch-elf/15.2.0/../../../../riscv32-wch-elf/lib/rv32imac_zaamo_zalrsc_zba_zbb_zbc_zbs_zvbb_zve32x_zve64x_zvkb_zvl32b_zvl64b_xw/ilp32/libg_nano.a(libc_a-writer.o)
 .note.GNU-stack
                0x00000000        0x0 /usr/share/MRS2/MRS-linux-x64/resources/app/resources/linux/components/WCH/Toolchain/RISC-V Embedded GCC15/bin/../lib/gcc/riscv32-wch-elf/15.2.0/../../../../riscv32-wch-elf/lib/rv32imac_zaamo_zalrsc_zba_zbb_zbc_zbs_zvbb_zve32x_zve64x_zvkb_zvl32b_zvl64b_xw/ilp32/libg_nano.a(libc_a-freer.o)
 .note.GNU-stack
                0x00000000        0x0 /usr/share/MRS2/MRS-linux-x64/resources/app/resources/linux/components/WCH/Toolchain/RISC-V Embedded GCC15/bin/../lib/gcc/riscv32-wch-elf/15.2.0/../../../../riscv32-wch-elf/lib/rv32imac_zaamo_zalrsc_zba_zbb_zbc_zbs_zvbb_zve32x_zve64x_zvkb_zvl32b_zvl64b_xw/ilp32/libg_nano.a(libc_a-mallocr.o)
 .note.GNU-stack
                0x00000000        0x0 /usr/share/MRS2/MRS-linux-x64/resources/app/resources/linux/components/WCH/Toolchain/RISC-V Embedded GCC15/bin/../lib/gcc/riscv32-wch-elf/15.2.0/../../../../riscv32-wch-elf/lib/rv32imac_zaamo_zalrsc_zba_zbb_zbc_zbs_zvbb_zve32x_zve64x_zvkb_zvl32b_zvl64b_xw/ilp32/libg_nano.a(libc_a-mlock.o)
 .note.GNU-stack
                0x00000000        0x0 /usr/share/MRS2/MRS-linux-x64/resources/app/resources/linux/components/WCH/Toolchain/RISC-V Embedded GCC15/bin/../lib/gcc/riscv32-wch-elf/15.2.0/../../../../riscv32-wch-elf/lib/rv32imac_zaamo_zalrsc_zba_zbb_zbc_zbs_zvbb_zve32x_zve64x_zvkb_zvl32b_zvl64b_xw/ilp32/libg_nano.a(libc_a-fflush.o)
 .note.GNU-stack
                0x00000000        0x0 /usr/share/MRS2/MRS-linux-x64/resources/app/resources/linux/components/WCH/Toolchain/RISC-V Embedded GCC15/bin/../lib/gcc/riscv32-wch-elf/15.2.0/../../../../riscv32-wch-elf/lib/rv32imac_zaamo_zalrsc_zba_zbb_zbc_zbs_zvbb_zve32x_zve64x_zvkb_zvl32b_zvl64b_xw/ilp32/libg_nano.a(libc_a-makebuf.o)
 .note.GNU-stack
                0x00000000        0x0 /usr/share/MRS2/MRS-linux-x64/resources/app/resources/linux/components/WCH/Toolchain/RISC-V Embedded GCC15/bin/../lib/gcc/riscv32-wch-elf/15.2.0/../../../../riscv32-wch-elf/lib/rv32imac_zaamo_zalrsc_zba_zbb_zbc_zbs_zvbb_zve32x_zve64x_zvkb_zvl32b_zvl64b_xw/ilp32/libg_nano.a(libc_a-fstatr.o)
 .note.GNU-stack
                0x00000000        0x0 /usr/share/MRS2/MRS-linux-x64/resources/app/resources/linux/components/WCH/Toolchain/RISC-V Embedded GCC15/bin/../lib/gcc/riscv32-wch-elf/15.2.0/../../../../riscv32-wch-elf/lib/rv32imac_zaamo_zalrsc_zba_zbb_zbc_zbs_zvbb_zve32x_zve64x_zvkb_zvl32b_zvl64b_xw/ilp32/libg_nano.a(libc_a-isattyr.o)
 .note.GNU-stack
                0x00000000        0x0 /usr/share/MRS2/MRS-linux-x64/resources/app/resources/linux/components/WCH/Toolchain/RISC-V Embedded GCC15/bin/../lib/gcc/riscv32-wch-elf/15.2.0/../../../../riscv32-wch-elf/lib/rv32imac_zaamo_zalrsc_zba_zbb_zbc_zbs_zvbb_zve32x_zve64x_zvkb_zvl32b_zvl64b_xw/ilp32/libg_nano.a(libc_a-sbrkr.o)
 .note.GNU-stack
                0x00000000        0x0 /usr/share/MRS2/MRS-linux-x64/resources/app/resources/linux/components/WCH/Toolchain/RISC-V Embedded GCC15/bin/../lib/gcc/riscv32-wch-elf/15.2.0/../../../../riscv32-wch-elf/lib/rv32imac_zaamo_zalrsc_zba_zbb_zbc_zbs_zvbb_zve32x_zve64x_zvkb_zvl32b_zvl64b_xw/ilp32/libnosys.a(close.o)
 .note.GNU-stack
                0x00000000        0x0 /usr/share/MRS2/MRS-linux-x64/resources/app/resources/linux/components/WCH/Toolchain/RISC-V Embedded GCC15/bin/../lib/gcc/riscv32-wch-elf/15.2.0/../../../../riscv32-wch-elf/lib/rv32imac_zaamo_zalrsc_zba_zbb_zbc_zbs_zvbb_zve32x_zve64x_zvkb_zvl32b_zvl64b_xw/ilp32/libnosys.a(fstat.o)
 .note.GNU-stack
                0x00000000        0x0 /usr/share/MRS2/MRS-linux-x64/resources/app/resources/linux/components/WCH/Toolchain/RISC-V Embedded GCC15/bin/../lib/gcc/riscv32-wch-elf/15.2.0/../../../../riscv32-wch-elf/lib/rv32imac_zaamo_zalrsc_zba_zbb_zbc_zbs_zvbb_zve32x_zve64x_zvkb_zvl32b_zvl64b_xw/ilp32/libnosys.a(isatty.o)
 .note.GNU-stack
                0x00000000        0x0 /usr/share/MRS2/MRS-linux-x64/resources/app/resources/linux/components/WCH/Toolchain/RISC-V Embedded GCC15/bin/../lib/gcc/riscv32-wch-elf/15.2.0/../../../../riscv32-wch-elf/lib/rv32imac_zaamo_zalrsc_zba_zbb_zbc_zbs_zvbb_zve32x_zve64x_zvkb_zvl32b_zvl64b_xw/ilp32/libnosys.a(lseek.o)
 .note.GNU-stack
                0x00000000        0x0 /usr/share/MRS2/MRS-linux-x64/resources/app/resources/linux/components/WCH/Toolchain/RISC-V Embedded GCC15/bin/../lib/gcc/riscv32-wch-elf/15.2.0/../../../../riscv32-wch-elf/lib/rv32imac_zaamo_zalrsc_zba_zbb_zbc_zbs_zvbb_zve32x_zve64x_zvkb_zvl32b_zvl64b_xw/ilp32/libnosys.a(read.o)

.riscv.attributes
                0x00000000       0xad
 .riscv.attributes
                0x00000000       0xad ./User/cart.o
 .riscv.attributes
                0x000000ad       0xad ./User/ch32v4x7_it.o
 .riscv.attributes
                0x0000015a       0xad ./User/hello_rom.o
 .riscv.attributes
                0x00000207       0xad ./User/main.o
 .riscv.attributes
                0x000002b4       0xad ./User/psram.o
 .riscv.attributes
                0x00000361       0xad ./User/system_ch32v4x7.o
 .riscv.attributes
                0x0000040e       0xad ./Peripheral/src/ch32v4x7_dbgmcu.o
 .riscv.attributes
                0x000004bb       0xad ./Peripheral/src/ch32v4x7_gpio.o
 .riscv.attributes
                0x00000568       0xad ./Peripheral/src/ch32v4x7_psram.o
 .riscv.attributes
                0x00000615       0xad ./Peripheral/src/ch32v4x7_rcc.o
 .riscv.attributes
                0x000006c2       0xad ./Peripheral/src/ch32v4x7_usart.o
 .riscv.attributes
                0x0000076f       0xad ./Debug/debug.o
 .riscv.attributes
                0x0000081c       0xad /usr/share/MRS2/MRS-linux-x64/resources/app/resources/linux/components/WCH/Toolchain/RISC-V Embedded GCC15/bin/../lib/gcc/riscv32-wch-elf/15.2.0/rv32imac_zaamo_zalrsc_zba_zbb_zbc_zbs_zvbb_zve32x_zve64x_zvkb_zvl32b_zvl64b_xw/ilp32/libgcc.a(_udivdi3.o)
 .riscv.attributes
                0x000008c9       0xad /usr/share/MRS2/MRS-linux-x64/resources/app/resources/linux/components/WCH/Toolchain/RISC-V Embedded GCC15/bin/../lib/gcc/riscv32-wch-elf/15.2.0/rv32imac_zaamo_zalrsc_zba_zbb_zbc_zbs_zvbb_zve32x_zve64x_zvkb_zvl32b_zvl64b_xw/ilp32/libgcc.a(_clz.o)
 .riscv.attributes
                0x00000976       0xad /usr/share/MRS2/MRS-linux-x64/resources/app/resources/linux/components/WCH/Toolchain/RISC-V Embedded GCC15/bin/../lib/gcc/riscv32-wch-elf/15.2.0/../../../../riscv32-wch-elf/lib/rv32imac_zaamo_zalrsc_zba_zbb_zbc_zbs_zvbb_zve32x_zve64x_zvkb_zvl32b_zvl64b_xw/ilp32/libg_nano.a(libc_a-printf.o)
 .riscv.attributes
                0x00000a23       0xad /usr/share/MRS2/MRS-linux-x64/resources/app/resources/linux/components/WCH/Toolchain/RISC-V Embedded GCC15/bin/../lib/gcc/riscv32-wch-elf/15.2.0/../../../../riscv32-wch-elf/lib/rv32imac_zaamo_zalrsc_zba_zbb_zbc_zbs_zvbb_zve32x_zve64x_zvkb_zvl32b_zvl64b_xw/ilp32/libg_nano.a(libc_a-memcmp.o)
 .riscv.attributes
                0x00000ad0       0xad /usr/share/MRS2/MRS-linux-x64/resources/app/resources/linux/components/WCH/Toolchain/RISC-V Embedded GCC15/bin/../lib/gcc/riscv32-wch-elf/15.2.0/../../../../riscv32-wch-elf/lib/rv32imac_zaamo_zalrsc_zba_zbb_zbc_zbs_zvbb_zve32x_zve64x_zvkb_zvl32b_zvl64b_xw/ilp32/libg_nano.a(libc_a-impure.o)
 .riscv.attributes
                0x00000b7d       0xad /usr/share/MRS2/MRS-linux-x64/resources/app/resources/linux/components/WCH/Toolchain/RISC-V Embedded GCC15/bin/../lib/gcc/riscv32-wch-elf/15.2.0/../../../../riscv32-wch-elf/lib/rv32imac_zaamo_zalrsc_zba_zbb_zbc_zbs_zvbb_zve32x_zve64x_zvkb_zvl32b_zvl64b_xw/ilp32/libg_nano.a(libc_a-nano-vfprintf.o)
 .riscv.attributes
                0x00000c2a       0xad /usr/share/MRS2/MRS-linux-x64/resources/app/resources/linux/components/WCH/Toolchain/RISC-V Embedded GCC15/bin/../lib/gcc/riscv32-wch-elf/15.2.0/../../../../riscv32-wch-elf/lib/rv32imac_zaamo_zalrsc_zba_zbb_zbc_zbs_zvbb_zve32x_zve64x_zvkb_zvl32b_zvl64b_xw/ilp32/libg_nano.a(libc_a-nano-vfprintf_i.o)
 .riscv.attributes
                0x00000cd7       0xad /usr/share/MRS2/MRS-linux-x64/resources/app/resources/linux/components/WCH/Toolchain/RISC-V Embedded GCC15/bin/../lib/gcc/riscv32-wch-elf/15.2.0/../../../../riscv32-wch-elf/lib/rv32imac_zaamo_zalrsc_zba_zbb_zbc_zbs_zvbb_zve32x_zve64x_zvkb_zvl32b_zvl64b_xw/ilp32/libg_nano.a(libc_a-findfp.o)
 .riscv.attributes
                0x00000d84       0xad /usr/share/MRS2/MRS-linux-x64/resources/app/resources/linux/components/WCH/Toolchain/RISC-V Embedded GCC15/bin/../lib/gcc/riscv32-wch-elf/15.2.0/../../../../riscv32-wch-elf/lib/rv32imac_zaamo_zalrsc_zba_zbb_zbc_zbs_zvbb_zve32x_zve64x_zvkb_zvl32b_zvl64b_xw/ilp32/libg_nano.a(libc_a-fwalk.o)
 .riscv.attributes
                0x00000e31       0xad /usr/share/MRS2/MRS-linux-x64/resources/app/resources/linux/components/WCH/Toolchain/RISC-V Embedded GCC15/bin/../lib/gcc/riscv32-wch-elf/15.2.0/../../../../riscv32-wch-elf/lib/rv32imac_zaamo_zalrsc_zba_zbb_zbc_zbs_zvbb_zve32x_zve64x_zvkb_zvl32b_zvl64b_xw/ilp32/libg_nano.a(libc_a-stdio.o)
 .riscv.attributes
                0x00000ede       0xad /usr/share/MRS2/MRS-linux-x64/resources/app/resources/linux/components/WCH/Toolchain/RISC-V Embedded GCC15/bin/../lib/gcc/riscv32-wch-elf/15.2.0/../../../../riscv32-wch-elf/lib/rv32imac_zaamo_zalrsc_zba_zbb_zbc_zbs_zvbb_zve32x_zve64x_zvkb_zvl32b_zvl64b_xw/ilp32/libg_nano.a(libc_a-wbuf.o)
 .riscv.attributes
                0x00000f8b       0xad /usr/share/MRS2/MRS-linux-x64/resources/app/resources/linux/components/WCH/Toolchain/RISC-V Embedded GCC15/bin/../lib/gcc/riscv32-wch-elf/15.2.0/../../../../riscv32-wch-elf/lib/rv32imac_zaamo_zalrsc_zba_zbb_zbc_zbs_zvbb_zve32x_zve64x_zvkb_zvl32b_zvl64b_xw/ilp32/libg_nano.a(libc_a-wsetup.o)
 .riscv.attributes
                0x00001038       0xad /usr/share/MRS2/MRS-linux-x64/resources/app/resources/linux/components/WCH/Toolchain/RISC-V Embedded GCC15/bin/../lib/gcc/riscv32-wch-elf/15.2.0/../../../../riscv32-wch-elf/lib/rv32imac_zaamo_zalrsc_zba_zbb_zbc_zbs_zvbb_zve32x_zve64x_zvkb_zvl32b_zvl64b_xw/ilp32/libg_nano.a(libc_a-memchr.o)
 .riscv.attributes
                0x000010e5       0xad /usr/share/MRS2/MRS-linux-x64/resources/app/resources/linux/components/WCH/Toolchain/RISC-V Embedded GCC15/bin/../lib/gcc/riscv32-wch-elf/15.2.0/../../../../riscv32-wch-elf/lib/rv32imac_zaamo_zalrsc_zba_zbb_zbc_zbs_zvbb_zve32x_zve64x_zvkb_zvl32b_zvl64b_xw/ilp32/libg_nano.a(libc_a-closer.o)
 .riscv.attributes
                0x00001192       0xad /usr/share/MRS2/MRS-linux-x64/resources/app/resources/linux/components/WCH/Toolchain/RISC-V Embedded GCC15/bin/../lib/gcc/riscv32-wch-elf/15.2.0/../../../../riscv32-wch-elf/lib/rv32imac_zaamo_zalrsc_zba_zbb_zbc_zbs_zvbb_zve32x_zve64x_zvkb_zvl32b_zvl64b_xw/ilp32/libg_nano.a(libc_a-reent.o)
 .riscv.attributes
                0x0000123f       0xad /usr/share/MRS2/MRS-linux-x64/resources/app/resources/linux/components/WCH/Toolchain/RISC-V Embedded GCC15/bin/../lib/gcc/riscv32-wch-elf/15.2.0/../../../../riscv32-wch-elf/lib/rv32imac_zaamo_zalrsc_zba_zbb_zbc_zbs_zvbb_zve32x_zve64x_zvkb_zvl32b_zvl64b_xw/ilp32/libg_nano.a(libc_a-lseekr.o)
 .riscv.attributes
                0x000012ec       0xad /usr/share/MRS2/MRS-linux-x64/resources/app/resources/linux/components/WCH/Toolchain/RISC-V Embedded GCC15/bin/../lib/gcc/riscv32-wch-elf/15.2.0/../../../../riscv32-wch-elf/lib/rv32imac_zaamo_zalrsc_zba_zbb_zbc_zbs_zvbb_zve32x_zve64x_zvkb_zvl32b_zvl64b_xw/ilp32/libg_nano.a(libc_a-readr.o)
 .riscv.attributes
                0x00001399       0xad /usr/share/MRS2/MRS-linux-x64/resources/app/resources/linux/components/WCH/Toolchain/RISC-V Embedded GCC15/bin/../lib/gcc/riscv32-wch-elf/15.2.0/../../../../riscv32-wch-elf/lib/rv32imac_zaamo_zalrsc_zba_zbb_zbc_zbs_zvbb_zve32x_zve64x_zvkb_zvl32b_zvl64b_xw/ilp32/libg_nano.a(libc_a-writer.o)
 .riscv.attributes
                0x00001446       0xad /usr/share/MRS2/MRS-linux-x64/resources/app/resources/linux/components/WCH/Toolchain/RISC-V Embedded GCC15/bin/../lib/gcc/riscv32-wch-elf/15.2.0/../../../../riscv32-wch-elf/lib/rv32imac_zaamo_zalrsc_zba_zbb_zbc_zbs_zvbb_zve32x_zve64x_zvkb_zvl32b_zvl64b_xw/ilp32/libg_nano.a(libc_a-freer.o)
 .riscv.attributes
                0x000014f3       0xad /usr/share/MRS2/MRS-linux-x64/resources/app/resources/linux/components/WCH/Toolchain/RISC-V Embedded GCC15/bin/../lib/gcc/riscv32-wch-elf/15.2.0/../../../../riscv32-wch-elf/lib/rv32imac_zaamo_zalrsc_zba_zbb_zbc_zbs_zvbb_zve32x_zve64x_zvkb_zvl32b_zvl64b_xw/ilp32/libg_nano.a(libc_a-mallocr.o)
 .riscv.attributes
                0x000015a0       0xad /usr/share/MRS2/MRS-linux-x64/resources/app/resources/linux/components/WCH/Toolchain/RISC-V Embedded GCC15/bin/../lib/gcc/riscv32-wch-elf/15.2.0/../../../../riscv32-wch-elf/lib/rv32imac_zaamo_zalrsc_zba_zbb_zbc_zbs_zvbb_zve32x_zve64x_zvkb_zvl32b_zvl64b_xw/ilp32/libg_nano.a(libc_a-mlock.o)
 .riscv.attributes
                0x0000164d       0xad /usr/share/MRS2/MRS-linux-x64/resources/app/resources/linux/components/WCH/Toolchain/RISC-V Embedded GCC15/bin/../lib/gcc/riscv32-wch-elf/15.2.0/../../../../riscv32-wch-elf/lib/rv32imac_zaamo_zalrsc_zba_zbb_zbc_zbs_zvbb_zve32x_zve64x_zvkb_zvl32b_zvl64b_xw/ilp32/libg_nano.a(libc_a-fflush.o)
 .riscv.attributes
                0x000016fa       0xad /usr/share/MRS2/MRS-linux-x64/resources/app/resources/linux/components/WCH/Toolchain/RISC-V Embedded GCC15/bin/../lib/gcc/riscv32-wch-elf/15.2.0/../../../../riscv32-wch-elf/lib/rv32imac_zaamo_zalrsc_zba_zbb_zbc_zbs_zvbb_zve32x_zve64x_zvkb_zvl32b_zvl64b_xw/ilp32/libg_nano.a(libc_a-makebuf.o)
 .riscv.attributes
                0x000017a7       0xad /usr/share/MRS2/MRS-linux-x64/resources/app/resources/linux/components/WCH/Toolchain/RISC-V Embedded GCC15/bin/../lib/gcc/riscv32-wch-elf/15.2.0/../../../../riscv32-wch-elf/lib/rv32imac_zaamo_zalrsc_zba_zbb_zbc_zbs_zvbb_zve32x_zve64x_zvkb_zvl32b_zvl64b_xw/ilp32/libg_nano.a(libc_a-fstatr.o)
 .riscv.attributes
                0x00001854       0xad /usr/share/MRS2/MRS-linux-x64/resources/app/resources/linux/components/WCH/Toolchain/RISC-V Embedded GCC15/bin/../lib/gcc/riscv32-wch-elf/15.2.0/../../../../riscv32-wch-elf/lib/rv32imac_zaamo_zalrsc_zba_zbb_zbc_zbs_zvbb_zve32x_zve64x_zvkb_zvl32b_zvl64b_xw/ilp32/libg_nano.a(libc_a-isattyr.o)
 .riscv.attributes
                0x00001901       0xad /usr/share/MRS2/MRS-linux-x64/resources/app/resources/linux/components/WCH/Toolchain/RISC-V Embedded GCC15/bin/../lib/gcc/riscv32-wch-elf/15.2.0/../../../../riscv32-wch-elf/lib/rv32imac_zaamo_zalrsc_zba_zbb_zbc_zbs_zvbb_zve32x_zve64x_zvkb_zvl32b_zvl64b_xw/ilp32/libg_nano.a(libc_a-sbrkr.o)
 .riscv.attributes
                0x000019ae       0xad /usr/share/MRS2/MRS-linux-x64/resources/app/resources/linux/components/WCH/Toolchain/RISC-V Embedded GCC15/bin/../lib/gcc/riscv32-wch-elf/15.2.0/../../../../riscv32-wch-elf/lib/rv32imac_zaamo_zalrsc_zba_zbb_zbc_zbs_zvbb_zve32x_zve64x_zvkb_zvl32b_zvl64b_xw/ilp32/libnosys.a(close.o)
 .riscv.attributes
                0x00001a5b       0xad /usr/share/MRS2/MRS-linux-x64/resources/app/resources/linux/components/WCH/Toolchain/RISC-V Embedded GCC15/bin/../lib/gcc/riscv32-wch-elf/15.2.0/../../../../riscv32-wch-elf/lib/rv32imac_zaamo_zalrsc_zba_zbb_zbc_zbs_zvbb_zve32x_zve64x_zvkb_zvl32b_zvl64b_xw/ilp32/libnosys.a(fstat.o)
 .riscv.attributes
                0x00001b08       0xad /usr/share/MRS2/MRS-linux-x64/resources/app/resources/linux/components/WCH/Toolchain/RISC-V Embedded GCC15/bin/../lib/gcc/riscv32-wch-elf/15.2.0/../../../../riscv32-wch-elf/lib/rv32imac_zaamo_zalrsc_zba_zbb_zbc_zbs_zvbb_zve32x_zve64x_zvkb_zvl32b_zvl64b_xw/ilp32/libnosys.a(isatty.o)
 .riscv.attributes
                0x00001bb5       0xad /usr/share/MRS2/MRS-linux-x64/resources/app/resources/linux/components/WCH/Toolchain/RISC-V Embedded GCC15/bin/../lib/gcc/riscv32-wch-elf/15.2.0/../../../../riscv32-wch-elf/lib/rv32imac_zaamo_zalrsc_zba_zbb_zbc_zbs_zvbb_zve32x_zve64x_zvkb_zvl32b_zvl64b_xw/ilp32/libnosys.a(lseek.o)
 .riscv.attributes
                0x00001c62       0xad /usr/share/MRS2/MRS-linux-x64/resources/app/resources/linux/components/WCH/Toolchain/RISC-V Embedded GCC15/bin/../lib/gcc/riscv32-wch-elf/15.2.0/../../../../riscv32-wch-elf/lib/rv32imac_zaamo_zalrsc_zba_zbb_zbc_zbs_zvbb_zve32x_zve64x_zvkb_zvl32b_zvl64b_xw/ilp32/libnosys.a(read.o)

.debug_frame    0x00000000      0xb34
 .debug_frame   0x00000000       0x7c ./User/cart.o
 .debug_frame   0x0000007c       0x30 ./User/ch32v4x7_it.o
 .debug_frame   0x000000ac       0x2c ./User/main.o
 .debug_frame   0x000000d8       0xa4 ./User/psram.o
 .debug_frame   0x0000017c       0x44 ./User/system_ch32v4x7.o
 .debug_frame   0x000001c0       0x70 ./Peripheral/src/ch32v4x7_dbgmcu.o
 .debug_frame   0x00000230      0x15c ./Peripheral/src/ch32v4x7_gpio.o
 .debug_frame   0x0000038c      0x1fc ./Peripheral/src/ch32v4x7_psram.o
 .debug_frame   0x00000588      0x304 ./Peripheral/src/ch32v4x7_rcc.o
 .debug_frame   0x0000088c      0x1f4 ./Peripheral/src/ch32v4x7_usart.o