                                      1 
                                      2 	.module crt0
                                      3 	.globl	_main
                                      4 
                                      5 	.area	_HEADER (ABS)
                                      6 
      004000                          7 	.org	0x4000
                                      8 
                                      9 	;; --- MSX ROM header (16 bytes) ---
      004000 41 42                   10 	.db	0x41, 0x42
      004002r10r40                   11 	.dw	init
      004004 00 00                   12 	.dw	0x0000
      004006 00 00                   13 	.dw	0x0000
      004008 00 00                   14 	.dw	0x0000
      00400A 00 00 00 00 00 00       15 	.dw	0x0000, 0x0000, 0x0000
                                     16 
                                     17 	;; --- direct entry stub at 0x4010 ---
      004010                         18 	.org	0x4010
      004010                         19 init:
      004010 F3               [ 4]   20 	di
      004011 CDr00r00         [17]   21 	call	_main
      004014 F3               [ 4]   22 	di
      004015 76               [ 4]   23 	halt
      004016 C9               [10]   24 	ret
