                                      1 ;--------------------------------------------------------
                                      2 ; File Created by SDCC : free open source ANSI-C Compiler
                                      3 ; Version 4.2.0 #13081 (Linux)
                                      4 ;--------------------------------------------------------
                                      5 	.module maptest
                                      6 	.optsdcc -mz80
                                      7 	
                                      8 ;--------------------------------------------------------
                                      9 ; Public variables in this module
                                     10 ;--------------------------------------------------------
                                     11 	.globl _main
                                     12 	.globl _wait_key
                                     13 	.globl _putchar_msx
                                     14 ;--------------------------------------------------------
                                     15 ; special function registers
                                     16 ;--------------------------------------------------------
                                     17 ;--------------------------------------------------------
                                     18 ; ram data
                                     19 ;--------------------------------------------------------
                                     20 	.area _DATA
                                     21 ;--------------------------------------------------------
                                     22 ; ram data
                                     23 ;--------------------------------------------------------
                                     24 	.area _INITIALIZED
                                     25 ;--------------------------------------------------------
                                     26 ; absolute external ram data
                                     27 ;--------------------------------------------------------
                                     28 	.area _DABS (ABS)
                                     29 ;--------------------------------------------------------
                                     30 ; global & static initialisations
                                     31 ;--------------------------------------------------------
                                     32 	.area _HOME
                                     33 	.area _GSINIT
                                     34 	.area _GSFINAL
                                     35 	.area _GSINIT
                                     36 ;--------------------------------------------------------
                                     37 ; Home
                                     38 ;--------------------------------------------------------
                                     39 	.area _HOME
                                     40 	.area _HOME
                                     41 ;--------------------------------------------------------
                                     42 ; code
                                     43 ;--------------------------------------------------------
                                     44 	.area _CODE
                                     45 ;maptest.c:47: void putchar_msx(char c) __z88dk_fastcall
                                     46 ;	---------------------------------
                                     47 ; Function putchar_msx
                                     48 ; ---------------------------------
      000000                         49 _putchar_msx::
                                     50 ;maptest.c:61: __endasm;
      000000 DD E5            [15]   51 	push	ix
      000002 FD E5            [15]   52 	push	iy
      000004 08               [ 4]   53 	ex	af, af'
      000005 7D               [ 4]   54 	ld	a, l
      000006 FD 21 C0 FC      [14]   55 	ld	iy, #0xFCC0
      00000A DD 21 A2 00      [14]   56 	ld	ix, #0x00A2
      00000E CD 1C 00         [17]   57 	call	0x001C
      000011 08               [ 4]   58 	ex	af, af'
      000012 FD E1            [14]   59 	pop	iy
      000014 DD E1            [14]   60 	pop	ix
                                     61 ;maptest.c:62: }
      000016 C9               [10]   62 	ret
      000017                         63 _mapper_names:
      000017r2Dr00                   64 	.dw __str_0
      000019r34r00                   65 	.dw __str_1
      00001Br3Br00                   66 	.dw __str_2
      00001Dr42r00                   67 	.dw __str_3
      00001Fr49r00                   68 	.dw __str_4
      000021r55r00                   69 	.dw __str_5
      000023r5Dr00                   70 	.dw __str_6
      000025r66r00                   71 	.dw __str_7
      000027r6Br00                   72 	.dw __str_8
      000029r71r00                   73 	.dw __str_9
      00002Br7Br00                   74 	.dw __str_10
      00002D                         75 __str_0:
      00002D 52 4F 4D 31 36 4B       76 	.ascii "ROM16K"
      000033 00                      77 	.db 0x00
      000034                         78 __str_1:
      000034 52 4F 4D 33 32 4B       79 	.ascii "ROM32K"
      00003A 00                      80 	.db 0x00
      00003B                         81 __str_2:
      00003B 52 4F 4D 34 38 4B       82 	.ascii "ROM48K"
      000041 00                      83 	.db 0x00
      000042                         84 __str_3:
      000042 4B 4F 4E 41 4D 49       85 	.ascii "KONAMI"
      000048 00                      86 	.db 0x00
      000049                         87 __str_4:
      000049 4B 4F 4E 41 4D 49 4E    88 	.ascii "KONAMINOSCC"
             4F 53 43 43
      000054 00                      89 	.db 0x00
      000055                         90 __str_5:
      000055 41 53 43 49 49 38 4B    91 	.ascii "ASCII8K"
      00005C 00                      92 	.db 0x00
      00005D                         93 __str_6:
      00005D 41 53 43 49 49 31 36    94 	.ascii "ASCII16K"
             4B
      000065 00                      95 	.db 0x00
      000066                         96 __str_7:
      000066 4E 45 4F 38             97 	.ascii "NEO8"
      00006A 00                      98 	.db 0x00
      00006B                         99 __str_8:
      00006B 4E 45 4F 31 36         100 	.ascii "NEO16"
      000070 00                     101 	.db 0x00
      000071                        102 __str_9:
      000071 4B 4F 4E 41 4D 49 53   103 	.ascii "KONAMISCC"
             43 43
      00007A 00                     104 	.db 0x00
      00007B                        105 __str_10:
      00007B 46 4C 41 53 48         106 	.ascii "FLASH"
      000080 00                     107 	.db 0x00
                                    108 ;maptest.c:64: char wait_key(void) __naked
                                    109 ;	---------------------------------
                                    110 ; Function wait_key
                                    111 ; ---------------------------------
      000081                        112 _wait_key::
                                    113 ;maptest.c:72: __endasm;
      000081 FD 21 C0 FC      [14]  114 	ld	iy, #0xFCC0
      000085 DD 21 9F 00      [14]  115 	ld	ix, #0x009F
      000089 CD 1C 00         [17]  116 	call	0x001C
      00008C 6F               [ 4]  117 	ld	l, a
      00008D C9               [10]  118 	ret
                                    119 ;maptest.c:73: }
                                    120 ;maptest.c:75: static void print(const char *s)
                                    121 ;	---------------------------------
                                    122 ; Function print
                                    123 ; ---------------------------------
      00008E                        124 _print:
      00008E EB               [ 4]  125 	ex	de, hl
                                    126 ;maptest.c:77: while (*s)
      00008F                        127 00101$:
      00008F 1A               [ 7]  128 	ld	a, (de)
      000090 B7               [ 4]  129 	or	a, a
      000091 C8               [11]  130 	ret	Z
                                    131 ;maptest.c:78: putchar_msx(*s++);
      000092 6F               [ 4]  132 	ld	l, a
                                    133 ;	spillPairReg hl
                                    134 ;	spillPairReg hl
      000093 13               [ 6]  135 	inc	de
      000094 D5               [11]  136 	push	de
      000095 CDr00r00         [17]  137 	call	_putchar_msx
      000098 D1               [10]  138 	pop	de
                                    139 ;maptest.c:79: }
      000099 18 F4            [12]  140 	jr	00101$
                                    141 ;maptest.c:81: static void print_hex(uint8_t v)
                                    142 ;	---------------------------------
                                    143 ; Function print_hex
                                    144 ; ---------------------------------
      00009B                        145 _print_hex:
      00009B CDr00r00         [17]  146 	call	___sdcc_enter_ix
      00009E 21 EF FF         [10]  147 	ld	hl, #-17
      0000A1 39               [11]  148 	add	hl, sp
      0000A2 F9               [ 6]  149 	ld	sp, hl
      0000A3 4F               [ 4]  150 	ld	c, a
                                    151 ;maptest.c:83: const char hex[] = "0123456789ABCDEF";
      0000A4 21 00 00         [10]  152 	ld	hl, #0
      0000A7 39               [11]  153 	add	hl, sp
      0000A8 EB               [ 4]  154 	ex	de, hl
      0000A9 3E 30            [ 7]  155 	ld	a, #0x30
      0000AB 12               [ 7]  156 	ld	(de), a
      0000AC DD 36 F0 31      [19]  157 	ld	-16 (ix), #0x31
      0000B0 DD 36 F1 32      [19]  158 	ld	-15 (ix), #0x32
      0000B4 DD 36 F2 33      [19]  159 	ld	-14 (ix), #0x33
      0000B8 DD 36 F3 34      [19]  160 	ld	-13 (ix), #0x34
      0000BC DD 36 F4 35      [19]  161 	ld	-12 (ix), #0x35
      0000C0 DD 36 F5 36      [19]  162 	ld	-11 (ix), #0x36
      0000C4 DD 36 F6 37      [19]  163 	ld	-10 (ix), #0x37
      0000C8 DD 36 F7 38      [19]  164 	ld	-9 (ix), #0x38
      0000CC DD 36 F8 39      [19]  165 	ld	-8 (ix), #0x39
      0000D0 DD 36 F9 41      [19]  166 	ld	-7 (ix), #0x41
      0000D4 DD 36 FA 42      [19]  167 	ld	-6 (ix), #0x42
      0000D8 DD 36 FB 43      [19]  168 	ld	-5 (ix), #0x43
      0000DC DD 36 FC 44      [19]  169 	ld	-4 (ix), #0x44
      0000E0 DD 36 FD 45      [19]  170 	ld	-3 (ix), #0x45
      0000E4 DD 36 FE 46      [19]  171 	ld	-2 (ix), #0x46
      0000E8 DD 36 FF 00      [19]  172 	ld	-1 (ix), #0x00
                                    173 ;maptest.c:84: putchar_msx(hex[(v >> 4) & 0x0FU]);
      0000EC 79               [ 4]  174 	ld	a, c
      0000ED 07               [ 4]  175 	rlca
      0000EE 07               [ 4]  176 	rlca
      0000EF 07               [ 4]  177 	rlca
      0000F0 07               [ 4]  178 	rlca
                                    179 ;	spillPairReg hl
                                    180 ;	spillPairReg hl
                                    181 ;	spillPairReg hl
                                    182 ;	spillPairReg hl
      0000F1 E6 0F            [ 7]  183 	and	a, #0xf
      0000F3 6F               [ 4]  184 	ld	l, a
                                    185 ;	spillPairReg hl
                                    186 ;	spillPairReg hl
      0000F4 26 00            [ 7]  187 	ld	h, #0x00
                                    188 ;	spillPairReg hl
                                    189 ;	spillPairReg hl
      0000F6 19               [11]  190 	add	hl, de
      0000F7 6E               [ 7]  191 	ld	l, (hl)
                                    192 ;	spillPairReg hl
      0000F8 C5               [11]  193 	push	bc
      0000F9 D5               [11]  194 	push	de
      0000FA CDr00r00         [17]  195 	call	_putchar_msx
      0000FD D1               [10]  196 	pop	de
      0000FE C1               [10]  197 	pop	bc
                                    198 ;maptest.c:85: putchar_msx(hex[v & 0x0FU]);
      0000FF 79               [ 4]  199 	ld	a, c
      000100 E6 0F            [ 7]  200 	and	a, #0x0f
      000102 6F               [ 4]  201 	ld	l, a
                                    202 ;	spillPairReg hl
                                    203 ;	spillPairReg hl
      000103 26 00            [ 7]  204 	ld	h, #0x00
                                    205 ;	spillPairReg hl
                                    206 ;	spillPairReg hl
      000105 19               [11]  207 	add	hl, de
      000106 6E               [ 7]  208 	ld	l, (hl)
                                    209 ;	spillPairReg hl
      000107 CDr00r00         [17]  210 	call	_putchar_msx
                                    211 ;maptest.c:86: }
      00010A DD F9            [10]  212 	ld	sp, ix
      00010C DD E1            [14]  213 	pop	ix
      00010E C9               [10]  214 	ret
                                    215 ;maptest.c:88: static void mbox_wait_done(void)
                                    216 ;	---------------------------------
                                    217 ; Function mbox_wait_done
                                    218 ; ---------------------------------
      00010F                        219 _mbox_wait_done:
                                    220 ;maptest.c:90: while ((*MBOX_STATUS & ST_DONE) == 0U) { }
      00010F                        221 00101$:
      00010F 3A F0 7F         [13]  222 	ld	a, (#0x7ff0)
      000112 CB 77            [ 8]  223 	bit	6, a
      000114 28 F9            [12]  224 	jr	Z, 00101$
                                    225 ;maptest.c:91: }
      000116 C9               [10]  226 	ret
                                    227 ;maptest.c:93: static uint32_t mbox_load_rom(const uint8_t *name83)
                                    228 ;	---------------------------------
                                    229 ; Function mbox_load_rom
                                    230 ; ---------------------------------
      000117                        231 _mbox_load_rom:
      000117 DD E5            [15]  232 	push	ix
      000119 DD 21 00 00      [14]  233 	ld	ix,#0
      00011D DD 39            [15]  234 	add	ix,sp
      00011F F5               [11]  235 	push	af
      000120 F5               [11]  236 	push	af
      000121 EB               [ 4]  237 	ex	de, hl
                                    238 ;maptest.c:95: *MBOX_CMD = CMD_LOAD_ROM;
      000122 21 F0 7F         [10]  239 	ld	hl, #0x7ff0
      000125 36 03            [10]  240 	ld	(hl), #0x03
                                    241 ;maptest.c:96: for (uint8_t i = 0; i < 11; i++) {
      000127 0E 00            [ 7]  242 	ld	c, #0x00
      000129                        243 00104$:
      000129 79               [ 4]  244 	ld	a, c
      00012A D6 0B            [ 7]  245 	sub	a, #0x0b
      00012C 30 0B            [12]  246 	jr	NC, 00101$
                                    247 ;maptest.c:97: *MBOX_CMD = name83[i];
      00012E 69               [ 4]  248 	ld	l, c
      00012F 26 00            [ 7]  249 	ld	h, #0x00
      000131 19               [11]  250 	add	hl, de
      000132 7E               [ 7]  251 	ld	a, (hl)
      000133 32 F0 7F         [13]  252 	ld	(#0x7ff0),a
                                    253 ;maptest.c:96: for (uint8_t i = 0; i < 11; i++) {
      000136 0C               [ 4]  254 	inc	c
      000137 18 F0            [12]  255 	jr	00104$
      000139                        256 00101$:
                                    257 ;maptest.c:99: mbox_wait_done();
      000139 CDr0Fr01         [17]  258 	call	_mbox_wait_done
                                    259 ;maptest.c:100: uint32_t total = 0;
      00013C 01 00 00         [10]  260 	ld	bc, #0x0000
      00013F 21 00 00         [10]  261 	ld	hl, #0x0000
                                    262 ;maptest.c:101: for (uint8_t i = 0; i < 4; i++) {
      000142 AF               [ 4]  263 	xor	a, a
      000143                        264 00107$:
      000143 FE 04            [ 7]  265 	cp	a, #0x04
      000145 30 2F            [12]  266 	jr	NC, 00102$
                                    267 ;maptest.c:102: total = (total << 8) | (uint32_t)*MBOX_DATA;
      000147 DD 71 FD         [19]  268 	ld	-3 (ix), c
      00014A DD 70 FE         [19]  269 	ld	-2 (ix), b
      00014D DD 75 FF         [19]  270 	ld	-1 (ix), l
      000150 DD 36 FC 00      [19]  271 	ld	-4 (ix), #0x00
      000154 21 F1 7F         [10]  272 	ld	hl, #0x7ff1
      000157 4E               [ 7]  273 	ld	c, (hl)
      000158 06 00            [ 7]  274 	ld	b, #0x00
      00015A 11 00 00         [10]  275 	ld	de, #0x0000
      00015D F5               [11]  276 	push	af
      00015E DD 7E FC         [19]  277 	ld	a, -4 (ix)
      000161 B1               [ 4]  278 	or	a, c
      000162 4F               [ 4]  279 	ld	c, a
      000163 DD 7E FD         [19]  280 	ld	a, -3 (ix)
      000166 B0               [ 4]  281 	or	a, b
      000167 47               [ 4]  282 	ld	b, a
      000168 DD 7E FE         [19]  283 	ld	a, -2 (ix)
      00016B B3               [ 4]  284 	or	a, e
      00016C 6F               [ 4]  285 	ld	l, a
                                    286 ;	spillPairReg hl
                                    287 ;	spillPairReg hl
      00016D DD 7E FF         [19]  288 	ld	a, -1 (ix)
      000170 B2               [ 4]  289 	or	a, d
      000171 67               [ 4]  290 	ld	h, a
                                    291 ;	spillPairReg hl
                                    292 ;	spillPairReg hl
      000172 F1               [10]  293 	pop	af
                                    294 ;maptest.c:101: for (uint8_t i = 0; i < 4; i++) {
      000173 3C               [ 4]  295 	inc	a
      000174 18 CD            [12]  296 	jr	00107$
      000176                        297 00102$:
                                    298 ;maptest.c:104: return total;
      000176 59               [ 4]  299 	ld	e, c
      000177 50               [ 4]  300 	ld	d, b
                                    301 ;maptest.c:105: }
      000178 DD F9            [10]  302 	ld	sp, ix
      00017A DD E1            [14]  303 	pop	ix
      00017C C9               [10]  304 	ret
                                    305 ;maptest.c:107: static void mbox_cmd_set_mapper(uint8_t idx)
                                    306 ;	---------------------------------
                                    307 ; Function mbox_cmd_set_mapper
                                    308 ; ---------------------------------
      00017D                        309 _mbox_cmd_set_mapper:
      00017D 4F               [ 4]  310 	ld	c, a
                                    311 ;maptest.c:109: *MBOX_CMD = CMD_SET_MAPPER;
      00017E 21 F0 7F         [10]  312 	ld	hl, #0x7ff0
      000181 36 04            [10]  313 	ld	(hl), #0x04
                                    314 ;maptest.c:110: *MBOX_CMD = idx;
      000183 71               [ 7]  315 	ld	(hl), c
                                    316 ;maptest.c:111: mbox_wait_done();
                                    317 ;maptest.c:112: }
      000184 C3r0Fr01         [10]  318 	jp	_mbox_wait_done
                                    319 ;maptest.c:116: static uint16_t mbox_dir_list(uint8_t *out_names, uint16_t max_out)
                                    320 ;	---------------------------------
                                    321 ; Function mbox_dir_list
                                    322 ; ---------------------------------
      000187                        323 _mbox_dir_list:
      000187 DD E5            [15]  324 	push	ix
      000189 DD 21 00 00      [14]  325 	ld	ix,#0
      00018D DD 39            [15]  326 	add	ix,sp
      00018F F5               [11]  327 	push	af
      000190 F5               [11]  328 	push	af
      000191 F5               [11]  329 	push	af
      000192 3B               [ 6]  330 	dec	sp
      000193 DD 75 FB         [19]  331 	ld	-5 (ix), l
      000196 DD 74 FC         [19]  332 	ld	-4 (ix), h
      000199 33               [ 6]  333 	inc	sp
      00019A 33               [ 6]  334 	inc	sp
      00019B D5               [11]  335 	push	de
                                    336 ;maptest.c:118: *MBOX_CMD = CMD_DIR_OPEN;
      00019C 21 F0 7F         [10]  337 	ld	hl, #0x7ff0
      00019F 36 00            [10]  338 	ld	(hl), #0x00
                                    339 ;maptest.c:119: mbox_wait_done();
      0001A1 CDr0Fr01         [17]  340 	call	_mbox_wait_done
                                    341 ;maptest.c:120: uint16_t count = (uint16_t)((uint16_t)*MBOX_DATA
      0001A4 3A F1 7F         [13]  342 	ld	a, (#0x7ff1)
      0001A7 4F               [ 4]  343 	ld	c, a
      0001A8 06 00            [ 7]  344 	ld	b, #0x00
      0001AA 3A F1 7F         [13]  345 	ld	a, (#0x7ff1)
      0001AD 57               [ 4]  346 	ld	d, a
      0001AE AF               [ 4]  347 	xor	a, a
      0001AF B1               [ 4]  348 	or	a, c
      0001B0 5F               [ 4]  349 	ld	e, a
      0001B1 7A               [ 4]  350 	ld	a, d
      0001B2 B0               [ 4]  351 	or	a, b
      0001B3 57               [ 4]  352 	ld	d, a
                                    353 ;maptest.c:122: for (uint16_t i = 0; i < count && i < max_out; i++) {
      0001B4 AF               [ 4]  354 	xor	a, a
      0001B5 DD 77 FD         [19]  355 	ld	-3 (ix), a
      0001B8 DD 77 FE         [19]  356 	ld	-2 (ix), a
      0001BB                        357 00108$:
      0001BB DD 7E FD         [19]  358 	ld	a, -3 (ix)
      0001BE 93               [ 4]  359 	sub	a, e
      0001BF DD 7E FE         [19]  360 	ld	a, -2 (ix)
      0001C2 9A               [ 4]  361 	sbc	a, d
      0001C3 30 53            [12]  362 	jr	NC, 00102$
      0001C5 DD 7E FD         [19]  363 	ld	a, -3 (ix)
      0001C8 DD 96 F9         [19]  364 	sub	a, -7 (ix)
      0001CB DD 7E FE         [19]  365 	ld	a, -2 (ix)
      0001CE DD 9E FA         [19]  366 	sbc	a, -6 (ix)
      0001D1 30 45            [12]  367 	jr	NC, 00102$
                                    368 ;maptest.c:123: *MBOX_CMD = CMD_DIR_READ;
      0001D3 21 F0 7F         [10]  369 	ld	hl, #0x7ff0
      0001D6 36 01            [10]  370 	ld	(hl), #0x01
                                    371 ;maptest.c:124: mbox_wait_done();
      0001D8 D5               [11]  372 	push	de
      0001D9 CDr0Fr01         [17]  373 	call	_mbox_wait_done
      0001DC D1               [10]  374 	pop	de
                                    375 ;maptest.c:125: for (uint8_t j = 0; j < 11; j++) {
      0001DD DD 36 FF 00      [19]  376 	ld	-1 (ix), #0x00
      0001E1                        377 00104$:
      0001E1 DD 7E FF         [19]  378 	ld	a, -1 (ix)
      0001E4 D6 0B            [ 7]  379 	sub	a, #0x0b
      0001E6 30 26            [12]  380 	jr	NC, 00109$
                                    381 ;maptest.c:126: out_names[i * 11 + j] = *MBOX_DATA;
      0001E8 DD 4E FD         [19]  382 	ld	c, -3 (ix)
      0001EB DD 46 FE         [19]  383 	ld	b, -2 (ix)
      0001EE 69               [ 4]  384 	ld	l, c
      0001EF 60               [ 4]  385 	ld	h, b
      0001F0 29               [11]  386 	add	hl, hl
      0001F1 29               [11]  387 	add	hl, hl
      0001F2 09               [11]  388 	add	hl, bc
      0001F3 29               [11]  389 	add	hl, hl
      0001F4 09               [11]  390 	add	hl, bc
      0001F5 DD 4E FF         [19]  391 	ld	c, -1 (ix)
      0001F8 06 00            [ 7]  392 	ld	b, #0x00
      0001FA 09               [11]  393 	add	hl, bc
      0001FB 7D               [ 4]  394 	ld	a, l
      0001FC DD 86 FB         [19]  395 	add	a, -5 (ix)
      0001FF 4F               [ 4]  396 	ld	c, a
      000200 7C               [ 4]  397 	ld	a, h
      000201 DD 8E FC         [19]  398 	adc	a, -4 (ix)
      000204 47               [ 4]  399 	ld	b, a
      000205 3A F1 7F         [13]  400 	ld	a, (#0x7ff1)
      000208 02               [ 7]  401 	ld	(bc), a
                                    402 ;maptest.c:125: for (uint8_t j = 0; j < 11; j++) {
      000209 DD 34 FF         [23]  403 	inc	-1 (ix)
      00020C 18 D3            [12]  404 	jr	00104$
      00020E                        405 00109$:
                                    406 ;maptest.c:122: for (uint16_t i = 0; i < count && i < max_out; i++) {
      00020E DD 34 FD         [23]  407 	inc	-3 (ix)
      000211 20 A8            [12]  408 	jr	NZ, 00108$
      000213 DD 34 FE         [23]  409 	inc	-2 (ix)
      000216 18 A3            [12]  410 	jr	00108$
      000218                        411 00102$:
                                    412 ;maptest.c:129: return count;
                                    413 ;maptest.c:130: }
      000218 DD F9            [10]  414 	ld	sp, ix
      00021A DD E1            [14]  415 	pop	ix
      00021C C9               [10]  416 	ret
                                    417 ;maptest.c:132: static void print_name(const uint8_t *name83)
                                    418 ;	---------------------------------
                                    419 ; Function print_name
                                    420 ; ---------------------------------
      00021D                        421 _print_name:
      00021D EB               [ 4]  422 	ex	de, hl
                                    423 ;maptest.c:134: for (uint8_t i = 0; i < 8 && name83[i] != ' '; i++) {
      00021E 0E 00            [ 7]  424 	ld	c, #0x00
      000220                        425 00107$:
      000220 79               [ 4]  426 	ld	a, c
      000221 D6 08            [ 7]  427 	sub	a, #0x08
      000223 30 14            [12]  428 	jr	NC, 00101$
      000225 69               [ 4]  429 	ld	l, c
      000226 26 00            [ 7]  430 	ld	h, #0x00
      000228 19               [11]  431 	add	hl, de
      000229 6E               [ 7]  432 	ld	l, (hl)
                                    433 ;	spillPairReg hl
      00022A 7D               [ 4]  434 	ld	a, l
      00022B D6 20            [ 7]  435 	sub	a, #0x20
      00022D 28 0A            [12]  436 	jr	Z, 00101$
                                    437 ;maptest.c:135: putchar_msx((char)name83[i]);
      00022F C5               [11]  438 	push	bc
      000230 D5               [11]  439 	push	de
      000231 CDr00r00         [17]  440 	call	_putchar_msx
      000234 D1               [10]  441 	pop	de
      000235 C1               [10]  442 	pop	bc
                                    443 ;maptest.c:134: for (uint8_t i = 0; i < 8 && name83[i] != ' '; i++) {
      000236 0C               [ 4]  444 	inc	c
      000237 18 E7            [12]  445 	jr	00107$
      000239                        446 00101$:
                                    447 ;maptest.c:137: if (name83[8] != ' ') {
      000239 4B               [ 4]  448 	ld	c, e
      00023A 42               [ 4]  449 	ld	b, d
      00023B 21 08 00         [10]  450 	ld	hl, #8
      00023E 09               [11]  451 	add	hl, bc
      00023F 7E               [ 7]  452 	ld	a, (hl)
      000240 D6 20            [ 7]  453 	sub	a, #0x20
      000242 C8               [11]  454 	ret	Z
                                    455 ;maptest.c:138: putchar_msx('.');
      000243 D5               [11]  456 	push	de
      000244 2E 2E            [ 7]  457 	ld	l, #0x2e
                                    458 ;	spillPairReg hl
                                    459 ;	spillPairReg hl
      000246 CDr00r00         [17]  460 	call	_putchar_msx
      000249 D1               [10]  461 	pop	de
                                    462 ;maptest.c:139: for (uint8_t i = 8; i < 11 && name83[i] != ' '; i++) {
      00024A 0E 08            [ 7]  463 	ld	c, #0x08
      00024C                        464 00111$:
      00024C 79               [ 4]  465 	ld	a, c
      00024D D6 0B            [ 7]  466 	sub	a, #0x0b
      00024F D0               [11]  467 	ret	NC
      000250 69               [ 4]  468 	ld	l, c
      000251 26 00            [ 7]  469 	ld	h, #0x00
      000253 19               [11]  470 	add	hl, de
      000254 6E               [ 7]  471 	ld	l, (hl)
                                    472 ;	spillPairReg hl
      000255 7D               [ 4]  473 	ld	a, l
      000256 D6 20            [ 7]  474 	sub	a, #0x20
      000258 C8               [11]  475 	ret	Z
                                    476 ;maptest.c:140: putchar_msx((char)name83[i]);
      000259 C5               [11]  477 	push	bc
      00025A D5               [11]  478 	push	de
      00025B CDr00r00         [17]  479 	call	_putchar_msx
      00025E D1               [10]  480 	pop	de
      00025F C1               [10]  481 	pop	bc
                                    482 ;maptest.c:139: for (uint8_t i = 8; i < 11 && name83[i] != ' '; i++) {
      000260 0C               [ 4]  483 	inc	c
                                    484 ;maptest.c:143: }
      000261 18 E9            [12]  485 	jr	00111$
                                    486 ;maptest.c:145: int main(void)
                                    487 ;	---------------------------------
                                    488 ; Function main
                                    489 ; ---------------------------------
      000263                        490 _main::
      000263 CDr00r00         [17]  491 	call	___sdcc_enter_ix
      000266 21 8F FF         [10]  492 	ld	hl, #-113
      000269 39               [11]  493 	add	hl, sp
      00026A F9               [ 6]  494 	ld	sp, hl
                                    495 ;maptest.c:147: print("USB .ROM LOADER\r\n\r\n");
      00026B 21r93r04         [10]  496 	ld	hl, #___str_12
      00026E CDr8Er00         [17]  497 	call	_print
                                    498 ;maptest.c:148: print("scanning USB...\r\n");
      000271 21rA7r04         [10]  499 	ld	hl, #___str_13
      000274 CDr8Er00         [17]  500 	call	_print
                                    501 ;maptest.c:151: uint16_t count = mbox_dir_list(names, MAX_DISPLAY);
      000277 11 0A 00         [10]  502 	ld	de, #0x000a
      00027A 21 00 00         [10]  503 	ld	hl, #0
      00027D 39               [11]  504 	add	hl, sp
      00027E CDr87r01         [17]  505 	call	_mbox_dir_list
      000281 DD 73 FD         [19]  506 	ld	-3 (ix), e
      000284 DD 72 FE         [19]  507 	ld	-2 (ix), d
                                    508 ;maptest.c:152: print("found ");
      000287 21rB9r04         [10]  509 	ld	hl, #___str_14
      00028A CDr8Er00         [17]  510 	call	_print
                                    511 ;maptest.c:153: if (count >= 100) putchar_msx('0' + (char)(count / 100));
      00028D DD 4E FD         [19]  512 	ld	c, -3 (ix)
      000290 DD 46 FE         [19]  513 	ld	b, -2 (ix)
      000293 79               [ 4]  514 	ld	a, c
      000294 D6 64            [ 7]  515 	sub	a, #0x64
      000296 78               [ 4]  516 	ld	a, b
      000297 DE 00            [ 7]  517 	sbc	a, #0x00
      000299 38 13            [12]  518 	jr	C, 00102$
      00029B C5               [11]  519 	push	bc
      00029C 11 64 00         [10]  520 	ld	de, #0x0064
      00029F 69               [ 4]  521 	ld	l, c
                                    522 ;	spillPairReg hl
                                    523 ;	spillPairReg hl
      0002A0 60               [ 4]  524 	ld	h, b
                                    525 ;	spillPairReg hl
                                    526 ;	spillPairReg hl
      0002A1 CDr00r00         [17]  527 	call	__divuint
      0002A4 C1               [10]  528 	pop	bc
      0002A5 7B               [ 4]  529 	ld	a, e
      0002A6 C6 30            [ 7]  530 	add	a, #0x30
      0002A8 6F               [ 4]  531 	ld	l, a
                                    532 ;	spillPairReg hl
                                    533 ;	spillPairReg hl
      0002A9 C5               [11]  534 	push	bc
      0002AA CDr00r00         [17]  535 	call	_putchar_msx
      0002AD C1               [10]  536 	pop	bc
      0002AE                        537 00102$:
                                    538 ;maptest.c:154: if (count >= 10)  putchar_msx('0' + (char)((count / 10) % 10));
      0002AE 79               [ 4]  539 	ld	a, c
      0002AF D6 0A            [ 7]  540 	sub	a, #0x0a
      0002B1 78               [ 4]  541 	ld	a, b
      0002B2 DE 00            [ 7]  542 	sbc	a, #0x00
      0002B4 38 1A            [12]  543 	jr	C, 00104$
      0002B6 C5               [11]  544 	push	bc
      0002B7 11 0A 00         [10]  545 	ld	de, #0x000a
      0002BA 69               [ 4]  546 	ld	l, c
                                    547 ;	spillPairReg hl
                                    548 ;	spillPairReg hl
      0002BB 60               [ 4]  549 	ld	h, b
                                    550 ;	spillPairReg hl
                                    551 ;	spillPairReg hl
      0002BC CDr00r00         [17]  552 	call	__divuint
      0002BF EB               [ 4]  553 	ex	de, hl
      0002C0 11 0A 00         [10]  554 	ld	de, #0x000a
      0002C3 CDr00r00         [17]  555 	call	__moduint
      0002C6 C1               [10]  556 	pop	bc
      0002C7 7B               [ 4]  557 	ld	a, e
      0002C8 C6 30            [ 7]  558 	add	a, #0x30
      0002CA 6F               [ 4]  559 	ld	l, a
                                    560 ;	spillPairReg hl
                                    561 ;	spillPairReg hl
      0002CB C5               [11]  562 	push	bc
      0002CC CDr00r00         [17]  563 	call	_putchar_msx
      0002CF C1               [10]  564 	pop	bc
      0002D0                        565 00104$:
                                    566 ;maptest.c:155: putchar_msx('0' + (char)(count % 10));
      0002D0 C5               [11]  567 	push	bc
      0002D1 11 0A 00         [10]  568 	ld	de, #0x000a
      0002D4 69               [ 4]  569 	ld	l, c
                                    570 ;	spillPairReg hl
                                    571 ;	spillPairReg hl
      0002D5 60               [ 4]  572 	ld	h, b
                                    573 ;	spillPairReg hl
                                    574 ;	spillPairReg hl
      0002D6 CDr00r00         [17]  575 	call	__moduint
      0002D9 C1               [10]  576 	pop	bc
      0002DA 7B               [ 4]  577 	ld	a, e
      0002DB C6 30            [ 7]  578 	add	a, #0x30
      0002DD 6F               [ 4]  579 	ld	l, a
                                    580 ;	spillPairReg hl
                                    581 ;	spillPairReg hl
      0002DE C5               [11]  582 	push	bc
      0002DF CDr00r00         [17]  583 	call	_putchar_msx
      0002E2 21rC0r04         [10]  584 	ld	hl, #___str_15
      0002E5 CDr8Er00         [17]  585 	call	_print
      0002E8 C1               [10]  586 	pop	bc
      0002E9 3E 0A            [ 7]  587 	ld	a, #0x0a
      0002EB B9               [ 4]  588 	cp	a, c
      0002EC 3E 00            [ 7]  589 	ld	a, #0x00
      0002EE 98               [ 4]  590 	sbc	a, b
      0002EF 3E 00            [ 7]  591 	ld	a, #0x00
      0002F1 17               [ 4]  592 	rla
      0002F2 DD 77 FF         [19]  593 	ld	-1 (ix), a
      0002F5                        594 00140$:
                                    595 ;maptest.c:159: print("0 = FLASH menu\r\n");
      0002F5 21rD0r04         [10]  596 	ld	hl, #___str_16
      0002F8 CDr8Er00         [17]  597 	call	_print
                                    598 ;maptest.c:160: for (uint16_t i = 0; i < count && i < MAX_DISPLAY; i++) {
      0002FB 01 00 00         [10]  599 	ld	bc, #0x0000
      0002FE                        600 00134$:
      0002FE 79               [ 4]  601 	ld	a, c
      0002FF DD 96 FD         [19]  602 	sub	a, -3 (ix)
      000302 78               [ 4]  603 	ld	a, b
      000303 DD 9E FE         [19]  604 	sbc	a, -2 (ix)
      000306 30 36            [12]  605 	jr	NC, 00105$
      000308 59               [ 4]  606 	ld	e, c
      000309 50               [ 4]  607 	ld	d, b
      00030A 7B               [ 4]  608 	ld	a, e
      00030B D6 0A            [ 7]  609 	sub	a, #0x0a
      00030D 7A               [ 4]  610 	ld	a, d
      00030E DE 00            [ 7]  611 	sbc	a, #0x00
      000310 30 2C            [12]  612 	jr	NC, 00105$
                                    613 ;maptest.c:161: putchar_msx('1' + (char)i);
      000312 79               [ 4]  614 	ld	a, c
      000313 C6 31            [ 7]  615 	add	a, #0x31
      000315 6F               [ 4]  616 	ld	l, a
                                    617 ;	spillPairReg hl
                                    618 ;	spillPairReg hl
      000316 C5               [11]  619 	push	bc
      000317 D5               [11]  620 	push	de
      000318 CDr00r00         [17]  621 	call	_putchar_msx
      00031B 21rE1r04         [10]  622 	ld	hl, #___str_17
      00031E CDr8Er00         [17]  623 	call	_print
      000321 D1               [10]  624 	pop	de
      000322 C1               [10]  625 	pop	bc
                                    626 ;maptest.c:163: print_name(names + i * 11);
      000323 6B               [ 4]  627 	ld	l, e
      000324 62               [ 4]  628 	ld	h, d
      000325 29               [11]  629 	add	hl, hl
      000326 29               [11]  630 	add	hl, hl
      000327 19               [11]  631 	add	hl, de
      000328 29               [11]  632 	add	hl, hl
      000329 19               [11]  633 	add	hl, de
      00032A EB               [ 4]  634 	ex	de, hl
      00032B 21 00 00         [10]  635 	ld	hl, #0
      00032E 39               [11]  636 	add	hl, sp
      00032F 19               [11]  637 	add	hl, de
      000330 C5               [11]  638 	push	bc
      000331 CDr1Dr02         [17]  639 	call	_print_name
      000334 21rE4r04         [10]  640 	ld	hl, #___str_18
      000337 CDr8Er00         [17]  641 	call	_print
      00033A C1               [10]  642 	pop	bc
                                    643 ;maptest.c:160: for (uint16_t i = 0; i < count && i < MAX_DISPLAY; i++) {
      00033B 03               [ 6]  644 	inc	bc
      00033C 18 C0            [12]  645 	jr	00134$
      00033E                        646 00105$:
                                    647 ;maptest.c:166: if (count > MAX_DISPLAY) {
      00033E DD 7E FF         [19]  648 	ld	a, -1 (ix)
      000341 B7               [ 4]  649 	or	a, a
      000342 28 06            [12]  650 	jr	Z, 00107$
                                    651 ;maptest.c:167: print("(more on USB)\r\n");
      000344 21rE7r04         [10]  652 	ld	hl, #___str_19
      000347 CDr8Er00         [17]  653 	call	_print
      00034A                        654 00107$:
                                    655 ;maptest.c:169: print("\r\npick a number: ");
      00034A 21rF7r04         [10]  656 	ld	hl, #___str_20
      00034D CDr8Er00         [17]  657 	call	_print
                                    658 ;maptest.c:171: char k = wait_key();
      000350 CDr81r00         [17]  659 	call	_wait_key
      000353 6F               [ 4]  660 	ld	l, a
                                    661 ;	spillPairReg hl
                                    662 ;	spillPairReg hl
                                    663 ;maptest.c:172: putchar_msx(k);
      000354 E5               [11]  664 	push	hl
      000355 CDr00r00         [17]  665 	call	_putchar_msx
      000358 21rE4r04         [10]  666 	ld	hl, #___str_18
      00035B CDr8Er00         [17]  667 	call	_print
      00035E E1               [10]  668 	pop	hl
                                    669 ;maptest.c:175: if (k == '0') {
      00035F 7D               [ 4]  670 	ld	a, l
      000360 D6 30            [ 7]  671 	sub	a, #0x30
      000362 20 0C            [12]  672 	jr	NZ, 00110$
                                    673 ;maptest.c:176: mbox_cmd_set_mapper(11);
      000364 3E 0B            [ 7]  674 	ld	a, #0x0b
      000366 CDr7Dr01         [17]  675 	call	_mbox_cmd_set_mapper
                                    676 ;maptest.c:177: *MBOX_CMD = CMD_RESET;
      000369 21 F0 7F         [10]  677 	ld	hl, #0x7ff0
      00036C 36 05            [10]  678 	ld	(hl), #0x05
      00036E                        679 00137$:
      00036E 18 FE            [12]  680 	jr	00137$
      000370                        681 00110$:
                                    682 ;maptest.c:182: if (k >= '1' && k <= '9') file_idx = (uint8_t)(k - '1');
      000370 7D               [ 4]  683 	ld	a, l
      000371 D6 31            [ 7]  684 	sub	a, #0x31
      000373 38 0B            [12]  685 	jr	C, 00112$
      000375 3E 39            [ 7]  686 	ld	a, #0x39
      000377 95               [ 4]  687 	sub	a, l
      000378 38 06            [12]  688 	jr	C, 00112$
      00037A 7D               [ 4]  689 	ld	a, l
      00037B C6 CF            [ 7]  690 	add	a, #0xcf
      00037D 4F               [ 4]  691 	ld	c, a
      00037E 18 09            [12]  692 	jr	00113$
      000380                        693 00112$:
                                    694 ;maptest.c:183: else { print(" ?\r\n"); continue; }
      000380 21r09r05         [10]  695 	ld	hl, #___str_21
      000383 CDr8Er00         [17]  696 	call	_print
      000386 C3rF5r02         [10]  697 	jp	00140$
      000389                        698 00113$:
                                    699 ;maptest.c:184: if (file_idx >= count) { print(" out of range\r\n"); continue; }
      000389 41               [ 4]  700 	ld	b, c
      00038A 1E 00            [ 7]  701 	ld	e, #0x00
      00038C 78               [ 4]  702 	ld	a, b
      00038D DD 96 FD         [19]  703 	sub	a, -3 (ix)
      000390 7B               [ 4]  704 	ld	a, e
      000391 DD 9E FE         [19]  705 	sbc	a, -2 (ix)
      000394 38 09            [12]  706 	jr	C, 00116$
      000396 21r0Er05         [10]  707 	ld	hl, #___str_22
      000399 CDr8Er00         [17]  708 	call	_print
      00039C C3rF5r02         [10]  709 	jp	00140$
      00039F                        710 00116$:
                                    711 ;maptest.c:186: print("LOAD_ROM ");
      00039F C5               [11]  712 	push	bc
      0003A0 21r1Er05         [10]  713 	ld	hl, #___str_23
      0003A3 CDr8Er00         [17]  714 	call	_print
      0003A6 C1               [10]  715 	pop	bc
                                    716 ;maptest.c:187: print_name(names + file_idx * 11);
      0003A7 06 00            [ 7]  717 	ld	b, #0x00
      0003A9 69               [ 4]  718 	ld	l, c
      0003AA 60               [ 4]  719 	ld	h, b
      0003AB 29               [11]  720 	add	hl, hl
      0003AC 29               [11]  721 	add	hl, hl
      0003AD 09               [11]  722 	add	hl, bc
      0003AE 29               [11]  723 	add	hl, hl
      0003AF 09               [11]  724 	add	hl, bc
      0003B0 EB               [ 4]  725 	ex	de, hl
      0003B1 21 00 00         [10]  726 	ld	hl, #0
      0003B4 39               [11]  727 	add	hl, sp
      0003B5 19               [11]  728 	add	hl, de
      0003B6 5D               [ 4]  729 	ld	e, l
      0003B7 54               [ 4]  730 	ld	d, h
      0003B8 EB               [ 4]  731 	ex	de, hl
      0003B9 D5               [11]  732 	push	de
      0003BA CDr1Dr02         [17]  733 	call	_print_name
      0003BD 21r28r05         [10]  734 	ld	hl, #___str_24
      0003C0 CDr8Er00         [17]  735 	call	_print
      0003C3 E1               [10]  736 	pop	hl
                                    737 ;maptest.c:190: uint32_t total = mbox_load_rom(names + file_idx * 11);
      0003C4 CDr17r01         [17]  738 	call	_mbox_load_rom
      0003C7 4B               [ 4]  739 	ld	c, e
      0003C8 42               [ 4]  740 	ld	b, d
                                    741 ;maptest.c:191: print("loaded ");
      0003C9 E5               [11]  742 	push	hl
      0003CA C5               [11]  743 	push	bc
      0003CB 21r2Fr05         [10]  744 	ld	hl, #___str_25
      0003CE CDr8Er00         [17]  745 	call	_print
      0003D1 C1               [10]  746 	pop	bc
      0003D2 E1               [10]  747 	pop	hl
                                    748 ;maptest.c:192: if (total == 0) {
      0003D3 7C               [ 4]  749 	ld	a, h
      0003D4 B5               [ 4]  750 	or	a, l
      0003D5 B0               [ 4]  751 	or	a, b
      0003D6 B1               [ 4]  752 	or	a, c
      0003D7 20 09            [12]  753 	jr	NZ, 00118$
                                    754 ;maptest.c:193: print("0 bytes (USB error)\r\n");
      0003D9 21r37r05         [10]  755 	ld	hl, #___str_26
      0003DC CDr8Er00         [17]  756 	call	_print
                                    757 ;maptest.c:194: continue;
      0003DF C3rF5r02         [10]  758 	jp	00140$
      0003E2                        759 00118$:
                                    760 ;maptest.c:196: print_hex((uint8_t)(total >> 24));
      0003E2 5C               [ 4]  761 	ld	e, h
      0003E3 E5               [11]  762 	push	hl
      0003E4 C5               [11]  763 	push	bc
      0003E5 7B               [ 4]  764 	ld	a, e
      0003E6 CDr9Br00         [17]  765 	call	_print_hex
      0003E9 C1               [10]  766 	pop	bc
      0003EA E1               [10]  767 	pop	hl
                                    768 ;maptest.c:197: print_hex((uint8_t)(total >> 16));
      0003EB 5D               [ 4]  769 	ld	e, l
      0003EC E5               [11]  770 	push	hl
      0003ED C5               [11]  771 	push	bc
      0003EE 7B               [ 4]  772 	ld	a, e
      0003EF CDr9Br00         [17]  773 	call	_print_hex
      0003F2 C1               [10]  774 	pop	bc
      0003F3 E1               [10]  775 	pop	hl
                                    776 ;maptest.c:198: print_hex((uint8_t)(total >> 8));
      0003F4 58               [ 4]  777 	ld	e, b
      0003F5 E5               [11]  778 	push	hl
      0003F6 C5               [11]  779 	push	bc
      0003F7 7B               [ 4]  780 	ld	a, e
      0003F8 CDr9Br00         [17]  781 	call	_print_hex
      0003FB C1               [10]  782 	pop	bc
      0003FC E1               [10]  783 	pop	hl
                                    784 ;maptest.c:199: print_hex((uint8_t)total);
      0003FD 79               [ 4]  785 	ld	a, c
      0003FE CDr9Br00         [17]  786 	call	_print_hex
                                    787 ;maptest.c:200: print(" bytes\r\n\r\n");
      000401 21r4Dr05         [10]  788 	ld	hl, #___str_27
      000404 CDr8Er00         [17]  789 	call	_print
                                    790 ;maptest.c:202: print("pick a mapper (default 2=ROM32K for plain .ROM):\r\n");
      000407 21r58r05         [10]  791 	ld	hl, #___str_28
      00040A CDr8Er00         [17]  792 	call	_print
                                    793 ;maptest.c:203: print(" 1=ROM16K 2=ROM32K 3=ROM48K\r\n");
      00040D 21r8Br05         [10]  794 	ld	hl, #___str_29
      000410 CDr8Er00         [17]  795 	call	_print
                                    796 ;maptest.c:204: print(" 4=KONAMI 5=KONAMINOSCC 6=ASCII8K\r\n");
      000413 21rA9r05         [10]  797 	ld	hl, #___str_30
      000416 CDr8Er00         [17]  798 	call	_print
                                    799 ;maptest.c:205: print(" 7=ASCII16K 8=NEO8 9=NEO16 0=FLASH\r\n");
      000419 21rCDr05         [10]  800 	ld	hl, #___str_31
      00041C CDr8Er00         [17]  801 	call	_print
                                    802 ;maptest.c:206: print("mapper (ENTER=2): ");
      00041F 21rF2r05         [10]  803 	ld	hl, #___str_32
      000422 CDr8Er00         [17]  804 	call	_print
                                    805 ;maptest.c:208: char m = wait_key();
      000425 CDr81r00         [17]  806 	call	_wait_key
                                    807 ;	spillPairReg hl
                                    808 ;	spillPairReg hl
                                    809 ;maptest.c:209: if (m == '\r') {
      000428 6F               [ 4]  810 	ld	l, a
      000429 D6 0D            [ 7]  811 	sub	a, #0x0d
      00042B 20 0C            [12]  812 	jr	NZ, 00120$
                                    813 ;maptest.c:210: m = '2';
      00042D 2E 32            [ 7]  814 	ld	l, #0x32
                                    815 ;	spillPairReg hl
                                    816 ;	spillPairReg hl
                                    817 ;maptest.c:211: print("(default)\r\n");
      00042F E5               [11]  818 	push	hl
      000430 21r05r06         [10]  819 	ld	hl, #___str_33
      000433 CDr8Er00         [17]  820 	call	_print
      000436 E1               [10]  821 	pop	hl
      000437 18 0B            [12]  822 	jr	00121$
      000439                        823 00120$:
                                    824 ;maptest.c:213: putchar_msx(m);
      000439 E5               [11]  825 	push	hl
      00043A CDr00r00         [17]  826 	call	_putchar_msx
      00043D 21rE4r04         [10]  827 	ld	hl, #___str_18
      000440 CDr8Er00         [17]  828 	call	_print
      000443 E1               [10]  829 	pop	hl
      000444                        830 00121$:
                                    831 ;maptest.c:218: if (m >= '1' && m <= '9') midx = (uint8_t)(m - '0');
      000444 7D               [ 4]  832 	ld	a, l
      000445 D6 31            [ 7]  833 	sub	a, #0x31
      000447 38 0B            [12]  834 	jr	C, 00126$
      000449 3E 39            [ 7]  835 	ld	a, #0x39
      00044B 95               [ 4]  836 	sub	a, l
      00044C 38 06            [12]  837 	jr	C, 00126$
      00044E 7D               [ 4]  838 	ld	a, l
      00044F C6 D0            [ 7]  839 	add	a, #0xd0
      000451 4F               [ 4]  840 	ld	c, a
      000452 18 12            [12]  841 	jr	00127$
      000454                        842 00126$:
                                    843 ;maptest.c:219: else if (m == '0') midx = 11;
      000454 7D               [ 4]  844 	ld	a, l
      000455 D6 30            [ 7]  845 	sub	a, #0x30
      000457 20 04            [12]  846 	jr	NZ, 00123$
      000459 0E 0B            [ 7]  847 	ld	c, #0x0b
      00045B 18 09            [12]  848 	jr	00127$
      00045D                        849 00123$:
                                    850 ;maptest.c:220: else { print(" ?\r\n"); continue; }
      00045D 21r09r05         [10]  851 	ld	hl, #___str_21
      000460 CDr8Er00         [17]  852 	call	_print
      000463 C3rF5r02         [10]  853 	jp	00140$
      000466                        854 00127$:
                                    855 ;maptest.c:222: print("SET_MAPPER ");
      000466 C5               [11]  856 	push	bc
      000467 21r11r06         [10]  857 	ld	hl, #___str_34
      00046A CDr8Er00         [17]  858 	call	_print
      00046D C1               [10]  859 	pop	bc
                                    860 ;maptest.c:223: print(mapper_names[midx - 1]);
      00046E 79               [ 4]  861 	ld	a, c
      00046F 3D               [ 4]  862 	dec	a
      000470 6F               [ 4]  863 	ld	l, a
                                    864 ;	spillPairReg hl
                                    865 ;	spillPairReg hl
      000471 07               [ 4]  866 	rlca
      000472 9F               [ 4]  867 	sbc	a, a
      000473 67               [ 4]  868 	ld	h, a
      000474 29               [11]  869 	add	hl, hl
      000475 11r17r00         [10]  870 	ld	de, #_mapper_names
      000478 19               [11]  871 	add	hl, de
      000479 5E               [ 7]  872 	ld	e, (hl)
      00047A 23               [ 6]  873 	inc	hl
      00047B 56               [ 7]  874 	ld	d, (hl)
      00047C C5               [11]  875 	push	bc
      00047D EB               [ 4]  876 	ex	de, hl
      00047E CDr8Er00         [17]  877 	call	_print
      000481 21r1Dr06         [10]  878 	ld	hl, #___str_35
      000484 CDr8Er00         [17]  879 	call	_print
      000487 C1               [10]  880 	pop	bc
                                    881 ;maptest.c:226: mbox_cmd_set_mapper(midx);
      000488 79               [ 4]  882 	ld	a, c
      000489 CDr7Dr01         [17]  883 	call	_mbox_cmd_set_mapper
                                    884 ;maptest.c:227: *MBOX_CMD = CMD_RESET;
      00048C 21 F0 7F         [10]  885 	ld	hl, #0x7ff0
      00048F 36 05            [10]  886 	ld	(hl), #0x05
      000491                        887 00139$:
                                    888 ;maptest.c:231: }
      000491 18 FE            [12]  889 	jr	00139$
      000493                        890 ___str_12:
      000493 55 53 42 20 2E 52 4F   891 	.ascii "USB .ROM LOADER"
             4D 20 4C 4F 41 44 45
             52
      0004A2 0D                     892 	.db 0x0d
      0004A3 0A                     893 	.db 0x0a
      0004A4 0D                     894 	.db 0x0d
      0004A5 0A                     895 	.db 0x0a
      0004A6 00                     896 	.db 0x00
      0004A7                        897 ___str_13:
      0004A7 73 63 61 6E 6E 69 6E   898 	.ascii "scanning USB..."
             67 20 55 53 42 2E 2E
             2E
      0004B6 0D                     899 	.db 0x0d
      0004B7 0A                     900 	.db 0x0a
      0004B8 00                     901 	.db 0x00
      0004B9                        902 ___str_14:
      0004B9 66 6F 75 6E 64 20      903 	.ascii "found "
      0004BF 00                     904 	.db 0x00
      0004C0                        905 ___str_15:
      0004C0 20 2E 52 4F 4D 20 66   906 	.ascii " .ROM files"
             69 6C 65 73
      0004CB 0D                     907 	.db 0x0d
      0004CC 0A                     908 	.db 0x0a
      0004CD 0D                     909 	.db 0x0d
      0004CE 0A                     910 	.db 0x0a
      0004CF 00                     911 	.db 0x00
      0004D0                        912 ___str_16:
      0004D0 30 20 3D 20 46 4C 41   913 	.ascii "0 = FLASH menu"
             53 48 20 6D 65 6E 75
      0004DE 0D                     914 	.db 0x0d
      0004DF 0A                     915 	.db 0x0a
      0004E0 00                     916 	.db 0x00
      0004E1                        917 ___str_17:
      0004E1 3A 20                  918 	.ascii ": "
      0004E3 00                     919 	.db 0x00
      0004E4                        920 ___str_18:
      0004E4 0D                     921 	.db 0x0d
      0004E5 0A                     922 	.db 0x0a
      0004E6 00                     923 	.db 0x00
      0004E7                        924 ___str_19:
      0004E7 28 6D 6F 72 65 20 6F   925 	.ascii "(more on USB)"
             6E 20 55 53 42 29
      0004F4 0D                     926 	.db 0x0d
      0004F5 0A                     927 	.db 0x0a
      0004F6 00                     928 	.db 0x00
      0004F7                        929 ___str_20:
      0004F7 0D                     930 	.db 0x0d
      0004F8 0A                     931 	.db 0x0a
      0004F9 70 69 63 6B 20 61 20   932 	.ascii "pick a number: "
             6E 75 6D 62 65 72 3A
             20
      000508 00                     933 	.db 0x00
      000509                        934 ___str_21:
      000509 20 3F                  935 	.ascii " ?"
      00050B 0D                     936 	.db 0x0d
      00050C 0A                     937 	.db 0x0a
      00050D 00                     938 	.db 0x00
      00050E                        939 ___str_22:
      00050E 20 6F 75 74 20 6F 66   940 	.ascii " out of range"
             20 72 61 6E 67 65
      00051B 0D                     941 	.db 0x0d
      00051C 0A                     942 	.db 0x0a
      00051D 00                     943 	.db 0x00
      00051E                        944 ___str_23:
      00051E 4C 4F 41 44 5F 52 4F   945 	.ascii "LOAD_ROM "
             4D 20
      000527 00                     946 	.db 0x00
      000528                        947 ___str_24:
      000528 20 2E 2E 2E            948 	.ascii " ..."
      00052C 0D                     949 	.db 0x0d
      00052D 0A                     950 	.db 0x0a
      00052E 00                     951 	.db 0x00
      00052F                        952 ___str_25:
      00052F 6C 6F 61 64 65 64 20   953 	.ascii "loaded "
      000536 00                     954 	.db 0x00
      000537                        955 ___str_26:
      000537 30 20 62 79 74 65 73   956 	.ascii "0 bytes (USB error)"
             20 28 55 53 42 20 65
             72 72 6F 72 29
      00054A 0D                     957 	.db 0x0d
      00054B 0A                     958 	.db 0x0a
      00054C 00                     959 	.db 0x00
      00054D                        960 ___str_27:
      00054D 20 62 79 74 65 73      961 	.ascii " bytes"
      000553 0D                     962 	.db 0x0d
      000554 0A                     963 	.db 0x0a
      000555 0D                     964 	.db 0x0d
      000556 0A                     965 	.db 0x0a
      000557 00                     966 	.db 0x00
      000558                        967 ___str_28:
      000558 70 69 63 6B 20 61 20   968 	.ascii "pick a mapper (default 2=ROM32K for plain .ROM):"
             6D 61 70 70 65 72 20
             28 64 65 66 61 75 6C
             74 20 32 3D 52 4F 4D
             33 32 4B 20 66 6F 72
             20 70 6C 61 69 6E 20
             2E 52 4F 4D 29 3A
      000588 0D                     969 	.db 0x0d
      000589 0A                     970 	.db 0x0a
      00058A 00                     971 	.db 0x00
      00058B                        972 ___str_29:
      00058B 20 31 3D 52 4F 4D 31   973 	.ascii " 1=ROM16K 2=ROM32K 3=ROM48K"
             36 4B 20 32 3D 52 4F
             4D 33 32 4B 20 33 3D
             52 4F 4D 34 38 4B
      0005A6 0D                     974 	.db 0x0d
      0005A7 0A                     975 	.db 0x0a
      0005A8 00                     976 	.db 0x00
      0005A9                        977 ___str_30:
      0005A9 20 34 3D 4B 4F 4E 41   978 	.ascii " 4=KONAMI 5=KONAMINOSCC 6=ASCII8K"
             4D 49 20 35 3D 4B 4F
             4E 41 4D 49 4E 4F 53
             43 43 20 36 3D 41 53
             43 49 49 38 4B
      0005CA 0D                     979 	.db 0x0d
      0005CB 0A                     980 	.db 0x0a
      0005CC 00                     981 	.db 0x00
      0005CD                        982 ___str_31:
      0005CD 20 37 3D 41 53 43 49   983 	.ascii " 7=ASCII16K 8=NEO8 9=NEO16 0=FLASH"
             49 31 36 4B 20 38 3D
             4E 45 4F 38 20 39 3D
             4E 45 4F 31 36 20 30
             3D 46 4C 41 53 48
      0005EF 0D                     984 	.db 0x0d
      0005F0 0A                     985 	.db 0x0a
      0005F1 00                     986 	.db 0x00
      0005F2                        987 ___str_32:
      0005F2 6D 61 70 70 65 72 20   988 	.ascii "mapper (ENTER=2): "
             28 45 4E 54 45 52 3D
             32 29 3A 20
      000604 00                     989 	.db 0x00
      000605                        990 ___str_33:
      000605 28 64 65 66 61 75 6C   991 	.ascii "(default)"
             74 29
      00060E 0D                     992 	.db 0x0d
      00060F 0A                     993 	.db 0x0a
      000610 00                     994 	.db 0x00
      000611                        995 ___str_34:
      000611 53 45 54 5F 4D 41 50   996 	.ascii "SET_MAPPER "
             50 45 52 20
      00061C 00                     997 	.db 0x00
      00061D                        998 ___str_35:
      00061D 0D                     999 	.db 0x0d
      00061E 0A                    1000 	.db 0x0a
      00061F 52 45 53 45 54 2E 2E  1001 	.ascii "RESET..."
             2E
      000627 0D                    1002 	.db 0x0d
      000628 0A                    1003 	.db 0x0a
      000629 00                    1004 	.db 0x00
                                   1005 	.area _CODE
                                   1006 	.area _INITIALIZER
                                   1007 	.area _CABS (ABS)
