Archive member included to satisfy reference by file (symbol)

/home/makaron/Repo/CH32V467/EVT/EXAM/USBHS/Host/Udisk_Lib/libRV3UFI.a(CHRV3MAI.o)
                              ./Udisk_Lib/CH32V407UFI.o (CHRV3IntStatus)
/home/makaron/Repo/CH32V467/EVT/EXAM/USBHS/Host/Udisk_Lib/libRV3UFI.a(CHRV3SEC.o)
                              ./User/Host_UDisk/UDisk_Func_LongName.o (CHRV3FileLocate)
/home/makaron/Repo/CH32V467/EVT/EXAM/USBHS/Host/Udisk_Lib/libRV3UFI.a(CHRV3BYT.o)
                              ./User/Host_UDisk/Udisk_Func_BasicOp.o (CHRV3ByteLocate)
/home/makaron/Repo/CH32V467/EVT/EXAM/USBHS/Host/Udisk_Lib/libRV3UFI.a(CHRV3DSZ.o)
                              ./User/Host_UDisk/Udisk_Func_BasicOp.o (CHRV3DiskQuery)
/usr/share/MRS2/MRS-linux-x64/resources/app/resources/linux/components/WCH/Toolchain/RISC-V Embedded GCC15/bin/../lib/gcc/riscv32-wch-elf/15.2.0/rv32imac_zaamo_zalrsc_zba_zbb_zbc_zbs_zvbb_zve32x_zve64x_zvkb_zvl32b_zvl64b_xw/ilp32/libgcc.a(_udivdi3.o)
                              ./Peripheral/src/ch32v4x7_usart.o (__udivdi3)
/usr/share/MRS2/MRS-linux-x64/resources/app/resources/linux/components/WCH/Toolchain/RISC-V Embedded GCC15/bin/../lib/gcc/riscv32-wch-elf/15.2.0/rv32imac_zaamo_zalrsc_zba_zbb_zbc_zbs_zvbb_zve32x_zve64x_zvkb_zvl32b_zvl64b_xw/ilp32/libgcc.a(save-restore.o)
                              ./User/Host_UDisk/UDisk_Func_LongName.o (__riscv_save_12)
/usr/share/MRS2/MRS-linux-x64/resources/app/resources/linux/components/WCH/Toolchain/RISC-V Embedded GCC15/bin/../lib/gcc/riscv32-wch-elf/15.2.0/rv32imac_zaamo_zalrsc_zba_zbb_zbc_zbs_zvbb_zve32x_zve64x_zvkb_zvl32b_zvl64b_xw/ilp32/libgcc.a(_clz.o)
                              /usr/share/MRS2/MRS-linux-x64/resources/app/resources/linux/components/WCH/Toolchain/RISC-V Embedded GCC15/bin/../lib/gcc/riscv32-wch-elf/15.2.0/rv32imac_zaamo_zalrsc_zba_zbb_zbc_zbs_zvbb_zve32x_zve64x_zvkb_zvl32b_zvl64b_xw/ilp32/libgcc.a(_udivdi3.o) (__clz_tab)
/usr/share/MRS2/MRS-linux-x64/resources/app/resources/linux/components/WCH/Toolchain/RISC-V Embedded GCC15/bin/../lib/gcc/riscv32-wch-elf/15.2.0/../../../../riscv32-wch-elf/lib/rv32imac_zaamo_zalrsc_zba_zbb_zbc_zbs_zvbb_zve32x_zve64x_zvkb_zvl32b_zvl64b_xw/ilp32/libg_nano.a(libc_a-printf.o)
                              ./User/Host_UDisk/UDisk_Func_CreatDir.o (printf)
/usr/share/MRS2/MRS-linux-x64/resources/app/resources/linux/components/WCH/Toolchain/RISC-V Embedded GCC15/bin/../lib/gcc/riscv32-wch-elf/15.2.0/../../../../riscv32-wch-elf/lib/rv32imac_zaamo_zalrsc_zba_zbb_zbc_zbs_zvbb_zve32x_zve64x_zvkb_zvl32b_zvl64b_xw/ilp32/libg_nano.a(libc_a-puts.o)
                              ./User/Host_UDisk/UDisk_Func_CreatDir.o (puts)
/usr/share/MRS2/MRS-linux-x64/resources/app/resources/linux/components/WCH/Toolchain/RISC-V Embedded GCC15/bin/../lib/gcc/riscv32-wch-elf/15.2.0/../../../../riscv32-wch-elf/lib/rv32imac_zaamo_zalrsc_zba_zbb_zbc_zbs_zvbb_zve32x_zve64x_zvkb_zvl32b_zvl64b_xw/ilp32/libg_nano.a(libc_a-wbuf.o)
                              /usr/share/MRS2/MRS-linux-x64/resources/app/resources/linux/components/WCH/Toolchain/RISC-V Embedded GCC15/bin/../lib/gcc/riscv32-wch-elf/15.2.0/../../../../riscv32-wch-elf/lib/rv32imac_zaamo_zalrsc_zba_zbb_zbc_zbs_zvbb_zve32x_zve64x_zvkb_zvl32b_zvl64b_xw/ilp32/libg_nano.a(libc_a-puts.o) (__swbuf_r)
/usr/share/MRS2/MRS-linux-x64/resources/app/resources/linux/components/WCH/Toolchain/RISC-V Embedded GCC15/bin/../lib/gcc/riscv32-wch-elf/15.2.0/../../../../riscv32-wch-elf/lib/rv32imac_zaamo_zalrsc_zba_zbb_zbc_zbs_zvbb_zve32x_zve64x_zvkb_zvl32b_zvl64b_xw/ilp32/libg_nano.a(libc_a-wsetup.o)
                              /usr/share/MRS2/MRS-linux-x64/resources/app/resources/linux/components/WCH/Toolchain/RISC-V Embedded GCC15/bin/../lib/gcc/riscv32-wch-elf/15.2.0/../../../../riscv32-wch-elf/lib/rv32imac_zaamo_zalrsc_zba_zbb_zbc_zbs_zvbb_zve32x_zve64x_zvkb_zvl32b_zvl64b_xw/ilp32/libg_nano.a(libc_a-puts.o) (__swsetup_r)
/usr/share/MRS2/MRS-linux-x64/resources/app/resources/linux/components/WCH/Toolchain/RISC-V Embedded GCC15/bin/../lib/gcc/riscv32-wch-elf/15.2.0/../../../../riscv32-wch-elf/lib/rv32imac_zaamo_zalrsc_zba_zbb_zbc_zbs_zvbb_zve32x_zve64x_zvkb_zvl32b_zvl64b_xw/ilp32/libg_nano.a(libc_a-impure.o)
                              /usr/share/MRS2/MRS-linux-x64/resources/app/resources/linux/components/WCH/Toolchain/RISC-V Embedded GCC15/bin/../lib/gcc/riscv32-wch-elf/15.2.0/../../../../riscv32-wch-elf/lib/rv32imac_zaamo_zalrsc_zba_zbb_zbc_zbs_zvbb_zve32x_zve64x_zvkb_zvl32b_zvl64b_xw/ilp32/libg_nano.a(libc_a-printf.o) (_impure_ptr)
/usr/share/MRS2/MRS-linux-x64/resources/app/resources/linux/components/WCH/Toolchain/RISC-V Embedded GCC15/bin/../lib/gcc/riscv32-wch-elf/15.2.0/../../../../riscv32-wch-elf/lib/rv32imac_zaamo_zalrsc_zba_zbb_zbc_zbs_zvbb_zve32x_zve64x_zvkb_zvl32b_zvl64b_xw/ilp32/libg_nano.a(libc_a-memset.o)
                              ./User/Host_UDisk/UDisk_Func_CreatDir.o (memset)
[...]
Memory Configuration

Name             Origin             Length             Attributes
FLASH            0x00000000         0x00090000         xr
RAM              0x20000400         0x00021c00         xrw
*default*        0x00000000         0xffffffff

Linker script and memory map

LOAD ./User/USB_Host/ch32v407_usbhs_host.o
LOAD ./User/Host_UDisk/UDisk_Func_CreatDir.o
LOAD ./User/Host_UDisk/UDisk_Func_LongName.o
LOAD ./User/Host_UDisk/UDisk_HW.o
LOAD ./User/Host_UDisk/Udisk_Func_BasicOp.o
LOAD ./User/ch32v4x7_it.o
LOAD ./User/main.o
LOAD ./User/system_ch32v4x7.o
LOAD ./Udisk_Lib/CH32V407UFI.o
LOAD ./Startup/startup_ch32v4x7.o
LOAD ./Peripheral/src/ch32v4x7_adc.o
LOAD ./Peripheral/src/ch32v4x7_argb.o
LOAD ./Peripheral/src/ch32v4x7_bkp.o
LOAD ./Peripheral/src/ch32v4x7_can.o
LOAD ./Peripheral/src/ch32v4x7_crc.o
LOAD ./Peripheral/src/ch32v4x7_dac.o
LOAD ./Peripheral/src/ch32v4x7_dbgmcu.o
LOAD ./Peripheral/src/ch32v4x7_dma.o
LOAD ./Peripheral/src/ch32v4x7_dvp.o
LOAD ./Peripheral/src/ch32v4x7_eth.o
LOAD ./Peripheral/src/ch32v4x7_exti.o
LOAD ./Peripheral/src/ch32v4x7_flash.o
LOAD ./Peripheral/src/ch32v4x7_fsmc.o
LOAD ./Peripheral/src/ch32v4x7_gpio.o
LOAD ./Peripheral/src/ch32v4x7_i2c.o
LOAD ./Peripheral/src/ch32v4x7_i3c.o
LOAD ./Peripheral/src/ch32v4x7_iwdg.o
LOAD ./Peripheral/src/ch32v4x7_ltdc.o
LOAD ./Peripheral/src/ch32v4x7_opa.o
LOAD ./Peripheral/src/ch32v4x7_psram.o
LOAD ./Peripheral/src/ch32v4x7_pwr.o
LOAD ./Peripheral/src/ch32v4x7_rcc.o
LOAD ./Peripheral/src/ch32v4x7_rng.o
LOAD ./Peripheral/src/ch32v4x7_rtc.o
LOAD ./Peripheral/src/ch32v4x7_sdio.o
LOAD ./Peripheral/src/ch32v4x7_spi.o
LOAD ./Peripheral/src/ch32v4x7_tim.o
LOAD ./Peripheral/src/ch32v4x7_usart.o
LOAD ./Peripheral/src/ch32v4x7_wwdg.o
LOAD ./Debug/debug.o
LOAD ./Core/core_riscv.o
LOAD /usr/share/MRS2/MRS-linux-x64/resources/app/resources/linux/components/WCH/Toolchain/RISC-V Embedded GCC15/bin/../lib/gcc/riscv32-wch-elf/15.2.0/../../../../riscv32-wch-elf/lib/rv32imac_zaamo_zalrsc_zba_zbb_zbc_zbs_zvbb_zve32x_zve64x_zvkb_zvl32b_zvl64b_xw/ilp32/libm_nano.a
LOAD /home/makaron/Repo/CH32V467/EVT/EXAM/USBHS/Host/Udisk_Lib/libRV3UFI.a
LOAD /usr/share/MRS2/MRS-linux-x64/resources/app/resources/linux/components/WCH/Toolchain/RISC-V Embedded GCC15/bin/../lib/gcc/riscv32-wch-elf/15.2.0/rv32imac_zaamo_zalrsc_zba_zbb_zbc_zbs_zvbb_zve32x_zve64x_zvkb_zvl32b_zvl64b_xw/ilp32/libgcc.a
LOAD /usr/share/MRS2/MRS-linux-x64/resources/app/resources/linux/components/WCH/Toolchain/RISC-V Embedded GCC15/bin/../lib/gcc/riscv32-wch-elf/15.2.0/../../../../riscv32-wch-elf/lib/rv32imac_zaamo_zalrsc_zba_zbb_zbc_zbs_zvbb_zve32x_zve64x_zvkb_zvl32b_zvl64b_xw/ilp32/libg_nano.a
LOAD /usr/share/MRS2/MRS-linux-x64/resources/app/resources/linux/components/WCH/Toolchain/RISC-V Embedded GCC15/bin/../lib/gcc/riscv32-wch-elf/15.2.0/../../../../riscv32-wch-elf/lib/rv32imac_zaamo_zalrsc_zba_zbb_zbc_zbs_zvbb_zve32x_zve64x_zvkb_zvl32b_zvl64b_xw/ilp32/libc_nano.a
LOAD /usr/share/MRS2/MRS-linux-x64/resources/app/resources/linux/components/WCH/Toolchain/RISC-V Embedded GCC15/bin/../lib/gcc/riscv32-wch-elf/15.2.0/rv32imac_zaamo_zalrsc_zba_zbb_zbc_zbs_zvbb_zve32x_zve64x_zvkb_zvl32b_zvl64b_xw/ilp32/libgcc.a
START GROUP
LOAD /usr/share/MRS2/MRS-linux-x64/resources/app/resources/linux/components/WCH/Toolchain/RISC-V Embedded GCC15/bin/../lib/gcc/riscv32-wch-elf/15.2.0/rv32imac_zaamo_zalrsc_zba_zbb_zbc_zbs_zvbb_zve32x_zve64x_zvkb_zvl32b_zvl64b_xw/ilp32/libgcc.a
LOAD /usr/share/MRS2/MRS-linux-x64/resources/app/resources/linux/components/WCH/Toolchain/RISC-V Embedded GCC15/bin/../lib/gcc/riscv32-wch-elf/15.2.0/../../../../riscv32-wch-elf/lib/rv32imac_zaamo_zalrsc_zba_zbb_zbc_zbs_zvbb_zve32x_zve64x_zvkb_zvl32b_zvl64b_xw/ilp32/libc_nano.a
LOAD /usr/share/MRS2/MRS-linux-x64/resources/app/resources/linux/components/WCH/Toolchain/RISC-V Embedded GCC15/bin/../lib/gcc/riscv32-wch-elf/15.2.0/../../../../riscv32-wch-elf/lib/rv32imac_zaamo_zalrsc_zba_zbb_zbc_zbs_zvbb_zve32x_zve64x_zvkb_zvl32b_zvl64b_xw/ilp32/libnosys.a
END GROUP
START GROUP
LOAD /usr/share/MRS2/MRS-linux-x64/resources/app/resources/linux/components/WCH/Toolchain/RISC-V Embedded GCC15/bin/../lib/gcc/riscv32-wch-elf/15.2.0/rv32imac_zaamo_zalrsc_zba_zbb_zbc_zbs_zvbb_zve32x_zve64x_zvkb_zvl32b_zvl64b_xw/ilp32/libgcc.a
LOAD /usr/share/MRS2/MRS-linux-x64/resources/app/resources/linux/components/WCH/Toolchain/RISC-V Embedded GCC15/bin/../lib/gcc/riscv32-wch-elf/15.2.0/../../../../riscv32-wch-elf/lib/rv32imac_zaamo_zalrsc_zba_zbb_zbc_zbs_zvbb_zve32x_zve64x_zvkb_zvl32b_zvl64b_xw/ilp32/libc_nano.a
LOAD /usr/share/MRS2/MRS-linux-x64/resources/app/resources/linux/components/WCH/Toolchain/RISC-V Embedded GCC15/bin/../lib/gcc/riscv32-wch-elf/15.2.0/../../../../riscv32-wch-elf/lib/rv32imac_zaamo_zalrsc_zba_zbb_zbc_zbs_zvbb_zve32x_zve64x_zvkb_zvl32b_zvl64b_xw/ilp32/libnosys.a
END GROUP
                0x00000800                        __stack_size = 0x800
                [!provide]                        PROVIDE (_stack_size = __stack_size)

.init           0x00000000      0x1a0
                0x00000000                        _sinit = .
                0x00000000                        . = ALIGN (0x4)
 *(SORT_NONE(.init))
 .init          0x00000000      0x1a0 ./Startup/startup_ch32v4x7.o
                0x00000000                _start
                0x000001a0                        . = ALIGN (0x4)
                0x000001a0                        _einit = .

.text           0x000001a0     0x5620
                0x000001a0                        . = ALIGN (0x4)
 *(.text)
 .text          0x000001a0       0x68 /usr/share/MRS2/MRS-linux-x64/resources/app/resources/linux/components/WCH/Toolchain/RISC-V Embedded GCC15/bin/../lib/gcc/riscv32-wch-elf/15.2.0/rv32imac_zaamo_zalrsc_zba_zbb_zbc_zbs_zvbb_zve32x_zve64x_zvkb_zvl32b_zvl64b_xw/ilp32/libgcc.a(save-restore.o)
                0x000001a0                __riscv_save_12
                0x000001a8                __riscv_save_8
                0x000001a8                __riscv_save_11
                0x000001a8                __riscv_save_9
                0x000001a8                __riscv_save_10
                0x000001b8                __riscv_save_7
                0x000001b8                __riscv_save_4
                0x000001b8                __riscv_save_6
                0x000001b8                __riscv_save_5
                0x000001d4                __riscv_save_1
                0x000001d4                __riscv_save_3
                0x000001d4                __riscv_save_2
                0x000001d4                __riscv_save_0
                0x000001e0                __riscv_restore_12
                0x000001e4                __riscv_restore_10
                0x000001e4                __riscv_restore_11
                0x000001e4                __riscv_restore_8
                0x000001e4                __riscv_restore_9
                0x000001f0                __riscv_restore_5
                0x000001f0                __riscv_restore_6
                0x000001f0                __riscv_restore_4
                0x000001f0                __riscv_restore_7
                0x000001fc                __riscv_restore_3
                0x000001fc                __riscv_restore_2
                0x000001fc                __riscv_restore_0
                0x000001fc                __riscv_restore_1
 .text          0x00000208       0x10 /usr/share/MRS2/MRS-linux-x64/resources/app/resources/linux/components/WCH/Toolchain/RISC-V Embedded GCC15/bin/../lib/gcc/riscv32-wch-elf/15.2.0/../../../../riscv32-wch-elf/lib/rv32imac_zaamo_zalrsc_zba_zbb_zbc_zbs_zvbb_zve32x_zve64x_zvkb_zvl32b_zvl64b_xw/ilp32/libg_nano.a(libc_a-memset.o)
                0x00000208                memset
 *(.text.*)
 .text.USBHS_RCC_Init.part.0
                0x00000218       0x6c ./User/USB_Host/ch32v407_usbhs_host.o
 .text.USBHS_RCC_Init
                0x00000284       0x26 ./User/USB_Host/ch32v407_usbhs_host.o
                0x00000284                USBHS_RCC_Init
 .text.USBHS_Host_Init
                0x000002aa       0x46 ./User/USB_Host/ch32v407_usbhs_host.o
                0x000002aa                USBHS_Host_Init
 .text.USBHSH_CheckRootHubPortStatus
                0x000002f0       0x36 ./User/USB_Host/ch32v407_usbhs_host.o
                0x000002f0                USBHSH_CheckRootHubPortStatus
 .text.USBHSH_CheckRootHubPortSpeed
                0x00000326       0x2c ./User/USB_Host/ch32v407_usbhs_host.o
                0x00000326                USBHSH_CheckRootHubPortSpeed
 .text.USBHSH_ResetRootHubPort
                0x00000352       0x3a ./User/USB_Host/ch32v407_usbhs_host.o
                0x00000352                USBHSH_ResetRootHubPort
 .text.USBHSH_EnableRootHubPort
                0x0000038c       0x4e ./User/USB_Host/ch32v407_usbhs_host.o
                0x0000038c                USBHSH_EnableRootHubPort
 .text.USBHSH_Transact
                0x000003da      0x144 ./User/USB_Host/ch32v407_usbhs_host.o
                0x000003da                USBHSH_Transact
 .text.USBHSH_CtrlTransfer
                0x0000051e      0x174 ./User/USB_Host/ch32v407_usbhs_host.o
                0x0000051e                USBHSH_CtrlTransfer
 .text.USBHSH_GetDeviceDescr
                0x00000692       0x40 ./User/USB_Host/ch32v407_usbhs_host.o
                0x00000692                USBHSH_GetDeviceDescr
 .text.USBHSH_GetConfigDescr
                0x000006d2       0x58 ./User/USB_Host/ch32v407_usbhs_host.o
                0x000006d2                USBHSH_GetConfigDescr
 .text.USBHSH_SetUsbAddress
                0x0000072a       0x36 ./User/USB_Host/ch32v407_usbhs_host.o
                0x0000072a                USBHSH_SetUsbAddress
 .text.USBHSH_SetUsbConfig
                0x00000760       0x18 ./User/USB_Host/ch32v407_usbhs_host.o
                0x00000760                USBHSH_SetUsbConfig
 .text.USBHSH_ClearEndpStall
                0x00000778       0x16 ./User/USB_Host/ch32v407_usbhs_host.o
                0x00000778                USBHSH_ClearEndpStall
 .text.mStopIfError
                0x0000078e       0x16 ./User/Host_UDisk/UDisk_HW.o
                0x0000078e                mStopIfError
 .text.Udisk_USBH_Initialization
                0x000007a4       0x5c ./User/Host_UDisk/UDisk_HW.o
                0x000007a4                Udisk_USBH_Initialization
 .text.USBH_EnableRootHubPort
                0x00000800       0x16 ./User/Host_UDisk/UDisk_HW.o
                0x00000800                USBH_EnableRootHubPort
 .text.USBH_GetDeviceDescr
                0x00000816       0x1a ./User/Host_UDisk/UDisk_HW.o
                0x00000816                USBH_GetDeviceDescr
 .text.USBH_SetUsbAddress
                0x00000830       0x1c ./User/Host_UDisk/UDisk_HW.o
                0x00000830                USBH_SetUsbAddress
 .text.USBH_GetConfigDescr
                0x0000084c       0x20 ./User/Host_UDisk/UDisk_HW.o
                0x0000084c                USBH_GetConfigDescr
 .text.USBH_SetUsbConfig
                0x0000086c       0x16 ./User/Host_UDisk/UDisk_HW.o
                0x0000086c                USBH_SetUsbConfig
 .text.Udisk_USBH_EnumRootDevice
                0x00000882      0x16e ./User/Host_UDisk/UDisk_HW.o
                0x00000882                Udisk_USBH_EnumRootDevice
 .text.UDisk_USBH_PreDeal
                0x000009f0       0xa8 ./User/Host_UDisk/UDisk_HW.o
                0x000009f0                UDisk_USBH_PreDeal
 .text.UDisk_USBH_DiskReady
                0x00000a98       0x7e ./User/Host_UDisk/UDisk_HW.o
                0x00000a98                UDisk_USBH_DiskReady
 .text.UDisk_USBH_ByteOperation
                0x00000b16      0x1b4 ./User/Host_UDisk/Udisk_Func_BasicOp.o
                0x00000b16                UDisk_USBH_ByteOperation
 .text.NMI_Handler
                0x00000cca        0x2 ./User/ch32v4x7_it.o
                0x00000cca                NMI_Handler
 .text.HardFault_Handler
                0x00000ccc       0x34 ./User/ch32v4x7_it.o
                0x00000ccc                HardFault_Handler
 .text.startup.main
                0x00000d00       0xae ./User/main.o
                0x00000d00                main
 .text.SystemInit
                0x00000dae      0x16e ./User/system_ch32v4x7.o
                0x00000dae                SystemInit
 .text.SystemCoreClockUpdate
                0x00000f1c       0xf8 ./User/system_ch32v4x7.o
                0x00000f1c                SystemCoreClockUpdate
 .text.USBHostTransact
                0x00001014       0x10 ./Udisk_Lib/CH32V407UFI.o
                0x00001014                USBHostTransact
 .text.HostCtrlTransfer
                0x00001024       0x22 ./Udisk_Lib/CH32V407UFI.o
                0x00001024                HostCtrlTransfer
 .text.CtrlGetConfigDescrTB
                0x00001046       0x24 ./Udisk_Lib/CH32V407UFI.o
                0x00001046                CtrlGetConfigDescrTB
 .text.CtrlSetUsbConfig
                0x0000106a        0xe ./Udisk_Lib/CH32V407UFI.o
                0x0000106a                CtrlSetUsbConfig
 .text.CtrlClearEndpStall
                0x00001078        0xe ./Udisk_Lib/CH32V407UFI.o
                0x00001078                CtrlClearEndpStall
 .text.CHRV3ReadSector
                0x00001086       0x9c ./Udisk_Lib/CH32V407UFI.o
                0x00001086                CHRV3ReadSector
 .text.CHRV3WriteSector
                0x00001122       0xa2 ./Udisk_Lib/CH32V407UFI.o
                0x00001122                CHRV3WriteSector
 .text.CHRV3DiskConnect
                0x000011c4       0x3c ./Udisk_Lib/CH32V407UFI.o
                0x000011c4                CHRV3DiskConnect
 .text.xFileNameEnumer
                0x00001200        0x2 ./Udisk_Lib/CH32V407UFI.o
                0x00001200                xFileNameEnumer
 .text.CHRV3LibInit
                0x00001202       0x7a ./Udisk_Lib/CH32V407UFI.o
                0x00001202                CHRV3LibInit
 .text.mDelaymS
                0x0000127c        0x2 ./Udisk_Lib/CH32V407UFI.o
                0x0000127c                mDelaymS
 .text.vector_handler
                0x0000127e        0x2 ./Startup/startup_ch32v4x7.o
                0x0000127e                EXTI2_IRQHandler
                0x0000127e                TIM8_TRG_COM_IRQHandler
                0x0000127e                TIM8_CC_IRQHandler
                0x0000127e                DMA1_Channel12_IRQHandler
                0x0000127e                USART9_IRQHandler
                0x0000127e                TIM1_CC_IRQHandler
                0x0000127e                TIM6_IRQHandler
                0x0000127e                SysTick_Handler
                0x0000127e                I3C_ER_IRQHandler
                0x0000127e                PVD_IRQHandler
                0x0000127e                SDIO_IRQHandler
                0x0000127e                DMA2_Channel8_IRQHandler
                0x0000127e                EXTI3_IRQHandler
                0x0000127e                DMA2_Channel9_IRQHandler
                0x0000127e                USART10_IRQHandler
                0x0000127e                USART8_IRQHandler
                0x0000127e                EXTI0_IRQHandler
                0x0000127e                CAN1_RX0_IRQHandler
                0x0000127e                ADC1_2_IRQHandler
                0x0000127e                Break_Point_Handler
                0x0000127e                SPI1_IRQHandler
                0x0000127e                USART5_IRQHandler
                0x0000127e                TAMPER_IRQHandler
                0x0000127e                TIM8_UP_IRQHandler
                0x0000127e                Ecall_M_Mode_Handler
                0x0000127e                USART7_IRQHandler
                0x0000127e                DMA2_Channel2_IRQHandler
                0x0000127e                DMA1_Channel4_IRQHandler
                0x0000127e                USART6_IRQHandler
                0x0000127e                USART3_IRQHandler
                0x0000127e                RTC_IRQHandler
                0x0000127e                DMA1_Channel7_IRQHandler
                0x0000127e                CAN1_RX1_IRQHandler
                0x0000127e                USBHS2WakeUp_IRQHandler
                0x0000127e                DVP_IRQHandler
                0x0000127e                TIM4_IRQHandler
                0x0000127e                DMA2_Channel1_IRQHandler
                0x0000127e                USBHS1_IRQHandler
                0x0000127e                I2C1_EV_IRQHandler
                0x0000127e                USART4_IRQHandler
                0x0000127e                DMA1_Channel6_IRQHandler
                0x0000127e                DMA2_Channel4_IRQHandler
                0x0000127e                TIM3_IRQHandler
                0x0000127e                RCC_IRQHandler
                0x0000127e                TIM1_TRG_COM_IRQHandler
                0x0000127e                DMA1_Channel1_IRQHandler
                0x0000127e                DMA2_Channel7_IRQHandler
                0x0000127e                EXTI15_10_IRQHandler
                0x0000127e                DMA1_Channel8_IRQHandler
                0x0000127e                I3C_EV_IRQHandler
                0x0000127e                TIM7_IRQHandler
                0x0000127e                TIM5_IRQHandler
                0x0000127e                EXTI9_5_IRQHandler
                0x0000127e                LTDC_IRQHandler
                0x0000127e                ETH_WKUP_IRQHandler
                0x0000127e                SPI2_IRQHandler
                0x0000127e                I3CWakeup_IRQHandler
                0x0000127e                CAN1_TX_IRQHandler
                0x0000127e                DMA2_Channel5_IRQHandler
                0x0000127e                USBHS2_IRQHandler
                0x0000127e                DMA1_Channel5_IRQHandler
                0x0000127e                EXTI4_IRQHandler
                0x0000127e                RNG_IRQHandler
                0x0000127e                DMA1_Channel9_IRQHandler
                0x0000127e                DMA1_Channel3_IRQHandler
                0x0000127e                ETH_IRQHandler
                0x0000127e                TIM1_UP_IRQHandler
                0x0000127e                WWDG_IRQHandler
                0x0000127e                DMA2_Channel11_IRQHandler
                0x0000127e                Ecall_U_Mode_Handler
                0x0000127e                DMA2_Channel6_IRQHandler
                0x0000127e                TIM2_IRQHandler
                0x0000127e                SW_Handler
                0x0000127e                ARGB_IRQHandler
                0x0000127e                TIM1_BRK_IRQHandler
                0x0000127e                DMA2_Channel10_IRQHandler
                0x0000127e                PSRAM_IRQHandler
                0x0000127e                EXTI1_IRQHandler
                0x0000127e                RTCAlarm_IRQHandler
                0x0000127e                DMA1_Channel13_IRQHandler
                0x0000127e                USBHS1Wakeup_IRQHandler
                0x0000127e                USART2_IRQHandler
                0x0000127e                DMA1_Channel2_IRQHandler
                0x0000127e                TIM8_BRK_IRQHandler
                0x0000127e                DMA1_Channel10_IRQHandler
                0x0000127e                CAN1_SCE_IRQHandler
                0x0000127e                FLASH_IRQHandler
                0x0000127e                USART1_IRQHandler
                0x0000127e                SPI3_IRQHandler
                0x0000127e                I2C1_ER_IRQHandler
                0x0000127e                DMA1_Channel11_IRQHandler
                0x0000127e                DMA2_Channel3_IRQHandler
 .text.handle_reset
                0x00001280       0x9e ./Startup/startup_ch32v4x7.o
                0x00001280                handle_reset
 .text.DBGMCU_GetCHIPID
                0x0000131e        0xa ./Peripheral/src/ch32v4x7_dbgmcu.o
                0x0000131e                DBGMCU_GetCHIPID
 .text.GPIO_Init
                0x00001328       0xb6 ./Peripheral/src/ch32v4x7_gpio.o
                0x00001328                GPIO_Init
 .text.GPIO_IPD_Unused
                0x000013de      0x122 ./Peripheral/src/ch32v4x7_gpio.o
                0x000013de                GPIO_IPD_Unused
 .text.RCC_GetClocksFreq
                0x00001500      0x14a ./Peripheral/src/ch32v4x7_rcc.o
                0x00001500                RCC_GetClocksFreq
 .text.RCC_HBPeriphClockCmd
                0x0000164a       0x16 ./Peripheral/src/ch32v4x7_rcc.o
                0x0000164a                RCC_HBPeriphClockCmd
 .text.RCC_PB2PeriphClockCmd
                0x00001660       0x16 ./Peripheral/src/ch32v4x7_rcc.o
                0x00001660                RCC_PB2PeriphClockCmd
 .text.RCC_USBHSPLLCLKConfig
                0x00001676       0x1a ./Peripheral/src/ch32v4x7_rcc.o
                0x00001676                RCC_USBHSPLLCLKConfig
 .text.RCC_USBHSPLLReferConfig
                0x00001690       0x1a ./Peripheral/src/ch32v4x7_rcc.o
                0x00001690                RCC_USBHSPLLReferConfig
 .text.RCC_UTMI1cmd
                0x000016aa       0x16 ./Peripheral/src/ch32v4x7_rcc.o
                0x000016aa                RCC_UTMI1cmd
 .text.USART_Init
                0x000016c0       0xb4 ./Peripheral/src/ch32v4x7_usart.o
                0x000016c0                USART_Init
 .text.USART_Cmd
                0x00001774       0x14 ./Peripheral/src/ch32v4x7_usart.o
                0x00001774                USART_Cmd
 .text.USART_SendData
                0x00001788        0x8 ./Peripheral/src/ch32v4x7_usart.o
                0x00001788                USART_SendData
 .text.USART_GetFlagStatus
                0x00001790        0xa ./Peripheral/src/ch32v4x7_usart.o
                0x00001790                USART_GetFlagStatus
 .text.Delay_Init
                0x0000179a       0x2a ./Debug/debug.o
                0x0000179a                Delay_Init
 .text.Delay_Us
                0x000017c4       0x32 ./Debug/debug.o
                0x000017c4                Delay_Us
 .text.Delay_Ms
                0x000017f6       0x32 ./Debug/debug.o
                0x000017f6                Delay_Ms
 .text.USART_Printf_Init
                0x00001828       0x66 ./Debug/debug.o
                0x00001828                USART_Printf_Init
 .text._write   0x0000188e       0x3e ./Debug/debug.o
                0x0000188e                _write
 .text._sbrk    0x000018cc       0x2a ./Debug/debug.o
                0x000018cc                _sbrk
 .text.__get_MEPC
                0x000018f6        0x6 ./Core/core_riscv.o
                0x000018f6                __get_MEPC
 .text.__get_MCAUSE
                0x000018fc        0x6 ./Core/core_riscv.o
                0x000018fc                __get_MCAUSE
 .text.__get_MTVAL
                0x00001902        0x6 ./Core/core_riscv.o
                0x00001902                __get_MTVAL
 .text.mBulkOnlyReset
                0x00001908       0x9c /home/makaron/Repo/CH32V467/EVT/EXAM/USBHS/Host/Udisk_Lib/libRV3UFI.a(CHRV3MAI.o)
 .text.mUpdateStatus.part.1
                0x000019a4       0x1a /home/makaron/Repo/CH32V467/EVT/EXAM/USBHS/Host/Udisk_Lib/libRV3UFI.a(CHRV3MAI.o)
 .text.mReadSectorFAT
                0x000019be       0x62 /home/makaron/Repo/CH32V467/EVT/EXAM/USBHS/Host/Udisk_Lib/libRV3UFI.a(CHRV3MAI.o)
                0x000019be                mReadSectorFAT
 .text.mReadSectorFDT
                0x00001a20       0x62 /home/makaron/Repo/CH32V467/EVT/EXAM/USBHS/Host/Udisk_Lib/libRV3UFI.a(CHRV3MAI.o)
                0x00001a20                mReadSectorFDT
 .text.mWriteSectorFAT
                0x00001a82       0x46 /home/makaron/Repo/CH32V467/EVT/EXAM/USBHS/Host/Udisk_Lib/libRV3UFI.a(CHRV3MAI.o)
                0x00001a82                mWriteSectorFAT
 .text.mWriteSectorFDT
                0x00001ac8       0x46 /home/makaron/Repo/CH32V467/EVT/EXAM/USBHS/Host/Udisk_Lib/libRV3UFI.a(CHRV3MAI.o)
                0x00001ac8                mWriteSectorFDT
 .text.mClusterToLba
                0x00001b0e       0x20 /home/makaron/Repo/CH32V467/EVT/EXAM/USBHS/Host/Udisk_Lib/libRV3UFI.a(CHRV3MAI.o)
                0x00001b0e                mClusterToLba
 .text.CHRV3GetVer
                0x00001b2e        0x4 /home/makaron/Repo/CH32V467/EVT/EXAM/USBHS/Host/Udisk_Lib/libRV3UFI.a(CHRV3MAI.o)
                0x00001b2e                CHRV3GetVer
 .text.mUpdateStatus
                0x00001b32       0x1c /home/makaron/Repo/CH32V467/EVT/EXAM/USBHS/Host/Udisk_Lib/libRV3UFI.a(CHRV3MAI.o)
                0x00001b32                mUpdateStatus
 .text.CHRV3BulkOnlyCmd
                0x00001b4e      0x2c6 /home/makaron/Repo/CH32V467/EVT/EXAM/USBHS/Host/Udisk_Lib/libRV3UFI.a(CHRV3MAI.o)
                0x00001b4e                CHRV3BulkOnlyCmd
 .text.mReqDiskSense
                0x00001e14       0xac /home/makaron/Repo/CH32V467/EVT/EXAM/USBHS/Host/Udisk_Lib/libRV3UFI.a(CHRV3MAI.o)
 .text.mGetDiskSize
                0x00001ec0      0x14c /home/makaron/Repo/CH32V467/EVT/EXAM/USBHS/Host/Udisk_Lib/libRV3UFI.a(CHRV3MAI.o)
 .text.CHRV3AnalyzeError
                0x0000200c       0xb8 /home/makaron/Repo/CH32V467/EVT/EXAM/USBHS/Host/Udisk_Lib/libRV3UFI.a(CHRV3MAI.o)
                0x0000200c                CHRV3AnalyzeError
 .text.CHRV3s10
                0x000020c4      0x310 /home/makaron/Repo/CH32V467/EVT/EXAM/USBHS/Host/Udisk_Lib/libRV3UFI.a(CHRV3MAI.o)
 .text.CHRV3DiskReady
                0x000023d4       0xec /home/makaron/Repo/CH32V467/EVT/EXAM/USBHS/Host/Udisk_Lib/libRV3UFI.a(CHRV3MAI.o)
                0x000023d4                CHRV3DiskReady
 .text.CHRV3s11
                0x000024c0      0x42e /home/makaron/Repo/CH32V467/EVT/EXAM/USBHS/Host/Udisk_Lib/libRV3UFI.a(CHRV3MAI.o)
                0x000024c0                CHRV3s11
 .text.mSaveFatSector
                0x000028ee       0x7e /home/makaron/Repo/CH32V467/EVT/EXAM/USBHS/Host/Udisk_Lib/libRV3UFI.a(CHRV3MAI.o)
                0x000028ee                mSaveFatSector
 .text.CHRV3s20
                0x0000296c      0x27c /home/makaron/Repo/CH32V467/EVT/EXAM/USBHS/Host/Udisk_Lib/libRV3UFI.a(CHRV3MAI.o)
                0x0000296c                CHRV3s20
 .text.CHRV3s21
                0x00002be8      0x1a6 /home/makaron/Repo/CH32V467/EVT/EXAM/USBHS/Host/Udisk_Lib/libRV3UFI.a(CHRV3MAI.o)
                0x00002be8                CHRV3s21
 .text.CHRV3s22
                0x00002d8e       0x22 /home/makaron/Repo/CH32V467/EVT/EXAM/USBHS/Host/Udisk_Lib/libRV3UFI.a(CHRV3MAI.o)
                0x00002d8e                CHRV3s22
 .text.CHRV3FileOpen
                0x00002db0      0x4d2 /home/makaron/Repo/CH32V467/EVT/EXAM/USBHS/Host/Udisk_Lib/libRV3UFI.a(CHRV3MAI.o)
                0x00002db0                CHRV3FileOpen
 .text.mSectorLocate
                0x00003282       0xbe /home/makaron/Repo/CH32V467/EVT/EXAM/USBHS/Host/Udisk_Lib/libRV3UFI.a(CHRV3MAI.o)
                0x00003282                mSectorLocate
 .text.CHRV3s13
                0x00003340       0x6e /home/makaron/Repo/CH32V467/EVT/EXAM/USBHS/Host/Udisk_Lib/libRV3UFI.a(CHRV3MAI.o)
                0x00003340                CHRV3s13
 .text.mModifyInfoFree
                0x000033ae       0x46 /home/makaron/Repo/CH32V467/EVT/EXAM/USBHS/Host/Udisk_Lib/libRV3UFI.a(CHRV3MAI.o)
                0x000033ae                mModifyInfoFree
 .text.mModifyFileSize
                0x000033f4       0x50 /home/makaron/Repo/CH32V467/EVT/EXAM/USBHS/Host/Udisk_Lib/libRV3UFI.a(CHRV3MAI.o)
                0x000033f4                mModifyFileSize
 .text.CHRV3FileClose
                0x00003444       0xa8 /home/makaron/Repo/CH32V467/EVT/EXAM/USBHS/Host/Udisk_Lib/libRV3UFI.a(CHRV3MAI.o)
                0x00003444                CHRV3FileClose
 .text.CHRV3FileErase
                0x000034ec       0xc4 /home/makaron/Repo/CH32V467/EVT/EXAM/USBHS/Host/Udisk_Lib/libRV3UFI.a(CHRV3MAI.o)
                0x000034ec                CHRV3FileErase
 .text.CHRV3FileCreate
                0x000035b0      0x2ea /home/makaron/Repo/CH32V467/EVT/EXAM/USBHS/Host/Udisk_Lib/libRV3UFI.a(CHRV3MAI.o)
                0x000035b0                CHRV3FileCreate
 .text.CHRV3FileModify
                0x0000389a       0xca /home/makaron/Repo/CH32V467/EVT/EXAM/USBHS/Host/Udisk_Lib/libRV3UFI.a(CHRV3MAI.o)
                0x0000389a                CHRV3FileModify
 .text.CHRV3s25.part.0
                0x00003964       0x20 /home/makaron/Repo/CH32V467/EVT/EXAM/USBHS/Host/Udisk_Lib/libRV3UFI.a(CHRV3BYT.o)
 .text.CHRV3ByteLocate
                0x00003984       0x5c /home/makaron/Repo/CH32V467/EVT/EXAM/USBHS/Host/Udisk_Lib/libRV3UFI.a(CHRV3BYT.o)
                0x00003984                CHRV3ByteLocate
 .text.CHRV3ByteRead
                0x000039e0      0x232 /home/makaron/Repo/CH32V467/EVT/EXAM/USBHS/Host/Udisk_Lib/libRV3UFI.a(CHRV3BYT.o)
                0x000039e0                CHRV3ByteRead
 .text.CHRV3ByteWrite
                0x00003c12      0x300 /home/makaron/Repo/CH32V467/EVT/EXAM/USBHS/Host/Udisk_Lib/libRV3UFI.a(CHRV3BYT.o)
                0x00003c12                CHRV3ByteWrite
 .text.__udivdi3
                0x00003f12      0x2ee /usr/share/MRS2/MRS-linux-x64/resources/app/resources/linux/components/WCH/Toolchain/RISC-V Embedded GCC15/bin/../lib/gcc/riscv32-wch-elf/15.2.0/rv32imac_zaamo_zalrsc_zba_zbb_zbc_zbs_zvbb_zve32x_zve64x_zvkb_zvl32b_zvl64b_xw/ilp32/libgcc.a(_udivdi3.o)
                0x00003f12                __udivdi3
 .text.printf   0x00004200       0x28 /usr/share/MRS2/MRS-linux-x64/resources/app/resources/linux/components/WCH/Toolchain/RISC-V Embedded GCC15/bin/../lib/gcc/riscv32-wch-elf/15.2.0/../../../../riscv32-wch-elf/lib/rv32imac_zaamo_zalrsc_zba_zbb_zbc_zbs_zvbb_zve32x_zve64x_zvkb_zvl32b_zvl64b_xw/ilp32/libg_nano.a(libc_a-printf.o)
                0x00004200                printf
                0x00004200                iprintf
 .text._puts_r  0x00004228       0x98 /usr/share/MRS2/MRS-linux-x64/resources/app/resources/linux/components/WCH/Toolchain/RISC-V Embedded GCC15/bin/../lib/gcc/riscv32-wch-elf/15.2.0/../../../../riscv32-wch-elf/lib/rv32imac_zaamo_zalrsc_zba_zbb_zbc_zbs_zvbb_zve32x_zve64x_zvkb_zvl32b_zvl64b_xw/ilp32/libg_nano.a(libc_a-puts.o)
                0x00004228                _puts_r
 .text.puts     0x000042c0        0xa /usr/share/MRS2/MRS-linux-x64/resources/app/resources/linux/components/WCH/Toolchain/RISC-V Embedded GCC15/bin/../lib/gcc/riscv32-wch-elf/15.2.0/../../../../riscv32-wch-elf/lib/rv32imac_zaamo_zalrsc_zba_zbb_zbc_zbs_zvbb_zve32x_zve64x_zvkb_zvl32b_zvl64b_xw/ilp32/libg_nano.a(libc_a-puts.o)
                0x000042c0                puts
 .text.__swbuf_r
                0x000042ca       0x90 /usr/share/MRS2/MRS-linux-x64/resources/app/resources/linux/components/WCH/Toolchain/RISC-V Embedded GCC15/bin/../lib/gcc/riscv32-wch-elf/15.2.0/../../../../riscv32-wch-elf/lib/rv32imac_zaamo_zalrsc_zba_zbb_zbc_zbs_zvbb_zve32x_zve64x_zvkb_zvl32b_zvl64b_xw/ilp32/libg_nano.a(libc_a-wbuf.o)
                0x000042ca                __swbuf_r
 .text.__swsetup_r
                0x0000435a       0xba /usr/share/MRS2/MRS-linux-x64/resources/app/resources/linux/components/WCH/Toolchain/RISC-V Embedded GCC15/bin/../lib/gcc/riscv32-wch-elf/15.2.0/../../../../riscv32-wch-elf/lib/rv32imac_zaamo_zalrsc_zba_zbb_zbc_zbs_zvbb_zve32x_zve64x_zvkb_zvl32b_zvl64b_xw/ilp32/libg_nano.a(libc_a-wsetup.o)
                0x0000435a                __swsetup_r
 .text.strcpy   0x00004414       0x10 /usr/share/MRS2/MRS-linux-x64/resources/app/resources/linux/components/WCH/Toolchain/RISC-V Embedded GCC15/bin/../lib/gcc/riscv32-wch-elf/15.2.0/../../../../riscv32-wch-elf/lib/rv32imac_zaamo_zalrsc_zba_zbb_zbc_zbs_zvbb_zve32x_zve64x_zvkb_zvl32b_zvl64b_xw/ilp32/libg_nano.a(libc_a-strcpy.o)
                0x00004414                strcpy
 .text._free_r  0x00004424       0x9e /usr/share/MRS2/MRS-linux-x64/resources/app/resources/linux/components/WCH/Toolchain/RISC-V Embedded GCC15/bin/../lib/gcc/riscv32-wch-elf/15.2.0/../../../../riscv32-wch-elf/lib/rv32imac_zaamo_zalrsc_zba_zbb_zbc_zbs_zvbb_zve32x_zve64x_zvkb_zvl32b_zvl64b_xw/ilp32/libg_nano.a(libc_a-freer.o)
                0x00004424                _free_r
 .text.sbrk_aligned
                0x000044c2       0x56 /usr/share/MRS2/MRS-linux-x64/resources/app/resources/linux/components/WCH/Toolchain/RISC-V Embedded GCC15/bin/../lib/gcc/riscv32-wch-elf/15.2.0/../../../../riscv32-wch-elf/lib/rv32imac_zaamo_zalrsc_zba_zbb_zbc_zbs_zvbb_zve32x_zve64x_zvkb_zvl32b_zvl64b_xw/ilp32/libg_nano.a(libc_a-mallocr.o)
 .text._malloc_r
                0x00004518      0x116 /usr/share/MRS2/MRS-linux-x64/resources/app/resources/linux/components/WCH/Toolchain/RISC-V Embedded GCC15/bin/../lib/gcc/riscv32-wch-elf/15.2.0/../../../../riscv32-wch-elf/lib/rv32imac_zaamo_zalrsc_zba_zbb_zbc_zbs_zvbb_zve32x_zve64x_zvkb_zvl32b_zvl64b_xw/ilp32/libg_nano.a(libc_a-mallocr.o)
                0x00004518                _malloc_r
 .text.__malloc_lock
                0x0000462e        0x2 /usr/share/MRS2/MRS-linux-x64/resources/app/resources/linux/components/WCH/Toolchain/RISC-V Embedded GCC15/bin/../lib/gcc/riscv32-wch-elf/15.2.0/../../../../riscv32-wch-elf/lib/rv32imac_zaamo_zalrsc_zba_zbb_zbc_zbs_zvbb_zve32x_zve64x_zvkb_zvl32b_zvl64b_xw/ilp32/libg_nano.a(libc_a-mlock.o)
                0x0000462e                __malloc_lock
 .text.__malloc_unlock
                0x00004630        0x2 /usr/share/MRS2/MRS-linux-x64/resources/app/resources/linux/components/WCH/Toolchain/RISC-V Embedded GCC15/bin/../lib/gcc/riscv32-wch-elf/15.2.0/../../../../riscv32-wch-elf/lib/rv32imac_zaamo_zalrsc_zba_zbb_zbc_zbs_zvbb_zve32x_zve64x_zvkb_zvl32b_zvl64b_xw/ilp32/libg_nano.a(libc_a-mlock.o)
                0x00004630                __malloc_unlock
 .text.__sfputc_r
                0x00004632       0x28 /usr/share/MRS2/MRS-linux-x64/resources/app/resources/linux/components/WCH/Toolchain/RISC-V Embedded GCC15/bin/../lib/gcc/riscv32-wch-elf/15.2.0/../../../../riscv32-wch-elf/lib/rv32imac_zaamo_zalrsc_zba_zbb_zbc_zbs_zvbb_zve32x_zve64x_zvkb_zvl32b_zvl64b_xw/ilp32/libg_nano.a(libc_a-nano-vfprintf.o)
 .text.__sfputs_r
                0x0000465a       0x42 /usr/share/MRS2/MRS-linux-x64/resources/app/resources/linux/components/WCH/Toolchain/RISC-V Embedded GCC15/bin/../lib/gcc/riscv32-wch-elf/15.2.0/../../../../riscv32-wch-elf/lib/rv32imac_zaamo_zalrsc_zba_zbb_zbc_zbs_zvbb_zve32x_zve64x_zvkb_zvl32b_zvl64b_xw/ilp32/libg_nano.a(libc_a-nano-vfprintf.o)
                0x0000465a                __sfputs_r
 .text._vfprintf_r
                0x0000469c      0x23c /usr/share/MRS2/MRS-linux-x64/resources/app/resources/linux/components/WCH/Toolchain/RISC-V Embedded GCC15/bin/../lib/gcc/riscv32-wch-elf/15.2.0/../../../../riscv32-wch-elf/lib/rv32imac_zaamo_zalrsc_zba_zbb_zbc_zbs_zvbb_zve32x_zve64x_zvkb_zvl32b_zvl64b_xw/ilp32/libg_nano.a(libc_a-nano-vfprintf.o)
                0x0000469c                _vfiprintf_r
                0x0000469c                _vfprintf_r
 .text._printf_common
                0x000048d8      0x108 /usr/share/MRS2/MRS-linux-x64/resources/app/resources/linux/components/WCH/Toolchain/RISC-V Embedded GCC15/bin/../lib/gcc/riscv32-wch-elf/15.2.0/../../../../riscv32-wch-elf/lib/rv32imac_zaamo_zalrsc_zba_zbb_zbc_zbs_zvbb_zve32x_zve64x_zvkb_zvl32b_zvl64b_xw/ilp32/libg_nano.a(libc_a-nano-vfprintf_i.o)
                0x000048d8                _printf_common
 .text._printf_i
                0x000049e0      0x24c /usr/share/MRS2/MRS-linux-x64/resources/app/resources/linux/components/WCH/Toolchain/RISC-V Embedded GCC15/bin/../lib/gcc/riscv32-wch-elf/15.2.0/../../../../riscv32-wch-elf/lib/rv32imac_zaamo_zalrsc_zba_zbb_zbc_zbs_zvbb_zve32x_zve64x_zvkb_zvl32b_zvl64b_xw/ilp32/libg_nano.a(libc_a-nano-vfprintf_i.o)
                0x000049e0                _printf_i
 .text.__sflush_r
                0x00004c2c      0x11e /usr/share/MRS2/MRS-linux-x64/resources/app/resources/linux/components/WCH/Toolchain/RISC-V Embedded GCC15/bin/../lib/gcc/riscv32-wch-elf/15.2.0/../../../../riscv32-wch-elf/lib/rv32imac_zaamo_zalrsc_zba_zbb_zbc_zbs_zvbb_zve32x_zve64x_zvkb_zvl32b_zvl64b_xw/ilp32/libg_nano.a(libc_a-fflush.o)
                0x00004c2c                __sflush_r
 .text._fflush_r
                0x00004d4a       0x38 /usr/share/MRS2/MRS-linux-x64/resources/app/resources/linux/components/WCH/Toolchain/RISC-V Embedded GCC15/bin/../lib/gcc/riscv32-wch-elf/15.2.0/../../../../riscv32-wch-elf/lib/rv32imac_zaamo_zalrsc_zba_zbb_zbc_zbs_zvbb_zve32x_zve64x_zvkb_zvl32b_zvl64b_xw/ilp32/libg_nano.a(libc_a-fflush.o)
                0x00004d4a                _fflush_r
 .text.std      0x00004d82       0x5e /usr/share/MRS2/MRS-linux-x64/resources/app/resources/linux/components/WCH/Toolchain/RISC-V Embedded GCC15/bin/../lib/gcc/riscv32-wch-elf/15.2.0/../../../../riscv32-wch-elf/lib/rv32imac_zaamo_zalrsc_zba_zbb_zbc_zbs_zvbb_zve32x_zve64x_zvkb_zvl32b_zvl64b_xw/ilp32/libg_nano.a(libc_a-findfp.o)
 .text.stdio_exit_handler
                0x00004de0       0x18 /usr/share/MRS2/MRS-linux-x64/resources/app/resources/linux/components/WCH/Toolchain/RISC-V Embedded GCC15/bin/../lib/gcc/riscv32-wch-elf/15.2.0/../../../../riscv32-wch-elf/lib/rv32imac_zaamo_zalrsc_zba_zbb_zbc_zbs_zvbb_zve32x_zve64x_zvkb_zvl32b_zvl64b_xw/ilp32/libg_nano.a(libc_a-findfp.o)
 .text.cleanup_stdio
                0x00004df8       0x44 /usr/share/MRS2/MRS-linux-x64/resources/app/resources/linux/components/WCH/Toolchain/RISC-V Embedded GCC15/bin/../lib/gcc/riscv32-wch-elf/15.2.0/../../../../riscv32-wch-elf/lib/rv32imac_zaamo_zalrsc_zba_zbb_zbc_zbs_zvbb_zve32x_zve64x_zvkb_zvl32b_zvl64b_xw/ilp32/libg_nano.a(libc_a-findfp.o)
 .text.global_stdio_init.part.0
                0x00004e3c       0x36 /usr/share/MRS2/MRS-linux-x64/resources/app/resources/linux/components/WCH/Toolchain/RISC-V Embedded GCC15/bin/../lib/gcc/riscv32-wch-elf/15.2.0/../../../../riscv32-wch-elf/lib/rv32imac_zaamo_zalrsc_zba_zbb_zbc_zbs_zvbb_zve32x_zve64x_zvkb_zvl32b_zvl64b_xw/ilp32/libg_nano.a(libc_a-findfp.o)
 .text.__sinit  0x00004e72       0x18 /usr/share/MRS2/MRS-linux-x64/resources/app/resources/linux/components/WCH/Toolchain/RISC-V Embedded GCC15/bin/../lib/gcc/riscv32-wch-elf/15.2.0/../../../../riscv32-wch-elf/lib/rv32imac_zaamo_zalrsc_zba_zbb_zbc_zbs_zvbb_zve32x_zve64x_zvkb_zvl32b_zvl64b_xw/ilp32/libg_nano.a(libc_a-findfp.o)
                0x00004e72                __sinit
 .text._fwalk_sglue
                0x00004e8a       0x5e /usr/share/MRS2/MRS-linux-x64/resources/app/resources/linux/components/WCH/Toolchain/RISC-V Embedded GCC15/bin/../lib/gcc/riscv32-wch-elf/15.2.0/../../../../riscv32-wch-elf/lib/rv32imac_zaamo_zalrsc_zba_zbb_zbc_zbs_zvbb_zve32x_zve64x_zvkb_zvl32b_zvl64b_xw/ilp32/libg_nano.a(libc_a-fwalk.o)
                0x00004e8a                _fwalk_sglue
 .text.__swhatbuf_r
                0x00004ee8       0x54 /usr/share/MRS2/MRS-linux-x64/resources/app/resources/linux/components/WCH/Toolchain/RISC-V Embedded GCC15/bin/../lib/gcc/riscv32-wch-elf/15.2.0/../../../../riscv32-wch-elf/lib/rv32imac_zaamo_zalrsc_zba_zbb_zbc_zbs_zvbb_zve32x_zve64x_zvkb_zvl32b_zvl64b_xw/ilp32/libg_nano.a(libc_a-makebuf.o)
                0x00004ee8                __swhatbuf_r
 .text.__smakebuf_r
                0x00004f3c       0x78 /usr/share/MRS2/MRS-linux-x64/resources/app/resources/linux/components/WCH/Toolchain/RISC-V Embedded GCC15/bin/../lib/gcc/riscv32-wch-elf/15.2.0/../../../../riscv32-wch-elf/lib/rv32imac_zaamo_zalrsc_zba_zbb_zbc_zbs_zvbb_zve32x_zve64x_zvkb_zvl32b_zvl64b_xw/ilp32/libg_nano.a(libc_a-makebuf.o)
                0x00004f3c                __smakebuf_r
 .text.__sread  0x00004fb4       0x2a /usr/share/MRS2/MRS-linux-x64/resources/app/resources/linux/components/WCH/Toolchain/RISC-V Embedded GCC15/bin/../lib/gcc/riscv32-wch-elf/15.2.0/../../../../riscv32-wch-elf/lib/rv32imac_zaamo_zalrsc_zba_zbb_zbc_zbs_zvbb_zve32x_zve64x_zvkb_zvl32b_zvl64b_xw/ilp32/libg_nano.a(libc_a-stdio.o)
                0x00004fb4                __sread
 .text.__swrite
                0x00004fde       0x46 /usr/share/MRS2/MRS-linux-x64/resources/app/resources/linux/components/WCH/Toolchain/RISC-V Embedded GCC15/bin/../lib/gcc/riscv32-wch-elf/15.2.0/../../../../riscv32-wch-elf/lib/rv32imac_zaamo_zalrsc_zba_zbb_zbc_zbs_zvbb_zve32x_zve64x_zvkb_zvl32b_zvl64b_xw/ilp32/libg_nano.a(libc_a-stdio.o)
                0x00004fde                __swrite
 .text.__sseek  0x00005024       0x30 /usr/share/MRS2/MRS-linux-x64/resources/app/resources/linux/components/WCH/Toolchain/RISC-V Embedded GCC15/bin/../lib/gcc/riscv32-wch-elf/15.2.0/../../../../riscv32-wch-elf/lib/rv32imac_zaamo_zalrsc_zba_zbb_zbc_zbs_zvbb_zve32x_zve64x_zvkb_zvl32b_zvl64b_xw/ilp32/libg_nano.a(libc_a-stdio.o)
                0x00005024                __sseek
 .text.__sclose
                0x00005054        0x6 /usr/share/MRS2/MRS-linux-x64/resources/app/resources/linux/components/WCH/Toolchain/RISC-V Embedded GCC15/bin/../lib/gcc/riscv32-wch-elf/15.2.0/../../../../riscv32-wch-elf/lib/rv32imac_zaamo_zalrsc_zba_zbb_zbc_zbs_zvbb_zve32x_zve64x_zvkb_zvl32b_zvl64b_xw/ilp32/libg_nano.a(libc_a-stdio.o)
                0x00005054                __sclose
 .text.memchr   0x0000505a       0x18 /usr/share/MRS2/MRS-linux-x64/resources/app/resources/linux/components/WCH/Toolchain/RISC-V Embedded GCC15/bin/../lib/gcc/riscv32-wch-elf/15.2.0/../../../../riscv32-wch-elf/lib/rv32imac_zaamo_zalrsc_zba_zbb_zbc_zbs_zvbb_zve32x_zve64x_zvkb_zvl32b_zvl64b_xw/ilp32/libg_nano.a(libc_a-memchr.o)
                0x0000505a                memchr
 .text._close_r
                0x00005072       0x2a /usr/share/MRS2/MRS-linux-x64/resources/app/resources/linux/components/WCH/Toolchain/RISC-V Embedded GCC15/bin/../lib/gcc/riscv32-wch-elf/15.2.0/../../../../riscv32-wch-elf/lib/rv32imac_zaamo_zalrsc_zba_zbb_zbc_zbs_zvbb_zve32x_zve64x_zvkb_zvl32b_zvl64b_xw/ilp32/libg_nano.a(libc_a-closer.o)
                0x00005072                _close_r
 .text._fstat_r
                0x0000509c       0x2c /usr/share/MRS2/MRS-linux-x64/resources/app/resources/linux/components/WCH/Toolchain/RISC-V Embedded GCC15/bin/../lib/gcc/riscv32-wch-elf/15.2.0/../../../../riscv32-wch-elf/lib/rv32imac_zaamo_zalrsc_zba_zbb_zbc_zbs_zvbb_zve32x_zve64x_zvkb_zvl32b_zvl64b_xw/ilp32/libg_nano.a(libc_a-fstatr.o)
                0x0000509c                _fstat_r
 .text._isatty_r
                0x000050c8       0x2a /usr/share/MRS2/MRS-linux-x64/resources/app/resources/linux/components/WCH/Toolchain/RISC-V Embedded GCC15/bin/../lib/gcc/riscv32-wch-elf/15.2.0/../../../../riscv32-wch-elf/lib/rv32imac_zaamo_zalrsc_zba_zbb_zbc_zbs_zvbb_zve32x_zve64x_zvkb_zvl32b_zvl64b_xw/ilp32/libg_nano.a(libc_a-isattyr.o)
                0x000050c8                _isatty_r
 .text._lseek_r
                0x000050f2       0x2e /usr/share/MRS2/MRS-linux-x64/resources/app/resources/linux/components/WCH/Toolchain/RISC-V Embedded GCC15/bin/../lib/gcc/riscv32-wch-elf/15.2.0/../../../../riscv32-wch-elf/lib/rv32imac_zaamo_zalrsc_zba_zbb_zbc_zbs_zvbb_zve32x_zve64x_zvkb_zvl32b_zvl64b_xw/ilp32/libg_nano.a(libc_a-lseekr.o)
                0x000050f2                _lseek_r
 .text._read_r  0x00005120       0x2e /usr/share/MRS2/MRS-linux-x64/resources/app/resources/linux/components/WCH/Toolchain/RISC-V Embedded GCC15/bin/../lib/gcc/riscv32-wch-elf/15.2.0/../../../../riscv32-wch-elf/lib/rv32imac_zaamo_zalrsc_zba_zbb_zbc_zbs_zvbb_zve32x_zve64x_zvkb_zvl32b_zvl64b_xw/ilp32/libg_nano.a(libc_a-readr.o)
                0x00005120                _read_r
 .text._sbrk_r  0x0000514e       0x2c /usr/share/MRS2/MRS-linux-x64/resources/app/resources/linux/components/WCH/Toolchain/RISC-V Embedded GCC15/bin/../lib/gcc/riscv32-wch-elf/15.2.0/../../../../riscv32-wch-elf/lib/rv32imac_zaamo_zalrsc_zba_zbb_zbc_zbs_zvbb_zve32x_zve64x_zvkb_zvl32b_zvl64b_xw/ilp32/libg_nano.a(libc_a-sbrkr.o)
                0x0000514e                _sbrk_r
 .text._write_r
                0x0000517a       0x30 /usr/share/MRS2/MRS-linux-x64/resources/app/resources/linux/components/WCH/Toolchain/RISC-V Embedded GCC15/bin/../lib/gcc/riscv32-wch-elf/15.2.0/../../../../riscv32-wch-elf/lib/rv32imac_zaamo_zalrsc_zba_zbb_zbc_zbs_zvbb_zve32x_zve64x_zvkb_zvl32b_zvl64b_xw/ilp32/libg_nano.a(libc_a-writer.o)
                0x0000517a                _write_r
 .text._close   0x000051aa        0xc /usr/share/MRS2/MRS-linux-x64/resources/app/resources/linux/components/WCH/Toolchain/RISC-V Embedded GCC15/bin/../lib/gcc/riscv32-wch-elf/15.2.0/../../../../riscv32-wch-elf/lib/rv32imac_zaamo_zalrsc_zba_zbb_zbc_zbs_zvbb_zve32x_zve64x_zvkb_zvl32b_zvl64b_xw/ilp32/libnosys.a(close.o)
                0x000051aa                _close
 .text._fstat   0x000051b6        0xc /usr/share/MRS2/MRS-linux-x64/resources/app/resources/linux/components/WCH/Toolchain/RISC-V Embedded GCC15/bin/../lib/gcc/riscv32-wch-elf/15.2.0/../../../../riscv32-wch-elf/lib/rv32imac_zaamo_zalrsc_zba_zbb_zbc_zbs_zvbb_zve32x_zve64x_zvkb_zvl32b_zvl64b_xw/ilp32/libnosys.a(fstat.o)
                0x000051b6                _fstat
 .text._isatty  0x000051c2        0xc /usr/share/MRS2/MRS-linux-x64/resources/app/resources/linux/components/WCH/Toolchain/RISC-V Embedded GCC15/bin/../lib/gcc/riscv32-wch-elf/15.2.0/../../../../riscv32-wch-elf/lib/rv32imac_zaamo_zalrsc_zba_zbb_zbc_zbs_zvbb_zve32x_zve64x_zvkb_zvl32b_zvl64b_xw/ilp32/libnosys.a(isatty.o)
                0x000051c2                _isatty
 .text._lseek   0x000051ce        0xc /usr/share/MRS2/MRS-linux-x64/resources/app/resources/linux/components/WCH/Toolchain/RISC-V Embedded GCC15/bin/../lib/gcc/riscv32-wch-elf/15.2.0/../../../../riscv32-wch-elf/lib/rv32imac_zaamo_zalrsc_zba_zbb_zbc_zbs_zvbb_zve32x_zve64x_zvkb_zvl32b_zvl64b_xw/ilp32/libnosys.a(lseek.o)
                0x000051ce                _lseek
 .text._read    0x000051da        0xc /usr/share/MRS2/MRS-linux-x64/resources/app/resources/linux/components/WCH/Toolchain/RISC-V Embedded GCC15/bin/../lib/gcc/riscv32-wch-elf/15.2.0/../../../../riscv32-wch-elf/lib/rv32imac_zaamo_zalrsc_zba_zbb_zbc_zbs_zvbb_zve32x_zve64x_zvkb_zvl32b_zvl64b_xw/ilp32/libnosys.a(read.o)
                0x000051da                _read
 *(.rodata)
 *(.rodata*)
 *fill*         0x000051e6        0x2 
 .rodata.mStopIfError.str1.4
                0x000051e8      0x41d ./User/Host_UDisk/UDisk_HW.o
                                  0xd (size before relaxing)
 .rodata.Udisk_USBH_Initialization.str1.4
                0x00005605        0x0 ./User/Host_UDisk/UDisk_HW.o
                                 0x78 (size before relaxing)
 .rodata.Udisk_USBH_EnumRootDevice.str1.4
                0x00005605        0x0 ./User/Host_UDisk/UDisk_HW.o
                                 0xc2 (size before relaxing)
 .rodata.UDisk_USBH_PreDeal.str1.4
                0x00005605        0x0 ./User/Host_UDisk/UDisk_HW.o
                                 0x84 (size before relaxing)
 .rodata.UDisk_USBH_DiskReady.str1.4
                0x00005605        0x0 ./User/Host_UDisk/UDisk_HW.o
                                 0x73 (size before relaxing)
 .rodata.UDisk_USBH_ByteOperation.str1.4
                0x00005605        0x0 ./User/Host_UDisk/Udisk_Func_BasicOp.o
                                 0xe2 (size before relaxing)
 .rodata.main.str1.4
                0x00005605        0x0 ./User/main.o
                                 0xa2 (size before relaxing)
 *fill*         0x00005605        0x3 
 .rodata.PLLMULTB
                0x00005608       0x20 ./User/system_ch32v4x7.o
 .rodata.HBPrescTable
                0x00005628       0x10 ./User/system_ch32v4x7.o
 .rodata.CHRV3LibInit.str1.4
                0x00005638        0x0 ./Udisk_Lib/CH32V407UFI.o
                                 0x12 (size before relaxing)
 .rodata.PLLMULTB
                0x00005638       0x20 ./Peripheral/src/ch32v4x7_rcc.o
 .rodata.HBPrescTable
                0x00005658       0x10 ./Peripheral/src/ch32v4x7_rcc.o
 .rodata.__clz_tab
                0x00005668      0x100 /usr/share/MRS2/MRS-linux-x64/resources/app/resources/linux/components/WCH/Toolchain/RISC-V Embedded GCC15/bin/../lib/gcc/riscv32-wch-elf/15.2.0/rv32imac_zaamo_zalrsc_zba_zbb_zbc_zbs_zvbb_zve32x_zve64x_zvkb_zvl32b_zvl64b_xw/ilp32/libgcc.a(_clz.o)
                0x00005668                __clz_tab
 .rodata._vfprintf_r.str1.4
                0x00005768        0x0 /usr/share/MRS2/MRS-linux-x64/resources/app/resources/linux/components/WCH/Toolchain/RISC-V Embedded GCC15/bin/../lib/gcc/riscv32-wch-elf/15.2.0/../../../../riscv32-wch-elf/lib/rv32imac_zaamo_zalrsc_zba_zbb_zbc_zbs_zvbb_zve32x_zve64x_zvkb_zvl32b_zvl64b_xw/ilp32/libg_nano.a(libc_a-nano-vfprintf.o)
                                 0x13 (size before relaxing)
 .rodata._printf_i.str1.4
                0x00005768        0x0 /usr/share/MRS2/MRS-linux-x64/resources/app/resources/linux/components/WCH/Toolchain/RISC-V Embedded GCC15/bin/../lib/gcc/riscv32-wch-elf/15.2.0/../../../../riscv32-wch-elf/lib/rv32imac_zaamo_zalrsc_zba_zbb_zbc_zbs_zvbb_zve32x_zve64x_zvkb_zvl32b_zvl64b_xw/ilp32/libg_nano.a(libc_a-nano-vfprintf_i.o)
                                 0x25 (size before relaxing)
 .rodata._printf_i
                0x00005768       0x58 /usr/share/MRS2/MRS-linux-x64/resources/app/resources/linux/components/WCH/Toolchain/RISC-V Embedded GCC15/bin/../lib/gcc/riscv32-wch-elf/15.2.0/../../../../riscv32-wch-elf/lib/rv32imac_zaamo_zalrsc_zba_zbb_zbc_zbs_zvbb_zve32x_zve64x_zvkb_zvl32b_zvl64b_xw/ilp32/libg_nano.a(libc_a-nano-vfprintf_i.o)
 *(.gnu.linkonce.t.*)
                0x000057c0                        . = ALIGN (0x4)

.rela.dyn       0x000057c0        0x0
 .rela.text.UDisk_USBH_PreDeal
                0x000057c0        0x0 ./User/USB_Host/ch32v407_usbhs_host.o
 .rela.text.UDisk_USBH_DiskReady
                0x000057c0        0x0 ./User/USB_Host/ch32v407_usbhs_host.o
 .rela.text.UDisk_USBH_ByteOperation
                0x000057c0        0x0 ./User/USB_Host/ch32v407_usbhs_host.o
 .rela.text.CHRV3ReadSector
                0x000057c0        0x0 ./User/USB_Host/ch32v407_usbhs_host.o
 .rela.text.CHRV3WriteSector
                0x000057c0        0x0 ./User/USB_Host/ch32v407_usbhs_host.o
 .rela.text.CHRV3DiskConnect
                0x000057c0        0x0 ./User/USB_Host/ch32v407_usbhs_host.o
 .rela.text.CHRV3LibInit
                0x000057c0        0x0 ./User/USB_Host/ch32v407_usbhs_host.o
 .rela.init     0x000057c0        0x0 ./User/USB_Host/ch32v407_usbhs_host.o
 .rela.text.handle_reset
                0x000057c0        0x0 ./User/USB_Host/ch32v407_usbhs_host.o
 .rela.text._sbrk
                0x000057c0        0x0 ./User/USB_Host/ch32v407_usbhs_host.o
 .rela.sdata.curbrk.0
                0x000057c0        0x0 ./User/USB_Host/ch32v407_usbhs_host.o
 .rela.text.mBulkOnlyReset
                0x000057c0        0x0 ./User/USB_Host/ch32v407_usbhs_host.o
 .rela.text.mUpdateStatus.part.1
                0x000057c0        0x0 ./User/USB_Host/ch32v407_usbhs_host.o
 .rela.text.mReadSectorFAT
                0x000057c0        0x0 ./User/USB_Host/ch32v407_usbhs_host.o
 .rela.text.mReadSectorFDT
                0x000057c0        0x0 ./User/USB_Host/ch32v407_usbhs_host.o
 .rela.text.mWriteSectorFAT
                0x000057c0        0x0 ./User/USB_Host/ch32v407_usbhs_host.o
 .rela.text.mWriteSectorFDT
                0x000057c0        0x0 ./User/USB_Host/ch32v407_usbhs_host.o
 .rela.text.mClusterToLba
                0x000057c0        0x0 ./User/USB_Host/ch32v407_usbhs_host.o
 .rela.text.mUpdateStatus
                0x000057c0        0x0 ./User/USB_Host/ch32v407_usbhs_host.o
 .rela.text.CHRV3BulkOnlyCmd
                0x000057c0        0x0 ./User/USB_Host/ch32v407_usbhs_host.o
 .rela.text.mReqDiskSense
                0x000057c0        0x0 ./User/USB_Host/ch32v407_usbhs_host.o
 .rela.text.mGetDiskSize
                0x000057c0        0x0 ./User/USB_Host/ch32v407_usbhs_host.o
 .rela.text.CHRV3AnalyzeError
                0x000057c0        0x0 ./User/USB_Host/ch32v407_usbhs_host.o
 .rela.text.CHRV3s10
                0x000057c0        0x0 ./User/USB_Host/ch32v407_usbhs_host.o
 .rela.text.CHRV3DiskReady
                0x000057c0        0x0 ./User/USB_Host/ch32v407_usbhs_host.o
 .rela.text.CHRV3s11
                0x000057c0        0x0 ./User/USB_Host/ch32v407_usbhs_host.o
 .rela.text.mSaveFatSector
                0x000057c0        0x0 ./User/USB_Host/ch32v407_usbhs_host.o
 .rela.text.CHRV3s20
                0x000057c0        0x0 ./User/USB_Host/ch32v407_usbhs_host.o
 .rela.text.CHRV3s21
                0x000057c0        0x0 ./User/USB_Host/ch32v407_usbhs_host.o
 .rela.text.CHRV3s22
                0x000057c0        0x0 ./User/USB_Host/ch32v407_usbhs_host.o
 .rela.text.CHRV3FileOpen
                0x000057c0        0x0 ./User/USB_Host/ch32v407_usbhs_host.o
 .rela.text.mSectorLocate
                0x000057c0        0x0 ./User/USB_Host/ch32v407_usbhs_host.o
 .rela.text.CHRV3s13
                0x000057c0        0x0 ./User/USB_Host/ch32v407_usbhs_host.o
 .rela.text.mModifyInfoFree
                0x000057c0        0x0 ./User/USB_Host/ch32v407_usbhs_host.o
 .rela.text.mModifyFileSize
                0x000057c0        0x0 ./User/USB_Host/ch32v407_usbhs_host.o
 .rela.text.CHRV3FileClose
                0x000057c0        0x0 ./User/USB_Host/ch32v407_usbhs_host.o
 .rela.text.CHRV3FileErase
                0x000057c0        0x0 ./User/USB_Host/ch32v407_usbhs_host.o
 .rela.text.CHRV3FileCreate
                0x000057c0        0x0 ./User/USB_Host/ch32v407_usbhs_host.o
 .rela.text.CHRV3FileModify
                0x000057c0        0x0 ./User/USB_Host/ch32v407_usbhs_host.o
 .rela.text.CHRV3s25.part.0
                0x000057c0        0x0 ./User/USB_Host/ch32v407_usbhs_host.o
 .rela.text.CHRV3ByteLocate
                0x000057c0        0x0 ./User/USB_Host/ch32v407_usbhs_host.o
 .rela.text.CHRV3ByteRead
                0x000057c0        0x0 ./User/USB_Host/ch32v407_usbhs_host.o
 .rela.text.CHRV3ByteWrite
                0x000057c0        0x0 ./User/USB_Host/ch32v407_usbhs_host.o
 .rela.text._vfprintf_r
                0x000057c0        0x0 ./User/USB_Host/ch32v407_usbhs_host.o

.fini           0x000057c0        0x0
 *(SORT_NONE(.fini))
                0x000057c0                        . = ALIGN (0x4)
                [!provide]                        PROVIDE (_etext = .)
                [!provide]                        PROVIDE (_eitcm = .)

.preinit_array  0x000057c0        0x0
                [!provide]                        PROVIDE (__preinit_array_start = .)
 *(.preinit_array)
                [!provide]                        PROVIDE (__preinit_array_end = .)

.init_array     0x000057c0        0x0
                [!provide]                        PROVIDE (__init_array_start = .)
 *(SORT_BY_INIT_PRIORITY(.init_array.*) SORT_BY_INIT_PRIORITY(.ctors.*))
 *(.init_array EXCLUDE_FILE(*crtend?.o *crtend.o *crtbegin?.o *crtbegin.o) .ctors)
                [!provide]                        PROVIDE (__init_array_end = .)

.fini_array     0x000057c0        0x0
                [!provide]                        PROVIDE (__fini_array_start = .)
 *(SORT_BY_INIT_PRIORITY(.fini_array.*) SORT_BY_INIT_PRIORITY(.dtors.*))
 *(.fini_array EXCLUDE_FILE(*crtend?.o *crtend.o *crtbegin?.o *crtbegin.o) .dtors)
                [!provide]                        PROVIDE (__fini_array_end = .)

.ctors
 *crtbegin.o(.ctors)
 *crtbegin?.o(.ctors)
 *(EXCLUDE_FILE(*crtend?.o *crtend.o) .ctors)
 *(SORT_BY_NAME(.ctors.*))
 *(.ctors)

.dtors
 *crtbegin.o(.dtors)
 *crtbegin?.o(.dtors)
 *(EXCLUDE_FILE(*crtend?.o *crtend.o) .dtors)
 *(SORT_BY_NAME(.dtors.*))
 *(.dtors)

.dalign         0x20000400        0x0 load address 0x000057c0
                0x20000400                        . = ALIGN (0x4)
                0x20000400                        PROVIDE (_data_vma = .)

.dlalign        0x000057c0        0x0
                0x000057c0                        . = ALIGN (0x4)
                0x000057c0                        PROVIDE (_data_lma = .)

.data           0x20000400       0x74 load address 0x000057c0
 *(.gnu.linkonce.r.*)
 *(.data .data.*)
 .data._impure_data
                0x20000400       0x4c /usr/share/MRS2/MRS-linux-x64/resources/app/resources/linux/components/WCH/Toolchain/RISC-V Embedded GCC15/bin/../lib/gcc/riscv32-wch-elf/15.2.0/../../../../riscv32-wch-elf/lib/rv32imac_zaamo_zalrsc_zba_zbb_zbc_zbs_zvbb_zve32x_zve64x_zvkb_zvl32b_zvl64b_xw/ilp32/libg_nano.a(libc_a-impure.o)
                0x20000400                _impure_data
 .data.__sglue  0x2000044c        0xc /usr/share/MRS2/MRS-linux-x64/resources/app/resources/linux/components/WCH/Toolchain/RISC-V Embedded GCC15/bin/../lib/gcc/riscv32-wch-elf/15.2.0/../../../../riscv32-wch-elf/lib/rv32imac_zaamo_zalrsc_zba_zbb_zbc_zbs_zvbb_zve32x_zve64x_zvkb_zvl32b_zvl64b_xw/ilp32/libg_nano.a(libc_a-findfp.o)
                0x2000044c                __sglue
 *(.gnu.linkonce.d.*)
                0x20000458                        . = ALIGN (0x8)
                0x20000c58                        PROVIDE (__global_pointer$ = (. + 0x800))
 *(.sdata .sdata.*)
 .sdata.SystemCoreClock
                0x20000458        0x4 ./User/system_ch32v4x7.o
                0x20000458                SystemCoreClock
 .sdata.SystemClock
                0x2000045c        0x4 ./User/system_ch32v4x7.o
                0x2000045c                SystemClock
 .sdata.curbrk.0
                0x20000460        0x4 ./Debug/debug.o
 .sdata._impure_ptr
                0x20000464        0x4 /usr/share/MRS2/MRS-linux-x64/resources/app/resources/linux/components/WCH/Toolchain/RISC-V Embedded GCC15/bin/../lib/gcc/riscv32-wch-elf/15.2.0/../../../../riscv32-wch-elf/lib/rv32imac_zaamo_zalrsc_zba_zbb_zbc_zbs_zvbb_zve32x_zve64x_zvkb_zvl32b_zvl64b_xw/ilp32/libg_nano.a(libc_a-impure.o)
                0x20000464                _impure_ptr
 *(.sdata2.*)
 *(.gnu.linkonce.s.*)
                0x20000468                        . = ALIGN (0x8)
 *(.srodata.cst16)
 *(.srodata.cst8)
 *(.srodata.cst4)
 *(.srodata.cst2)
 *(.srodata .srodata.*)
 .srodata.ADCPrescTable
                0x20000468        0x4 ./Peripheral/src/ch32v4x7_rcc.o
 .srodata.PBPrescTable
                0x2000046c        0x8 ./Peripheral/src/ch32v4x7_rcc.o
                0x20000474                        . = ALIGN (0x4)
                0x20000474                        PROVIDE (_edata = .)

.bss            0x20000474      0x704 load address 0x00005834
                0x20000474                        . = ALIGN (0x4)
                0x20000474                        PROVIDE (_sbss = .)
 *(.sbss*)
 .sbss.pHOST_TX_RAM_Addr
                0x20000474        0x4 ./User/Host_UDisk/UDisk_HW.o
                0x20000474                pHOST_TX_RAM_Addr
 .sbss.pHOST_RX_RAM_Addr
                0x20000478        0x4 ./User/Host_UDisk/UDisk_HW.o
                0x20000478                pHOST_RX_RAM_Addr
 .sbss.UDisk_Opeation_Flag
                0x2000047c        0x1 ./User/Host_UDisk/UDisk_HW.o
                0x2000047c                UDisk_Opeation_Flag
 *fill*         0x2000047d        0x3 
 .sbss.g_fault_ra
                0x20000480        0x4 ./User/ch32v4x7_it.o
                0x20000480                g_fault_ra
 .sbss.g_fault_sp
                0x20000484        0x4 ./User/ch32v4x7_it.o
                0x20000484                g_fault_sp
 .sbss.g_fault_mtval
                0x20000488        0x4 ./User/ch32v4x7_it.o
                0x20000488                g_fault_mtval
 .sbss.g_fault_mcause
                0x2000048c        0x4 ./User/ch32v4x7_it.o
                0x2000048c                g_fault_mcause
 .sbss.g_fault_mepc
                0x20000490        0x4 ./User/ch32v4x7_it.o
                0x20000490                g_fault_mepc
 .sbss.boot_count.0
                0x20000494        0x4 ./User/main.o
 .sbss.HCLKClock
                0x20000498        0x4 ./User/system_ch32v4x7.o
                0x20000498                HCLKClock
 .sbss.p_ms     0x2000049c        0x2 ./Debug/debug.o
 .sbss.p_us     0x2000049e        0x1 ./Debug/debug.o
 *fill*         0x2000049f        0x1 
 .sbss.__malloc_sbrk_start
                0x200004a0        0x4 /usr/share/MRS2/MRS-linux-x64/resources/app/resources/linux/components/WCH/Toolchain/RISC-V Embedded GCC15/bin/../lib/gcc/riscv32-wch-elf/15.2.0/../../../../riscv32-wch-elf/lib/rv32imac_zaamo_zalrsc_zba_zbb_zbc_zbs_zvbb_zve32x_zve64x_zvkb_zvl32b_zvl64b_xw/ilp32/libg_nano.a(libc_a-mallocr.o)
                0x200004a0                __malloc_sbrk_start
 .sbss.__malloc_free_list
                0x200004a4        0x4 /usr/share/MRS2/MRS-linux-x64/resources/app/resources/linux/components/WCH/Toolchain/RISC-V Embedded GCC15/bin/../lib/gcc/riscv32-wch-elf/15.2.0/../../../../riscv32-wch-elf/lib/rv32imac_zaamo_zalrsc_zba_zbb_zbc_zbs_zvbb_zve32x_zve64x_zvkb_zvl32b_zvl64b_xw/ilp32/libg_nano.a(libc_a-mallocr.o)
                0x200004a4                __malloc_free_list
 .sbss.__stdio_exit_handler
                0x200004a8        0x4 /usr/share/MRS2/MRS-linux-x64/resources/app/resources/linux/components/WCH/Toolchain/RISC-V Embedded GCC15/bin/../lib/gcc/riscv32-wch-elf/15.2.0/../../../../riscv32-wch-elf/lib/rv32imac_zaamo_zalrsc_zba_zbb_zbc_zbs_zvbb_zve32x_zve64x_zvkb_zvl32b_zvl64b_xw/ilp32/libg_nano.a(libc_a-findfp.o)
                0x200004a8                __stdio_exit_handler
 .sbss.errno    0x200004ac        0x4 /usr/share/MRS2/MRS-linux-x64/resources/app/resources/linux/components/WCH/Toolchain/RISC-V Embedded GCC15/bin/../lib/gcc/riscv32-wch-elf/15.2.0/../../../../riscv32-wch-elf/lib/rv32imac_zaamo_zalrsc_zba_zbb_zbc_zbs_zvbb_zve32x_zve64x_zvkb_zvl32b_zvl64b_xw/ilp32/libg_nano.a(libc_a-reent.o)
                0x200004ac                errno
 *(.gnu.linkonce.sb.*)
 *(.bss*)
 .bss.TxBuffer  0x200004b0       0x40 ./User/USB_Host/ch32v407_usbhs_host.o
                0x200004b0                TxBuffer
 .bss.RxBuffer  0x200004f0       0x40 ./User/USB_Host/ch32v407_usbhs_host.o
                0x200004f0                RxBuffer
 .bss.HostCtl   0x20000530      0x10a ./User/Host_UDisk/UDisk_HW.o
                0x20000530                HostCtl
 *fill*         0x2000063a        0x2 
 .bss.RootHubDev
                0x2000063c       0x1f ./User/Host_UDisk/UDisk_HW.o
                0x2000063c                RootHubDev
 *fill*         0x2000065b        0x1 
 .bss.DevDesc_Buf
                0x2000065c       0x12 ./User/Host_UDisk/UDisk_HW.o
                0x2000065c                DevDesc_Buf
 *fill*         0x2000066e        0x2 
 .bss.Com_Buffer
                0x20000670       0xff ./User/Host_UDisk/UDisk_HW.o
                0x20000670                Com_Buffer
 *fill*         0x2000076f        0x1 
 .bss.DISK_BASE_BUF
                0x20000770      0x200 ./Udisk_Lib/CH32V407UFI.o
                0x20000770                DISK_BASE_BUF
 .bss.mCmdParam
                0x20000970       0x40 ./Udisk_Lib/CH32V407UFI.o
                0x20000970                mCmdParam
 .bss.__sf      0x200009b0      0x138 /usr/share/MRS2/MRS-linux-x64/resources/app/resources/linux/components/WCH/Toolchain/RISC-V Embedded GCC15/bin/../lib/gcc/riscv32-wch-elf/15.2.0/../../../../riscv32-wch-elf/lib/rv32imac_zaamo_zalrsc_zba_zbb_zbc_zbs_zvbb_zve32x_zve64x_zvkb_zvl32b_zvl64b_xw/ilp32/libg_nano.a(libc_a-findfp.o)
                0x200009b0                __sf
 *(.gnu.linkonce.b.*)
 *(COMMON*)
 COMMON         0x20000ae8       0x90 /home/makaron/Repo/CH32V467/EVT/EXAM/USBHS/Host/Udisk_Lib/libRV3UFI.a(CHRV3MAI.o)
                0x20000ae8                pTX_LEN_REG
                0x20000aec                mLinkClusSource
                0x20000af0                mDiskSecPerClusB
                0x20000af4                pDISK_FAT_BUF
                0x20000af8                mFatSecChanged
                0x20000af9                CHRV3vDiskFat
                0x20000afc                CHRV3vDiskRoot
                0x20000b00                CHRV3vStartCluster
                0x20000b04                mValue
                0x20000b08                pTX_DMA_A_REG
                0x20000b0c                pDISK_BASE_BUF
                0x20000b10                CHRV3vCurrentOffset
                0x20000b14                pRX_LEN_REG
                0x20000b18                mDiskBulkOutEndp
                0x20000b1c                mDiskRsvdSecEnd
                0x20000b20                CHRV3vLbaCurrent
                0x20000b24                CHRV3DiskStatus
                0x20000b28                mTempAddrPoint
                0x20000b2c                CHRV3IntStatus
                0x20000b30                mDiskFatSize
                0x20000b34                CHRV3vFileSize
                0x20000b38                CHRV3vSectorSize
                0x20000b3a                CHRV3vFdtOffset
                0x20000b3c                CHRV3vSubClassIs6
                0x20000b40                mCurrentCluster
                0x20000b44                CHRV3vFdtLba
                0x20000b48                CHRV3vStartLba
                0x20000b4c                CHRV3vSecPerClus
                0x20000b4e                CHRV3vPacketSize
                0x20000b50                mLinkEndOfClus
                0x20000b52                mDiskInfoSec
                0x20000b54                CHRV3vCurrentLun
                0x20000b58                mDiskTotalClus
                0x20000b5c                mLbaBufferFAT
                0x20000b60                CHRV3vDataStart
                0x20000b64                mCurrentName
                0x20000b68                mDiskBulkInEndp
                0x20000b69                CHRV3vSectorSizeB
                0x20000b6c                mLbaBufferFDT
                0x20000b70                pRX_DMA_A_REG
                0x20000b74                mDiskInterfNumber
                0x20000b75                mCurSecOffset
                0x20000b76                mFileSizeChanged
                0x20000b77                mSaveDevEndpTog
                0x20000b78                        . = ALIGN (0x4)
                0x20000b78                        PROVIDE (_ebss = .)
                0x20000b78                        PROVIDE (_end = _ebss)
                [!provide]                        PROVIDE (end = .)

.stack          0x20021800      0x800
                0x20021800                        PROVIDE (_heap_end = .)
                0x20021800                        . = ALIGN (0x4)
                [!provide]                        PROVIDE (_susrstack = .)
                0x20022000                        . = (. + __stack_size)
 *fill*         0x20021800      0x800 
                0x20022000                        PROVIDE (_eusrstack = .)
OUTPUT(HOST_Udisk.elf elf32-littleriscv)

.debug_info     0x00000000     0x88e2
 .debug_info    0x00000000     0x1200 ./User/USB_Host/ch32v407_usbhs_host.o
 .debug_info    0x00001200     0x11cd ./User/Host_UDisk/UDisk_HW.o
 .debug_info    0x000023cd      0xd36 ./User/Host_UDisk/Udisk_Func_BasicOp.o
 .debug_info    0x00003103      0x477 ./User/ch32v4x7_it.o
 .debug_info    0x0000357a      0x336 ./User/main.o
 .debug_info    0x000038b0      0x443 ./User/system_ch32v4x7.o
 .debug_info    0x00003cf3      0xef5 ./Udisk_Lib/CH32V407UFI.o
 .debug_info    0x00004be8       0x22 ./Startup/startup_ch32v4x7.o
 .debug_info    0x00004c0a      0x1ef ./Peripheral/src/ch32v4x7_dbgmcu.o
 .debug_info    0x00004df9      0x993 ./Peripheral/src/ch32v4x7_gpio.o
 .debug_info    0x0000578c      0xca8 ./Peripheral/src/ch32v4x7_rcc.o
 .debug_info    0x00006434      0xc5a ./Peripheral/src/ch32v4x7_usart.o
 .debug_info    0x0000708e      0x749 ./Debug/debug.o
 .debug_info    0x000077d7      0x66a ./Core/core_riscv.o
 .debug_info    0x00007e41      0x850 /usr/share/MRS2/MRS-linux-x64/resources/app/resources/linux/components/WCH/Toolchain/RISC-V Embedded GCC15/bin/../lib/gcc/riscv32-wch-elf/15.2.0/rv32imac_zaamo_zalrsc_zba_zbb_zbc_zbs_zvbb_zve32x_zve64x_zvkb_zvl32b_zvl64b_xw/ilp32/libgcc.a(_udivdi3.o)
 .debug_info    0x00008691      0x15f /usr/share/MRS2/MRS-linux-x64/resources/app/resources/linux/components/WCH/Toolchain/RISC-V Embedded GCC15/bin/../lib/gcc/riscv32-wch-elf/15.2.0/rv32imac_zaamo_zalrsc_zba_zbb_zbc_zbs_zvbb_zve32x_zve64x_zvkb_zvl32b_zvl64b_xw/ilp32/libgcc.a(save-restore.o)
 .debug_info    0x000087f0       0xf2 /usr/share/MRS2/MRS-linux-x64/resources/app/resources/linux/components/WCH/Toolchain/RISC-V Embedded GCC15/bin/../lib/gcc/riscv32-wch-elf/15.2.0/rv32imac_zaamo_zalrsc_zba_zbb_zbc_zbs_zvbb_zve32x_zve64x_zvkb_zvl32b_zvl64b_xw/ilp32/libgcc.a(_clz.o)

.debug_abbrev   0x00000000     0x1ff5
 .debug_abbrev  0x00000000      0x42f ./User/USB_Host/ch32v407_usbhs_host.o
 .debug_abbrev  0x0000042f      0x40f ./User/Host_UDisk/UDisk_HW.o
 .debug_abbrev  0x0000083e      0x233 ./User/Host_UDisk/Udisk_Func_BasicOp.o
 .debug_abbrev  0x00000a71      0x154 ./User/ch32v4x7_it.o
 .debug_abbrev  0x00000bc5      0x143 ./User/main.o
 .debug_abbrev  0x00000d08      0x1d3 ./User/system_ch32v4x7.o
 .debug_abbrev  0x00000edb      0x352 ./Udisk_Lib/CH32V407UFI.o
 .debug_abbrev  0x0000122d       0x12 ./Startup/startup_ch32v4x7.o
 .debug_abbrev  0x0000123f      0x186 ./Peripheral/src/ch32v4x7_dbgmcu.o
 .debug_abbrev  0x000013c5      0x23d ./Peripheral/src/ch32v4x7_gpio.o
 .debug_abbrev  0x00001602      0x255 ./Peripheral/src/ch32v4x7_rcc.o
 .debug_abbrev  0x00001857      0x1ff ./Peripheral/src/ch32v4x7_usart.o
 .debug_abbrev  0x00001a56      0x241 ./Debug/debug.o
 .debug_abbrev  0x00001c97      0x113 ./Core/core_riscv.o
 .debug_abbrev  0x00001daa      0x1ad /usr/share/MRS2/MRS-linux-x64/resources/app/resources/linux/components/WCH/Toolchain/RISC-V Embedded GCC15/bin/../lib/gcc/riscv32-wch-elf/15.2.0/rv32imac_zaamo_zalrsc_zba_zbb_zbc_zbs_zvbb_zve32x_zve64x_zvkb_zvl32b_zvl64b_xw/ilp32/libgcc.a(_udivdi3.o)
 .debug_abbrev  0x00001f57       0x28 /usr/share/MRS2/MRS-linux-x64/resources/app/resources/linux/components/WCH/Toolchain/RISC-V Embedded GCC15/bin/../lib/gcc/riscv32-wch-elf/15.2.0/rv32imac_zaamo_zalrsc_zba_zbb_zbc_zbs_zvbb_zve32x_zve64x_zvkb_zvl32b_zvl64b_xw/ilp32/libgcc.a(save-restore.o)
 .debug_abbrev  0x00001f7f       0x76 /usr/share/MRS2/MRS-linux-x64/resources/app/resources/linux/components/WCH/Toolchain/RISC-V Embedded GCC15/bin/../lib/gcc/riscv32-wch-elf/15.2.0/rv32imac_zaamo_zalrsc_zba_zbb_zbc_zbs_zvbb_zve32x_zve64x_zvkb_zvl32b_zvl64b_xw/ilp32/libgcc.a(_clz.o)

.debug_loc      0x00000000     0x3c68
 .debug_loc     0x00000000      0xbc7 ./User/USB_Host/ch32v407_usbhs_host.o
 .debug_loc     0x00000bc7      0x741 ./User/Host_UDisk/UDisk_HW.o
 .debug_loc     0x00001308      0x415 ./User/Host_UDisk/Udisk_Func_BasicOp.o
 .debug_loc     0x0000171d      0x20b ./User/system_ch32v4x7.o
 .debug_loc     0x00001928      0x34f ./Udisk_Lib/CH32V407UFI.o
 .debug_loc     0x00001c77       0xc0 ./Peripheral/src/ch32v4x7_dbgmcu.o
 .debug_loc     0x00001d37      0x97e ./Peripheral/src/ch32v4x7_gpio.o
 .debug_loc     0x000026b5      0x878 ./Peripheral/src/ch32v4x7_rcc.o
 .debug_loc     0x00002f2d      0xa27 ./Peripheral/src/ch32v4x7_usart.o
 .debug_loc     0x00003954      0x146 ./Debug/debug.o
 .debug_loc     0x00003a9a      0x1ce ./Core/core_riscv.o

.debug_aranges  0x00000000      0x7c0
 .debug_aranges
                0x00000000       0xb0 ./User/USB_Host/ch32v407_usbhs_host.o
 .debug_aranges
                0x000000b0       0x78 ./User/Host_UDisk/UDisk_HW.o
 .debug_aranges
                0x00000128       0x30 ./User/Host_UDisk/Udisk_Func_BasicOp.o
 .debug_aranges
                0x00000158       0x28 ./User/ch32v4x7_it.o
 .debug_aranges
                0x00000180       0x20 ./User/main.o
 .debug_aranges
                0x000001a0       0x28 ./User/system_ch32v4x7.o
 .debug_aranges
                0x000001c8       0x88 ./Udisk_Lib/CH32V407UFI.o
 .debug_aranges
                0x00000250       0x30 ./Startup/startup_ch32v4x7.o
 .debug_aranges
                0x00000280       0x48 ./Peripheral/src/ch32v4x7_dbgmcu.o
 .debug_aranges
                0x000002c8       0xa8 ./Peripheral/src/ch32v4x7_gpio.o
 .debug_aranges
                0x00000370      0x188 ./Peripheral/src/ch32v4x7_rcc.o
 .debug_aranges
                0x000004f8       0xf8 ./Peripheral/src/ch32v4x7_usart.o
 .debug_aranges
                0x000005f0       0x50 ./Debug/debug.o
 .debug_aranges
                0x00000640      0x128 ./Core/core_riscv.o
 .debug_aranges
                0x00000768       0x20 /usr/share/MRS2/MRS-linux-x64/resources/app/resources/linux/components/WCH/Toolchain/RISC-V Embedded GCC15/bin/../lib/gcc/riscv32-wch-elf/15.2.0/rv32imac_zaamo_zalrsc_zba_zbb_zbc_zbs_zvbb_zve32x_zve64x_zvkb_zvl32b_zvl64b_xw/ilp32/libgcc.a(_udivdi3.o)
 .debug_aranges
                0x00000788       0x20 /usr/share/MRS2/MRS-linux-x64/resources/app/resources/linux/components/WCH/Toolchain/RISC-V Embedded GCC15/bin/../lib/gcc/riscv32-wch-elf/15.2.0/rv32imac_zaamo_zalrsc_zba_zbb_zbc_zbs_zvbb_zve32x_zve64x_zvkb_zvl32b_zvl64b_xw/ilp32/libgcc.a(save-restore.o)
 .debug_aranges
                0x000007a8       0x18 /usr/share/MRS2/MRS-linux-x64/resources/app/resources/linux/components/WCH/Toolchain/RISC-V Embedded GCC15/bin/../lib/gcc/riscv32-wch-elf/15.2.0/rv32imac_zaamo_zalrsc_zba_zbb_zbc_zbs_zvbb_zve32x_zve64x_zvkb_zvl32b_zvl64b_xw/ilp32/libgcc.a(_clz.o)

.debug_ranges   0x00000000      0x760
 .debug_ranges  0x00000000       0xb8 ./User/USB_Host/ch32v407_usbhs_host.o
 .debug_ranges  0x000000b8       0xd8 ./User/Host_UDisk/UDisk_HW.o
 .debug_ranges  0x00000190       0x20 ./User/Host_UDisk/Udisk_Func_BasicOp.o
 .debug_ranges  0x000001b0       0x18 ./User/ch32v4x7_it.o
 .debug_ranges  0x000001c8       0x10 ./User/main.o
 .debug_ranges  0x000001d8       0x48 ./User/system_ch32v4x7.o
 .debug_ranges  0x00000220       0x78 ./Udisk_Lib/CH32V407UFI.o
 .debug_ranges  0x00000298       0x28 ./Startup/startup_ch32v4x7.o
 .debug_ranges  0x000002c0       0x50 ./Peripheral/src/ch32v4x7_dbgmcu.o
 .debug_ranges  0x00000310       0x98 ./Peripheral/src/ch32v4x7_gpio.o
 .debug_ranges  0x000003a8      0x178 ./Peripheral/src/ch32v4x7_rcc.o
 .debug_ranges  0x00000520       0xe8 ./Peripheral/src/ch32v4x7_usart.o
 .debug_ranges  0x00000608       0x40 ./Debug/debug.o
 .debug_ranges  0x00000648      0x118 ./Core/core_riscv.o

.debug_line     0x00000000     0x9c44
 .debug_line    0x00000000     0x14a9 ./User/USB_Host/ch32v407_usbhs_host.o
 .debug_line    0x000014a9      0xd68 ./User/Host_UDisk/UDisk_HW.o
 .debug_line    0x00002211      0xc8a ./User/Host_UDisk/Udisk_Func_BasicOp.o
 .debug_line    0x00002e9b      0x289 ./User/ch32v4x7_it.o
 .debug_line    0x00003124      0x448 ./User/main.o
 .debug_line    0x0000356c      0x899 ./User/system_ch32v4x7.o
 .debug_line    0x00003e05      0xb18 ./Udisk_Lib/CH32V407UFI.o
 .debug_line    0x0000491d      0x15d ./Startup/startup_ch32v4x7.o
 .debug_line    0x00004a7a      0x31e ./Peripheral/src/ch32v4x7_dbgmcu.o
 .debug_line    0x00004d98      0xeb4 ./Peripheral/src/ch32v4x7_gpio.o
 .debug_line    0x00005c4c     0x15a0 ./Peripheral/src/ch32v4x7_rcc.o
 .debug_line    0x000071ec      0xeea ./Peripheral/src/ch32v4x7_usart.o
 .debug_line    0x000080d6      0x757 ./Debug/debug.o
 .debug_line    0x0000882d      0x735 ./Core/core_riscv.o
 .debug_line    0x00008f62      0xb3a /usr/share/MRS2/MRS-linux-x64/resources/app/resources/linux/components/WCH/Toolchain/RISC-V Embedded GCC15/bin/../lib/gcc/riscv32-wch-elf/15.2.0/rv32imac_zaamo_zalrsc_zba_zbb_zbc_zbs_zvbb_zve32x_zve64x_zvkb_zvl32b_zvl64b_xw/ilp32/libgcc.a(_udivdi3.o)
 .debug_line    0x00009a9c      0x15f /usr/share/MRS2/MRS-linux-x64/resources/app/resources/linux/components/WCH/Toolchain/RISC-V Embedded GCC15/bin/../lib/gcc/riscv32-wch-elf/15.2.0/rv32imac_zaamo_zalrsc_zba_zbb_zbc_zbs_zvbb_zve32x_zve64x_zvkb_zvl32b_zvl64b_xw/ilp32/libgcc.a(save-restore.o)
 .debug_line    0x00009bfb       0x49 /usr/share/MRS2/MRS-linux-x64/resources/app/resources/linux/components/WCH/Toolchain/RISC-V Embedded GCC15/bin/../lib/gcc/riscv32-wch-elf/15.2.0/rv32imac_zaamo_zalrsc_zba_zbb_zbc_zbs_zvbb_zve32x_zve64x_zvkb_zvl32b_zvl64b_xw/ilp32/libgcc.a(_clz.o)

.debug_str      0x00000000     0x2a81
 .debug_str     0x00000000     0x2a81 ./User/USB_Host/ch32v407_usbhs_host.o
                                0x89d (size before relaxing)
 .debug_str     0x00002a81        0x0 ./User/Host_UDisk/UDisk_HW.o
                                0x77c (size before relaxing)
 .debug_str     0x00002a81        0x0 ./User/Host_UDisk/Udisk_Func_BasicOp.o
                                0x603 (size before relaxing)
 .debug_str     0x00002a81        0x0 ./User/ch32v4x7_it.o
                                0x3a8 (size before relaxing)
 .debug_str     0x00002a81        0x0 ./User/main.o
                                0x391 (size before relaxing)
 .debug_str     0x00002a81        0x0 ./User/system_ch32v4x7.o
                                0x3dd (size before relaxing)
 .debug_str     0x00002a81        0x0 ./Udisk_Lib/CH32V407UFI.o
                                0x914 (size before relaxing)
 .debug_str     0x00002a81        0x0 ./Startup/startup_ch32v4x7.o
                                 0x8f (size before relaxing)
 .debug_str     0x00002a81        0x0 ./Peripheral/src/ch32v4x7_dbgmcu.o
                                0x2f2 (size before relaxing)
 .debug_str     0x00002a81        0x0 ./Peripheral/src/ch32v4x7_gpio.o
                                0x623 (size before relaxing)
 .debug_str     0x00002a81        0x0 ./Peripheral/src/ch32v4x7_rcc.o
                                0x91e (size before relaxing)
 .debug_str     0x00002a81        0x0 ./Peripheral/src/ch32v4x7_usart.o
                                0x7ec (size before relaxing)
 .debug_str     0x00002a81        0x0 ./Debug/debug.o
                                0x5e9 (size before relaxing)
 .debug_str     0x00002a81        0x0 ./Core/core_riscv.o
                                0x3f5 (size before relaxing)
 .debug_str     0x00002a81        0x0 /usr/share/MRS2/MRS-linux-x64/resources/app/resources/linux/components/WCH/Toolchain/RISC-V Embedded GCC15/bin/../lib/gcc/riscv32-wch-elf/15.2.0/rv32imac_zaamo_zalrsc_zba_zbb_zbc_zbs_zvbb_zve32x_zve64x_zvkb_zvl32b_zvl64b_xw/ilp32/libgcc.a(_udivdi3.o)
                                0x2e1 (size before relaxing)
 .debug_str     0x00002a81        0x0 /usr/share/MRS2/MRS-linux-x64/resources/app/resources/linux/components/WCH/Toolchain/RISC-V Embedded GCC15/bin/../lib/gcc/riscv32-wch-elf/15.2.0/rv32imac_zaamo_zalrsc_zba_zbb_zbc_zbs_zvbb_zve32x_zve64x_zvkb_zvl32b_zvl64b_xw/ilp32/libgcc.a(save-restore.o)
                                0x299 (size before relaxing)
 .debug_str     0x00002a81        0x0 /usr/share/MRS2/MRS-linux-x64/resources/app/resources/linux/components/WCH/Toolchain/RISC-V Embedded GCC15/bin/../lib/gcc/riscv32-wch-elf/15.2.0/rv32imac_zaamo_zalrsc_zba_zbb_zbc_zbs_zvbb_zve32x_zve64x_zvkb_zvl32b_zvl64b_xw/ilp32/libgcc.a(_clz.o)
                                0x22e (size before relaxing)

.comment        0x00000000       0x8a
 .comment       0x00000000       0x8a ./User/USB_Host/ch32v407_usbhs_host.o
                                 0x20 (size before relaxing)
 .comment       0x0000008a        0x0 ./User/Host_UDisk/UDisk_HW.o
                                 0x20 (size before relaxing)
 .comment       0x0000008a        0x0 ./User/Host_UDisk/Udisk_Func_BasicOp.o
                                 0x20 (size before relaxing)
 .comment       0x0000008a        0x0 ./User/ch32v4x7_it.o
                                 0x20 (size before relaxing)
 .comment       0x0000008a        0x0 ./User/main.o
                                 0x20 (size before relaxing)
 .comment       0x0000008a        0x0 ./User/system_ch32v4x7.o
                                 0x20 (size before relaxing)
 .comment       0x0000008a        0x0 ./Udisk_Lib/CH32V407UFI.o
                                 0x20 (size before relaxing)
 .comment       0x0000008a        0x0 ./Peripheral/src/ch32v4x7_dbgmcu.o
                                 0x20 (size before relaxing)
 .comment       0x0000008a        0x0 ./Peripheral/src/ch32v4x7_gpio.o
                                 0x20 (size before relaxing)
 .comment       0x0000008a        0x0 ./Peripheral/src/ch32v4x7_rcc.o
                                 0x20 (size before relaxing)
 .comment       0x0000008a        0x0 ./Peripheral/src/ch32v4x7_usart.o
                                 0x20 (size before relaxing)
 .comment       0x0000008a        0x0 ./Debug/debug.o
                                 0x20 (size before relaxing)
 .comment       0x0000008a        0x0 ./Core/core_riscv.o
                                 0x20 (size before relaxing)
 .comment       0x0000008a        0x0 /home/makaron/Repo/CH32V467/EVT/EXAM/USBHS/Host/Udisk_Lib/libRV3UFI.a(CHRV3MAI.o)
                                 0x34 (size before relaxing)
 .comment       0x0000008a        0x0 /home/makaron/Repo/CH32V467/EVT/EXAM/USBHS/Host/Udisk_Lib/libRV3UFI.a(CHRV3BYT.o)
                                 0x34 (size before relaxing)
 .comment       0x0000008a        0x0 /usr/share/MRS2/MRS-linux-x64/resources/app/resources/linux/components/WCH/Toolchain/RISC-V Embedded GCC15/bin/../lib/gcc/riscv32-wch-elf/15.2.0/rv32imac_zaamo_zalrsc_zba_zbb_zbc_zbs_zvbb_zve32x_zve64x_zvkb_zvl32b_zvl64b_xw/ilp32/libgcc.a(_udivdi3.o)
                                 0x27 (size before relaxing)
 .comment       0x0000008a        0x0 /usr/share/MRS2/MRS-linux-x64/resources/app/resources/linux/components/WCH/Toolchain/RISC-V Embedded GCC15/bin/../lib/gcc/riscv32-wch-elf/15.2.0/rv32imac_zaamo_zalrsc_zba_zbb_zbc_zbs_zvbb_zve32x_zve64x_zvkb_zvl32b_zvl64b_xw/ilp32/libgcc.a(_clz.o)
                                 0x27 (size before relaxing)
 .comment       0x0000008a        0x0 /usr/share/MRS2/MRS-linux-x64/resources/app/resources/linux/components/WCH/Toolchain/RISC-V Embedded GCC15/bin/../lib/gcc/riscv32-wch-elf/15.2.0/../../../../riscv32-wch-elf/lib/rv32imac_zaamo_zalrsc_zba_zbb_zbc_zbs_zvbb_zve32x_zve64x_zvkb_zvl32b_zvl64b_xw/ilp32/libg_nano.a(libc_a-printf.o)
                                 0x13 (size before relaxing)
 .comment       0x0000008a        0x0 /usr/share/MRS2/MRS-linux-x64/resources/app/resources/linux/components/WCH/Toolchain/RISC-V Embedded GCC15/bin/../lib/gcc/riscv32-wch-elf/15.2.0/../../../../riscv32-wch-elf/lib/rv32imac_zaamo_zalrsc_zba_zbb_zbc_zbs_zvbb_zve32x_zve64x_zvkb_zvl32b_zvl64b_xw/ilp32/libg_nano.a(libc_a-puts.o)
                                 0x13 (size before relaxing)
 .comment       0x0000008a        0x0 /usr/share/MRS2/MRS-linux-x64/resources/app/resources/linux/components/WCH/Toolchain/RISC-V Embedded GCC15/bin/../lib/gcc/riscv32-wch-elf/15.2.0/../../../../riscv32-wch-elf/lib/rv32imac_zaamo_zalrsc_zba_zbb_zbc_zbs_zvbb_zve32x_zve64x_zvkb_zvl32b_zvl64b_xw/ilp32/libg_nano.a(libc_a-wbuf.o)
                                 0x13 (size before relaxing)
 .comment       0x0000008a        0x0 /usr/share/MRS2/MRS-linux-x64/resources/app/resources/linux/components/WCH/Toolchain/RISC-V Embedded GCC15/bin/../lib/gcc/riscv32-wch-elf/15.2.0/../../../../riscv32-wch-elf/lib/rv32imac_zaamo_zalrsc_zba_zbb_zbc_zbs_zvbb_zve32x_zve64x_zvkb_zvl32b_zvl64b_xw/ilp32/libg_nano.a(libc_a-wsetup.o)
                                 0x13 (size before relaxing)
 .comment       0x0000008a        0x0 /usr/share/MRS2/MRS-linux-x64/resources/app/resources/linux/components/WCH/Toolchain/RISC-V Embedded GCC15/bin/../lib/gcc/riscv32-wch-elf/15.2.0/../../../../riscv32-wch-elf/lib/rv32imac_zaamo_zalrsc_zba_zbb_zbc_zbs_zvbb_zve32x_zve64x_zvkb_zvl32b_zvl64b_xw/ilp32/libg_nano.a(libc_a-impure.o)
                                 0x13 (size before relaxing)
 .comment       0x0000008a        0x0 /usr/share/MRS2/MRS-linux-x64/resources/app/resources/linux/components/WCH/Toolchain/RISC-V Embedded GCC15/bin/../lib/gcc/riscv32-wch-elf/15.2.0/../../../../riscv32-wch-elf/lib/rv32imac_zaamo_zalrsc_zba_zbb_zbc_zbs_zvbb_zve32x_zve64x_zvkb_zvl32b_zvl64b_xw/ilp32/libg_nano.a(libc_a-strcpy.o)
                                 0x13 (size before relaxing)
 .comment       0x0000008a        0x0 /usr/share/MRS2/MRS-linux-x64/resources/app/resources/linux/components/WCH/Toolchain/RISC-V Embedded GCC15/bin/../lib/gcc/riscv32-wch-elf/15.2.0/../../../../riscv32-wch-elf/lib/rv32imac_zaamo_zalrsc_zba_zbb_zbc_zbs_zvbb_zve32x_zve64x_zvkb_zvl32b_zvl64b_xw/ilp32/libg_nano.a(libc_a-freer.o)
                                 0x13 (size before relaxing)
 .comment       0x0000008a        0x0 /usr/share/MRS2/MRS-linux-x64/resources/app/resources/linux/components/WCH/Toolchain/RISC-V Embedded GCC15/bin/../lib/gcc/riscv32-wch-elf/15.2.0/../../../../riscv32-wch-elf/lib/rv32imac_zaamo_zalrsc_zba_zbb_zbc_zbs_zvbb_zve32x_zve64x_zvkb_zvl32b_zvl64b_xw/ilp32/libg_nano.a(libc_a-mallocr.o)
                                 0x13 (size before relaxing)
 .comment       0x0000008a        0x0 /usr/share/MRS2/MRS-linux-x64/resources/app/resources/linux/components/WCH/Toolchain/RISC-V Embedded GCC15/bin/../lib/gcc/riscv32-wch-elf/15.2.0/../../../../riscv32-wch-elf/lib/rv32imac_zaamo_zalrsc_zba_zbb_zbc_zbs_zvbb_zve32x_zve64x_zvkb_zvl32b_zvl64b_xw/ilp32/libg_nano.a(libc_a-mlock.o)
                                 0x13 (size before relaxing)
 .comment       0x0000008a        0x0 /usr/share/MRS2/MRS-linux-x64/resources/app/resources/linux/components/WCH/Toolchain/RISC-V Embedded GCC15/bin/../lib/gcc/riscv32-wch-elf/15.2.0/../../../../riscv32-wch-elf/lib/rv32imac_zaamo_zalrsc_zba_zbb_zbc_zbs_zvbb_zve32x_zve64x_zvkb_zvl32b_zvl64b_xw/ilp32/libg_nano.a(libc_a-nano-vfprintf.o)
                                 0x13 (size before relaxing)
 .comment       0x0000008a        0x0 /usr/share/MRS2/MRS-linux-x64/resources/app/resources/linux/components/WCH/Toolchain/RISC-V Embedded GCC15/bin/../lib/gcc/riscv32-wch-elf/15.2.0/../../../../riscv32-wch-elf/lib/rv32imac_zaamo_zalrsc_zba_zbb_zbc_zbs_zvbb_zve32x_zve64x_zvkb_zvl32b_zvl64b_xw/ilp32/libg_nano.a(libc_a-nano-vfprintf_i.o)
                                 0x13 (size before relaxing)
 .comment       0x0000008a        0x0 /usr/share/MRS2/MRS-linux-x64/resources/app/resources/linux/components/WCH/Toolchain/RISC-V Embedded GCC15/bin/../lib/gcc/riscv32-wch-elf/15.2.0/../../../../riscv32-wch-elf/lib/rv32imac_zaamo_zalrsc_zba_zbb_zbc_zbs_zvbb_zve32x_zve64x_zvkb_zvl32b_zvl64b_xw/ilp32/libg_nano.a(libc_a-fflush.o)
                                 0x13 (size before relaxing)
 .comment       0x0000008a        0x0 /usr/share/MRS2/MRS-linux-x64/resources/app/resources/linux/components/WCH/Toolchain/RISC-V Embedded GCC15/bin/../lib/gcc/riscv32-wch-elf/15.2.0/../../../../riscv32-wch-elf/lib/rv32imac_zaamo_zalrsc_zba_zbb_zbc_zbs_zvbb_zve32x_zve64x_zvkb_zvl32b_zvl64b_xw/ilp32/libg_nano.a(libc_a-findfp.o)
                                 0x13 (size before relaxing)
 .comment       0x0000008a        0x0 /usr/share/MRS2/MRS-linux-x64/resources/app/resources/linux/components/WCH/Toolchain/RISC-V Embedded GCC15/bin/../lib/gcc/riscv32-wch-elf/15.2.0/../../../../riscv32-wch-elf/lib/rv32imac_zaamo_zalrsc_zba_zbb_zbc_zbs_zvbb_zve32x_zve64x_zvkb_zvl32b_zvl64b_xw/ilp32/libg_nano.a(libc_a-fwalk.o)
                                 0x13 (size before relaxing)
 .comment       0x0000008a        0x0 /usr/share/MRS2/MRS-linux-x64/resources/app/resources/linux/components/WCH/Toolchain/RISC-V Embedded GCC15/bin/../lib/gcc/riscv32-wch-elf/15.2.0/../../../../riscv32-wch-elf/lib/rv32imac_zaamo_zalrsc_zba_zbb_zbc_zbs_zvbb_zve32x_zve64x_zvkb_zvl32b_zvl64b_xw/ilp32/libg_nano.a(libc_a-makebuf.o)
                                 0x13 (size before relaxing)
 .comment       0x0000008a        0x0 /usr/share/MRS2/MRS-linux-x64/resources/app/resources/linux/components/WCH/Toolchain/RISC-V Embedded GCC15/bin/../lib/gcc/riscv32-wch-elf/15.2.0/../../../../riscv32-wch-elf/lib/rv32imac_zaamo_zalrsc_zba_zbb_zbc_zbs_zvbb_zve32x_zve64x_zvkb_zvl32b_zvl64b_xw/ilp32/libg_nano.a(libc_a-stdio.o)
                                 0x13 (size before relaxing)
 .comment       0x0000008a        0x0 /usr/share/MRS2/MRS-linux-x64/resources/app/resources/linux/components/WCH/Toolchain/RISC-V Embedded GCC15/bin/../lib/gcc/riscv32-wch-elf/15.2.0/../../../../riscv32-wch-elf/lib/rv32imac_zaamo_zalrsc_zba_zbb_zbc_zbs_zvbb_zve32x_zve64x_zvkb_zvl32b_zvl64b_xw/ilp32/libg_nano.a(libc_a-memchr.o)
                                 0x13 (size before relaxing)
 .comment       0x0000008a        0x0 /usr/share/MRS2/MRS-linux-x64/resources/app/resources/linux/components/WCH/Toolchain/RISC-V Embedded GCC15/bin/../lib/gcc/riscv32-wch-elf/15.2.0/../../../../riscv32-wch-elf/lib/rv32imac_zaamo_zalrsc_zba_zbb_zbc_zbs_zvbb_zve32x_zve64x_zvkb_zvl32b_zvl64b_xw/ilp32/libg_nano.a(libc_a-closer.o)
                                 0x13 (size before relaxing)
 .comment       0x0000008a        0x0 /usr/share/MRS2/MRS-linux-x64/resources/app/resources/linux/components/WCH/Toolchain/RISC-V Embedded GCC15/bin/../lib/gcc/riscv32-wch-elf/15.2.0/../../../../riscv32-wch-elf/lib/rv32imac_zaamo_zalrsc_zba_zbb_zbc_zbs_zvbb_zve32x_zve64x_zvkb_zvl32b_zvl64b_xw/ilp32/libg_nano.a(libc_a-reent.o)
                                 0x13 (size before relaxing)
 .comment       0x0000008a        0x0 /usr/share/MRS2/MRS-linux-x64/resources/app/resources/linux/components/WCH/Toolchain/RISC-V Embedded GCC15/bin/../lib/gcc/riscv32-wch-elf/15.2.0/../../../../riscv32-wch-elf/lib/rv32imac_zaamo_zalrsc_zba_zbb_zbc_zbs_zvbb_zve32x_zve64x_zvkb_zvl32b_zvl64b_xw/ilp32/libg_nano.a(libc_a-fstatr.o)
                                 0x13 (size before relaxing)
 .comment       0x0000008a        0x0 /usr/share/MRS2/MRS-linux-x64/resources/app/resources/linux/components/WCH/Toolchain/RISC-V Embedded GCC15/bin/../lib/gcc/riscv32-wch-elf/15.2.0/../../../../riscv32-wch-elf/lib/rv32imac_zaamo_zalrsc_zba_zbb_zbc_zbs_zvbb_zve32x_zve64x_zvkb_zvl32b_zvl64b_xw/ilp32/libg_nano.a(libc_a-isattyr.o)
                                 0x13 (size before relaxing)
 .comment       0x0000008a        0x0 /usr/share/MRS2/MRS-linux-x64/resources/app/resources/linux/components/WCH/Toolchain/RISC-V Embedded GCC15/bin/../lib/gcc/riscv32-wch-elf/15.2.0/../../../../riscv32-wch-elf/lib/rv32imac_zaamo_zalrsc_zba_zbb_zbc_zbs_zvbb_zve32x_zve64x_zvkb_zvl32b_zvl64b_xw/ilp32/libg_nano.a(libc_a-lseekr.o)
                                 0x13 (size before relaxing)
 .comment       0x0000008a        0x0 /usr/share/MRS2/MRS-linux-x64/resources/app/resources/linux/components/WCH/Toolchain/RISC-V Embedded GCC15/bin/../lib/gcc/riscv32-wch-elf/15.2.0/../../../../riscv32-wch-elf/lib/rv32imac_zaamo_zalrsc_zba_zbb_zbc_zbs_zvbb_zve32x_zve64x_zvkb_zvl32b_zvl64b_xw/ilp32/libg_nano.a(libc_a-readr.o)
                                 0x13 (size before relaxing)
 .comment       0x0000008a        0x0 /usr/share/MRS2/MRS-linux-x64/resources/app/resources/linux/components/WCH/Toolchain/RISC-V Embedded GCC15/bin/../lib/gcc/riscv32-wch-elf/15.2.0/../../../../riscv32-wch-elf/lib/rv32imac_zaamo_zalrsc_zba_zbb_zbc_zbs_zvbb_zve32x_zve64x_zvkb_zvl32b_zvl64b_xw/ilp32/libg_nano.a(libc_a-sbrkr.o)
                                 0x13 (size before relaxing)
 .comment       0x0000008a        0x0 /usr/share/MRS2/MRS-linux-x64/resources/app/resources/linux/components/WCH/Toolchain/RISC-V Embedded GCC15/bin/../lib/gcc/riscv32-wch-elf/15.2.0/../../../../riscv32-wch-elf/lib/rv32imac_zaamo_zalrsc_zba_zbb_zbc_zbs_zvbb_zve32x_zve64x_zvkb_zvl32b_zvl64b_xw/ilp32/libg_nano.a(libc_a-writer.o)
                                 0x13 (size before relaxing)
 .comment       0x0000008a        0x0 /usr/share/MRS2/MRS-linux-x64/resources/app/resources/linux/components/WCH/Toolchain/RISC-V Embedded GCC15/bin/../lib/gcc/riscv32-wch-elf/15.2.0/../../../../riscv32-wch-elf/lib/rv32imac_zaamo_zalrsc_zba_zbb_zbc_zbs_zvbb_zve32x_zve64x_zvkb_zvl32b_zvl64b_xw/ilp32/libnosys.a(close.o)
                                 0x13 (size before relaxing)
 .comment       0x0000008a        0x0 /usr/share/MRS2/MRS-linux-x64/resources/app/resources/linux/components/WCH/Toolchain/RISC-V Embedded GCC15/bin/../lib/gcc/riscv32-wch-elf/15.2.0/../../../../riscv32-wch-elf/lib/rv32imac_zaamo_zalrsc_zba_zbb_zbc_zbs_zvbb_zve32x_zve64x_zvkb_zvl32b_zvl64b_xw/ilp32/libnosys.a(fstat.o)
                                 0x13 (size before relaxing)
 .comment       0x0000008a        0x0 /usr/share/MRS2/MRS-linux-x64/resources/app/resources/linux/components/WCH/Toolchain/RISC-V Embedded GCC15/bin/../lib/gcc/riscv32-wch-elf/15.2.0/../../../../riscv32-wch-elf/lib/rv32imac_zaamo_zalrsc_zba_zbb_zbc_zbs_zvbb_zve32x_zve64x_zvkb_zvl32b_zvl64b_xw/ilp32/libnosys.a(isatty.o)
                                 0x13 (size before relaxing)
 .comment       0x0000008a        0x0 /usr/share/MRS2/MRS-linux-x64/resources/app/resources/linux/components/WCH/Toolchain/RISC-V Embedded GCC15/bin/../lib/gcc/riscv32-wch-elf/15.2.0/../../../../riscv32-wch-elf/lib/rv32imac_zaamo_zalrsc_zba_zbb_zbc_zbs_zvbb_zve32x_zve64x_zvkb_zvl32b_zvl64b_xw/ilp32/libnosys.a(lseek.o)
                                 0x13 (size before relaxing)
 .comment       0x0000008a        0x0 /usr/share/MRS2/MRS-linux-x64/resources/app/resources/linux/components/WCH/Toolchain/RISC-V Embedded GCC15/bin/../lib/gcc/riscv32-wch-elf/15.2.0/../../../../riscv32-wch-elf/lib/rv32imac_zaamo_zalrsc_zba_zbb_zbc_zbs_zvbb_zve32x_zve64x_zvkb_zvl32b_zvl64b_xw/ilp32/libnosys.a(read.o)
                                 0x13 (size before relaxing)

.note.GNU-stack
                0x00000000        0x0
 .note.GNU-stack
                0x00000000        0x0 ./User/USB_Host/ch32v407_usbhs_host.o
 .note.GNU-stack
                0x00000000        0x0 ./User/Host_UDisk/UDisk_HW.o
 .note.GNU-stack
                0x00000000        0x0 ./User/Host_UDisk/Udisk_Func_BasicOp.o
 .note.GNU-stack
                0x00000000        0x0 ./User/ch32v4x7_it.o
 .note.GNU-stack
                0x00000000        0x0 ./User/main.o
 .note.GNU-stack
                0x00000000        0x0 ./User/system_ch32v4x7.o
 .note.GNU-stack
                0x00000000        0x0 ./Udisk_Lib/CH32V407UFI.o
 .note.GNU-stack
                0x00000000        0x0 ./Peripheral/src/ch32v4x7_dbgmcu.o
 .note.GNU-stack
                0x00000000        0x0 ./Peripheral/src/ch32v4x7_gpio.o
 .note.GNU-stack
                0x00000000        0x0 ./Peripheral/src/ch32v4x7_rcc.o
 .note.GNU-stack
                0x00000000        0x0 ./Peripheral/src/ch32v4x7_usart.o
 .note.GNU-stack
                0x00000000        0x0 ./Debug/debug.o
 .note.GNU-stack
                0x00000000        0x0 ./Core/core_riscv.o
 .note.GNU-stack
                0x00000000        0x0 /usr/share/MRS2/MRS-linux-x64/resources/app/resources/linux/components/WCH/Toolchain/RISC-V Embedded GCC15/bin/../lib/gcc/riscv32-wch-elf/15.2.0/rv32imac_zaamo_zalrsc_zba_zbb_zbc_zbs_zvbb_zve32x_zve64x_zvkb_zvl32b_zvl64b_xw/ilp32/libgcc.a(_udivdi3.o)
 .note.GNU-stack