                                      1 ;--------------------------------------------------------
                                      2 ; File Created by SDCC : free open source ANSI-C Compiler
                                      3 ; Version 4.2.0 #13081 (Linux)
                                      4 ;--------------------------------------------------------
                                      5 	.module envtest
                                      6 	.optsdcc -mz80
                                      7 	
                                      8 ;--------------------------------------------------------
                                      9 ; Public variables in this module
                                     10 ;--------------------------------------------------------
                                     11 	.globl _main
                                     12 	.globl _wait_key
                                     13 	.globl _putchar_msx
                                     14 ;--------------------------------------------------------
                                     15 ; special function registers
                                     16 ;--------------------------------------------------------
                                     17 ;--------------------------------------------------------
                                     18 ; ram data
                                     19 ;--------------------------------------------------------
                                     20 	.area _DATA
                                     21 ;--------------------------------------------------------
                                     22 ; ram data
                                     23 ;--------------------------------------------------------
                                     24 	.area _INITIALIZED
                                     25 ;--------------------------------------------------------
                                     26 ; absolute external ram data
                                     27 ;--------------------------------------------------------
                                     28 	.area _DABS (ABS)
                                     29 ;--------------------------------------------------------
                                     30 ; global & static initialisations
                                     31 ;--------------------------------------------------------
                                     32 	.area _HOME
                                     33 	.area _GSINIT
                                     34 	.area _GSFINAL
                                     35 	.area _GSINIT
                                     36 ;--------------------------------------------------------
                                     37 ; Home
                                     38 ;--------------------------------------------------------
                                     39 	.area _HOME
                                     40 	.area _HOME
                                     41 ;--------------------------------------------------------
                                     42 ; code
                                     43 ;--------------------------------------------------------
                                     44 	.area _CODE
                                     45 ;envtest.c:29: void putchar_msx(char c) __z88dk_fastcall
                                     46 ;	---------------------------------
                                     47 ; Function putchar_msx
                                     48 ; ---------------------------------
      000000                         49 _putchar_msx::
                                     50 ;envtest.c:43: __endasm;
      000000 DD E5            [15]   51 	push	ix
      000002 FD E5            [15]   52 	push	iy
      000004 08               [ 4]   53 	ex	af, af'
      000005 7D               [ 4]   54 	ld	a, l
      000006 FD 21 C0 FC      [14]   55 	ld	iy, #0xFCC0
      00000A DD 21 A2 00      [14]   56 	ld	ix, #0x00A2 ; CHPUT
      00000E CD 1C 00         [17]   57 	call	0x001C ; CALSLT
      000011 08               [ 4]   58 	ex	af, af'
      000012 FD E1            [14]   59 	pop	iy
      000014 DD E1            [14]   60 	pop	ix
                                     61 ;envtest.c:44: }
      000016 C9               [10]   62 	ret
                                     63 ;envtest.c:46: char wait_key(void) __naked
                                     64 ;	---------------------------------
                                     65 ; Function wait_key
                                     66 ; ---------------------------------
      000017                         67 _wait_key::
                                     68 ;envtest.c:54: __endasm;
      000017 FD 21 C0 FC      [14]   69 	ld	iy, #0xFCC0
      00001B DD 21 9F 00      [14]   70 	ld	ix, #0x009F ; CHGET
      00001F CD 1C 00         [17]   71 	call	0x001C ; CALSLT
      000022 6F               [ 4]   72 	ld	l, a
      000023 C9               [10]   73 	ret
                                     74 ;envtest.c:55: }
                                     75 ;envtest.c:57: static void print(const char *s)
                                     76 ;	---------------------------------
                                     77 ; Function print
                                     78 ; ---------------------------------
      000024                         79 _print:
      000024 EB               [ 4]   80 	ex	de, hl
                                     81 ;envtest.c:59: while (*s)
      000025                         82 00101$:
      000025 1A               [ 7]   83 	ld	a, (de)
      000026 B7               [ 4]   84 	or	a, a
      000027 C8               [11]   85 	ret	Z
                                     86 ;envtest.c:60: putchar_msx(*s++);
      000028 6F               [ 4]   87 	ld	l, a
                                     88 ;	spillPairReg hl
                                     89 ;	spillPairReg hl
      000029 13               [ 6]   90 	inc	de
      00002A D5               [11]   91 	push	de
      00002B CDr00r00         [17]   92 	call	_putchar_msx
      00002E D1               [10]   93 	pop	de
                                     94 ;envtest.c:61: }
      00002F 18 F4            [12]   95 	jr	00101$
                                     96 ;envtest.c:63: static void print_hex(uint8_t v)
                                     97 ;	---------------------------------
                                     98 ; Function print_hex
                                     99 ; ---------------------------------
      000031                        100 _print_hex:
      000031 CDr00r00         [17]  101 	call	___sdcc_enter_ix
      000034 21 EF FF         [10]  102 	ld	hl, #-17
      000037 39               [11]  103 	add	hl, sp
      000038 F9               [ 6]  104 	ld	sp, hl
      000039 4F               [ 4]  105 	ld	c, a
                                    106 ;envtest.c:65: const char hex[] = "0123456789ABCDEF";
      00003A 21 00 00         [10]  107 	ld	hl, #0
      00003D 39               [11]  108 	add	hl, sp
      00003E EB               [ 4]  109 	ex	de, hl
      00003F 3E 30            [ 7]  110 	ld	a, #0x30
      000041 12               [ 7]  111 	ld	(de), a
      000042 DD 36 F0 31      [19]  112 	ld	-16 (ix), #0x31
      000046 DD 36 F1 32      [19]  113 	ld	-15 (ix), #0x32
      00004A DD 36 F2 33      [19]  114 	ld	-14 (ix), #0x33
      00004E DD 36 F3 34      [19]  115 	ld	-13 (ix), #0x34
      000052 DD 36 F4 35      [19]  116 	ld	-12 (ix), #0x35
      000056 DD 36 F5 36      [19]  117 	ld	-11 (ix), #0x36
      00005A DD 36 F6 37      [19]  118 	ld	-10 (ix), #0x37
      00005E DD 36 F7 38      [19]  119 	ld	-9 (ix), #0x38
      000062 DD 36 F8 39      [19]  120 	ld	-8 (ix), #0x39
      000066 DD 36 F9 41      [19]  121 	ld	-7 (ix), #0x41
      00006A DD 36 FA 42      [19]  122 	ld	-6 (ix), #0x42
      00006E DD 36 FB 43      [19]  123 	ld	-5 (ix), #0x43
      000072 DD 36 FC 44      [19]  124 	ld	-4 (ix), #0x44
      000076 DD 36 FD 45      [19]  125 	ld	-3 (ix), #0x45
      00007A DD 36 FE 46      [19]  126 	ld	-2 (ix), #0x46
      00007E DD 36 FF 00      [19]  127 	ld	-1 (ix), #0x00
                                    128 ;envtest.c:66: putchar_msx(hex[(v >> 4) & 0x0FU]);
      000082 79               [ 4]  129 	ld	a, c
      000083 07               [ 4]  130 	rlca
      000084 07               [ 4]  131 	rlca
      000085 07               [ 4]  132 	rlca
      000086 07               [ 4]  133 	rlca
                                    134 ;	spillPairReg hl
                                    135 ;	spillPairReg hl
                                    136 ;	spillPairReg hl
                                    137 ;	spillPairReg hl
      000087 E6 0F            [ 7]  138 	and	a, #0xf
      000089 6F               [ 4]  139 	ld	l, a
                                    140 ;	spillPairReg hl
                                    141 ;	spillPairReg hl
      00008A 26 00            [ 7]  142 	ld	h, #0x00
                                    143 ;	spillPairReg hl
                                    144 ;	spillPairReg hl
      00008C 19               [11]  145 	add	hl, de
      00008D 6E               [ 7]  146 	ld	l, (hl)
                                    147 ;	spillPairReg hl
      00008E C5               [11]  148 	push	bc
      00008F D5               [11]  149 	push	de
      000090 CDr00r00         [17]  150 	call	_putchar_msx
      000093 D1               [10]  151 	pop	de
      000094 C1               [10]  152 	pop	bc
                                    153 ;envtest.c:67: putchar_msx(hex[v & 0x0FU]);
      000095 79               [ 4]  154 	ld	a, c
      000096 E6 0F            [ 7]  155 	and	a, #0x0f
      000098 6F               [ 4]  156 	ld	l, a
                                    157 ;	spillPairReg hl
                                    158 ;	spillPairReg hl
      000099 26 00            [ 7]  159 	ld	h, #0x00
                                    160 ;	spillPairReg hl
                                    161 ;	spillPairReg hl
      00009B 19               [11]  162 	add	hl, de
      00009C 6E               [ 7]  163 	ld	l, (hl)
                                    164 ;	spillPairReg hl
      00009D CDr00r00         [17]  165 	call	_putchar_msx
                                    166 ;envtest.c:68: }
      0000A0 DD F9            [10]  167 	ld	sp, ix
      0000A2 DD E1            [14]  168 	pop	ix
      0000A4 C9               [10]  169 	ret
                                    170 ;envtest.c:70: int main(void)
                                    171 ;	---------------------------------
                                    172 ; Function main
                                    173 ; ---------------------------------
      0000A5                        174 _main::
      0000A5 CDr00r00         [17]  175 	call	___sdcc_enter_ix
      0000A8 F5               [11]  176 	push	af
      0000A9 3B               [ 6]  177 	dec	sp
                                    178 ;envtest.c:72: print("ENVELOPE TEST\r\n");
      0000AA 21rA3r01         [10]  179 	ld	hl, #___str_1
      0000AD CDr24r00         [17]  180 	call	_print
                                    181 ;envtest.c:73: print("press a key to send 0xFE (undefined cmd)\r\n");
      0000B0 21rB3r01         [10]  182 	ld	hl, #___str_2
      0000B3 CDr24r00         [17]  183 	call	_print
                                    184 ;envtest.c:74: print("to the firmware mailbox at 0x7FF0.\r\n\r\n");
      0000B6 21rDEr01         [10]  185 	ld	hl, #___str_3
      0000B9 CDr24r00         [17]  186 	call	_print
                                    187 ;envtest.c:83: uint8_t hdr = *((volatile uint8_t *)0x4000U);
      0000BC 21 00 40         [10]  188 	ld	hl, #0x4000
      0000BF 4E               [ 7]  189 	ld	c, (hl)
                                    190 ;envtest.c:84: print("cart hdr @4000=");
      0000C0 C5               [11]  191 	push	bc
      0000C1 21r05r02         [10]  192 	ld	hl, #___str_4
      0000C4 CDr24r00         [17]  193 	call	_print
      0000C7 C1               [10]  194 	pop	bc
                                    195 ;envtest.c:85: print_hex(hdr);
      0000C8 79               [ 4]  196 	ld	a, c
      0000C9 CDr31r00         [17]  197 	call	_print_hex
                                    198 ;envtest.c:86: print("\r\n");
      0000CC 21r15r02         [10]  199 	ld	hl, #___str_5
      0000CF CDr24r00         [17]  200 	call	_print
                                    201 ;envtest.c:89: uint8_t hdr2 = *((volatile uint8_t *)0x4001U);
      0000D2 3A 01 40         [13]  202 	ld	a, (#0x4001)
      0000D5 DD 77 FF         [19]  203 	ld	-1 (ix), a
                                    204 ;envtest.c:90: print("cart hdr @4001=");
      0000D8 21r18r02         [10]  205 	ld	hl, #___str_6
      0000DB CDr24r00         [17]  206 	call	_print
                                    207 ;envtest.c:91: print_hex(hdr2);
      0000DE DD 7E FF         [19]  208 	ld	a, -1 (ix)
      0000E1 CDr31r00         [17]  209 	call	_print_hex
                                    210 ;envtest.c:92: print("\r\n");
      0000E4 21r15r02         [10]  211 	ld	hl, #___str_5
      0000E7 CDr24r00         [17]  212 	call	_print
                                    213 ;envtest.c:95: uint8_t hdr3 = *((volatile uint8_t *)0x4010U);
      0000EA 21 10 40         [10]  214 	ld	hl, #0x4010
      0000ED 4E               [ 7]  215 	ld	c, (hl)
                                    216 ;envtest.c:96: print("cart @4010=");
      0000EE C5               [11]  217 	push	bc
      0000EF 21r28r02         [10]  218 	ld	hl, #___str_7
      0000F2 CDr24r00         [17]  219 	call	_print
      0000F5 C1               [10]  220 	pop	bc
                                    221 ;envtest.c:97: print_hex(hdr3);
      0000F6 79               [ 4]  222 	ld	a, c
      0000F7 CDr31r00         [17]  223 	call	_print_hex
                                    224 ;envtest.c:98: print("\r\n");
      0000FA 21r15r02         [10]  225 	ld	hl, #___str_5
      0000FD CDr24r00         [17]  226 	call	_print
      000100                        227 00106$:
                                    228 ;envtest.c:103: uint8_t st = *MBOX_STATUS;
      000100 3A F0 7F         [13]  229 	ld	a, (#0x7ff0)
      000103 DD 77 FD         [19]  230 	ld	-3 (ix), a
                                    231 ;envtest.c:104: print("status=");
      000106 21r34r02         [10]  232 	ld	hl, #___str_8
      000109 CDr24r00         [17]  233 	call	_print
                                    234 ;envtest.c:105: print_hex(st);
      00010C DD 7E FD         [19]  235 	ld	a, -3 (ix)
      00010F CDr31r00         [17]  236 	call	_print_hex
                                    237 ;envtest.c:106: print("  ready=");
      000112 21r3Cr02         [10]  238 	ld	hl, #___str_9
      000115 CDr24r00         [17]  239 	call	_print
                                    240 ;envtest.c:107: print((st & ST_READY) ? "Y" : "N");
      000118 DD CB FD 7E      [20]  241 	bit	7, -3 (ix)
      00011C 28 0B            [12]  242 	jr	Z, 00110$
      00011E 21r45r02         [10]  243 	ld	hl, #___str_10+0
      000121 DD 75 FE         [19]  244 	ld	-2 (ix), l
      000124 DD 74 FF         [19]  245 	ld	-1 (ix), h
      000127 18 09            [12]  246 	jr	00111$
      000129                        247 00110$:
      000129 21r47r02         [10]  248 	ld	hl, #___str_11+0
      00012C DD 75 FE         [19]  249 	ld	-2 (ix), l
      00012F DD 74 FF         [19]  250 	ld	-1 (ix), h
      000132                        251 00111$:
      000132 DD 6E FE         [19]  252 	ld	l, -2 (ix)
                                    253 ;	spillPairReg hl
                                    254 ;	spillPairReg hl
      000135 DD 66 FF         [19]  255 	ld	h, -1 (ix)
                                    256 ;	spillPairReg hl
                                    257 ;	spillPairReg hl
      000138 CDr24r00         [17]  258 	call	_print
                                    259 ;envtest.c:108: print("  done=");
      00013B 21r49r02         [10]  260 	ld	hl, #___str_12
      00013E CDr24r00         [17]  261 	call	_print
                                    262 ;envtest.c:109: print((st & ST_DONE) ? "Y" : "N");
      000141 DD CB FD 76      [20]  263 	bit	6, -3 (ix)
      000145 28 05            [12]  264 	jr	Z, 00112$
      000147 21r45r02         [10]  265 	ld	hl, #___str_10+0
      00014A 18 03            [12]  266 	jr	00113$
      00014C                        267 00112$:
      00014C 21r47r02         [10]  268 	ld	hl, #___str_11+0
      00014F                        269 00113$:
      00014F CDr24r00         [17]  270 	call	_print
                                    271 ;envtest.c:110: print("\r\n");
      000152 21r15r02         [10]  272 	ld	hl, #___str_5
      000155 CDr24r00         [17]  273 	call	_print
                                    274 ;envtest.c:112: print("press any key...\r\n");
      000158 21r51r02         [10]  275 	ld	hl, #___str_13
      00015B CDr24r00         [17]  276 	call	_print
                                    277 ;envtest.c:113: wait_key();
      00015E CDr17r00         [17]  278 	call	_wait_key
                                    279 ;envtest.c:119: *MBOX_CMD = 0xFEU;
      000161 21 F0 7F         [10]  280 	ld	hl, #0x7ff0
      000164 36 FE            [10]  281 	ld	(hl), #0xfe
                                    282 ;envtest.c:120: print("wrote 0xFE\r\n");
      000166 21r64r02         [10]  283 	ld	hl, #___str_14
      000169 CDr24r00         [17]  284 	call	_print
                                    285 ;envtest.c:127: for (uint8_t i = 0; i < 5; i++) {
      00016C 0E 00            [ 7]  286 	ld	c, #0x00
      00016E                        287 00104$:
      00016E 79               [ 4]  288 	ld	a, c
      00016F D6 05            [ 7]  289 	sub	a, #0x05
      000171 30 27            [12]  290 	jr	NC, 00101$
                                    291 ;envtest.c:128: uint8_t s = *MBOX_STATUS;
      000173 21 F0 7F         [10]  292 	ld	hl, #0x7ff0
      000176 46               [ 7]  293 	ld	b, (hl)
                                    294 ;envtest.c:129: print("post ");
      000177 C5               [11]  295 	push	bc
      000178 21r71r02         [10]  296 	ld	hl, #___str_15
      00017B CDr24r00         [17]  297 	call	_print
      00017E C1               [10]  298 	pop	bc
                                    299 ;envtest.c:130: print_hex(i);
      00017F C5               [11]  300 	push	bc
      000180 79               [ 4]  301 	ld	a, c
      000181 CDr31r00         [17]  302 	call	_print_hex
      000184 21r77r02         [10]  303 	ld	hl, #___str_16
      000187 CDr24r00         [17]  304 	call	_print
      00018A C1               [10]  305 	pop	bc
                                    306 ;envtest.c:132: print_hex(s);
      00018B C5               [11]  307 	push	bc
      00018C 78               [ 4]  308 	ld	a, b
      00018D CDr31r00         [17]  309 	call	_print_hex
      000190 21r15r02         [10]  310 	ld	hl, #___str_5
      000193 CDr24r00         [17]  311 	call	_print
      000196 C1               [10]  312 	pop	bc
                                    313 ;envtest.c:127: for (uint8_t i = 0; i < 5; i++) {
      000197 0C               [ 4]  314 	inc	c
      000198 18 D4            [12]  315 	jr	00104$
      00019A                        316 00101$:
                                    317 ;envtest.c:135: print("\r\n");
      00019A 21r15r02         [10]  318 	ld	hl, #___str_5
      00019D CDr24r00         [17]  319 	call	_print
                                    320 ;envtest.c:137: }
      0001A0 C3r00r01         [10]  321 	jp	00106$
      0001A3                        322 ___str_1:
      0001A3 45 4E 56 45 4C 4F 50   323 	.ascii "ENVELOPE TEST"
             45 20 54 45 53 54
      0001B0 0D                     324 	.db 0x0d
      0001B1 0A                     325 	.db 0x0a
      0001B2 00                     326 	.db 0x00
      0001B3                        327 ___str_2:
      0001B3 70 72 65 73 73 20 61   328 	.ascii "press a key to send 0xFE (undefined cmd)"
             20 6B 65 79 20 74 6F
             20 73 65 6E 64 20 30
             78 46 45 20 28 75 6E
             64 65 66 69 6E 65 64
             20 63 6D 64 29
      0001DB 0D                     329 	.db 0x0d
      0001DC 0A                     330 	.db 0x0a
      0001DD 00                     331 	.db 0x00
      0001DE                        332 ___str_3:
      0001DE 74 6F 20 74 68 65 20   333 	.ascii "to the firmware mailbox at 0x7FF0."
             66 69 72 6D 77 61 72
             65 20 6D 61 69 6C 62
             6F 78 20 61 74 20 30
             78 37 46 46 30 2E
      000200 0D                     334 	.db 0x0d
      000201 0A                     335 	.db 0x0a
      000202 0D                     336 	.db 0x0d
      000203 0A                     337 	.db 0x0a
      000204 00                     338 	.db 0x00
      000205                        339 ___str_4:
      000205 63 61 72 74 20 68 64   340 	.ascii "cart hdr @4000="
             72 20 40 34 30 30 30
             3D
      000214 00                     341 	.db 0x00
      000215                        342 ___str_5:
      000215 0D                     343 	.db 0x0d
      000216 0A                     344 	.db 0x0a
      000217 00                     345 	.db 0x00
      000218                        346 ___str_6:
      000218 63 61 72 74 20 68 64   347 	.ascii "cart hdr @4001="
             72 20 40 34 30 30 31
             3D
      000227 00                     348 	.db 0x00
      000228                        349 ___str_7:
      000228 63 61 72 74 20 40 34   350 	.ascii "cart @4010="
             30 31 30 3D
      000233 00                     351 	.db 0x00
      000234                        352 ___str_8:
      000234 73 74 61 74 75 73 3D   353 	.ascii "status="
      00023B 00                     354 	.db 0x00
      00023C                        355 ___str_9:
      00023C 20 20 72 65 61 64 79   356 	.ascii "  ready="
             3D
      000244 00                     357 	.db 0x00
      000245                        358 ___str_10:
      000245 59                     359 	.ascii "Y"
      000246 00                     360 	.db 0x00
      000247                        361 ___str_11:
      000247 4E                     362 	.ascii "N"
      000248 00                     363 	.db 0x00
      000249                        364 ___str_12:
      000249 20 20 64 6F 6E 65 3D   365 	.ascii "  done="
      000250 00                     366 	.db 0x00
      000251                        367 ___str_13:
      000251 70 72 65 73 73 20 61   368 	.ascii "press any key..."
             6E 79 20 6B 65 79 2E
             2E 2E
      000261 0D                     369 	.db 0x0d
      000262 0A                     370 	.db 0x0a
      000263 00                     371 	.db 0x00
      000264                        372 ___str_14:
      000264 77 72 6F 74 65 20 30   373 	.ascii "wrote 0xFE"
             78 46 45
      00026E 0D                     374 	.db 0x0d
      00026F 0A                     375 	.db 0x0a
      000270 00                     376 	.db 0x00
      000271                        377 ___str_15:
      000271 70 6F 73 74 20         378 	.ascii "post "
      000276 00                     379 	.db 0x00
      000277                        380 ___str_16:
      000277 20 73 74 61 74 75 73   381 	.ascii " status="
             3D
      00027F 00                     382 	.db 0x00
                                    383 	.area _CODE
                                    384 	.area _INITIALIZER
                                    385 	.area _CABS (ABS)
