                                      1 ;--------------------------------------------------------
                                      2 ; File Created by SDCC : free open source ANSI-C Compiler
                                      3 ; Version 4.2.0 #13081 (Linux)
                                      4 ;--------------------------------------------------------
                                      5 	.module romloader
                                      6 	.optsdcc -mz80
                                      7 	
                                      8 ;--------------------------------------------------------
                                      9 ; Public variables in this module
                                     10 ;--------------------------------------------------------
                                     11 	.globl _main
                                     12 ;--------------------------------------------------------
                                     13 ; special function registers
                                     14 ;--------------------------------------------------------
                                     15 ;--------------------------------------------------------
                                     16 ; ram data
                                     17 ;--------------------------------------------------------
                                     18 	.area _DATA
      000000                         19 _s_files:
      000000                         20 	.ds 1664
      000680                         21 _s_count:
      000680                         22 	.ds 2
      000682                         23 _main_file_ptrs_65537_72:
      000682                         24 	.ds 256
                                     25 ;--------------------------------------------------------
                                     26 ; ram data
                                     27 ;--------------------------------------------------------
                                     28 	.area _INITIALIZED
                                     29 ;--------------------------------------------------------
                                     30 ; absolute external ram data
                                     31 ;--------------------------------------------------------
                                     32 	.area _DABS (ABS)
                                     33 ;--------------------------------------------------------
                                     34 ; global & static initialisations
                                     35 ;--------------------------------------------------------
                                     36 	.area _HOME
                                     37 	.area _GSINIT
                                     38 	.area _GSFINAL
                                     39 	.area _GSINIT
                                     40 ;--------------------------------------------------------
                                     41 ; Home
                                     42 ;--------------------------------------------------------
                                     43 	.area _HOME
                                     44 	.area _HOME
                                     45 ;--------------------------------------------------------
                                     46 ; code
                                     47 ;--------------------------------------------------------
                                     48 	.area _CODE
                                     49 ;romloader.c:129: static uint8_t snsmat(uint8_t row) __z88dk_fastcall __naked
                                     50 ;	---------------------------------
                                     51 ; Function snsmat
                                     52 ; ---------------------------------
      000000                         53 _snsmat:
                                     54 ;romloader.c:143: __endasm;
      000000 DD E5            [15]   55 	push	ix
      000002 FD E5            [15]   56 	push	iy
      000004 7D               [ 4]   57 	ld	a, l
      000005 FD 21 C0 FC      [14]   58 	ld	iy, #0xFCC0
      000009 DD 21 41 01      [14]   59 	ld	ix, #0x0141 ; SNSMAT
      00000D CD 1C 00         [17]   60 	call	0x001C ; CALSLT
      000010 6F               [ 4]   61 	ld	l, a ; return value in L
      000011 FD E1            [14]   62 	pop	iy
      000013 DD E1            [14]   63 	pop	ix
      000015 C9               [10]   64 	ret
                                     65 ;romloader.c:144: }
                                     66 ;romloader.c:147: static void chput(char c) __z88dk_fastcall
                                     67 ;	---------------------------------
                                     68 ; Function chput
                                     69 ; ---------------------------------
      000016                         70 _chput:
                                     71 ;romloader.c:161: __endasm;
      000016 DD E5            [15]   72 	push	ix
      000018 FD E5            [15]   73 	push	iy
      00001A 08               [ 4]   74 	ex	af, af'
      00001B 7D               [ 4]   75 	ld	a, l
      00001C FD 21 C0 FC      [14]   76 	ld	iy, #0xFCC0
      000020 DD 21 A2 00      [14]   77 	ld	ix, #0x00A2 ; CHPUT
      000024 CD 1C 00         [17]   78 	call	0x001C ; CALSLT
      000027 08               [ 4]   79 	ex	af, af'
      000028 FD E1            [14]   80 	pop	iy
      00002A DD E1            [14]   81 	pop	ix
                                     82 ;romloader.c:162: }
      00002C C9               [10]   83 	ret
                                     84 ;romloader.c:165: static void chgmod(uint8_t mode) __z88dk_fastcall
                                     85 ;	---------------------------------
                                     86 ; Function chgmod
                                     87 ; ---------------------------------
      00002D                         88 _chgmod:
                                     89 ;romloader.c:179: __endasm;
      00002D DD E5            [15]   90 	push	ix
      00002F FD E5            [15]   91 	push	iy
      000031 08               [ 4]   92 	ex	af, af'
      000032 7D               [ 4]   93 	ld	a, l
      000033 FD 21 C0 FC      [14]   94 	ld	iy, #0xFCC0
      000037 DD 21 5F 00      [14]   95 	ld	ix, #0x005F ; CHGMOD
      00003B CD 1C 00         [17]   96 	call	0x001C ; CALSLT
      00003E 08               [ 4]   97 	ex	af, af'
      00003F FD E1            [14]   98 	pop	iy
      000041 DD E1            [14]   99 	pop	ix
                                    100 ;romloader.c:180: }
      000043 C9               [10]  101 	ret
                                    102 ;romloader.c:187: static uint8_t mbox_status(void)     { return mbox[MBOX_STATUS]; }
                                    103 ;	---------------------------------
                                    104 ; Function mbox_status
                                    105 ; ---------------------------------
      000044                        106 _mbox_status:
      000044 2Ar49r00         [16]  107 	ld	hl, (_mbox)
      000047 7E               [ 7]  108 	ld	a, (hl)
      000048 C9               [10]  109 	ret
      000049                        110 _mbox:
      000049 F0 7F                  111 	.dw #0x7ff0
                                    112 ;romloader.c:188: static uint8_t mbox_pop(void)        { return mbox[MBOX_DATA];   }
                                    113 ;	---------------------------------
                                    114 ; Function mbox_pop
                                    115 ; ---------------------------------
      00004B                        116 _mbox_pop:
      00004B 2Ar49r00         [16]  117 	ld	hl, (_mbox)
      00004E 23               [ 6]  118 	inc	hl
      00004F 7E               [ 7]  119 	ld	a, (hl)
      000050 C9               [10]  120 	ret
                                    121 ;romloader.c:189: static void    mbox_push(uint8_t v)  { mbox[MBOX_CMD] = v;       }
                                    122 ;	---------------------------------
                                    123 ; Function mbox_push
                                    124 ; ---------------------------------
      000051                        125 _mbox_push:
      000051 4F               [ 4]  126 	ld	c, a
      000052 2Ar49r00         [16]  127 	ld	hl, (_mbox)
      000055 71               [ 7]  128 	ld	(hl), c
      000056 C9               [10]  129 	ret
                                    130 ;romloader.c:192: static void mbox_wait_done(void)
                                    131 ;	---------------------------------
                                    132 ; Function mbox_wait_done
                                    133 ; ---------------------------------
      000057                        134 _mbox_wait_done:
                                    135 ;romloader.c:194: while ((mbox_status() & ST_DONE) == 0U) {
      000057                        136 00101$:
      000057 CDr44r00         [17]  137 	call	_mbox_status
      00005A CB 77            [ 8]  138 	bit	6, a
      00005C 28 F9            [12]  139 	jr	Z, 00101$
                                    140 ;romloader.c:196: }
      00005E C9               [10]  141 	ret
                                    142 ;romloader.c:200: static void mbox_cmd(uint8_t cmd, const uint8_t *args, uint8_t argc)
                                    143 ;	---------------------------------
                                    144 ; Function mbox_cmd
                                    145 ; ---------------------------------
      00005F                        146 _mbox_cmd:
      00005F CDr00r00         [17]  147 	call	___sdcc_enter_ix
      000062 4F               [ 4]  148 	ld	c, a
                                    149 ;romloader.c:202: mbox_push(cmd);
      000063 D5               [11]  150 	push	de
      000064 79               [ 4]  151 	ld	a, c
      000065 CDr51r00         [17]  152 	call	_mbox_push
      000068 D1               [10]  153 	pop	de
                                    154 ;romloader.c:203: for (uint8_t i = 0; i < argc; i++)
      000069 0E 00            [ 7]  155 	ld	c, #0x00
      00006B                        156 00103$:
      00006B 79               [ 4]  157 	ld	a, c
      00006C DD 96 04         [19]  158 	sub	a, 4 (ix)
      00006F 30 10            [12]  159 	jr	NC, 00101$
                                    160 ;romloader.c:204: mbox_push(args[i]);
      000071 69               [ 4]  161 	ld	l, c
      000072 26 00            [ 7]  162 	ld	h, #0x00
      000074 19               [11]  163 	add	hl, de
      000075 46               [ 7]  164 	ld	b, (hl)
      000076 C5               [11]  165 	push	bc
      000077 D5               [11]  166 	push	de
      000078 78               [ 4]  167 	ld	a, b
      000079 CDr51r00         [17]  168 	call	_mbox_push
      00007C D1               [10]  169 	pop	de
      00007D C1               [10]  170 	pop	bc
                                    171 ;romloader.c:203: for (uint8_t i = 0; i < argc; i++)
      00007E 0C               [ 4]  172 	inc	c
      00007F 18 EA            [12]  173 	jr	00103$
      000081                        174 00101$:
                                    175 ;romloader.c:205: mbox_wait_done();
      000081 CDr57r00         [17]  176 	call	_mbox_wait_done
                                    177 ;romloader.c:206: }
      000084 DD E1            [14]  178 	pop	ix
      000086 E1               [10]  179 	pop	hl
      000087 33               [ 6]  180 	inc	sp
      000088 E9               [ 4]  181 	jp	(hl)
                                    182 ;romloader.c:210: static void print(const char *s)
                                    183 ;	---------------------------------
                                    184 ; Function print
                                    185 ; ---------------------------------
      000089                        186 _print:
      000089 EB               [ 4]  187 	ex	de, hl
                                    188 ;romloader.c:212: while (*s)
      00008A                        189 00101$:
      00008A 1A               [ 7]  190 	ld	a, (de)
      00008B B7               [ 4]  191 	or	a, a
      00008C C8               [11]  192 	ret	Z
                                    193 ;romloader.c:213: chput(*s++);
      00008D 6F               [ 4]  194 	ld	l, a
                                    195 ;	spillPairReg hl
                                    196 ;	spillPairReg hl
      00008E 13               [ 6]  197 	inc	de
      00008F D5               [11]  198 	push	de
      000090 CDr16r00         [17]  199 	call	_chput
      000093 D1               [10]  200 	pop	de
                                    201 ;romloader.c:214: }
      000094 18 F4            [12]  202 	jr	00101$
                                    203 ;romloader.c:216: static void print_dec(uint16_t v)
                                    204 ;	---------------------------------
                                    205 ; Function print_dec
                                    206 ; ---------------------------------
      000096                        207 _print_dec:
      000096 DD E5            [15]  208 	push	ix
      000098 DD 21 00 00      [14]  209 	ld	ix,#0
      00009C DD 39            [15]  210 	add	ix,sp
      00009E F5               [11]  211 	push	af
      00009F F5               [11]  212 	push	af
      0000A0 F5               [11]  213 	push	af
      0000A1 EB               [ 4]  214 	ex	de, hl
                                    215 ;romloader.c:220: if (v == 0) {
      0000A2 7A               [ 4]  216 	ld	a, d
      0000A3 B3               [ 4]  217 	or	a, e
      0000A4 20 07            [12]  218 	jr	NZ, 00113$
                                    219 ;romloader.c:221: chput('0');
      0000A6 2E 30            [ 7]  220 	ld	l, #0x30
                                    221 ;	spillPairReg hl
                                    222 ;	spillPairReg hl
      0000A8 CDr16r00         [17]  223 	call	_chput
                                    224 ;romloader.c:222: return;
      0000AB 18 4B            [12]  225 	jr	00109$
                                    226 ;romloader.c:224: while (v) {
      0000AD                        227 00113$:
      0000AD 0E 00            [ 7]  228 	ld	c, #0x00
      0000AF                        229 00103$:
      0000AF 7A               [ 4]  230 	ld	a, d
      0000B0 B3               [ 4]  231 	or	a, e
      0000B1 28 30            [12]  232 	jr	Z, 00115$
                                    233 ;romloader.c:225: buf[i++] = (char)('0' + (v % 10U));
      0000B3 D5               [11]  234 	push	de
      0000B4 59               [ 4]  235 	ld	e, c
      0000B5 16 00            [ 7]  236 	ld	d, #0x00
      0000B7 21 02 00         [10]  237 	ld	hl, #2
      0000BA 39               [11]  238 	add	hl, sp
      0000BB 19               [11]  239 	add	hl, de
      0000BC D1               [10]  240 	pop	de
      0000BD 0C               [ 4]  241 	inc	c
      0000BE D5               [11]  242 	push	de
      0000BF FD E1            [14]  243 	pop	iy
      0000C1 E5               [11]  244 	push	hl
      0000C2 C5               [11]  245 	push	bc
      0000C3 FD E5            [15]  246 	push	iy
      0000C5 11 0A 00         [10]  247 	ld	de, #0x000a
      0000C8 FD E5            [15]  248 	push	iy
      0000CA E1               [10]  249 	pop	hl
      0000CB CDr00r00         [17]  250 	call	__moduint
      0000CE FD E1            [14]  251 	pop	iy
      0000D0 C1               [10]  252 	pop	bc
      0000D1 E1               [10]  253 	pop	hl
      0000D2 7B               [ 4]  254 	ld	a, e
      0000D3 C6 30            [ 7]  255 	add	a, #0x30
      0000D5 77               [ 7]  256 	ld	(hl), a
                                    257 ;romloader.c:226: v /= 10U;
      0000D6 C5               [11]  258 	push	bc
      0000D7 11 0A 00         [10]  259 	ld	de, #0x000a
      0000DA FD E5            [15]  260 	push	iy
      0000DC E1               [10]  261 	pop	hl
      0000DD CDr00r00         [17]  262 	call	__divuint
      0000E0 C1               [10]  263 	pop	bc
      0000E1 18 CC            [12]  264 	jr	00103$
                                    265 ;romloader.c:228: while (i)
      0000E3                        266 00115$:
      0000E3                        267 00106$:
      0000E3 79               [ 4]  268 	ld	a, c
      0000E4 B7               [ 4]  269 	or	a, a
      0000E5 28 11            [12]  270 	jr	Z, 00109$
                                    271 ;romloader.c:229: chput(buf[--i]);
      0000E7 0D               [ 4]  272 	dec	c
      0000E8 59               [ 4]  273 	ld	e, c
      0000E9 16 00            [ 7]  274 	ld	d, #0x00
      0000EB 21 00 00         [10]  275 	ld	hl, #0
      0000EE 39               [11]  276 	add	hl, sp
      0000EF 19               [11]  277 	add	hl, de
      0000F0 6E               [ 7]  278 	ld	l, (hl)
                                    279 ;	spillPairReg hl
      0000F1 C5               [11]  280 	push	bc
      0000F2 CDr16r00         [17]  281 	call	_chput
      0000F5 C1               [10]  282 	pop	bc
      0000F6 18 EB            [12]  283 	jr	00106$
      0000F8                        284 00109$:
                                    285 ;romloader.c:230: }
      0000F8 DD F9            [10]  286 	ld	sp, ix
      0000FA DD E1            [14]  287 	pop	ix
      0000FC C9               [10]  288 	ret
                                    289 ;romloader.c:232: static void cls(void)
                                    290 ;	---------------------------------
                                    291 ; Function cls
                                    292 ; ---------------------------------
      0000FD                        293 _cls:
                                    294 ;romloader.c:234: chput(0x0C);		/* CHPUT ctrl-L = clear screen + home cursor */
      0000FD 2E 0C            [ 7]  295 	ld	l, #0x0c
                                    296 ;	spillPairReg hl
                                    297 ;	spillPairReg hl
                                    298 ;romloader.c:235: }
      0000FF C3r16r00         [10]  299 	jp	_chput
                                    300 ;romloader.c:272: static void delay_ms(uint16_t ms)
                                    301 ;	---------------------------------
                                    302 ; Function delay_ms
                                    303 ; ---------------------------------
      000102                        304 _delay_ms:
                                    305 ;romloader.c:274: while (ms--)
      000102                        306 00101$:
      000102 7D               [ 4]  307 	ld	a, l
      000103 4C               [ 4]  308 	ld	c, h
      000104 2B               [ 6]  309 	dec	hl
      000105 B1               [ 4]  310 	or	a, c
      000106 C8               [11]  311 	ret	Z
                                    312 ;romloader.c:275: (void)snsmat(0);
      000107 E5               [11]  313 	push	hl
      000108 2E 00            [ 7]  314 	ld	l, #0x00
                                    315 ;	spillPairReg hl
                                    316 ;	spillPairReg hl
      00010A CDr00r00         [17]  317 	call	_snsmat
      00010D E1               [10]  318 	pop	hl
                                    319 ;romloader.c:276: }
      00010E 18 F2            [12]  320 	jr	00101$
                                    321 ;romloader.c:280: static uint8_t wait_arrow(void)
                                    322 ;	---------------------------------
                                    323 ; Function wait_arrow
                                    324 ; ---------------------------------
      000110                        325 _wait_arrow:
      000110 CDr00r00         [17]  326 	call	___sdcc_enter_ix
      000113 3B               [ 6]  327 	dec	sp
                                    328 ;romloader.c:283: while ((snsmat(8) & (R8_DOWN | R8_UP | R8_SPACE)) ==
      000114                        329 00101$:
      000114 2E 08            [ 7]  330 	ld	l, #0x08
                                    331 ;	spillPairReg hl
                                    332 ;	spillPairReg hl
      000116 CDr00r00         [17]  333 	call	_snsmat
      000119 7D               [ 4]  334 	ld	a, l
      00011A E6 61            [ 7]  335 	and	a, #0x61
      00011C 4F               [ 4]  336 	ld	c, a
      00011D 06 00            [ 7]  337 	ld	b, #0x00
      00011F 79               [ 4]  338 	ld	a, c
      000120 D6 61            [ 7]  339 	sub	a, #0x61
      000122 B0               [ 4]  340 	or	a, b
      000123 28 EF            [12]  341 	jr	Z, 00101$
                                    342 ;romloader.c:287: delay_ms(10);
      000125 21 0A 00         [10]  343 	ld	hl, #0x000a
      000128 CDr02r01         [17]  344 	call	_delay_ms
                                    345 ;romloader.c:288: uint8_t row = snsmat(8);
      00012B 2E 08            [ 7]  346 	ld	l, #0x08
                                    347 ;	spillPairReg hl
                                    348 ;	spillPairReg hl
      00012D CDr00r00         [17]  349 	call	_snsmat
                                    350 ;romloader.c:289: if ((row & (R8_DOWN | R8_UP | R8_SPACE)) ==
      000130 7D               [ 4]  351 	ld	a, l
      000131 E6 61            [ 7]  352 	and	a, #0x61
      000133 4F               [ 4]  353 	ld	c, a
      000134 06 00            [ 7]  354 	ld	b, #0x00
      000136 79               [ 4]  355 	ld	a, c
      000137 D6 61            [ 7]  356 	sub	a, #0x61
                                    357 ;romloader.c:291: return KEY_NONE;
      000139 B0               [ 4]  358 	or	a,b
      00013A 28 54            [12]  359 	jr	Z, 00121$
                                    360 ;romloader.c:294: uint8_t key = KEY_NONE;
      00013C DD 36 FF 00      [19]  361 	ld	-1 (ix), #0x00
                                    362 ;romloader.c:295: if ((row & R8_SPACE) == 0U) key = KEY_SELECT;
      000140 CB 45            [ 8]  363 	bit	0, l
      000142 20 06            [12]  364 	jr	NZ, 00116$
      000144 DD 36 FF 03      [19]  365 	ld	-1 (ix), #0x03
      000148 18 2C            [12]  366 	jr	00118$
      00014A                        367 00116$:
                                    368 ;romloader.c:296: else if ((row & R8_DOWN) == 0U && (row & R8_UP) == 0U) key = KEY_DOWN;
      00014A 7D               [ 4]  369 	ld	a, l
      00014B E6 40            [ 7]  370 	and	a, #0x40
      00014D 5F               [ 4]  371 	ld	e, a
      00014E 16 00            [ 7]  372 	ld	d, #0x00
      000150 7D               [ 4]  373 	ld	a, l
      000151 E6 20            [ 7]  374 	and	a, #0x20
      000153 4F               [ 4]  375 	ld	c, a
      000154 06 00            [ 7]  376 	ld	b, #0x00
      000156 7A               [ 4]  377 	ld	a, d
      000157 B3               [ 4]  378 	or	a, e
      000158 20 0A            [12]  379 	jr	NZ, 00112$
      00015A 78               [ 4]  380 	ld	a, b
      00015B B1               [ 4]  381 	or	a, c
      00015C 20 06            [12]  382 	jr	NZ, 00112$
      00015E DD 36 FF 01      [19]  383 	ld	-1 (ix), #0x01
      000162 18 12            [12]  384 	jr	00118$
      000164                        385 00112$:
                                    386 ;romloader.c:297: else if ((row & R8_DOWN) == 0U) key = KEY_DOWN;
      000164 7A               [ 4]  387 	ld	a, d
      000165 B3               [ 4]  388 	or	a, e
      000166 20 06            [12]  389 	jr	NZ, 00109$
      000168 DD 36 FF 01      [19]  390 	ld	-1 (ix), #0x01
      00016C 18 08            [12]  391 	jr	00118$
      00016E                        392 00109$:
                                    393 ;romloader.c:298: else if ((row & R8_UP)   == 0U) key = KEY_UP;
      00016E 78               [ 4]  394 	ld	a, b
      00016F B1               [ 4]  395 	or	a, c
      000170 20 04            [12]  396 	jr	NZ, 00118$
      000172 DD 36 FF 02      [19]  397 	ld	-1 (ix), #0x02
                                    398 ;romloader.c:301: while ((snsmat(8) & (R8_DOWN | R8_UP | R8_SPACE)) !=
      000176                        399 00118$:
      000176 2E 08            [ 7]  400 	ld	l, #0x08
                                    401 ;	spillPairReg hl
                                    402 ;	spillPairReg hl
      000178 CDr00r00         [17]  403 	call	_snsmat
      00017B 7D               [ 4]  404 	ld	a, l
      00017C E6 61            [ 7]  405 	and	a, #0x61
      00017E 4F               [ 4]  406 	ld	c, a
      00017F 06 00            [ 7]  407 	ld	b, #0x00
      000181 79               [ 4]  408 	ld	a, c
      000182 D6 61            [ 7]  409 	sub	a, #0x61
      000184 B0               [ 4]  410 	or	a, b
      000185 20 EF            [12]  411 	jr	NZ, 00118$
                                    412 ;romloader.c:303: delay_ms(10);
      000187 21 0A 00         [10]  413 	ld	hl, #0x000a
      00018A CDr02r01         [17]  414 	call	_delay_ms
                                    415 ;romloader.c:304: return key;
      00018D DD 7E FF         [19]  416 	ld	a, -1 (ix)
      000190                        417 00121$:
                                    418 ;romloader.c:305: }
      000190 33               [ 6]  419 	inc	sp
      000191 DD E1            [14]  420 	pop	ix
      000193 C9               [10]  421 	ret
                                    422 ;romloader.c:308: static void wait_any_key(void)
                                    423 ;	---------------------------------
                                    424 ; Function wait_any_key
                                    425 ; ---------------------------------
      000194                        426 _wait_any_key:
                                    427 ;romloader.c:311: for (uint8_t row = 0; row < 10; row++) {
      000194                        428 00115$:
      000194 0E 00            [ 7]  429 	ld	c, #0x00
      000196                        430 00108$:
      000196 79               [ 4]  431 	ld	a, c
      000197 D6 0A            [ 7]  432 	sub	a, #0x0a
      000199 30 F9            [12]  433 	jr	NC, 00115$
                                    434 ;romloader.c:312: if (snsmat(row) != 0xFFU) return;
      00019B C5               [11]  435 	push	bc
      00019C 69               [ 4]  436 	ld	l, c
                                    437 ;	spillPairReg hl
                                    438 ;	spillPairReg hl
      00019D CDr00r00         [17]  439 	call	_snsmat
      0001A0 C1               [10]  440 	pop	bc
      0001A1 2C               [ 4]  441 	inc	l
      0001A2 C0               [11]  442 	ret	NZ
                                    443 ;romloader.c:311: for (uint8_t row = 0; row < 10; row++) {
      0001A3 0C               [ 4]  444 	inc	c
                                    445 ;romloader.c:315: }
      0001A4 18 F0            [12]  446 	jr	00108$
                                    447 ;romloader.c:325: static void fetch_file_list(void)
                                    448 ;	---------------------------------
                                    449 ; Function fetch_file_list
                                    450 ; ---------------------------------
      0001A6                        451 _fetch_file_list:
      0001A6 CDr00r00         [17]  452 	call	___sdcc_enter_ix
      0001A9 F5               [11]  453 	push	af
      0001AA 3B               [ 6]  454 	dec	sp
                                    455 ;romloader.c:327: mbox_cmd(CMD_DIR_OPEN, 0, 0);
      0001AB AF               [ 4]  456 	xor	a, a
      0001AC F5               [11]  457 	push	af
      0001AD 33               [ 6]  458 	inc	sp
      0001AE 11 00 00         [10]  459 	ld	de, #0x0000
      0001B1 AF               [ 4]  460 	xor	a, a
      0001B2 CDr5Fr00         [17]  461 	call	_mbox_cmd
                                    462 ;romloader.c:328: uint8_t cnt_lo = mbox_pop();
      0001B5 CDr4Br00         [17]  463 	call	_mbox_pop
      0001B8 4F               [ 4]  464 	ld	c, a
                                    465 ;romloader.c:329: uint8_t cnt_hi = mbox_pop();
      0001B9 C5               [11]  466 	push	bc
      0001BA CDr4Br00         [17]  467 	call	_mbox_pop
      0001BD C1               [10]  468 	pop	bc
                                    469 ;romloader.c:330: s_count = (uint16_t)cnt_lo | ((uint16_t)cnt_hi << 8);
      0001BE 06 00            [ 7]  470 	ld	b, #0x00
      0001C0 5F               [ 4]  471 	ld	e, a
      0001C1 AF               [ 4]  472 	xor	a, a
      0001C2 B1               [ 4]  473 	or	a, c
      0001C3 32r80r06         [13]  474 	ld	(_s_count+0), a
      0001C6 7B               [ 4]  475 	ld	a, e
      0001C7 B0               [ 4]  476 	or	a, b
      0001C8 32r81r06         [13]  477 	ld	(_s_count+1), a
                                    478 ;romloader.c:331: if (s_count > MAX_FILES)
      0001CB 2Ar80r06         [16]  479 	ld	hl, (_s_count)
      0001CE 3E 80            [ 7]  480 	ld	a, #0x80
      0001D0 BD               [ 4]  481 	cp	a, l
      0001D1 3E 00            [ 7]  482 	ld	a, #0x00
      0001D3 9C               [ 4]  483 	sbc	a, h
      0001D4 30 06            [12]  484 	jr	NC, 00117$
                                    485 ;romloader.c:332: s_count = MAX_FILES;
      0001D6 21 80 00         [10]  486 	ld	hl, #0x0080
      0001D9 22r80r06         [16]  487 	ld	(_s_count), hl
                                    488 ;romloader.c:334: for (uint16_t i = 0; i < s_count; i++) {
      0001DC                        489 00117$:
      0001DC 01 00 00         [10]  490 	ld	bc, #0x0000
      0001DF                        491 00109$:
      0001DF 21r80r06         [10]  492 	ld	hl, #_s_count
      0001E2 79               [ 4]  493 	ld	a, c
      0001E3 96               [ 7]  494 	sub	a, (hl)
      0001E4 23               [ 6]  495 	inc	hl
      0001E5 78               [ 4]  496 	ld	a, b
      0001E6 9E               [ 7]  497 	sbc	a, (hl)
      0001E7 30 4E            [12]  498 	jr	NC, 00104$
                                    499 ;romloader.c:335: mbox_cmd(CMD_DIR_READ, 0, 0);
      0001E9 C5               [11]  500 	push	bc
      0001EA AF               [ 4]  501 	xor	a, a
      0001EB F5               [11]  502 	push	af
      0001EC 33               [ 6]  503 	inc	sp
      0001ED 11 00 00         [10]  504 	ld	de, #0x0000
      0001F0 3E 01            [ 7]  505 	ld	a, #0x01
      0001F2 CDr5Fr00         [17]  506 	call	_mbox_cmd
      0001F5 C1               [10]  507 	pop	bc
                                    508 ;romloader.c:336: for (uint8_t j = 0; j < LOADER_NAME_LEN; j++)
      0001F6 69               [ 4]  509 	ld	l, c
      0001F7 60               [ 4]  510 	ld	h, b
      0001F8 29               [11]  511 	add	hl, hl
      0001F9 09               [11]  512 	add	hl, bc
      0001FA 29               [11]  513 	add	hl, hl
      0001FB 29               [11]  514 	add	hl, hl
      0001FC 09               [11]  515 	add	hl, bc
      0001FD EB               [ 4]  516 	ex	de, hl
      0001FE 21r00r00         [10]  517 	ld	hl, #_s_files
      000201 19               [11]  518 	add	hl, de
      000202 E3               [19]  519 	ex	(sp), hl
      000203 DD 36 FF 00      [19]  520 	ld	-1 (ix), #0x00
      000207                        521 00106$:
      000207 DD 7E FF         [19]  522 	ld	a, -1 (ix)
      00020A D6 0C            [ 7]  523 	sub	a, #0x0c
      00020C 30 1C            [12]  524 	jr	NC, 00103$
                                    525 ;romloader.c:337: s_files[i][j] = (char)mbox_pop();
      00020E DD 7E FD         [19]  526 	ld	a, -3 (ix)
      000211 DD 86 FF         [19]  527 	add	a, -1 (ix)
      000214 6F               [ 4]  528 	ld	l, a
                                    529 ;	spillPairReg hl
                                    530 ;	spillPairReg hl
      000215 DD 7E FE         [19]  531 	ld	a, -2 (ix)
      000218 CE 00            [ 7]  532 	adc	a, #0x00
      00021A 67               [ 4]  533 	ld	h, a
                                    534 ;	spillPairReg hl
                                    535 ;	spillPairReg hl
      00021B E5               [11]  536 	push	hl
      00021C C5               [11]  537 	push	bc
      00021D D5               [11]  538 	push	de
      00021E CDr4Br00         [17]  539 	call	_mbox_pop
      000221 D1               [10]  540 	pop	de
      000222 C1               [10]  541 	pop	bc
      000223 E1               [10]  542 	pop	hl
      000224 77               [ 7]  543 	ld	(hl), a
                                    544 ;romloader.c:336: for (uint8_t j = 0; j < LOADER_NAME_LEN; j++)
      000225 DD 34 FF         [23]  545 	inc	-1 (ix)
      000228 18 DD            [12]  546 	jr	00106$
      00022A                        547 00103$:
                                    548 ;romloader.c:338: s_files[i][LOADER_NAME_LEN] = '\0';
      00022A 21r00r00         [10]  549 	ld	hl, #_s_files
      00022D 19               [11]  550 	add	hl, de
      00022E 11 0C 00         [10]  551 	ld	de, #0x000c
      000231 19               [11]  552 	add	hl, de
      000232 36 00            [10]  553 	ld	(hl), #0x00
                                    554 ;romloader.c:334: for (uint16_t i = 0; i < s_count; i++) {
      000234 03               [ 6]  555 	inc	bc
      000235 18 A8            [12]  556 	jr	00109$
      000237                        557 00104$:
                                    558 ;romloader.c:341: mbox_cmd(CMD_DIR_CLOSE, 0, 0);
      000237 AF               [ 4]  559 	xor	a, a
      000238 F5               [11]  560 	push	af
      000239 33               [ 6]  561 	inc	sp
      00023A 11 00 00         [10]  562 	ld	de, #0x0000
      00023D 3E 02            [ 7]  563 	ld	a, #0x02
      00023F CDr5Fr00         [17]  564 	call	_mbox_cmd
                                    565 ;romloader.c:342: }
      000242 DD F9            [10]  566 	ld	sp, ix
      000244 DD E1            [14]  567 	pop	ix
      000246 C9               [10]  568 	ret
                                    569 ;romloader.c:347: static uint16_t choose(const char *title, const char *const *names,
                                    570 ;	---------------------------------
                                    571 ; Function choose
                                    572 ; ---------------------------------
      000247                        573 _choose:
      000247 DD E5            [15]  574 	push	ix
      000249 DD 21 00 00      [14]  575 	ld	ix,#0
      00024D DD 39            [15]  576 	add	ix,sp
      00024F FD 21 F6 FF      [14]  577 	ld	iy, #-10
      000253 FD 39            [15]  578 	add	iy, sp
      000255 FD F9            [10]  579 	ld	sp, iy
      000257 DD 75 FA         [19]  580 	ld	-6 (ix), l
      00025A DD 74 FB         [19]  581 	ld	-5 (ix), h
                                    582 ;romloader.c:350: if (count == 0U) return 0U;
      00025D DD 7E 07         [19]  583 	ld	a, 7 (ix)
      000260 DD B6 06         [19]  584 	or	a, 6 (ix)
      000263 20 06            [12]  585 	jr	NZ, 00102$
      000265 11 00 00         [10]  586 	ld	de, #0x0000
      000268 C3rE7r03         [10]  587 	jp	00134$
      00026B                        588 00102$:
                                    589 ;romloader.c:351: uint16_t sel = start < count ? start : 0;
      00026B DD 7E 08         [19]  590 	ld	a, 8 (ix)
      00026E DD 96 06         [19]  591 	sub	a, 6 (ix)
      000271 DD 7E 09         [19]  592 	ld	a, 9 (ix)
      000274 DD 9E 07         [19]  593 	sbc	a, 7 (ix)
      000277 30 08            [12]  594 	jr	NC, 00136$
      000279 DD 7E 08         [19]  595 	ld	a, 8 (ix)
      00027C DD 4E 09         [19]  596 	ld	c, 9 (ix)
      00027F 18 02            [12]  597 	jr	00137$
      000281                        598 00136$:
      000281 AF               [ 4]  599 	xor	a, a
      000282 4F               [ 4]  600 	ld	c, a
      000283                        601 00137$:
      000283 DD 77 FC         [19]  602 	ld	-4 (ix), a
      000286 DD 71 FD         [19]  603 	ld	-3 (ix), c
      000289                        604 00132$:
                                    605 ;romloader.c:354: cls();
      000289 CDrFDr00         [17]  606 	call	_cls
                                    607 ;romloader.c:355: print(title);
      00028C DD 6E FA         [19]  608 	ld	l, -6 (ix)
                                    609 ;	spillPairReg hl
                                    610 ;	spillPairReg hl
      00028F DD 66 FB         [19]  611 	ld	h, -5 (ix)
                                    612 ;	spillPairReg hl
                                    613 ;	spillPairReg hl
      000292 CDr89r00         [17]  614 	call	_print
                                    615 ;romloader.c:356: print("\r\n\r\n");
      000295 21rF0r03         [10]  616 	ld	hl, #___str_0
      000298 CDr89r00         [17]  617 	call	_print
                                    618 ;romloader.c:366: if (count <= 10U) {
      00029B DD 7E 06         [19]  619 	ld	a, 6 (ix)
      00029E DD 77 F8         [19]  620 	ld	-8 (ix), a
      0002A1 DD 7E 07         [19]  621 	ld	a, 7 (ix)
      0002A4 DD 77 F9         [19]  622 	ld	-7 (ix), a
                                    623 ;romloader.c:368: bot = count;
      0002A7 DD 7E 06         [19]  624 	ld	a, 6 (ix)
      0002AA DD 77 F6         [19]  625 	ld	-10 (ix), a
      0002AD DD 7E 07         [19]  626 	ld	a, 7 (ix)
      0002B0 DD 77 F7         [19]  627 	ld	-9 (ix), a
                                    628 ;romloader.c:366: if (count <= 10U) {
      0002B3 3E 0A            [ 7]  629 	ld	a, #0x0a
      0002B5 DD BE F8         [19]  630 	cp	a, -8 (ix)
      0002B8 3E 00            [ 7]  631 	ld	a, #0x00
      0002BA DD 9E F9         [19]  632 	sbc	a, -7 (ix)
      0002BD 38 07            [12]  633 	jr	C, 00110$
                                    634 ;romloader.c:367: top = 0U;
      0002BF 01 00 00         [10]  635 	ld	bc, #0x0000
                                    636 ;romloader.c:368: bot = count;
      0002C2 D1               [10]  637 	pop	de
      0002C3 D5               [11]  638 	push	de
      0002C4 18 5D            [12]  639 	jr	00147$
      0002C6                        640 00110$:
                                    641 ;romloader.c:369: } else if (sel < 5U) {
      0002C6 DD 7E FC         [19]  642 	ld	a, -4 (ix)
      0002C9 DD 77 FE         [19]  643 	ld	-2 (ix), a
      0002CC DD 7E FD         [19]  644 	ld	a, -3 (ix)
      0002CF DD 77 FF         [19]  645 	ld	-1 (ix), a
      0002D2 DD 7E FE         [19]  646 	ld	a, -2 (ix)
      0002D5 D6 05            [ 7]  647 	sub	a, #0x05
      0002D7 DD 7E FF         [19]  648 	ld	a, -1 (ix)
      0002DA DE 00            [ 7]  649 	sbc	a, #0x00
      0002DC 30 08            [12]  650 	jr	NC, 00107$
                                    651 ;romloader.c:370: top = 0U;
      0002DE 01 00 00         [10]  652 	ld	bc, #0x0000
                                    653 ;romloader.c:371: bot = 10U;
      0002E1 11 0A 00         [10]  654 	ld	de, #0x000a
      0002E4 18 3D            [12]  655 	jr	00147$
      0002E6                        656 00107$:
                                    657 ;romloader.c:372: } else if (sel >= (uint16_t)(count - 5U)) {
      0002E6 DD 7E F8         [19]  658 	ld	a, -8 (ix)
      0002E9 C6 FB            [ 7]  659 	add	a, #0xfb
      0002EB 4F               [ 4]  660 	ld	c, a
      0002EC DD 7E F9         [19]  661 	ld	a, -7 (ix)
      0002EF CE FF            [ 7]  662 	adc	a, #0xff
      0002F1 47               [ 4]  663 	ld	b, a
      0002F2 DD 7E FC         [19]  664 	ld	a, -4 (ix)
      0002F5 91               [ 4]  665 	sub	a, c
      0002F6 DD 7E FD         [19]  666 	ld	a, -3 (ix)
      0002F9 98               [ 4]  667 	sbc	a, b
      0002FA 38 10            [12]  668 	jr	C, 00104$
                                    669 ;romloader.c:373: top = (uint16_t)(count - 10U);
      0002FC DD 7E F8         [19]  670 	ld	a, -8 (ix)
      0002FF C6 F6            [ 7]  671 	add	a, #0xf6
      000301 4F               [ 4]  672 	ld	c, a
      000302 DD 7E F9         [19]  673 	ld	a, -7 (ix)
      000305 CE FF            [ 7]  674 	adc	a, #0xff
      000307 47               [ 4]  675 	ld	b, a
                                    676 ;romloader.c:374: bot = count;
      000308 D1               [10]  677 	pop	de
      000309 D5               [11]  678 	push	de
      00030A 18 17            [12]  679 	jr	00147$
      00030C                        680 00104$:
                                    681 ;romloader.c:376: top = (uint16_t)(sel - 5U);
      00030C DD 7E FE         [19]  682 	ld	a, -2 (ix)
      00030F C6 FB            [ 7]  683 	add	a, #0xfb
      000311 4F               [ 4]  684 	ld	c, a
      000312 DD 7E FF         [19]  685 	ld	a, -1 (ix)
      000315 CE FF            [ 7]  686 	adc	a, #0xff
      000317 47               [ 4]  687 	ld	b, a
                                    688 ;romloader.c:377: bot = (uint16_t)(sel + 5U);
      000318 DD 6E FE         [19]  689 	ld	l, -2 (ix)
      00031B DD 66 FF         [19]  690 	ld	h, -1 (ix)
      00031E 11 05 00         [10]  691 	ld	de, #0x0005
      000321 19               [11]  692 	add	hl, de
      000322 EB               [ 4]  693 	ex	de, hl
                                    694 ;romloader.c:379: for (uint16_t i = top; i < bot; i++) {
      000323                        695 00147$:
      000323 DD 71 FE         [19]  696 	ld	-2 (ix), c
      000326 DD 70 FF         [19]  697 	ld	-1 (ix), b
      000329                        698 00130$:
      000329 DD 7E FE         [19]  699 	ld	a, -2 (ix)
      00032C 93               [ 4]  700 	sub	a, e
      00032D DD 7E FF         [19]  701 	ld	a, -1 (ix)
      000330 9A               [ 4]  702 	sbc	a, d
      000331 30 47            [12]  703 	jr	NC, 00112$
                                    704 ;romloader.c:380: print(i == sel ? "> " : "  ");
      000333 DD 7E FC         [19]  705 	ld	a, -4 (ix)
      000336 DD 96 FE         [19]  706 	sub	a, -2 (ix)
      000339 20 0D            [12]  707 	jr	NZ, 00138$
      00033B DD 7E FD         [19]  708 	ld	a, -3 (ix)
      00033E DD 96 FF         [19]  709 	sub	a, -1 (ix)
      000341 20 05            [12]  710 	jr	NZ, 00138$
      000343 21rF5r03         [10]  711 	ld	hl, #___str_1
      000346 18 03            [12]  712 	jr	00139$
      000348                        713 00138$:
      000348 21rF8r03         [10]  714 	ld	hl, #___str_2
      00034B                        715 00139$:
      00034B D5               [11]  716 	push	de
      00034C CDr89r00         [17]  717 	call	_print
      00034F D1               [10]  718 	pop	de
                                    719 ;romloader.c:381: print(names[i]);
      000350 DD 4E FE         [19]  720 	ld	c, -2 (ix)
      000353 DD 46 FF         [19]  721 	ld	b, -1 (ix)
      000356 CB 21            [ 8]  722 	sla	c
      000358 CB 10            [ 8]  723 	rl	b
      00035A DD 6E 04         [19]  724 	ld	l, 4 (ix)
      00035D DD 66 05         [19]  725 	ld	h, 5 (ix)
      000360 09               [11]  726 	add	hl, bc
      000361 4E               [ 7]  727 	ld	c, (hl)
      000362 23               [ 6]  728 	inc	hl
      000363 66               [ 7]  729 	ld	h, (hl)
                                    730 ;	spillPairReg hl
      000364 D5               [11]  731 	push	de
      000365 69               [ 4]  732 	ld	l, c
                                    733 ;	spillPairReg hl
                                    734 ;	spillPairReg hl
      000366 CDr89r00         [17]  735 	call	_print
      000369 21rFBr03         [10]  736 	ld	hl, #___str_3
      00036C CDr89r00         [17]  737 	call	_print
      00036F D1               [10]  738 	pop	de
                                    739 ;romloader.c:379: for (uint16_t i = top; i < bot; i++) {
      000370 DD 34 FE         [23]  740 	inc	-2 (ix)
      000373 20 B4            [12]  741 	jr	NZ, 00130$
      000375 DD 34 FF         [23]  742 	inc	-1 (ix)
      000378 18 AF            [12]  743 	jr	00130$
      00037A                        744 00112$:
                                    745 ;romloader.c:384: print("\r\nUP/DOWN=navigate  SPACE=select\r\n");
      00037A 21rFEr03         [10]  746 	ld	hl, #___str_4
      00037D CDr89r00         [17]  747 	call	_print
                                    748 ;romloader.c:387: do {
      000380                        749 00113$:
                                    750 ;romloader.c:388: k = wait_arrow();
      000380 CDr10r01         [17]  751 	call	_wait_arrow
      000383 DD 77 FF         [19]  752 	ld	-1 (ix), a
                                    753 ;romloader.c:389: } while (k == KEY_NONE);
      000386 B7               [ 4]  754 	or	a, a
      000387 28 F7            [12]  755 	jr	Z, 00113$
                                    756 ;romloader.c:391: if (k == KEY_SELECT) {
      000389 FE 03            [ 7]  757 	cp	a, #0x03
      00038B 20 08            [12]  758 	jr	NZ, 00117$
                                    759 ;romloader.c:392: return sel;
      00038D DD 5E FC         [19]  760 	ld	e, -4 (ix)
      000390 DD 56 FD         [19]  761 	ld	d, -3 (ix)
      000393 18 52            [12]  762 	jr	00134$
      000395                        763 00117$:
                                    764 ;romloader.c:395: if (k == KEY_DOWN) {
      000395 FE 01            [ 7]  765 	cp	a, #0x01
      000397 20 21            [12]  766 	jr	NZ, 00126$
                                    767 ;romloader.c:396: sel++;
      000399 DD 34 FC         [23]  768 	inc	-4 (ix)
      00039C 20 03            [12]  769 	jr	NZ, 00229$
      00039E DD 34 FD         [23]  770 	inc	-3 (ix)
      0003A1                        771 00229$:
                                    772 ;romloader.c:397: if (sel >= count) sel = 0U;
      0003A1 DD 7E FC         [19]  773 	ld	a, -4 (ix)
      0003A4 DD 96 06         [19]  774 	sub	a, 6 (ix)
      0003A7 DD 7E FD         [19]  775 	ld	a, -3 (ix)
      0003AA DD 9E 07         [19]  776 	sbc	a, 7 (ix)
      0003AD DAr89r02         [10]  777 	jp	C, 00132$
      0003B0 AF               [ 4]  778 	xor	a, a
      0003B1 DD 77 FC         [19]  779 	ld	-4 (ix), a
      0003B4 DD 77 FD         [19]  780 	ld	-3 (ix), a
      0003B7 C3r89r02         [10]  781 	jp	00132$
      0003BA                        782 00126$:
                                    783 ;romloader.c:398: } else if (k == KEY_UP) {
      0003BA D6 02            [ 7]  784 	sub	a, #0x02
      0003BC C2r89r02         [10]  785 	jp	NZ,00132$
                                    786 ;romloader.c:399: if (sel == 0U) sel = (uint16_t)(count - 1U);
      0003BF DD 7E FD         [19]  787 	ld	a, -3 (ix)
      0003C2 DD B6 FC         [19]  788 	or	a, -4 (ix)
      0003C5 20 10            [12]  789 	jr	NZ, 00121$
      0003C7 DD 4E F8         [19]  790 	ld	c, -8 (ix)
      0003CA DD 46 F9         [19]  791 	ld	b, -7 (ix)
      0003CD 0B               [ 6]  792 	dec	bc
      0003CE DD 71 FC         [19]  793 	ld	-4 (ix), c
      0003D1 DD 70 FD         [19]  794 	ld	-3 (ix), b
      0003D4 C3r89r02         [10]  795 	jp	00132$
      0003D7                        796 00121$:
                                    797 ;romloader.c:400: else sel--;
      0003D7 DD 6E FC         [19]  798 	ld	l, -4 (ix)
      0003DA DD 66 FD         [19]  799 	ld	h, -3 (ix)
      0003DD 2B               [ 6]  800 	dec	hl
      0003DE DD 75 FC         [19]  801 	ld	-4 (ix), l
      0003E1 DD 74 FD         [19]  802 	ld	-3 (ix), h
      0003E4 C3r89r02         [10]  803 	jp	00132$
      0003E7                        804 00134$:
                                    805 ;romloader.c:403: }
      0003E7 DD F9            [10]  806 	ld	sp, ix
      0003E9 DD E1            [14]  807 	pop	ix
      0003EB E1               [10]  808 	pop	hl
      0003EC F1               [10]  809 	pop	af
      0003ED F1               [10]  810 	pop	af
      0003EE F1               [10]  811 	pop	af
      0003EF E9               [ 4]  812 	jp	(hl)
      0003F0                        813 ___str_0:
      0003F0 0D                     814 	.db 0x0d
      0003F1 0A                     815 	.db 0x0a
      0003F2 0D                     816 	.db 0x0d
      0003F3 0A                     817 	.db 0x0a
      0003F4 00                     818 	.db 0x00
      0003F5                        819 ___str_1:
      0003F5 3E 20                  820 	.ascii "> "
      0003F7 00                     821 	.db 0x00
      0003F8                        822 ___str_2:
      0003F8 20 20                  823 	.ascii "  "
      0003FA 00                     824 	.db 0x00
      0003FB                        825 ___str_3:
      0003FB 0D                     826 	.db 0x0d
      0003FC 0A                     827 	.db 0x0a
      0003FD 00                     828 	.db 0x00
      0003FE                        829 ___str_4:
      0003FE 0D                     830 	.db 0x0d
      0003FF 0A                     831 	.db 0x0a
      000400 55 50 2F 44 4F 57 4E   832 	.ascii "UP/DOWN=navigate  SPACE=select"
             3D 6E 61 76 69 67 61
             74 65 20 20 53 50 41
             43 45 3D 73 65 6C 65
             63 74
      00041E 0D                     833 	.db 0x0d
      00041F 0A                     834 	.db 0x0a
      000420 00                     835 	.db 0x00
                                    836 ;romloader.c:505: static void soft_reset_install(void) __naked
                                    837 ;	---------------------------------
                                    838 ; Function soft_reset_install
                                    839 ; ---------------------------------
      000421                        840 _soft_reset_install:
                                    841 ;romloader.c:525: __endasm;
                                    842 ;;	di - mirrors crt0; belt and braces
      000421 F3               [ 4]  843 	di
                                    844 ;;	source = ugly_patch_code (resolved by SDCC at link time)
      000422 21r54r06         [10]  845 	ld	hl, #_ugly_patch_code
                                    846 ;;	dest = 0xE000
      000425 11 00 E0         [10]  847 	ld	de, #0xE000
                                    848 ;;	count = 5 (keep in sync with ugly_patch_code[])
      000428 0E 05            [ 7]  849 	ld	c, #5
                                    850 ;;	copy loop: ld a,(hl); ld (de),a; inc hl; inc de; dec c; jr nz,-5
      00042A                        851 	 loop$:
      00042A 7E               [ 7]  852 	ld	a, (hl)
      00042B 12               [ 7]  853 	ld	(de), a
      00042C 23               [ 6]  854 	inc	hl
      00042D 13               [ 6]  855 	inc	de
      00042E 0D               [ 4]  856 	dec	c
      00042F 20 F9            [12]  857 	jr	nz, loop$
      000431 C9               [10]  858 	ret
                                    859 ;romloader.c:526: }
                                    860 ;romloader.c:555: static void soft_reset(void) __naked
                                    861 ;	---------------------------------
                                    862 ; Function soft_reset
                                    863 ; ---------------------------------
      000432                        864 _soft_reset:
                                    865 ;romloader.c:563: __endasm;
                                    866 ;;	Warm boot to BIOS MAIN. The cart is now PSRAM-backed
                                    867 ;;	(the loaded .ROM), so BIOS's SLTTBL-driven INIT call
                                    868 ;;	will read the new AB header from PSRAM[0] and call the
                                    869 ;;	new INIT.
      000432 C7               [11]  870 	rst	0x00
                                    871 ;romloader.c:564: }
                                    872 ;romloader.c:568: int main(void)
                                    873 ;	---------------------------------
                                    874 ; Function main
                                    875 ; ---------------------------------
      000433                        876 _main::
      000433 CDr00r00         [17]  877 	call	___sdcc_enter_ix
      000436 21 E8 FF         [10]  878 	ld	hl, #-24
      000439 39               [11]  879 	add	hl, sp
      00043A F9               [ 6]  880 	ld	sp, hl
                                    881 ;romloader.c:576: chgmod(0);		/* SCREEN 0, 40 columns */
      00043B 2E 00            [ 7]  882 	ld	l, #0x00
                                    883 ;	spillPairReg hl
                                    884 ;	spillPairReg hl
      00043D CDr2Dr00         [17]  885 	call	_chgmod
                                    886 ;romloader.c:578: cls();
      000440 CDrFDr00         [17]  887 	call	_cls
                                    888 ;romloader.c:579: print("RISKYMSX2 ROM LOADER\r\n\r\n");
      000443 21rDBr06         [10]  889 	ld	hl, #___str_17
      000446 CDr89r00         [17]  890 	call	_print
                                    891 ;romloader.c:580: print("Reading USB directory...\r\n");
      000449 21rF4r06         [10]  892 	ld	hl, #___str_18
      00044C CDr89r00         [17]  893 	call	_print
                                    894 ;romloader.c:582: fetch_file_list();
      00044F CDrA6r01         [17]  895 	call	_fetch_file_list
                                    896 ;romloader.c:584: if (s_count == 0U) {
      000452 3Ar81r06         [13]  897 	ld	a, (_s_count+1)
      000455 21r80r06         [10]  898 	ld	hl, #_s_count
      000458 B6               [ 7]  899 	or	a, (hl)
      000459 20 1A            [12]  900 	jr	NZ, 00131$
                                    901 ;romloader.c:585: cls();
      00045B CDrFDr00         [17]  902 	call	_cls
                                    903 ;romloader.c:586: print("NO .ROM FILES ON USB STICK\r\n\r\n");
      00045E 21r0Fr07         [10]  904 	ld	hl, #___str_19
      000461 CDr89r00         [17]  905 	call	_print
                                    906 ;romloader.c:587: print("Plug a stick with .ROM files,\r\n");
      000464 21r2Er07         [10]  907 	ld	hl, #___str_20
      000467 CDr89r00         [17]  908 	call	_print
                                    909 ;romloader.c:588: print("power-cycle the MSX.\r\n");
      00046A 21r4Er07         [10]  910 	ld	hl, #___str_21
      00046D CDr89r00         [17]  911 	call	_print
      000470                        912 00111$:
                                    913 ;romloader.c:590: wait_any_key();
      000470 CDr94r01         [17]  914 	call	_wait_any_key
      000473 18 FB            [12]  915 	jr	00111$
                                    916 ;romloader.c:595: for (uint16_t i = 0; i < s_count; i++)
      000475                        917 00131$:
      000475 01 00 00         [10]  918 	ld	bc, #0x0000
      000478                        919 00114$:
      000478 21r80r06         [10]  920 	ld	hl, #_s_count
      00047B 79               [ 4]  921 	ld	a, c
      00047C 96               [ 7]  922 	sub	a, (hl)
      00047D 23               [ 6]  923 	inc	hl
      00047E 78               [ 4]  924 	ld	a, b
      00047F 9E               [ 7]  925 	sbc	a, (hl)
      000480 30 25            [12]  926 	jr	NC, 00104$
                                    927 ;romloader.c:596: file_ptrs[i] = s_files[i];
      000482 69               [ 4]  928 	ld	l, c
                                    929 ;	spillPairReg hl
                                    930 ;	spillPairReg hl
      000483 60               [ 4]  931 	ld	h, b
                                    932 ;	spillPairReg hl
                                    933 ;	spillPairReg hl
      000484 29               [11]  934 	add	hl, hl
      000485 11r82r06         [10]  935 	ld	de, #_main_file_ptrs_65537_72
      000488 19               [11]  936 	add	hl, de
      000489 DD 75 FE         [19]  937 	ld	-2 (ix), l
      00048C DD 74 FF         [19]  938 	ld	-1 (ix), h
      00048F 69               [ 4]  939 	ld	l, c
      000490 60               [ 4]  940 	ld	h, b
      000491 29               [11]  941 	add	hl, hl
      000492 09               [11]  942 	add	hl, bc
      000493 29               [11]  943 	add	hl, hl
      000494 29               [11]  944 	add	hl, hl
      000495 09               [11]  945 	add	hl, bc
      000496 11r00r00         [10]  946 	ld	de, #_s_files
      000499 19               [11]  947 	add	hl, de
      00049A EB               [ 4]  948 	ex	de, hl
      00049B DD 6E FE         [19]  949 	ld	l, -2 (ix)
      00049E DD 66 FF         [19]  950 	ld	h, -1 (ix)
      0004A1 73               [ 7]  951 	ld	(hl), e
      0004A2 23               [ 6]  952 	inc	hl
      0004A3 72               [ 7]  953 	ld	(hl), d
                                    954 ;romloader.c:595: for (uint16_t i = 0; i < s_count; i++)
      0004A4 03               [ 6]  955 	inc	bc
      0004A5 18 D1            [12]  956 	jr	00114$
      0004A7                        957 00104$:
                                    958 ;romloader.c:597: uint16_t sel = choose("SELECT ROM FILE:", file_ptrs, s_count, 0);
      0004A7 21 00 00         [10]  959 	ld	hl, #0x0000
      0004AA E5               [11]  960 	push	hl
      0004AB 2Ar80r06         [16]  961 	ld	hl, (_s_count)
      0004AE E5               [11]  962 	push	hl
      0004AF 21r82r06         [10]  963 	ld	hl, #_main_file_ptrs_65537_72
      0004B2 E5               [11]  964 	push	hl
      0004B3 21r59r06         [10]  965 	ld	hl, #___str_5
      0004B6 CDr47r02         [17]  966 	call	_choose
                                    967 ;romloader.c:600: cls();
      0004B9 D5               [11]  968 	push	de
      0004BA CDrFDr00         [17]  969 	call	_cls
      0004BD 21r65r07         [10]  970 	ld	hl, #___str_22
      0004C0 CDr89r00         [17]  971 	call	_print
      0004C3 D1               [10]  972 	pop	de
                                    973 ;romloader.c:602: print(s_files[sel]);
      0004C4 6B               [ 4]  974 	ld	l, e
      0004C5 62               [ 4]  975 	ld	h, d
      0004C6 29               [11]  976 	add	hl, hl
      0004C7 19               [11]  977 	add	hl, de
      0004C8 29               [11]  978 	add	hl, hl
      0004C9 29               [11]  979 	add	hl, hl
      0004CA 19               [11]  980 	add	hl, de
      0004CB 11r00r00         [10]  981 	ld	de, #_s_files
      0004CE 19               [11]  982 	add	hl, de
                                    983 ;	spillPairReg hl
                                    984 ;	spillPairReg hl
                                    985 ;	spillPairReg hl
                                    986 ;	spillPairReg hl
      0004CF E5               [11]  987 	push	hl
      0004D0 CDr89r00         [17]  988 	call	_print
      0004D3 21r6Er07         [10]  989 	ld	hl, #___str_23
      0004D6 CDr89r00         [17]  990 	call	_print
      0004D9 C1               [10]  991 	pop	bc
                                    992 ;romloader.c:606: for (uint8_t i = 0; i < LOADER_NAME_LEN; i++)
      0004DA 21 00 00         [10]  993 	ld	hl, #0
      0004DD 39               [11]  994 	add	hl, sp
      0004DE EB               [ 4]  995 	ex	de, hl
      0004DF DD 36 FF 00      [19]  996 	ld	-1 (ix), #0x00
      0004E3                        997 00117$:
      0004E3 DD 7E FF         [19]  998 	ld	a, -1 (ix)
      0004E6 D6 0C            [ 7]  999 	sub	a, #0x0c
      0004E8 30 1E            [12] 1000 	jr	NC, 00105$
                                   1001 ;romloader.c:607: args[i] = (uint8_t)s_files[sel][i];
      0004EA DD 6E FF         [19] 1002 	ld	l, -1 (ix)
      0004ED 26 00            [ 7] 1003 	ld	h, #0x00
      0004EF 19               [11] 1004 	add	hl, de
      0004F0 FD E5            [15] 1005 	push	iy
      0004F2 E3               [19] 1006 	ex	(sp), hl
      0004F3 DD 6E FF         [19] 1007 	ld	l, -1 (ix)
                                   1008 ;	spillPairReg hl
                                   1009 ;	spillPairReg hl
      0004F6 E3               [19] 1010 	ex	(sp), hl
      0004F7 E3               [19] 1011 	ex	(sp), hl
      0004F8 26 00            [ 7] 1012 	ld	h, #0x00
                                   1013 ;	spillPairReg hl
                                   1014 ;	spillPairReg hl
      0004FA E3               [19] 1015 	ex	(sp), hl
      0004FB FD E1            [14] 1016 	pop	iy
      0004FD FD 09            [15] 1017 	add	iy, bc
      0004FF FD 7E 00         [19] 1018 	ld	a, 0 (iy)
      000502 77               [ 7] 1019 	ld	(hl), a
                                   1020 ;romloader.c:606: for (uint8_t i = 0; i < LOADER_NAME_LEN; i++)
      000503 DD 34 FF         [23] 1021 	inc	-1 (ix)
      000506 18 DB            [12] 1022 	jr	00117$
      000508                       1023 00105$:
                                   1024 ;romloader.c:608: mbox_cmd(CMD_LOAD_ROM, args, LOADER_NAME_LEN);
      000508 3E 0C            [ 7] 1025 	ld	a, #0x0c
      00050A F5               [11] 1026 	push	af
      00050B 33               [ 6] 1027 	inc	sp
      00050C 3E 03            [ 7] 1028 	ld	a, #0x03
      00050E CDr5Fr00         [17] 1029 	call	_mbox_cmd
                                   1030 ;romloader.c:611: for (uint8_t i = 0; i < 4; i++)
      000511 0E 00            [ 7] 1031 	ld	c, #0x00
      000513                       1032 00120$:
      000513 79               [ 4] 1033 	ld	a, c
      000514 D6 04            [ 7] 1034 	sub	a, #0x04
      000516 30 13            [12] 1035 	jr	NC, 00106$
                                   1036 ;romloader.c:612: len[i] = mbox_pop();
      000518 59               [ 4] 1037 	ld	e, c
      000519 16 00            [ 7] 1038 	ld	d, #0x00
      00051B 21 0C 00         [10] 1039 	ld	hl, #12
      00051E 39               [11] 1040 	add	hl, sp
      00051F 19               [11] 1041 	add	hl, de
      000520 E5               [11] 1042 	push	hl
      000521 C5               [11] 1043 	push	bc
      000522 CDr4Br00         [17] 1044 	call	_mbox_pop
      000525 C1               [10] 1045 	pop	bc
      000526 E1               [10] 1046 	pop	hl
      000527 77               [ 7] 1047 	ld	(hl), a
                                   1048 ;romloader.c:611: for (uint8_t i = 0; i < 4; i++)
      000528 0C               [ 4] 1049 	inc	c
      000529 18 E8            [12] 1050 	jr	00120$
      00052B                       1051 00106$:
                                   1052 ;romloader.c:613: uint32_t total = ((uint32_t)len[0] << 24)
      00052B DD 4E F4         [19] 1053 	ld	c, -12 (ix)
      00052E DD 71 FB         [19] 1054 	ld	-5 (ix), c
      000531 AF               [ 4] 1055 	xor	a, a
      000532 DD 77 F8         [19] 1056 	ld	-8 (ix), a
      000535 DD 77 F9         [19] 1057 	ld	-7 (ix), a
      000538 DD 77 FA         [19] 1058 	ld	-6 (ix), a
      00053B DD 4E F5         [19] 1059 	ld	c, -11 (ix)
      00053E 06 00            [ 7] 1060 	ld	b, #0x00
      000540 11 00 00         [10] 1061 	ld	de, #0x0000
      000543 DD 7E F8         [19] 1062 	ld	a, -8 (ix)
      000546 B3               [ 4] 1063 	or	a, e
      000547 DD 77 FC         [19] 1064 	ld	-4 (ix), a
      00054A DD 7E F9         [19] 1065 	ld	a, -7 (ix)
      00054D B2               [ 4] 1066 	or	a, d
      00054E DD 77 FD         [19] 1067 	ld	-3 (ix), a
      000551 DD 7E FA         [19] 1068 	ld	a, -6 (ix)
      000554 B1               [ 4] 1069 	or	a, c
      000555 DD 77 FE         [19] 1070 	ld	-2 (ix), a
      000558 DD 7E FB         [19] 1071 	ld	a, -5 (ix)
      00055B B0               [ 4] 1072 	or	a, b
      00055C DD 77 FF         [19] 1073 	ld	-1 (ix), a
      00055F DD 4E F6         [19] 1074 	ld	c, -10 (ix)
      000562 AF               [ 4] 1075 	xor	a, a
      000563 47               [ 4] 1076 	ld	b, a
      000564 51               [ 4] 1077 	ld	d, c
      000565 68               [ 4] 1078 	ld	l, b
                                   1079 ;	spillPairReg hl
                                   1080 ;	spillPairReg hl
      000566 67               [ 4] 1081 	ld	h, a
                                   1082 ;	spillPairReg hl
                                   1083 ;	spillPairReg hl
      000567 1E 00            [ 7] 1084 	ld	e, #0x00
      000569 DD 7E FC         [19] 1085 	ld	a, -4 (ix)
      00056C B3               [ 4] 1086 	or	a, e
      00056D 4F               [ 4] 1087 	ld	c, a
      00056E DD 7E FD         [19] 1088 	ld	a, -3 (ix)
      000571 B2               [ 4] 1089 	or	a, d
      000572 47               [ 4] 1090 	ld	b, a
      000573 DD 7E FE         [19] 1091 	ld	a, -2 (ix)
      000576 B5               [ 4] 1092 	or	a, l
      000577 5F               [ 4] 1093 	ld	e, a
      000578 DD 7E FF         [19] 1094 	ld	a, -1 (ix)
      00057B B4               [ 4] 1095 	or	a, h
      00057C 57               [ 4] 1096 	ld	d, a
      00057D DD 7E F7         [19] 1097 	ld	a, -9 (ix)
      000580 DD 77 FC         [19] 1098 	ld	-4 (ix), a
      000583 AF               [ 4] 1099 	xor	a, a
      000584 DD 77 FD         [19] 1100 	ld	-3 (ix), a
      000587 DD 77 FE         [19] 1101 	ld	-2 (ix), a
      00058A DD 77 FF         [19] 1102 	ld	-1 (ix), a
      00058D 79               [ 4] 1103 	ld	a, c
      00058E DD B6 FC         [19] 1104 	or	a, -4 (ix)
      000591 4F               [ 4] 1105 	ld	c, a
      000592 78               [ 4] 1106 	ld	a, b
      000593 DD B6 FD         [19] 1107 	or	a, -3 (ix)
      000596 47               [ 4] 1108 	ld	b, a
      000597 7B               [ 4] 1109 	ld	a, e
      000598 DD B6 FE         [19] 1110 	or	a, -2 (ix)
      00059B 5F               [ 4] 1111 	ld	e, a
      00059C 7A               [ 4] 1112 	ld	a, d
      00059D DD B6 FF         [19] 1113 	or	a, -1 (ix)
      0005A0 57               [ 4] 1114 	ld	d, a
      0005A1 DD 71 FC         [19] 1115 	ld	-4 (ix), c
      0005A4 DD 70 FD         [19] 1116 	ld	-3 (ix), b
      0005A7 DD 73 FE         [19] 1117 	ld	-2 (ix), e
      0005AA DD 72 FF         [19] 1118 	ld	-1 (ix), d
                                   1119 ;romloader.c:617: print("LOADED ");
      0005AD 21r74r07         [10] 1120 	ld	hl, #___str_24
      0005B0 CDr89r00         [17] 1121 	call	_print
                                   1122 ;romloader.c:618: print_dec((uint16_t)((total + 1023U) / 1024U));
      0005B3 DD 7E FC         [19] 1123 	ld	a, -4 (ix)
      0005B6 C6 FF            [ 7] 1124 	add	a, #0xff
      0005B8 DD 7E FD         [19] 1125 	ld	a, -3 (ix)
      0005BB CE 03            [ 7] 1126 	adc	a, #0x03
      0005BD 47               [ 4] 1127 	ld	b, a
      0005BE DD 7E FE         [19] 1128 	ld	a, -2 (ix)
      0005C1 CE 00            [ 7] 1129 	adc	a, #0x00
      0005C3 5F               [ 4] 1130 	ld	e, a
      0005C4 DD 7E FF         [19] 1131 	ld	a, -1 (ix)
      0005C7 CE 00            [ 7] 1132 	adc	a, #0x00
      0005C9 57               [ 4] 1133 	ld	d, a
      0005CA 68               [ 4] 1134 	ld	l, b
                                   1135 ;	spillPairReg hl
                                   1136 ;	spillPairReg hl
      0005CB 63               [ 4] 1137 	ld	h, e
                                   1138 ;	spillPairReg hl
                                   1139 ;	spillPairReg hl
      0005CC 5A               [ 4] 1140 	ld	e, d
      0005CD 06 02            [ 7] 1141 	ld	b, #0x02
      0005CF                       1142 00192$:
      0005CF CB 3B            [ 8] 1143 	srl	e
      0005D1 CB 1C            [ 8] 1144 	rr	h
      0005D3 CB 1D            [ 8] 1145 	rr	l
      0005D5 10 F8            [13] 1146 	djnz	00192$
      0005D7 CDr96r00         [17] 1147 	call	_print_dec
                                   1148 ;romloader.c:619: print(" KiB\r\n\r\n");
      0005DA 21r7Cr07         [10] 1149 	ld	hl, #___str_25
      0005DD CDr89r00         [17] 1150 	call	_print
                                   1151 ;romloader.c:636: uint8_t chosen = (uint8_t)choose("SELECT MAPPER:",
      0005E0 21 01 00         [10] 1152 	ld	hl, #0x0001
      0005E3 E5               [11] 1153 	push	hl
      0005E4 2E 0A            [ 7] 1154 	ld	l, #0x0a
      0005E6 E5               [11] 1155 	push	hl
      0005E7 21r6Ar06         [10] 1156 	ld	hl, #_main_mapper_names_65539_80
      0005EA E5               [11] 1157 	push	hl
      0005EB 21rCCr06         [10] 1158 	ld	hl, #___str_16
      0005EE CDr47r02         [17] 1159 	call	_choose
      0005F1 DD 73 FF         [19] 1160 	ld	-1 (ix), e
                                   1161 ;romloader.c:640: cls();
      0005F4 CDrFDr00         [17] 1162 	call	_cls
                                   1163 ;romloader.c:641: print("MAPPER: ");
      0005F7 21r85r07         [10] 1164 	ld	hl, #___str_26
      0005FA CDr89r00         [17] 1165 	call	_print
                                   1166 ;romloader.c:642: print(mapper_names[chosen]);
      0005FD DD 6E FF         [19] 1167 	ld	l, -1 (ix)
                                   1168 ;	spillPairReg hl
                                   1169 ;	spillPairReg hl
      000600 26 00            [ 7] 1170 	ld	h, #0x00
                                   1171 ;	spillPairReg hl
                                   1172 ;	spillPairReg hl
      000602 29               [11] 1173 	add	hl, hl
      000603 11r6Ar06         [10] 1174 	ld	de, #_main_mapper_names_65539_80
      000606 19               [11] 1175 	add	hl, de
      000607 5E               [ 7] 1176 	ld	e, (hl)
      000608 23               [ 6] 1177 	inc	hl
      000609 56               [ 7] 1178 	ld	d, (hl)
      00060A EB               [ 4] 1179 	ex	de, hl
      00060B CDr89r00         [17] 1180 	call	_print
                                   1181 ;romloader.c:643: print("\r\n");
      00060E 21r8Er07         [10] 1182 	ld	hl, #___str_27
      000611 CDr89r00         [17] 1183 	call	_print
                                   1184 ;romloader.c:646: args[0] = (uint8_t)(chosen + 1U);	/* Cart_Mapper index */
      000614 21 0F 00         [10] 1185 	ld	hl, #15
      000617 39               [11] 1186 	add	hl, sp
      000618 EB               [ 4] 1187 	ex	de, hl
      000619 DD 7E FF         [19] 1188 	ld	a, -1 (ix)
      00061C 3C               [ 4] 1189 	inc	a
      00061D 12               [ 7] 1190 	ld	(de), a
                                   1191 ;romloader.c:647: mbox_cmd(CMD_SET_MAPPER, args, 1);
      00061E 3E 01            [ 7] 1192 	ld	a, #0x01
      000620 F5               [11] 1193 	push	af
      000621 33               [ 6] 1194 	inc	sp
      000622 3E 04            [ 7] 1195 	ld	a, #0x04
      000624 CDr5Fr00         [17] 1196 	call	_mbox_cmd
                                   1197 ;romloader.c:648: uint8_t rc = mbox_pop();
      000627 CDr4Br00         [17] 1198 	call	_mbox_pop
                                   1199 ;romloader.c:649: if (rc != 0U) {
      00062A B7               [ 4] 1200 	or	a, a
      00062B 28 0B            [12] 1201 	jr	Z, 00109$
                                   1202 ;romloader.c:650: print("REFUSED! (PSRAM not ready?)\r\n");
      00062D 21r91r07         [10] 1203 	ld	hl, #___str_28
      000630 CDr89r00         [17] 1204 	call	_print
      000633                       1205 00122$:
                                   1206 ;romloader.c:652: wait_any_key();
      000633 CDr94r01         [17] 1207 	call	_wait_any_key
      000636 18 FB            [12] 1208 	jr	00122$
      000638                       1209 00109$:
                                   1210 ;romloader.c:687: print("BOOT...");
      000638 21rAFr07         [10] 1211 	ld	hl, #___str_29
      00063B CDr89r00         [17] 1212 	call	_print
                                   1213 ;romloader.c:688: mbox_cmd(CMD_SOFTRESET, 0, 0);
      00063E AF               [ 4] 1214 	xor	a, a
      00063F F5               [11] 1215 	push	af
      000640 33               [ 6] 1216 	inc	sp
      000641 11 00 00         [10] 1217 	ld	de, #0x0000
      000644 3E 07            [ 7] 1218 	ld	a, #0x07
      000646 CDr5Fr00         [17] 1219 	call	_mbox_cmd
                                   1220 ;romloader.c:689: delay_ms(300);
      000649 21 2C 01         [10] 1221 	ld	hl, #0x012c
      00064C CDr02r01         [17] 1222 	call	_delay_ms
                                   1223 ;romloader.c:705: soft_reset();
      00064F CDr32r04         [17] 1224 	call	_soft_reset
      000652                       1225 00125$:
                                   1226 ;romloader.c:712: }
      000652 18 FE            [12] 1227 	jr	00125$
      000654                       1228 _ugly_patch_code:
      000654 C1                    1229 	.db #0xc1	; 193
      000655 E1                    1230 	.db #0xe1	; 225
      000656 C3                    1231 	.db #0xc3	; 195
      000657 84                    1232 	.db #0x84	; 132
      000658 7D                    1233 	.db #0x7d	; 125
      000659                       1234 ___str_5:
      000659 53 45 4C 45 43 54 20  1235 	.ascii "SELECT ROM FILE:"
             52 4F 4D 20 46 49 4C
             45 3A
      000669 00                    1236 	.db 0x00
      00066A                       1237 _main_mapper_names_65539_80:
      00066Ar7Er06                 1238 	.dw ___str_6
      00066Cr85r06                 1239 	.dw ___str_7
      00066Er8Cr06                 1240 	.dw ___str_8
      000670r93r06                 1241 	.dw ___str_9
      000672r9Ar06                 1242 	.dw ___str_10
      000674rA6r06                 1243 	.dw ___str_11
      000676rAEr06                 1244 	.dw ___str_12
      000678rB7r06                 1245 	.dw ___str_13
      00067ArBCr06                 1246 	.dw ___str_14
      00067CrC2r06                 1247 	.dw ___str_15
      00067E                       1248 ___str_6:
      00067E 52 4F 4D 31 36 4B     1249 	.ascii "ROM16K"
      000684 00                    1250 	.db 0x00
      000685                       1251 ___str_7:
      000685 52 4F 4D 33 32 4B     1252 	.ascii "ROM32K"
      00068B 00                    1253 	.db 0x00
      00068C                       1254 ___str_8:
      00068C 52 4F 4D 34 38 4B     1255 	.ascii "ROM48K"
      000692 00                    1256 	.db 0x00
      000693                       1257 ___str_9:
      000693 4B 4F 4E 41 4D 49     1258 	.ascii "KONAMI"
      000699 00                    1259 	.db 0x00
      00069A                       1260 ___str_10:
      00069A 4B 4F 4E 41 4D 49 4E  1261 	.ascii "KONAMINOSCC"
             4F 53 43 43
      0006A5 00                    1262 	.db 0x00
      0006A6                       1263 ___str_11:
      0006A6 41 53 43 49 49 38 4B  1264 	.ascii "ASCII8K"
      0006AD 00                    1265 	.db 0x00
      0006AE                       1266 ___str_12:
      0006AE 41 53 43 49 49 31 36  1267 	.ascii "ASCII16K"
             4B
      0006B6 00                    1268 	.db 0x00
      0006B7                       1269 ___str_13:
      0006B7 4E 45 4F 38           1270 	.ascii "NEO8"
      0006BB 00                    1271 	.db 0x00
      0006BC                       1272 ___str_14:
      0006BC 4E 45 4F 31 36        1273 	.ascii "NEO16"
      0006C1 00                    1274 	.db 0x00
      0006C2                       1275 ___str_15:
      0006C2 4B 4F 4E 41 4D 49 53  1276 	.ascii "KONAMISCC"
             43 43
      0006CB 00                    1277 	.db 0x00
      0006CC                       1278 ___str_16:
      0006CC 53 45 4C 45 43 54 20  1279 	.ascii "SELECT MAPPER:"
             4D 41 50 50 45 52 3A
      0006DA 00                    1280 	.db 0x00
      0006DB                       1281 ___str_17:
      0006DB 52 49 53 4B 59 4D 53  1282 	.ascii "RISKYMSX2 ROM LOADER"
             58 32 20 52 4F 4D 20
             4C 4F 41 44 45 52
      0006EF 0D                    1283 	.db 0x0d
      0006F0 0A                    1284 	.db 0x0a
      0006F1 0D                    1285 	.db 0x0d
      0006F2 0A                    1286 	.db 0x0a
      0006F3 00                    1287 	.db 0x00
      0006F4                       1288 ___str_18:
      0006F4 52 65 61 64 69 6E 67  1289 	.ascii "Reading USB directory..."
             20 55 53 42 20 64 69
             72 65 63 74 6F 72 79
             2E 2E 2E
      00070C 0D                    1290 	.db 0x0d
      00070D 0A                    1291 	.db 0x0a
      00070E 00                    1292 	.db 0x00
      00070F                       1293 ___str_19:
      00070F 4E 4F 20 2E 52 4F 4D  1294 	.ascii "NO .ROM FILES ON USB STICK"
             20 46 49 4C 45 53 20
             4F 4E 20 55 53 42 20
             53 54 49 43 4B
      000729 0D                    1295 	.db 0x0d
      00072A 0A                    1296 	.db 0x0a
      00072B 0D                    1297 	.db 0x0d
      00072C 0A                    1298 	.db 0x0a
      00072D 00                    1299 	.db 0x00
      00072E                       1300 ___str_20:
      00072E 50 6C 75 67 20 61 20  1301 	.ascii "Plug a stick with .ROM files,"
             73 74 69 63 6B 20 77
             69 74 68 20 2E 52 4F
             4D 20 66 69 6C 65 73
             2C
      00074B 0D                    1302 	.db 0x0d
      00074C 0A                    1303 	.db 0x0a
      00074D 00                    1304 	.db 0x00
      00074E                       1305 ___str_21:
      00074E 70 6F 77 65 72 2D 63  1306 	.ascii "power-cycle the MSX."
             79 63 6C 65 20 74 68
             65 20 4D 53 58 2E
      000762 0D                    1307 	.db 0x0d
      000763 0A                    1308 	.db 0x0a
      000764 00                    1309 	.db 0x00
      000765                       1310 ___str_22:
      000765 4C 4F 41 44 49 4E 47  1311 	.ascii "LOADING "
             20
      00076D 00                    1312 	.db 0x00
      00076E                       1313 ___str_23:
      00076E 2E 2E 2E              1314 	.ascii "..."
      000771 0D                    1315 	.db 0x0d
      000772 0A                    1316 	.db 0x0a
      000773 00                    1317 	.db 0x00
      000774                       1318 ___str_24:
      000774 4C 4F 41 44 45 44 20  1319 	.ascii "LOADED "
      00077B 00                    1320 	.db 0x00
      00077C                       1321 ___str_25:
      00077C 20 4B 69 42           1322 	.ascii " KiB"
      000780 0D                    1323 	.db 0x0d
      000781 0A                    1324 	.db 0x0a
      000782 0D                    1325 	.db 0x0d
      000783 0A                    1326 	.db 0x0a
      000784 00                    1327 	.db 0x00
      000785                       1328 ___str_26:
      000785 4D 41 50 50 45 52 3A  1329 	.ascii "MAPPER: "
             20
      00078D 00                    1330 	.db 0x00
      00078E                       1331 ___str_27:
      00078E 0D                    1332 	.db 0x0d
      00078F 0A                    1333 	.db 0x0a
      000790 00                    1334 	.db 0x00
      000791                       1335 ___str_28:
      000791 52 45 46 55 53 45 44  1336 	.ascii "REFUSED! (PSRAM not ready?)"
             21 20 28 50 53 52 41
             4D 20 6E 6F 74 20 72
             65 61 64 79 3F 29
      0007AC 0D                    1337 	.db 0x0d
      0007AD 0A                    1338 	.db 0x0a
      0007AE 00                    1339 	.db 0x00
      0007AF                       1340 ___str_29:
      0007AF 42 4F 4F 54 2E 2E 2E  1341 	.ascii "BOOT..."
      0007B6 00                    1342 	.db 0x00
                                   1343 	.area _CODE
                                   1344 	.area _INITIALIZER
                                   1345 	.area _CABS (ABS)
